Executed on: 2023-09-26 01:12:58.547256
PFP client version: 1.11.0
Model version: v3.0.0
Calculation mode: CRYSTAL_PLUS_D3
Method type: PFVM
****************************************
Examining NCM523 ...
  Importing initial (known) stable/unstable structures ...
    Supercell size: 5 × 4 × 1
    Number of atoms (perfect): 240
    Cell parameters (a, b, c): 2.880780, 2.890300, 14.150000
    Structural parameter range (min, max): 0.000000, 0.500000
    Number of discrete structural parameters: 60
    Structural parameter spacing: 0.008475
  Importing energies and 1-D DOS from previous WL simlation ...
    Energy range (min, max): -1083.319505, -1068.137526
    Number of energy states: 60
    Energy spacing (eV): 0.257322
  Performing multicanonical Monte Carlo (MCMC) sampling ...
    Number of NNP-neighbors: 11400
    Maximum number of Monte Carlo steps: 10000000
    Trial move style: swap
    -- MCMC Step: 00000000 	Time(s): 0.742049
    -- MCMC Step: 00010000 	Time(s): 1976.437059
    -- MCMC Step: 00020000 	Time(s): 4159.396550
    -- MCMC Step: 00030000 	Time(s): 6297.671899
    -- MCMC Step: 00040000 	Time(s): 8407.133557
    -- MCMC Step: 00050000 	Time(s): 10658.327549
    -- MCMC Step: 00060000 	Time(s): 13969.985464
    -- MCMC Step: 00070000 	Time(s): 17287.487481
    -- MCMC Step: 00080000 	Time(s): 20837.561938
    -- MCMC Step: 00090000 	Time(s): 24412.963278
    -- MCMC Step: 00100000 	Time(s): 27888.060459
    -- MCMC Step: 00110000 	Time(s): 31238.208849
    -- MCMC Step: 00120000 	Time(s): 34542.948076
    -- MCMC Step: 00130000 	Time(s): 37888.279572
    -- MCMC Step: 00140000 	Time(s): 41212.548351
    -- MCMC Step: 00150000 	Time(s): 44497.636548
    -- MCMC Step: 00160000 	Time(s): 47827.613424
    -- MCMC Step: 00170000 	Time(s): 51199.429400
    -- MCMC Step: 00180000 	Time(s): 54564.169957
    -- MCMC Step: 00190000 	Time(s): 57984.309451
    -- MCMC Step: 00200000 	Time(s): 61398.048381
    -- MCMC Step: 00210000 	Time(s): 64808.842604
    -- MCMC Step: 00220000 	Time(s): 68264.511679
    -- MCMC Step: 00230000 	Time(s): 71699.276853
    -- MCMC Step: 00240000 	Time(s): 75093.536083
    -- MCMC Step: 00250000 	Time(s): 78406.402440
    -- MCMC Step: 00260000 	Time(s): 81767.763781
    -- MCMC Step: 00270000 	Time(s): 85486.218863
    -- MCMC Step: 00280000 	Time(s): 89574.401998
    -- MCMC Step: 00290000 	Time(s): 93374.518303
    -- MCMC Step: 00300000 	Time(s): 97447.782899
    -- MCMC Step: 00310000 	Time(s): 101573.039610
    -- MCMC Step: 00320000 	Time(s): 105678.594845
    -- MCMC Step: 00330000 	Time(s): 109996.282854
    -- MCMC Step: 00340000 	Time(s): 114390.826638
    -- MCMC Step: 00350000 	Time(s): 119018.636064
    -- MCMC Step: 00360000 	Time(s): 123705.388991
    -- MCMC Step: 00370000 	Time(s): 128393.860998
    -- MCMC Step: 00380000 	Time(s): 133156.612555
    -- MCMC Step: 00390000 	Time(s): 137837.079799
    -- MCMC Step: 00400000 	Time(s): 142554.488303
    -- MCMC Step: 00410000 	Time(s): 147229.277524
    -- MCMC Step: 00420000 	Time(s): 151957.829497
    -- MCMC Step: 00430000 	Time(s): 156658.681233
    -- MCMC Step: 00440000 	Time(s): 161315.999397
    -- MCMC Step: 00450000 	Time(s): 165977.123108
    -- MCMC Step: 00460000 	Time(s): 170658.306749
    -- MCMC Step: 00470000 	Time(s): 175277.854100
    -- MCMC Step: 00480000 	Time(s): 179771.843324
    -- MCMC Step: 00490000 	Time(s): 184248.250888
    -- MCMC Step: 00500000 	Time(s): 188605.967042
    -- MCMC Step: 00510000 	Time(s): 193200.626455
    -- MCMC Step: 00520000 	Time(s): 197643.030350
    -- MCMC Step: 00530000 	Time(s): 202119.001510
    -- MCMC Step: 00540000 	Time(s): 206760.265920
    -- MCMC Step: 00550000 	Time(s): 211319.892322
    -- MCMC Step: 00560000 	Time(s): 215827.606629
    -- MCMC Step: 00570000 	Time(s): 220365.990773
    -- MCMC Step: 00580000 	Time(s): 224886.668390
    -- MCMC Step: 00590000 	Time(s): 229494.205059
    -- MCMC Step: 00600000 	Time(s): 234102.284423
    -- MCMC Step: 00610000 	Time(s): 238727.091118
    -- MCMC Step: 00620000 	Time(s): 243374.803734
    -- MCMC Step: 00630000 	Time(s): 247982.758525
    -- MCMC Step: 00640000 	Time(s): 252717.277963
    -- MCMC Step: 00650000 	Time(s): 257441.461514
    -- MCMC Step: 00660000 	Time(s): 261974.781561
    -- MCMC Step: 00670000 	Time(s): 266186.557444
    -- MCMC Step: 00680000 	Time(s): 270620.387885
    -- MCMC Step: 00690000 	Time(s): 275038.654920
    -- MCMC Step: 00700000 	Time(s): 279536.197540
    -- MCMC Step: 00710000 	Time(s): 284147.233392
    -- MCMC Step: 00720000 	Time(s): 288777.346955
    -- MCMC Step: 00730000 	Time(s): 293407.646701
    -- MCMC Step: 00740000 	Time(s): 298072.529629
    -- MCMC Step: 00750000 	Time(s): 302731.549984
    -- MCMC Step: 00760000 	Time(s): 307273.294299
    -- MCMC Step: 00770000 	Time(s): 311812.971241
    -- MCMC Step: 00780000 	Time(s): 316367.052548
    -- MCMC Step: 00790000 	Time(s): 320853.491112
    -- MCMC Step: 00800000 	Time(s): 325438.656281
    -- MCMC Step: 00810000 	Time(s): 330049.996051
    -- MCMC Step: 00820000 	Time(s): 334630.277130
    -- MCMC Step: 00830000 	Time(s): 339166.363913
    -- MCMC Step: 00840000 	Time(s): 343598.953387
    -- MCMC Step: 00850000 	Time(s): 347866.603934
    -- MCMC Step: 00860000 	Time(s): 352053.558367
    -- MCMC Step: 00870000 	Time(s): 356168.867764
    -- MCMC Step: 00880000 	Time(s): 360261.108449
    -- MCMC Step: 00890000 	Time(s): 364310.059934
    -- MCMC Step: 00900000 	Time(s): 368407.401181
    -- MCMC Step: 00910000 	Time(s): 372518.688026
    -- MCMC Step: 00920000 	Time(s): 376619.884917
    -- MCMC Step: 00930000 	Time(s): 380766.967107
    -- MCMC Step: 00940000 	Time(s): 384869.580046
    -- MCMC Step: 00950000 	Time(s): 389006.108487
    -- MCMC Step: 00960000 	Time(s): 393120.355195
    -- MCMC Step: 00970000 	Time(s): 397161.711640
    -- MCMC Step: 00980000 	Time(s): 401329.519489
    -- MCMC Step: 00990000 	Time(s): 405453.271809
    -- MCMC Step: 01000000 	Time(s): 409483.660896
    -- MCMC Step: 01010000 	Time(s): 413445.848719
    -- MCMC Step: 01020000 	Time(s): 416052.346190
    -- MCMC Step: 01030000 	Time(s): 419882.193577
    -- MCMC Step: 01040000 	Time(s): 423782.130450
    -- MCMC Step: 01050000 	Time(s): 427677.371040
    -- MCMC Step: 01060000 	Time(s): 431600.369987
    -- MCMC Step: 01070000 	Time(s): 435614.719590
    -- MCMC Step: 01080000 	Time(s): 439851.047770
    -- MCMC Step: 01090000 	Time(s): 444077.370713
    -- MCMC Step: 01100000 	Time(s): 448358.368174
    -- MCMC Step: 01110000 	Time(s): 452637.670617
    -- MCMC Step: 01120000 	Time(s): 456891.908980
    -- MCMC Step: 01130000 	Time(s): 461175.687271
    -- MCMC Step: 01140000 	Time(s): 465466.162396
    -- MCMC Step: 01150000 	Time(s): 469762.103083
    -- MCMC Step: 01160000 	Time(s): 474065.400032
    -- MCMC Step: 01170000 	Time(s): 478354.504895
    -- MCMC Step: 01180000 	Time(s): 482610.076822
    -- MCMC Step: 01190000 	Time(s): 486916.310239
    -- MCMC Step: 01200000 	Time(s): 491178.562836
    -- MCMC Step: 01210000 	Time(s): 495352.915416
    -- MCMC Step: 01220000 	Time(s): 499685.150035
    -- MCMC Step: 01230000 	Time(s): 503918.767145
    -- MCMC Step: 01240000 	Time(s): 508114.397914
    -- MCMC Step: 01250000 	Time(s): 512180.111694
    -- MCMC Step: 01260000 	Time(s): 516215.676859
    -- MCMC Step: 01270000 	Time(s): 520329.833977
    -- MCMC Step: 01280000 	Time(s): 524518.134073
    -- MCMC Step: 01290000 	Time(s): 528627.460845
    -- MCMC Step: 01300000 	Time(s): 532821.938348
    -- MCMC Step: 01310000 	Time(s): 536973.345308
    -- MCMC Step: 01320000 	Time(s): 541057.390680
    -- MCMC Step: 01330000 	Time(s): 545412.698831
    -- MCMC Step: 01340000 	Time(s): 550233.293377
    -- MCMC Step: 01350000 	Time(s): 555124.720431
    -- MCMC Step: 01360000 	Time(s): 560033.117223
    -- MCMC Step: 01370000 	Time(s): 564861.931105
    -- MCMC Step: 01380000 	Time(s): 569699.393830
    -- MCMC Step: 01390000 	Time(s): 574471.711908
    -- MCMC Step: 01400000 	Time(s): 579127.718060
    -- MCMC Step: 01410000 	Time(s): 583872.639206
    -- MCMC Step: 01420000 	Time(s): 588845.159494
    -- MCMC Step: 01430000 	Time(s): 593754.540144
    -- MCMC Step: 01440000 	Time(s): 598628.623177
    -- MCMC Step: 01450000 	Time(s): 603162.044130
    -- MCMC Step: 01460000 	Time(s): 607654.843659
    -- MCMC Step: 01470000 	Time(s): 611742.741741
    -- MCMC Step: 01480000 	Time(s): 616125.020684
    -- MCMC Step: 01490000 	Time(s): 620546.545089
    -- MCMC Step: 01500000 	Time(s): 624622.257822
    -- MCMC Step: 01510000 	Time(s): 629331.941797
    -- MCMC Step: 01520000 	Time(s): 633965.286102
    -- MCMC Step: 01530000 	Time(s): 638557.129139
    -- MCMC Step: 01540000 	Time(s): 643224.552985
    -- MCMC Step: 01550000 	Time(s): 647890.139185
    -- MCMC Step: 01560000 	Time(s): 652566.127050
    -- MCMC Step: 01570000 	Time(s): 657252.339311
    -- MCMC Step: 01580000 	Time(s): 661798.032367
    -- MCMC Step: 01590000 	Time(s): 666082.128418
    -- MCMC Step: 01600000 	Time(s): 670345.047487
    -- MCMC Step: 01610000 	Time(s): 674542.113977
    -- MCMC Step: 01620000 	Time(s): 678601.096106
    -- MCMC Step: 01630000 	Time(s): 682508.402466
    -- MCMC Step: 01640000 	Time(s): 686513.731140
    -- MCMC Step: 01650000 	Time(s): 690736.362656
    -- MCMC Step: 01660000 	Time(s): 694687.182273
    -- MCMC Step: 01670000 	Time(s): 698959.284430
    -- MCMC Step: 01680000 	Time(s): 703223.849060
    -- MCMC Step: 01690000 	Time(s): 707372.817133
    -- MCMC Step: 01700000 	Time(s): 711460.227101
    -- MCMC Step: 01710000 	Time(s): 715728.667969
    -- MCMC Step: 01720000 	Time(s): 719878.483474
    -- MCMC Step: 01730000 	Time(s): 724214.766990
    -- MCMC Step: 01740000 	Time(s): 728956.215314
    -- MCMC Step: 01750000 	Time(s): 733708.136162
    -- MCMC Step: 01760000 	Time(s): 738492.317086
    -- MCMC Step: 01770000 	Time(s): 743025.621729
    -- MCMC Step: 01780000 	Time(s): 747532.994377
    -- MCMC Step: 01790000 	Time(s): 751821.144879
    -- MCMC Step: 01800000 	Time(s): 755902.149449
    -- MCMC Step: 01810000 	Time(s): 760003.913645
    -- MCMC Step: 01820000 	Time(s): 764065.274318
    -- MCMC Step: 01830000 	Time(s): 768135.312556
    -- MCMC Step: 01840000 	Time(s): 772135.623315
    -- MCMC Step: 01850000 	Time(s): 776079.874512
    -- MCMC Step: 01860000 	Time(s): 779599.073415
    -- MCMC Step: 01870000 	Time(s): 783116.095747
    -- MCMC Step: 01880000 	Time(s): 786658.619333
    -- MCMC Step: 01890000 	Time(s): 790221.963296
    -- MCMC Step: 01900000 	Time(s): 793965.459113
    -- MCMC Step: 01910000 	Time(s): 797896.035190
    -- MCMC Step: 01920000 	Time(s): 801672.779265
    -- MCMC Step: 01930000 	Time(s): 805645.600313
    -- MCMC Step: 01940000 	Time(s): 809525.036518
    -- MCMC Step: 01950000 	Time(s): 813605.245075
    -- MCMC Step: 01960000 	Time(s): 817551.251008
    -- MCMC Step: 01970000 	Time(s): 821417.228832
    -- MCMC Step: 01980000 	Time(s): 825240.006368
    -- MCMC Step: 01990000 	Time(s): 829056.658656
    -- MCMC Step: 02000000 	Time(s): 832918.393632
    -- MCMC Step: 02010000 	Time(s): 836749.639171
    -- MCMC Step: 02020000 	Time(s): 840554.615522
    -- MCMC Step: 02030000 	Time(s): 844405.180221
    -- MCMC Step: 02040000 	Time(s): 848247.665394
    -- MCMC Step: 02050000 	Time(s): 852063.226874
    -- MCMC Step: 02060000 	Time(s): 855799.884382
    -- MCMC Step: 02070000 	Time(s): 859556.199809
    -- MCMC Step: 02080000 	Time(s): 863500.215709
    -- MCMC Step: 02090000 	Time(s): 866906.749264
    -- MCMC Step: 02100000 	Time(s): 869922.228354
    -- MCMC Step: 02110000 	Time(s): 873439.194722
    -- MCMC Step: 02120000 	Time(s): 876810.748230
    -- MCMC Step: 02130000 	Time(s): 879965.112716
    -- MCMC Step: 02140000 	Time(s): 883088.890272
    -- MCMC Step: 02150000 	Time(s): 886387.356817
    -- MCMC Step: 02160000 	Time(s): 889641.441973
    -- MCMC Step: 02170000 	Time(s): 892904.725591
    -- MCMC Step: 02180000 	Time(s): 896257.729871
    -- MCMC Step: 02190000 	Time(s): 900029.244376
    -- MCMC Step: 02200000 	Time(s): 903783.725135
    -- MCMC Step: 02210000 	Time(s): 907633.623171
    -- MCMC Step: 02220000 	Time(s): 911519.643238
    -- MCMC Step: 02230000 	Time(s): 915422.983096
    -- MCMC Step: 02240000 	Time(s): 919231.018029
    -- MCMC Step: 02250000 	Time(s): 923119.895004
    -- MCMC Step: 02260000 	Time(s): 927048.650015
    -- MCMC Step: 02270000 	Time(s): 930937.776511
    -- MCMC Step: 02280000 	Time(s): 934882.858070
    -- MCMC Step: 02290000 	Time(s): 938836.914163
    -- MCMC Step: 02300000 	Time(s): 942751.316302
    -- MCMC Step: 02310000 	Time(s): 946653.471086
    -- MCMC Step: 02320000 	Time(s): 950596.364827
    -- MCMC Step: 02330000 	Time(s): 954525.247252
    -- MCMC Step: 02340000 	Time(s): 958454.849597
    -- MCMC Step: 02350000 	Time(s): 962381.709005
    -- MCMC Step: 02360000 	Time(s): 966313.991507
    -- MCMC Step: 02370000 	Time(s): 970227.526028
    -- MCMC Step: 02380000 	Time(s): 974191.918926
    -- MCMC Step: 02390000 	Time(s): 978159.747639
    -- MCMC Step: 02400000 	Time(s): 982095.899056
    -- MCMC Step: 02410000 	Time(s): 985961.075191
    -- MCMC Step: 02420000 	Time(s): 989850.730012
    -- MCMC Step: 02430000 	Time(s): 993683.560448
    -- MCMC Step: 02440000 	Time(s): 997524.111598
    -- MCMC Step: 02450000 	Time(s): 1001377.381593
    -- MCMC Step: 02460000 	Time(s): 1005190.779724
    -- MCMC Step: 02470000 	Time(s): 1008980.282064
    -- MCMC Step: 02480000 	Time(s): 1012797.866043
    -- MCMC Step: 02490000 	Time(s): 1016554.669657
    -- MCMC Step: 02500000 	Time(s): 1020124.799195
    -- MCMC Step: 02510000 	Time(s): 1023657.326973
    -- MCMC Step: 02520000 	Time(s): 1027151.819824
    -- MCMC Step: 02530000 	Time(s): 1030667.065242
    -- MCMC Step: 02540000 	Time(s): 1034198.954612
    -- MCMC Step: 02550000 	Time(s): 1037641.438557
    -- MCMC Step: 02560000 	Time(s): 1041028.194949
    -- MCMC Step: 02570000 	Time(s): 1044428.219200
    -- MCMC Step: 02580000 	Time(s): 1047847.115258
    -- MCMC Step: 02590000 	Time(s): 1051366.071003
    -- MCMC Step: 02600000 	Time(s): 1054882.733245
    -- MCMC Step: 02610000 	Time(s): 1058417.703058
    -- MCMC Step: 02620000 	Time(s): 1061905.615199
    -- MCMC Step: 02630000 	Time(s): 1065393.998649
    -- MCMC Step: 02640000 	Time(s): 1068904.319831
    -- MCMC Step: 02650000 	Time(s): 1072409.315241
    -- MCMC Step: 02660000 	Time(s): 1075905.932899
    -- MCMC Step: 02670000 	Time(s): 1079466.522862
    -- MCMC Step: 02680000 	Time(s): 1082900.815366
    -- MCMC Step: 02690000 	Time(s): 1086164.198569
    -- MCMC Step: 02700000 	Time(s): 1089352.586445
    -- MCMC Step: 02710000 	Time(s): 1092495.703203
    -- MCMC Step: 02720000 	Time(s): 1095629.524037
    -- MCMC Step: 02730000 	Time(s): 1098687.730510
    -- MCMC Step: 02740000 	Time(s): 1101757.418613
    -- MCMC Step: 02750000 	Time(s): 1104828.118116
    -- MCMC Step: 02760000 	Time(s): 1107776.155725
    -- MCMC Step: 02770000 	Time(s): 1110707.546247
    -- MCMC Step: 02780000 	Time(s): 1113733.404309
    -- MCMC Step: 02790000 	Time(s): 1116888.598006
    -- MCMC Step: 02800000 	Time(s): 1119961.363329
    -- MCMC Step: 02810000 	Time(s): 1122980.275126
    -- MCMC Step: 02820000 	Time(s): 1125986.815104
    -- MCMC Step: 02830000 	Time(s): 1129001.943649
    -- MCMC Step: 02840000 	Time(s): 1132025.667999
    -- MCMC Step: 02850000 	Time(s): 1135063.362093
    -- MCMC Step: 02860000 	Time(s): 1138106.934232
    -- MCMC Step: 02870000 	Time(s): 1141102.575900
    -- MCMC Step: 02880000 	Time(s): 1144100.606770
    -- MCMC Step: 02890000 	Time(s): 1147106.475387
    -- MCMC Step: 02900000 	Time(s): 1150105.701414
    -- MCMC Step: 02910000 	Time(s): 1153116.038650
    -- MCMC Step: 02920000 	Time(s): 1156150.469219
    -- MCMC Step: 02930000 	Time(s): 1159157.585131
    -- MCMC Step: 02940000 	Time(s): 1162179.380749
    -- MCMC Step: 02950000 	Time(s): 1165178.835755
    -- MCMC Step: 02960000 	Time(s): 1168229.849399
    -- MCMC Step: 02970000 	Time(s): 1171153.114410
    -- MCMC Step: 02980000 	Time(s): 1173945.211747
    -- MCMC Step: 02990000 	Time(s): 1176585.410135
    -- MCMC Step: 03000000 	Time(s): 1179184.666894
    -- MCMC Step: 03010000 	Time(s): 1181776.865429
    -- MCMC Step: 03020000 	Time(s): 1184355.288295
    -- MCMC Step: 03030000 	Time(s): 1186929.409899
    -- MCMC Step: 03040000 	Time(s): 1189542.845553
    -- MCMC Step: 03050000 	Time(s): 1192132.085986
    -- MCMC Step: 03060000 	Time(s): 1194722.726170
    -- MCMC Step: 03070000 	Time(s): 1197446.275169
    -- MCMC Step: 03080000 	Time(s): 1200226.005908
    -- MCMC Step: 03090000 	Time(s): 1202900.480823
    -- MCMC Step: 03100000 	Time(s): 1205370.038659
    -- MCMC Step: 03110000 	Time(s): 1207926.743961
    -- MCMC Step: 03120000 	Time(s): 1210610.714242
    -- MCMC Step: 03130000 	Time(s): 1213455.374311
    -- MCMC Step: 03140000 	Time(s): 1216385.480818
    -- MCMC Step: 03150000 	Time(s): 1219343.434066
    -- MCMC Step: 03160000 	Time(s): 1222421.237712
    -- MCMC Step: 03170000 	Time(s): 1225549.171302
    -- MCMC Step: 03180000 	Time(s): 1228810.840474
    -- MCMC Step: 03190000 	Time(s): 1232101.604366
    -- MCMC Step: 03200000 	Time(s): 1235319.980554
    -- MCMC Step: 03210000 	Time(s): 1238674.217762
    -- MCMC Step: 03220000 	Time(s): 1242061.797244
    -- MCMC Step: 03230000 	Time(s): 1245302.798869
    -- MCMC Step: 03240000 	Time(s): 1248466.275125
    -- MCMC Step: 03250000 	Time(s): 1251760.281358
    -- MCMC Step: 03260000 	Time(s): 1255064.754745
    -- MCMC Step: 03270000 	Time(s): 1258444.186876
    -- MCMC Step: 03280000 	Time(s): 1261743.890905
    -- MCMC Step: 03290000 	Time(s): 1265020.070491
    -- MCMC Step: 03300000 	Time(s): 1268309.748413
    -- MCMC Step: 03310000 	Time(s): 1271596.858484
    -- MCMC Step: 03320000 	Time(s): 1274880.883033
    -- MCMC Step: 03330000 	Time(s): 1278200.451157
    -- MCMC Step: 03340000 	Time(s): 1281538.840080
    -- MCMC Step: 03350000 	Time(s): 1284865.723908
    -- MCMC Step: 03360000 	Time(s): 1288262.109703
    -- MCMC Step: 03370000 	Time(s): 1291613.193251
    -- MCMC Step: 03380000 	Time(s): 1294905.731712
    -- MCMC Step: 03390000 	Time(s): 1298022.825921
    -- MCMC Step: 03400000 	Time(s): 1301060.130332
    -- MCMC Step: 03410000 	Time(s): 1304152.749584
    -- MCMC Step: 03420000 	Time(s): 1307408.162519
    -- MCMC Step: 03430000 	Time(s): 1310959.941935
    -- MCMC Step: 03440000 	Time(s): 1314746.725159
    -- MCMC Step: 03450000 	Time(s): 1318529.317229
    -- MCMC Step: 03460000 	Time(s): 1322455.370704
    -- MCMC Step: 03470000 	Time(s): 1326339.588982
    -- MCMC Step: 03480000 	Time(s): 1330221.532107
    -- MCMC Step: 03490000 	Time(s): 1334174.830466
    -- MCMC Step: 03500000 	Time(s): 1338086.984607
    -- MCMC Step: 03510000 	Time(s): 1341783.842895
    -- MCMC Step: 03520000 	Time(s): 1345710.880434
    -- MCMC Step: 03530000 	Time(s): 1349661.537968
    -- MCMC Step: 03540000 	Time(s): 1353667.259236
    -- MCMC Step: 03550000 	Time(s): 1357671.014214
    -- MCMC Step: 03560000 	Time(s): 1361500.953897
    -- MCMC Step: 03570000 	Time(s): 1365266.832357
    -- MCMC Step: 03580000 	Time(s): 1368983.490561
    -- MCMC Step: 03590000 	Time(s): 1372644.812654
    -- MCMC Step: 03600000 	Time(s): 1376172.904190
    -- MCMC Step: 03610000 	Time(s): 1379505.282455
    -- MCMC Step: 03620000 	Time(s): 1383075.204402
    -- MCMC Step: 03630000 	Time(s): 1386521.827752
    -- MCMC Step: 03640000 	Time(s): 1389996.428149
    -- MCMC Step: 03650000 	Time(s): 1393569.226663
    -- MCMC Step: 03660000 	Time(s): 1397108.788973
    -- MCMC Step: 03670000 	Time(s): 1400599.528927
    -- MCMC Step: 03680000 	Time(s): 1403995.388111
    -- MCMC Step: 03690000 	Time(s): 1407651.282452
    -- MCMC Step: 03700000 	Time(s): 1411483.359071
    -- MCMC Step: 03710000 	Time(s): 1415329.849250
    -- MCMC Step: 03720000 	Time(s): 1419188.707757
    -- MCMC Step: 03730000 	Time(s): 1423013.878631
    -- MCMC Step: 03740000 	Time(s): 1426914.787033
    -- MCMC Step: 03750000 	Time(s): 1430773.061573
    -- MCMC Step: 03760000 	Time(s): 1434426.699144
    -- MCMC Step: 03770000 	Time(s): 1438019.296138
    -- MCMC Step: 03780000 	Time(s): 1441391.134421
    -- MCMC Step: 03790000 	Time(s): 1444702.825613
    -- MCMC Step: 03800000 	Time(s): 1448073.295051
    -- MCMC Step: 03810000 	Time(s): 1451414.109859
    -- MCMC Step: 03820000 	Time(s): 1454685.947004
    -- MCMC Step: 03830000 	Time(s): 1457967.015508
    -- MCMC Step: 03840000 	Time(s): 1461250.093209
    -- MCMC Step: 03850000 	Time(s): 1464589.729303
    -- MCMC Step: 03860000 	Time(s): 1467767.159672
    -- MCMC Step: 03870000 	Time(s): 1471519.937690
    -- MCMC Step: 03880000 	Time(s): 1475926.001144
    -- MCMC Step: 03890000 	Time(s): 1480497.969760
    -- MCMC Step: 03900000 	Time(s): 1485013.752411
    -- MCMC Step: 03910000 	Time(s): 1489595.848491
    -- MCMC Step: 03920000 	Time(s): 1493912.473624
    -- MCMC Step: 03930000 	Time(s): 1498254.492205
    -- MCMC Step: 03940000 	Time(s): 1502485.255270
    -- MCMC Step: 03950000 	Time(s): 1506945.718693
    -- MCMC Step: 03960000 	Time(s): 1511557.480377
    -- MCMC Step: 03970000 	Time(s): 1516163.223931
    -- MCMC Step: 03980000 	Time(s): 1520697.390286
    -- MCMC Step: 03990000 	Time(s): 1525246.305865
    -- MCMC Step: 04000000 	Time(s): 1529733.504327
    -- MCMC Step: 04010000 	Time(s): 1533978.541101
    -- MCMC Step: 04020000 	Time(s): 1538131.983778
    -- MCMC Step: 04030000 	Time(s): 1542289.274079
    -- MCMC Step: 04040000 	Time(s): 1546415.805434
    -- MCMC Step: 04050000 	Time(s): 1550300.099328
    -- MCMC Step: 04060000 	Time(s): 1554483.607132
    -- MCMC Step: 04070000 	Time(s): 1558651.705599
    -- MCMC Step: 04080000 	Time(s): 1562878.585597
    -- MCMC Step: 04090000 	Time(s): 1567150.355611
    -- MCMC Step: 04100000 	Time(s): 1571414.618078
    -- MCMC Step: 04110000 	Time(s): 1575685.450285
    -- MCMC Step: 04120000 	Time(s): 1579915.258706
    -- MCMC Step: 04130000 	Time(s): 1584139.046105
    -- MCMC Step: 04140000 	Time(s): 1588431.832100
    -- MCMC Step: 04150000 	Time(s): 1592664.326599
    -- MCMC Step: 04160000 	Time(s): 1596912.048232
    -- MCMC Step: 04170000 	Time(s): 1601060.447902
    -- MCMC Step: 04180000 	Time(s): 1605198.356225
    -- MCMC Step: 04190000 	Time(s): 1609334.505082
    -- MCMC Step: 04200000 	Time(s): 1613356.275241
    -- MCMC Step: 04210000 	Time(s): 1617187.998737
    -- MCMC Step: 04220000 	Time(s): 1621021.672686
    -- MCMC Step: 04230000 	Time(s): 1624881.915121
    -- MCMC Step: 04240000 	Time(s): 1628739.416242
    -- MCMC Step: 04250000 	Time(s): 1632616.236912
    -- MCMC Step: 04260000 	Time(s): 1636468.247897
    -- MCMC Step: 04270000 	Time(s): 1640318.076123
    -- MCMC Step: 04280000 	Time(s): 1644219.979669
    -- MCMC Step: 04290000 	Time(s): 1648182.108041
    -- MCMC Step: 04300000 	Time(s): 1652005.044368
    -- MCMC Step: 04310000 	Time(s): 1655913.771701
    -- MCMC Step: 04320000 	Time(s): 1659904.945185
    -- MCMC Step: 04330000 	Time(s): 1663859.431671
    -- MCMC Step: 04340000 	Time(s): 1667767.262170
    -- MCMC Step: 04350000 	Time(s): 1671593.807371
    -- MCMC Step: 04360000 	Time(s): 1675412.310688
    -- MCMC Step: 04370000 	Time(s): 1679227.072446
    -- MCMC Step: 04380000 	Time(s): 1683055.718115
    -- MCMC Step: 04390000 	Time(s): 1686780.711071
    -- MCMC Step: 04400000 	Time(s): 1690409.484172
    -- MCMC Step: 04410000 	Time(s): 1694031.328846
    -- MCMC Step: 04420000 	Time(s): 1697563.389415
    -- MCMC Step: 04430000 	Time(s): 1701073.969523
    -- MCMC Step: 04440000 	Time(s): 1704405.072739
    -- MCMC Step: 04450000 	Time(s): 1707745.648575
    -- MCMC Step: 04460000 	Time(s): 1710788.099713
    -- MCMC Step: 04470000 	Time(s): 1714098.092493
    -- MCMC Step: 04480000 	Time(s): 1717465.376510
    -- MCMC Step: 04490000 	Time(s): 1720730.250862
    -- MCMC Step: 04500000 	Time(s): 1723858.966406
    -- MCMC Step: 04510000 	Time(s): 1726896.209353
    -- MCMC Step: 04520000 	Time(s): 1729532.689188
    -- MCMC Step: 04530000 	Time(s): 1732722.381593
    -- MCMC Step: 04540000 	Time(s): 1736013.864794
    -- MCMC Step: 04550000 	Time(s): 1739151.169655
    -- MCMC Step: 04560000 	Time(s): 1742251.584416
    -- MCMC Step: 04570000 	Time(s): 1745442.561283
    -- MCMC Step: 04580000 	Time(s): 1748732.794182
    -- MCMC Step: 04590000 	Time(s): 1752347.526365
    -- MCMC Step: 04600000 	Time(s): 1756205.269899
    -- MCMC Step: 04610000 	Time(s): 1760065.900137
    -- MCMC Step: 04620000 	Time(s): 1764109.245821
    -- MCMC Step: 04630000 	Time(s): 1768064.116001
    -- MCMC Step: 04640000 	Time(s): 1771979.488169
    -- MCMC Step: 04650000 	Time(s): 1775976.411363
    -- MCMC Step: 04660000 	Time(s): 1780063.653457
    -- MCMC Step: 04670000 	Time(s): 1784117.423536
    -- MCMC Step: 04680000 	Time(s): 1788121.923717
    -- MCMC Step: 04690000 	Time(s): 1792177.311668
    -- MCMC Step: 04700000 	Time(s): 1795599.320521
    -- MCMC Step: 04710000 	Time(s): 1798791.210405
    -- MCMC Step: 04720000 	Time(s): 1801956.202375
    -- MCMC Step: 04730000 	Time(s): 1805152.650224
    -- MCMC Step: 04740000 	Time(s): 1808595.609182
    -- MCMC Step: 04750000 	Time(s): 1812449.974699
    -- MCMC Step: 04760000 	Time(s): 1816397.966838
    -- MCMC Step: 04770000 	Time(s): 1820888.955419
    -- MCMC Step: 04780000 	Time(s): 1825051.379180
    -- MCMC Step: 04790000 	Time(s): 1829334.266300
    -- MCMC Step: 04800000 	Time(s): 1834614.631275
    -- MCMC Step: 04810000 	Time(s): 1839638.453369
    -- MCMC Step: 04820000 	Time(s): 1845750.432440
    -- MCMC Step: 04830000 	Time(s): 1850980.634384
    -- MCMC Step: 04840000 	Time(s): 1855890.274250
    -- MCMC Step: 04850000 	Time(s): 1861036.104512
    -- MCMC Step: 04860000 	Time(s): 1865938.343288
    -- MCMC Step: 04870000 	Time(s): 1870563.653794
    -- MCMC Step: 04880000 	Time(s): 1875005.815879
    -- MCMC Step: 04890000 	Time(s): 1879341.731533
    -- MCMC Step: 04900000 	Time(s): 1883518.723063
    -- MCMC Step: 04910000 	Time(s): 1887625.071490
    -- MCMC Step: 04920000 	Time(s): 1891773.006898
    -- MCMC Step: 04930000 	Time(s): 1895974.160441
    -- MCMC Step: 04940000 	Time(s): 1900393.397311
    -- MCMC Step: 04950000 	Time(s): 1904806.679038
    -- MCMC Step: 04960000 	Time(s): 1912169.238698
    -- MCMC Step: 04970000 	Time(s): 1919819.918481
    -- MCMC Step: 04980000 	Time(s): 1926925.388031
    -- MCMC Step: 04990000 	Time(s): 1933971.932053
    -- MCMC Step: 05000000 	Time(s): 1940664.491498
    -- MCMC Step: 05010000 	Time(s): 1947458.293455
    -- MCMC Step: 05020000 	Time(s): 1953871.963327
    -- MCMC Step: 05030000 	Time(s): 1960347.251071
    -- MCMC Step: 05040000 	Time(s): 1966777.575466
    -- MCMC Step: 05050000 	Time(s): 1972809.323209
    -- MCMC Step: 05060000 	Time(s): 1978239.490071
    -- MCMC Step: 05070000 	Time(s): 1985298.715023
    -- MCMC Step: 05080000 	Time(s): 1992306.358259
    -- MCMC Step: 05090000 	Time(s): 1998575.662821
    -- MCMC Step: 05100000 	Time(s): 2004362.718688
    -- MCMC Step: 05110000 	Time(s): 2009242.683157
    -- MCMC Step: 05120000 	Time(s): 2014290.660107
    -- MCMC Step: 05130000 	Time(s): 2019250.310959
    -- MCMC Step: 05140000 	Time(s): 2024199.663664
    -- MCMC Step: 05150000 	Time(s): 2028811.111705
    -- MCMC Step: 05160000 	Time(s): 2033477.014152
    -- MCMC Step: 05170000 	Time(s): 2037840.812314
    -- MCMC Step: 05180000 	Time(s): 2042024.573210
    -- MCMC Step: 05190000 	Time(s): 2045941.698886
    -- MCMC Step: 05200000 	Time(s): 2049803.424032
    -- MCMC Step: 05210000 	Time(s): 2053562.410977
    -- MCMC Step: 05220000 	Time(s): 2057085.876381
    -- MCMC Step: 05230000 	Time(s): 2060580.073656
    -- MCMC Step: 05240000 	Time(s): 2064151.082308
    -- MCMC Step: 05250000 	Time(s): 2068763.908101
    -- MCMC Step: 05260000 	Time(s): 2073807.244350
    -- MCMC Step: 05270000 	Time(s): 2078474.952464
    -- MCMC Step: 05280000 	Time(s): 2083134.089140
    -- MCMC Step: 05290000 	Time(s): 2088239.400051
    -- MCMC Step: 05300000 	Time(s): 2093424.579811
    -- MCMC Step: 05310000 	Time(s): 2098525.529593
    -- MCMC Step: 05320000 	Time(s): 2103593.045540
    -- MCMC Step: 05330000 	Time(s): 2108660.251931
    -- MCMC Step: 05340000 	Time(s): 2113700.551286
    -- MCMC Step: 05350000 	Time(s): 2118665.601877
    -- MCMC Step: 05360000 	Time(s): 2123234.567767
    -- MCMC Step: 05370000 	Time(s): 2127757.920182
    -- MCMC Step: 05380000 	Time(s): 2132130.499938
    -- MCMC Step: 05390000 	Time(s): 2136399.151927
    -- MCMC Step: 05400000 	Time(s): 2140519.987363
    -- MCMC Step: 05410000 	Time(s): 2144623.646122
    -- MCMC Step: 05420000 	Time(s): 2148665.370341
    -- MCMC Step: 05430000 	Time(s): 2152715.455752
    -- MCMC Step: 05440000 	Time(s): 2156777.853577
    -- MCMC Step: 05450000 	Time(s): 2160843.139789
    -- MCMC Step: 05460000 	Time(s): 2164942.163059
    -- MCMC Step: 05470000 	Time(s): 2169055.557740
    -- MCMC Step: 05480000 	Time(s): 2173385.515332
    -- MCMC Step: 05490000 	Time(s): 2177839.898357
    -- MCMC Step: 05500000 	Time(s): 2182088.261459
    -- MCMC Step: 05510000 	Time(s): 2186320.071402
    -- MCMC Step: 05520000 	Time(s): 2190694.732859
    -- MCMC Step: 05530000 	Time(s): 2195004.606994
    -- MCMC Step: 05540000 	Time(s): 2199202.707569
    -- MCMC Step: 05550000 	Time(s): 2203617.689389
    -- MCMC Step: 05560000 	Time(s): 2207982.342659
    -- MCMC Step: 05570000 	Time(s): 2212244.459718
    -- MCMC Step: 05580000 	Time(s): 2216351.918408
    -- MCMC Step: 05590000 	Time(s): 2220448.808486
    -- MCMC Step: 05600000 	Time(s): 2224493.199481
    -- MCMC Step: 05610000 	Time(s): 2228642.487106
    -- MCMC Step: 05620000 	Time(s): 2232782.462273
    -- MCMC Step: 05630000 	Time(s): 2236894.511168
    -- MCMC Step: 05640000 	Time(s): 2241043.518611
    -- MCMC Step: 05650000 	Time(s): 2245194.283478
    -- MCMC Step: 05660000 	Time(s): 2249397.494172
    -- MCMC Step: 05670000 	Time(s): 2253625.672407
    -- MCMC Step: 05680000 	Time(s): 2257846.752188
    -- MCMC Step: 05690000 	Time(s): 2261964.512715
    -- MCMC Step: 05700000 	Time(s): 2266046.860584
    -- MCMC Step: 05710000 	Time(s): 2270205.266221
    -- MCMC Step: 05720000 	Time(s): 2274297.192343
    -- MCMC Step: 05730000 	Time(s): 2278363.060453
    -- MCMC Step: 05740000 	Time(s): 2282494.369164
    -- MCMC Step: 05750000 	Time(s): 2286640.712000
    -- MCMC Step: 05760000 	Time(s): 2290816.387334
    -- MCMC Step: 05770000 	Time(s): 2295045.614422
    -- MCMC Step: 05780000 	Time(s): 2299196.914662
    -- MCMC Step: 05790000 	Time(s): 2303410.382911
    -- MCMC Step: 05800000 	Time(s): 2307607.445268
    -- MCMC Step: 05810000 	Time(s): 2311780.700537
    -- MCMC Step: 05820000 	Time(s): 2315965.315145
    -- MCMC Step: 05830000 	Time(s): 2320116.507431
    -- MCMC Step: 05840000 	Time(s): 2324353.507235
    -- MCMC Step: 05850000 	Time(s): 2328591.963633
    -- MCMC Step: 05860000 	Time(s): 2332745.660411
    -- MCMC Step: 05870000 	Time(s): 2337098.122937
    -- MCMC Step: 05880000 	Time(s): 2341386.843988
    -- MCMC Step: 05890000 	Time(s): 2345700.223729
    -- MCMC Step: 05900000 	Time(s): 2350095.776855
    -- MCMC Step: 05910000 	Time(s): 2354504.915338
    -- MCMC Step: 05920000 	Time(s): 2358841.745632
    -- MCMC Step: 05930000 	Time(s): 2363178.745957
    -- MCMC Step: 05940000 	Time(s): 2367394.217640
    -- MCMC Step: 05950000 	Time(s): 2371472.236756
    -- MCMC Step: 05960000 	Time(s): 2375019.620326
    -- MCMC Step: 05970000 	Time(s): 2378542.379348
    -- MCMC Step: 05980000 	Time(s): 2381974.095231
    -- MCMC Step: 05990000 	Time(s): 2385442.352267
    -- MCMC Step: 06000000 	Time(s): 2388914.559757
    -- MCMC Step: 06010000 	Time(s): 2392359.153106
    -- MCMC Step: 06020000 	Time(s): 2395814.223685
    -- MCMC Step: 06030000 	Time(s): 2399282.851210
    -- MCMC Step: 06040000 	Time(s): 2402777.537994
    -- MCMC Step: 06050000 	Time(s): 2406266.443218
    -- MCMC Step: 06060000 	Time(s): 2409717.517293
    -- MCMC Step: 06070000 	Time(s): 2413169.641756
    -- MCMC Step: 06080000 	Time(s): 2416654.904087
    -- MCMC Step: 06090000 	Time(s): 2420230.084186
    -- MCMC Step: 06100000 	Time(s): 2424846.852934
    -- MCMC Step: 06110000 	Time(s): 2428450.537237
    -- MCMC Step: 06120000 	Time(s): 2431885.322801
    -- MCMC Step: 06130000 	Time(s): 2435229.715708
    -- MCMC Step: 06140000 	Time(s): 2438486.610654
    -- MCMC Step: 06150000 	Time(s): 2441860.442632
    -- MCMC Step: 06160000 	Time(s): 2445241.763600
    -- MCMC Step: 06170000 	Time(s): 2448638.504738
    -- MCMC Step: 06180000 	Time(s): 2451978.935758
    -- MCMC Step: 06190000 	Time(s): 2455292.216240
    -- MCMC Step: 06200000 	Time(s): 2458621.287723
    -- MCMC Step: 06210000 	Time(s): 2461905.845731
    -- MCMC Step: 06220000 	Time(s): 2465193.422177
    -- MCMC Step: 06230000 	Time(s): 2468386.067523
    -- MCMC Step: 06240000 	Time(s): 2471418.565575
    -- MCMC Step: 06250000 	Time(s): 2474464.618529
    -- MCMC Step: 06260000 	Time(s): 2477493.509661
    -- MCMC Step: 06270000 	Time(s): 2480526.642294
    -- MCMC Step: 06280000 	Time(s): 2483645.355627
    -- MCMC Step: 06290000 	Time(s): 2486814.437917
    -- MCMC Step: 06300000 	Time(s): 2489963.258465
    -- MCMC Step: 06310000 	Time(s): 2493059.080271
    -- MCMC Step: 06320000 	Time(s): 2496151.106250
    -- MCMC Step: 06330000 	Time(s): 2499110.324958
    -- MCMC Step: 06340000 	Time(s): 2502133.717076
    -- MCMC Step: 06350000 	Time(s): 2505704.486486
    -- MCMC Step: 06360000 	Time(s): 2509823.727602
    -- MCMC Step: 06370000 	Time(s): 2514049.166002
    -- MCMC Step: 06380000 	Time(s): 2518234.998094
    -- MCMC Step: 06390000 	Time(s): 2522476.699343
    -- MCMC Step: 06400000 	Time(s): 2526952.343617
    -- MCMC Step: 06410000 	Time(s): 2531518.442282
    -- MCMC Step: 06420000 	Time(s): 2536111.522186
    -- MCMC Step: 06430000 	Time(s): 2540762.145018
    -- MCMC Step: 06440000 	Time(s): 2545447.535668
    -- MCMC Step: 06450000 	Time(s): 2549988.035282
    -- MCMC Step: 06460000 	Time(s): 2554478.046075
    -- MCMC Step: 06470000 	Time(s): 2558885.315771
    -- MCMC Step: 06480000 	Time(s): 2563299.094027
    -- MCMC Step: 06490000 	Time(s): 2567812.066762
    -- MCMC Step: 06500000 	Time(s): 2572354.033302
    -- MCMC Step: 06510000 	Time(s): 2576934.861958
    -- MCMC Step: 06520000 	Time(s): 2581570.394843
    -- MCMC Step: 06530000 	Time(s): 2586261.058228
    -- MCMC Step: 06540000 	Time(s): 2590982.881037
    -- MCMC Step: 06550000 	Time(s): 2595690.510902
    -- MCMC Step: 06560000 	Time(s): 2600483.057420
    -- MCMC Step: 06570000 	Time(s): 2605020.536486
    -- MCMC Step: 06580000 	Time(s): 2610306.329562
    -- MCMC Step: 06590000 	Time(s): 2615501.375414
    -- MCMC Step: 06600000 	Time(s): 2620611.954789
    -- MCMC Step: 06610000 	Time(s): 2625612.399307
    -- MCMC Step: 06620000 	Time(s): 2630600.334291
    -- MCMC Step: 06630000 	Time(s): 2635638.496248
    -- MCMC Step: 06640000 	Time(s): 2640564.623076
    -- MCMC Step: 06650000 	Time(s): 2645603.732988
    -- MCMC Step: 06660000 	Time(s): 2650546.034206
    -- MCMC Step: 06670000 	Time(s): 2655503.170077
    -- MCMC Step: 06680000 	Time(s): 2660030.152031
    -- MCMC Step: 06690000 	Time(s): 2664644.001209
    -- MCMC Step: 06700000 	Time(s): 2669100.169566
    -- MCMC Step: 06710000 	Time(s): 2673266.778289
    -- MCMC Step: 06720000 	Time(s): 2677047.086246
    -- MCMC Step: 06730000 	Time(s): 2680372.462190
    -- MCMC Step: 06740000 	Time(s): 2684141.656535
    -- MCMC Step: 06750000 	Time(s): 2687902.561129
    -- MCMC Step: 06760000 	Time(s): 2691711.577512
    -- MCMC Step: 06770000 	Time(s): 2695661.773405
    -- MCMC Step: 06780000 	Time(s): 2699506.564875
    -- MCMC Step: 06790000 	Time(s): 2703352.454728
    -- MCMC Step: 06800000 	Time(s): 2709122.033980
    -- MCMC Step: 06810000 	Time(s): 2715748.652307
    -- MCMC Step: 06820000 	Time(s): 2722480.522658
    -- MCMC Step: 06830000 	Time(s): 2729016.601772
    -- MCMC Step: 06840000 	Time(s): 2735486.879052
    -- MCMC Step: 06850000 	Time(s): 2741990.174873
    -- MCMC Step: 06860000 	Time(s): 2748402.291016
    -- MCMC Step: 06870000 	Time(s): 2754852.708483
    -- MCMC Step: 06880000 	Time(s): 2760528.952826
    -- MCMC Step: 06890000 	Time(s): 2766135.669889
    -- MCMC Step: 06900000 	Time(s): 2771708.985759
    -- MCMC Step: 06910000 	Time(s): 2776574.158385
    -- MCMC Step: 06920000 	Time(s): 2781220.666636
    -- MCMC Step: 06930000 	Time(s): 2785455.837457
    -- MCMC Step: 06940000 	Time(s): 2789738.130544
    -- MCMC Step: 06950000 	Time(s): 2793922.263468
    -- MCMC Step: 06960000 	Time(s): 2798108.383347
    -- MCMC Step: 06970000 	Time(s): 2802229.032391
    -- MCMC Step: 06980000 	Time(s): 2806449.219171
    -- MCMC Step: 06990000 	Time(s): 2810670.464169
    -- MCMC Step: 07000000 	Time(s): 2814830.972767
    -- MCMC Step: 07010000 	Time(s): 2818802.157629
    -- MCMC Step: 07020000 	Time(s): 2822765.583943
    -- MCMC Step: 07030000 	Time(s): 2826539.497800
    -- MCMC Step: 07040000 	Time(s): 2830226.360255
    -- MCMC Step: 07050000 	Time(s): 2833928.768466
    -- MCMC Step: 07060000 	Time(s): 2837641.761149
    -- MCMC Step: 07070000 	Time(s): 2841337.019895
    -- MCMC Step: 07080000 	Time(s): 2845062.870296
    -- MCMC Step: 07090000 	Time(s): 2848717.013271
    -- MCMC Step: 07100000 	Time(s): 2852476.248212
    -- MCMC Step: 07110000 	Time(s): 2855995.055220
    -- MCMC Step: 07120000 	Time(s): 2859530.911896
    -- MCMC Step: 07130000 	Time(s): 2863058.823119
    -- MCMC Step: 07140000 	Time(s): 2866682.252735
    -- MCMC Step: 07150000 	Time(s): 2870366.209091
    -- MCMC Step: 07160000 	Time(s): 2874167.426712
    -- MCMC Step: 07170000 	Time(s): 2877963.569330
    -- MCMC Step: 07180000 	Time(s): 2881753.034428
    -- MCMC Step: 07190000 	Time(s): 2885532.935136
    -- MCMC Step: 07200000 	Time(s): 2889351.018277
    -- MCMC Step: 07210000 	Time(s): 2893095.544905
    -- MCMC Step: 07220000 	Time(s): 2896877.018185
    -- MCMC Step: 07230000 	Time(s): 2900588.628488
    -- MCMC Step: 07240000 	Time(s): 2904301.185323
    -- MCMC Step: 07250000 	Time(s): 2908007.892109
    -- MCMC Step: 07260000 	Time(s): 2911696.423529
    -- MCMC Step: 07270000 	Time(s): 2915413.213946
    -- MCMC Step: 07280000 	Time(s): 2919182.234544
    -- MCMC Step: 07290000 	Time(s): 2922919.136379
    -- MCMC Step: 07300000 	Time(s): 2926473.214262
    -- MCMC Step: 07310000 	Time(s): 2929905.052324
    -- MCMC Step: 07320000 	Time(s): 2933244.612438
    -- MCMC Step: 07330000 	Time(s): 2936707.622288
    -- MCMC Step: 07340000 	Time(s): 2940241.830015
    -- MCMC Step: 07350000 	Time(s): 2943784.297516
    -- MCMC Step: 07360000 	Time(s): 2947302.553448
    -- MCMC Step: 07370000 	Time(s): 2950852.980178
    -- MCMC Step: 07380000 	Time(s): 2954374.078514
    -- MCMC Step: 07390000 	Time(s): 2957628.759748
    -- MCMC Step: 07400000 	Time(s): 2960819.239524
    -- MCMC Step: 07410000 	Time(s): 2964024.953516
    -- MCMC Step: 07420000 	Time(s): 2967292.515855
    -- MCMC Step: 07430000 	Time(s): 2970524.101448
    -- MCMC Step: 07440000 	Time(s): 2973648.394125
    -- MCMC Step: 07450000 	Time(s): 2976818.900816
    -- MCMC Step: 07460000 	Time(s): 2979906.587253
    -- MCMC Step: 07470000 	Time(s): 2983060.018929
    -- MCMC Step: 07480000 	Time(s): 2986299.891939
    -- MCMC Step: 07490000 	Time(s): 2989566.010866
    -- MCMC Step: 07500000 	Time(s): 2992820.832385
    -- MCMC Step: 07510000 	Time(s): 2996085.002878
    -- MCMC Step: 07520000 	Time(s): 2999283.787807
    -- MCMC Step: 07530000 	Time(s): 3002398.802479
    -- MCMC Step: 07540000 	Time(s): 3005531.163445
    -- MCMC Step: 07550000 	Time(s): 3008532.656318
    -- MCMC Step: 07560000 	Time(s): 3011497.451350
    -- MCMC Step: 07570000 	Time(s): 3014474.616526
    -- MCMC Step: 07580000 	Time(s): 3017464.773548
    -- MCMC Step: 07590000 	Time(s): 3020413.538841
    -- MCMC Step: 07600000 	Time(s): 3023369.696014
    -- MCMC Step: 07610000 	Time(s): 3026301.363226
    -- MCMC Step: 07620000 	Time(s): 3029207.927204
    -- MCMC Step: 07630000 	Time(s): 3032171.164559
    -- MCMC Step: 07640000 	Time(s): 3035145.188545
    -- MCMC Step: 07650000 	Time(s): 3038072.998477
    -- MCMC Step: 07660000 	Time(s): 3041032.517633
    -- MCMC Step: 07670000 	Time(s): 3044505.408438
    -- MCMC Step: 07680000 	Time(s): 3050578.994365
    -- MCMC Step: 07690000 	Time(s): 3056660.312198
    -- MCMC Step: 07700000 	Time(s): 3062443.679165
    -- MCMC Step: 07710000 	Time(s): 3067734.165942
    -- MCMC Step: 07720000 	Time(s): 3072627.521732
    -- MCMC Step: 07730000 	Time(s): 3077098.927747
    -- MCMC Step: 07740000 	Time(s): 3081407.676261
    -- MCMC Step: 07750000 	Time(s): 3085571.510527
    -- MCMC Step: 07760000 	Time(s): 3089461.127840
    -- MCMC Step: 07770000 	Time(s): 3093114.432806
    -- MCMC Step: 07780000 	Time(s): 3096439.617546
    -- MCMC Step: 07790000 	Time(s): 3099462.731832
    -- MCMC Step: 07800000 	Time(s): 3102393.771626
    -- MCMC Step: 07810000 	Time(s): 3105276.199743
    -- MCMC Step: 07820000 	Time(s): 3108291.149066
    -- MCMC Step: 07830000 	Time(s): 3111323.443832
    -- MCMC Step: 07840000 	Time(s): 3114627.294772
    -- MCMC Step: 07850000 	Time(s): 3117715.714409
    -- MCMC Step: 07860000 	Time(s): 3120847.425371
    -- MCMC Step: 07870000 	Time(s): 3123938.554982
    -- MCMC Step: 07880000 	Time(s): 3126690.188249
    -- MCMC Step: 07890000 	Time(s): 3129378.410700
    -- MCMC Step: 07900000 	Time(s): 3132022.541821
    -- MCMC Step: 07910000 	Time(s): 3134734.134691
    -- MCMC Step: 07920000 	Time(s): 3137330.930636
    -- MCMC Step: 07930000 	Time(s): 3139951.747624
    -- MCMC Step: 07940000 	Time(s): 3142555.527959
    -- MCMC Step: 07950000 	Time(s): 3145094.900462
    -- MCMC Step: 07960000 	Time(s): 3147612.587994
    -- MCMC Step: 07970000 	Time(s): 3150109.014280
    -- MCMC Step: 07980000 	Time(s): 3152654.110912
    -- MCMC Step: 07990000 	Time(s): 3155187.310811
    -- MCMC Step: 08000000 	Time(s): 3157601.477771
    -- MCMC Step: 08010000 	Time(s): 3159957.498609
    -- MCMC Step: 08020000 	Time(s): 3162211.386942
    -- MCMC Step: 08030000 	Time(s): 3164398.170179
    -- MCMC Step: 08040000 	Time(s): 3166523.747986
    -- MCMC Step: 08050000 	Time(s): 3168565.262545
    -- MCMC Step: 08060000 	Time(s): 3170611.346851
    -- MCMC Step: 08070000 	Time(s): 3172595.594443
    -- MCMC Step: 08080000 	Time(s): 3174586.075048
    -- MCMC Step: 08090000 	Time(s): 3176552.433256
    -- MCMC Step: 08100000 	Time(s): 3178539.532571
    -- MCMC Step: 08110000 	Time(s): 3180433.514210
    -- MCMC Step: 08120000 	Time(s): 3182191.812757
    -- MCMC Step: 08130000 	Time(s): 3183912.847019
    -- MCMC Step: 08140000 	Time(s): 3185631.260899
    -- MCMC Step: 08150000 	Time(s): 3187347.157301
    -- MCMC Step: 08160000 	Time(s): 3189059.243949
    -- MCMC Step: 08170000 	Time(s): 3190771.460177
    -- MCMC Step: 08180000 	Time(s): 3192517.642073
    -- MCMC Step: 08190000 	Time(s): 3194627.827846
    -- MCMC Step: 08200000 	Time(s): 3196782.940984
    -- MCMC Step: 08210000 	Time(s): 3198969.438962
    -- MCMC Step: 08220000 	Time(s): 3201164.483433
    -- MCMC Step: 08230000 	Time(s): 3203368.493123
    -- MCMC Step: 08240000 	Time(s): 3205563.777160
    -- MCMC Step: 08250000 	Time(s): 3207768.450203
    -- MCMC Step: 08260000 	Time(s): 3210005.964805
    -- MCMC Step: 08270000 	Time(s): 3212194.042417
    -- MCMC Step: 08280000 	Time(s): 3214395.012948
    -- MCMC Step: 08290000 	Time(s): 3216570.993572
    -- MCMC Step: 08300000 	Time(s): 3218766.900297
    -- MCMC Step: 08310000 	Time(s): 3220920.822764
    -- MCMC Step: 08320000 	Time(s): 3223096.355391
    -- MCMC Step: 08330000 	Time(s): 3225231.889558
    -- MCMC Step: 08340000 	Time(s): 3227218.862367
    -- MCMC Step: 08350000 	Time(s): 3229179.984001
    -- MCMC Step: 08360000 	Time(s): 3231139.751381
    -- MCMC Step: 08370000 	Time(s): 3233068.728897
    -- MCMC Step: 08380000 	Time(s): 3235065.387134
    -- MCMC Step: 08390000 	Time(s): 3237011.060307
    -- MCMC Step: 08400000 	Time(s): 3238952.226361
    -- MCMC Step: 08410000 	Time(s): 3240916.568331
    -- MCMC Step: 08420000 	Time(s): 3242872.982584
    -- MCMC Step: 08430000 	Time(s): 3244824.871597
    -- MCMC Step: 08440000 	Time(s): 3246764.815355
    -- MCMC Step: 08450000 	Time(s): 3248737.529884
    -- MCMC Step: 08460000 	Time(s): 3250698.789659
    -- MCMC Step: 08470000 	Time(s): 3252668.845320
    -- MCMC Step: 08480000 	Time(s): 3254598.996382
    -- MCMC Step: 08490000 	Time(s): 3256617.637571
    -- MCMC Step: 08500000 	Time(s): 3258570.060354
    -- MCMC Step: 08510000 	Time(s): 3260577.269143
    -- MCMC Step: 08520000 	Time(s): 3262536.683213
    -- MCMC Step: 08530000 	Time(s): 3264492.674737
    -- MCMC Step: 08540000 	Time(s): 3266460.781858
    -- MCMC Step: 08550000 	Time(s): 3268403.837966
    -- MCMC Step: 08560000 	Time(s): 3270339.964844
    -- MCMC Step: 08570000 	Time(s): 3272300.662605
    -- MCMC Step: 08580000 	Time(s): 3274243.449400
    -- MCMC Step: 08590000 	Time(s): 3276206.891305
    -- MCMC Step: 08600000 	Time(s): 3278186.125648
    -- MCMC Step: 08610000 	Time(s): 3280174.867841
    -- MCMC Step: 08620000 	Time(s): 3282168.889284
    -- MCMC Step: 08630000 	Time(s): 3284095.540721
    -- MCMC Step: 08640000 	Time(s): 3286006.966851
    -- MCMC Step: 08650000 	Time(s): 3287920.247709
    -- MCMC Step: 08660000 	Time(s): 3289832.063982
    -- MCMC Step: 08670000 	Time(s): 3291751.789473
    -- MCMC Step: 08680000 	Time(s): 3293687.383640
    -- MCMC Step: 08690000 	Time(s): 3295622.558313
    -- MCMC Step: 08700000 	Time(s): 3297563.463355
    -- MCMC Step: 08710000 	Time(s): 3299507.342464
    -- MCMC Step: 08720000 	Time(s): 3301451.659016
    -- MCMC Step: 08730000 	Time(s): 3303406.610635
    -- MCMC Step: 08740000 	Time(s): 3305369.973174
    -- MCMC Step: 08750000 	Time(s): 3307340.485210
    -- MCMC Step: 08760000 	Time(s): 3309470.221722
    -- MCMC Step: 08770000 	Time(s): 3311550.733467
    -- MCMC Step: 08780000 	Time(s): 3313506.163676
    -- MCMC Step: 08790000 	Time(s): 3315470.810531
    -- MCMC Step: 08800000 	Time(s): 3317437.118386
    -- MCMC Step: 08810000 	Time(s): 3319390.424828
    -- MCMC Step: 08820000 	Time(s): 3321353.922085
    -- MCMC Step: 08830000 	Time(s): 3323318.137314
    -- MCMC Step: 08840000 	Time(s): 3325271.800215
    -- MCMC Step: 08850000 	Time(s): 3327240.795493
    -- MCMC Step: 08860000 	Time(s): 3329185.573874
    -- MCMC Step: 08870000 	Time(s): 3331140.142347
    -- MCMC Step: 08880000 	Time(s): 3333103.308012
    -- MCMC Step: 08890000 	Time(s): 3335082.609720
    -- MCMC Step: 08900000 	Time(s): 3337020.732440
    -- MCMC Step: 08910000 	Time(s): 3338935.798452
    -- MCMC Step: 08920000 	Time(s): 3340775.506935
    -- MCMC Step: 08930000 	Time(s): 3342535.696918
    -- MCMC Step: 08940000 	Time(s): 3344284.647984
    -- MCMC Step: 08950000 	Time(s): 3346058.533611
    -- MCMC Step: 08960000 	Time(s): 3347806.094635
    -- MCMC Step: 08970000 	Time(s): 3349580.171884
    -- MCMC Step: 08980000 	Time(s): 3351336.609676
    -- MCMC Step: 08990000 	Time(s): 3353091.892365
    -- MCMC Step: 09000000 	Time(s): 3354859.336467
    -- MCMC Step: 09010000 	Time(s): 3356631.033491
    -- MCMC Step: 09020000 	Time(s): 3358402.040514
    -- MCMC Step: 09030000 	Time(s): 3360167.587532
    -- MCMC Step: 09040000 	Time(s): 3361941.670262
    -- MCMC Step: 09050000 	Time(s): 3363695.633096
    -- MCMC Step: 09060000 	Time(s): 3365424.362282
    -- MCMC Step: 09070000 	Time(s): 3367161.419254
    -- MCMC Step: 09080000 	Time(s): 3368902.050222
    -- MCMC Step: 09090000 	Time(s): 3370657.620235
    -- MCMC Step: 09100000 	Time(s): 3372400.834440
    -- MCMC Step: 09110000 	Time(s): 3374146.179462
    -- MCMC Step: 09120000 	Time(s): 3375880.603575
    -- MCMC Step: 09130000 	Time(s): 3377618.619092
    -- MCMC Step: 09140000 	Time(s): 3379355.289472
    -- MCMC Step: 09150000 	Time(s): 3381096.378498
    -- MCMC Step: 09160000 	Time(s): 3382829.628016
    -- MCMC Step: 09170000 	Time(s): 3384579.668131
    -- MCMC Step: 09180000 	Time(s): 3386332.197759
    -- MCMC Step: 09190000 	Time(s): 3388071.382364
    -- MCMC Step: 09200000 	Time(s): 3389814.083397
    -- MCMC Step: 09210000 	Time(s): 3391558.632037
    -- MCMC Step: 09220000 	Time(s): 3393305.699939
    -- MCMC Step: 09230000 	Time(s): 3395067.100863
    -- MCMC Step: 09240000 	Time(s): 3396771.515570
    -- MCMC Step: 09250000 	Time(s): 3398421.137660
    -- MCMC Step: 09260000 	Time(s): 3400069.109799
    -- MCMC Step: 09270000 	Time(s): 3401711.359985
    -- MCMC Step: 09280000 	Time(s): 3403351.691071
    -- MCMC Step: 09290000 	Time(s): 3404983.942412
    -- MCMC Step: 09300000 	Time(s): 3406629.885836
    -- MCMC Step: 09310000 	Time(s): 3408262.753614
    -- MCMC Step: 09320000 	Time(s): 3409943.729986
    -- MCMC Step: 09330000 	Time(s): 3411669.639879
    -- MCMC Step: 09340000 	Time(s): 3413395.059537
    -- MCMC Step: 09350000 	Time(s): 3415118.110580
    -- MCMC Step: 09360000 	Time(s): 3416868.619508
    -- MCMC Step: 09370000 	Time(s): 3418601.697612
    -- MCMC Step: 09380000 	Time(s): 3420344.078336
    -- MCMC Step: 09390000 	Time(s): 3422081.001969
    -- MCMC Step: 09400000 	Time(s): 3423822.103924
    -- MCMC Step: 09410000 	Time(s): 3425568.086770
    -- MCMC Step: 09420000 	Time(s): 3427236.551774
    -- MCMC Step: 09430000 	Time(s): 3428873.323225
    -- MCMC Step: 09440000 	Time(s): 3430529.798357
    -- MCMC Step: 09450000 	Time(s): 3432184.158112
    -- MCMC Step: 09460000 	Time(s): 3433833.912189
    -- MCMC Step: 09470000 	Time(s): 3435495.255724
    -- MCMC Step: 09480000 	Time(s): 3437151.207458
    -- MCMC Step: 09490000 	Time(s): 3438803.324058
    -- MCMC Step: 09500000 	Time(s): 3440527.713187
    -- MCMC Step: 09510000 	Time(s): 3442282.286817
    -- MCMC Step: 09520000 	Time(s): 3443960.459491
    -- MCMC Step: 09530000 	Time(s): 3445617.186828
    -- MCMC Step: 09540000 	Time(s): 3447263.443334
    -- MCMC Step: 09550000 	Time(s): 3448916.074006
    -- MCMC Step: 09560000 	Time(s): 3450591.129849
    -- MCMC Step: 09570000 	Time(s): 3452255.051787
    -- MCMC Step: 09580000 	Time(s): 3453931.074699
    -- MCMC Step: 09590000 	Time(s): 3455593.630732
    -- MCMC Step: 09600000 	Time(s): 3457246.016483
    -- MCMC Step: 09610000 	Time(s): 3458918.243865
    -- MCMC Step: 09620000 	Time(s): 3460589.953298
    -- MCMC Step: 09630000 	Time(s): 3462275.209798
    -- MCMC Step: 09640000 	Time(s): 3463950.390527
    -- MCMC Step: 09650000 	Time(s): 3465638.686010
    -- MCMC Step: 09660000 	Time(s): 3467305.306373
    -- MCMC Step: 09670000 	Time(s): 3468966.922285
    -- MCMC Step: 09680000 	Time(s): 3470624.642016
    -- MCMC Step: 09690000 	Time(s): 3472279.947605
    -- MCMC Step: 09700000 	Time(s): 3473974.867510
    -- MCMC Step: 09710000 	Time(s): 3475598.026062
    -- MCMC Step: 09720000 	Time(s): 3477206.684351
    -- MCMC Step: 09730000 	Time(s): 3478819.609691
    -- MCMC Step: 09740000 	Time(s): 3480333.386483
    -- MCMC Step: 09750000 	Time(s): 3481903.251853
    -- MCMC Step: 09760000 	Time(s): 3483492.054848
    -- MCMC Step: 09770000 	Time(s): 3485173.056019
    -- MCMC Step: 09780000 	Time(s): 3486846.889690
    -- MCMC Step: 09790000 	Time(s): 3488520.226094
    -- MCMC Step: 09800000 	Time(s): 3490166.771076
    -- MCMC Step: 09810000 	Time(s): 3491796.218382
    -- MCMC Step: 09820000 	Time(s): 3493439.060443
    -- MCMC Step: 09830000 	Time(s): 3495087.321872
    -- MCMC Step: 09840000 	Time(s): 3496734.619787
    -- MCMC Step: 09850000 	Time(s): 3498375.868740
    -- MCMC Step: 09860000 	Time(s): 3500022.288589
    -- MCMC Step: 09870000 	Time(s): 3501652.817170
    -- MCMC Step: 09880000 	Time(s): 3503258.154574
    -- MCMC Step: 09890000 	Time(s): 3504807.454359
    -- MCMC Step: 09900000 	Time(s): 3506315.601033
    -- MCMC Step: 09910000 	Time(s): 3507836.447811
    -- MCMC Step: 09920000 	Time(s): 3509384.455827
    -- MCMC Step: 09930000 	Time(s): 3510904.381629
    -- MCMC Step: 09940000 	Time(s): 3512438.018831
    -- MCMC Step: 09950000 	Time(s): 3513969.338612
    -- MCMC Step: 09960000 	Time(s): 3515523.634420
    -- MCMC Step: 09970000 	Time(s): 3517074.381974
    -- MCMC Step: 09980000 	Time(s): 3518629.198440
    -- MCMC Step: 09990000 	Time(s): 3520178.797421
    -- MCMC Step: 10000000 	Time(s): 3521696.010706
  Saving final MCMC simulation data ...
****************************************
Done successfully!
Cumulative number of energy calculations: 10000002
Elapsed time: 3521700.1081080437 seconds
Finished on: 2023-11-05 19:27:58.626342
