Executed on: 2023-09-26 01:12:53.006641
PFP client version: 1.11.0
Model version: v3.0.0
Calculation mode: CRYSTAL_PLUS_D3
Method type: PFVM
****************************************
Examining NCM523 ...
  Importing initial (known) stable/unstable structures ...
    Supercell size: 5 × 4 × 1
    Number of atoms (perfect): 240
    Cell parameters (a, b, c): 2.880780, 2.890300, 14.150000
    Structural parameter range (min, max): 0.000000, 0.500000
    Number of discrete structural parameters: 60
    Structural parameter spacing: 0.008475
  Importing energies and 1-D DOS from previous WL simlation ...
    Energy range (min, max): -1083.319505, -1068.137526
    Number of energy states: 60
    Energy spacing (eV): 0.257322
  Performing multicanonical Monte Carlo (MCMC) sampling ...
    Number of NNP-neighbors: 11400
    Maximum number of Monte Carlo steps: 10000000
    Trial move style: swap
    -- MCMC Step: 00000000 	Time(s): 0.640394
    -- MCMC Step: 00010000 	Time(s): 1971.987813
    -- MCMC Step: 00020000 	Time(s): 4164.272832
    -- MCMC Step: 00030000 	Time(s): 6307.776644
    -- MCMC Step: 00040000 	Time(s): 8403.429560
    -- MCMC Step: 00050000 	Time(s): 10657.040012
    -- MCMC Step: 00060000 	Time(s): 13977.473596
    -- MCMC Step: 00070000 	Time(s): 17292.875746
    -- MCMC Step: 00080000 	Time(s): 20783.617229
    -- MCMC Step: 00090000 	Time(s): 24369.974493
    -- MCMC Step: 00100000 	Time(s): 27851.542052
    -- MCMC Step: 00110000 	Time(s): 31185.128126
    -- MCMC Step: 00120000 	Time(s): 34477.338921
    -- MCMC Step: 00130000 	Time(s): 37830.112893
    -- MCMC Step: 00140000 	Time(s): 41163.567142
    -- MCMC Step: 00150000 	Time(s): 44478.187559
    -- MCMC Step: 00160000 	Time(s): 47815.289064
    -- MCMC Step: 00170000 	Time(s): 51173.854525
    -- MCMC Step: 00180000 	Time(s): 54521.953066
    -- MCMC Step: 00190000 	Time(s): 57928.815287
    -- MCMC Step: 00200000 	Time(s): 61338.410937
    -- MCMC Step: 00210000 	Time(s): 64766.279097
    -- MCMC Step: 00220000 	Time(s): 68222.323971
    -- MCMC Step: 00230000 	Time(s): 71682.969814
    -- MCMC Step: 00240000 	Time(s): 75093.945143
    -- MCMC Step: 00250000 	Time(s): 78392.167176
    -- MCMC Step: 00260000 	Time(s): 81802.501614
    -- MCMC Step: 00270000 	Time(s): 85500.998925
    -- MCMC Step: 00280000 	Time(s): 89574.986256
    -- MCMC Step: 00290000 	Time(s): 93388.114907
    -- MCMC Step: 00300000 	Time(s): 97439.056790
    -- MCMC Step: 00310000 	Time(s): 101532.726986
    -- MCMC Step: 00320000 	Time(s): 105652.789944
    -- MCMC Step: 00330000 	Time(s): 109959.369901
    -- MCMC Step: 00340000 	Time(s): 114342.340718
    -- MCMC Step: 00350000 	Time(s): 118954.592214
    -- MCMC Step: 00360000 	Time(s): 123671.402425
    -- MCMC Step: 00370000 	Time(s): 128336.597503
    -- MCMC Step: 00380000 	Time(s): 133084.050452
    -- MCMC Step: 00390000 	Time(s): 137745.824770
    -- MCMC Step: 00400000 	Time(s): 142496.851601
    -- MCMC Step: 00410000 	Time(s): 147158.322658
    -- MCMC Step: 00420000 	Time(s): 151857.878147
    -- MCMC Step: 00430000 	Time(s): 156549.118777
    -- MCMC Step: 00440000 	Time(s): 161197.072247
    -- MCMC Step: 00450000 	Time(s): 165848.360111
    -- MCMC Step: 00460000 	Time(s): 170507.269755
    -- MCMC Step: 00470000 	Time(s): 175114.197742
    -- MCMC Step: 00480000 	Time(s): 179633.149104
    -- MCMC Step: 00490000 	Time(s): 184093.538052
    -- MCMC Step: 00500000 	Time(s): 188420.290438
    -- MCMC Step: 00510000 	Time(s): 193054.150404
    -- MCMC Step: 00520000 	Time(s): 197511.575037
    -- MCMC Step: 00530000 	Time(s): 202005.632354
    -- MCMC Step: 00540000 	Time(s): 206652.150236
    -- MCMC Step: 00550000 	Time(s): 211202.454849
    -- MCMC Step: 00560000 	Time(s): 215700.445076
    -- MCMC Step: 00570000 	Time(s): 220206.525774
    -- MCMC Step: 00580000 	Time(s): 224724.662829
    -- MCMC Step: 00590000 	Time(s): 229323.302910
    -- MCMC Step: 00600000 	Time(s): 233944.613342
    -- MCMC Step: 00610000 	Time(s): 238579.971290
    -- MCMC Step: 00620000 	Time(s): 243239.015326
    -- MCMC Step: 00630000 	Time(s): 247827.620879
    -- MCMC Step: 00640000 	Time(s): 252532.612249
    -- MCMC Step: 00650000 	Time(s): 257255.391413
    -- MCMC Step: 00660000 	Time(s): 261803.788059
    -- MCMC Step: 00670000 	Time(s): 266008.906964
    -- MCMC Step: 00680000 	Time(s): 270457.992650
    -- MCMC Step: 00690000 	Time(s): 274881.937662
    -- MCMC Step: 00700000 	Time(s): 279344.348337
    -- MCMC Step: 00710000 	Time(s): 283924.087061
    -- MCMC Step: 00720000 	Time(s): 288562.775181
    -- MCMC Step: 00730000 	Time(s): 293199.383954
    -- MCMC Step: 00740000 	Time(s): 297849.838893
    -- MCMC Step: 00750000 	Time(s): 302518.751716
    -- MCMC Step: 00760000 	Time(s): 307069.497374
    -- MCMC Step: 00770000 	Time(s): 311624.669958
    -- MCMC Step: 00780000 	Time(s): 316151.607070
    -- MCMC Step: 00790000 	Time(s): 320646.648345
    -- MCMC Step: 00800000 	Time(s): 325238.813849
    -- MCMC Step: 00810000 	Time(s): 329831.693346
    -- MCMC Step: 00820000 	Time(s): 334389.409002
    -- MCMC Step: 00830000 	Time(s): 338939.414752
    -- MCMC Step: 00840000 	Time(s): 343406.084807
    -- MCMC Step: 00850000 	Time(s): 347646.465966
    -- MCMC Step: 00860000 	Time(s): 351838.282945
    -- MCMC Step: 00870000 	Time(s): 355945.780369
    -- MCMC Step: 00880000 	Time(s): 360052.892729
    -- MCMC Step: 00890000 	Time(s): 364106.220268
    -- MCMC Step: 00900000 	Time(s): 368186.653790
    -- MCMC Step: 00910000 	Time(s): 372282.378493
    -- MCMC Step: 00920000 	Time(s): 376416.808541
    -- MCMC Step: 00930000 	Time(s): 380555.310586
    -- MCMC Step: 00940000 	Time(s): 384663.857459
    -- MCMC Step: 00950000 	Time(s): 388792.488405
    -- MCMC Step: 00960000 	Time(s): 392899.473552
    -- MCMC Step: 00970000 	Time(s): 396976.296137
    -- MCMC Step: 00980000 	Time(s): 401132.932222
    -- MCMC Step: 00990000 	Time(s): 405288.770801
    -- MCMC Step: 01000000 	Time(s): 409315.697917
    -- MCMC Step: 01010000 	Time(s): 413305.795861
    -- MCMC Step: 01020000 	Time(s): 416040.883613
    -- MCMC Step: 01030000 	Time(s): 419847.100797
    -- MCMC Step: 01040000 	Time(s): 423730.732159
    -- MCMC Step: 01050000 	Time(s): 427601.804172
    -- MCMC Step: 01060000 	Time(s): 431506.255592
    -- MCMC Step: 01070000 	Time(s): 435510.489860
    -- MCMC Step: 01080000 	Time(s): 439755.572515
    -- MCMC Step: 01090000 	Time(s): 443992.804677
    -- MCMC Step: 01100000 	Time(s): 448241.017996
    -- MCMC Step: 01110000 	Time(s): 452485.123819
    -- MCMC Step: 01120000 	Time(s): 456771.118588
    -- MCMC Step: 01130000 	Time(s): 461073.740295
    -- MCMC Step: 01140000 	Time(s): 465340.664622
    -- MCMC Step: 01150000 	Time(s): 469596.679348
    -- MCMC Step: 01160000 	Time(s): 473903.976490
    -- MCMC Step: 01170000 	Time(s): 478185.391637
    -- MCMC Step: 01180000 	Time(s): 482461.753315
    -- MCMC Step: 01190000 	Time(s): 486754.583510
    -- MCMC Step: 01200000 	Time(s): 491015.781161
    -- MCMC Step: 01210000 	Time(s): 495212.629796
    -- MCMC Step: 01220000 	Time(s): 499516.079777
    -- MCMC Step: 01230000 	Time(s): 503729.382288
    -- MCMC Step: 01240000 	Time(s): 507910.515336
    -- MCMC Step: 01250000 	Time(s): 511997.381390
    -- MCMC Step: 01260000 	Time(s): 516038.050474
    -- MCMC Step: 01270000 	Time(s): 520147.591788
    -- MCMC Step: 01280000 	Time(s): 524345.744353
    -- MCMC Step: 01290000 	Time(s): 528462.451549
    -- MCMC Step: 01300000 	Time(s): 532645.916819
    -- MCMC Step: 01310000 	Time(s): 536821.301620
    -- MCMC Step: 01320000 	Time(s): 540899.007674
    -- MCMC Step: 01330000 	Time(s): 545265.298787
    -- MCMC Step: 01340000 	Time(s): 550058.252807
    -- MCMC Step: 01350000 	Time(s): 554938.102416
    -- MCMC Step: 01360000 	Time(s): 559839.753244
    -- MCMC Step: 01370000 	Time(s): 564677.419294
    -- MCMC Step: 01380000 	Time(s): 569502.643757
    -- MCMC Step: 01390000 	Time(s): 574262.421251
    -- MCMC Step: 01400000 	Time(s): 578958.163529
    -- MCMC Step: 01410000 	Time(s): 583690.984061
    -- MCMC Step: 01420000 	Time(s): 588662.453658
    -- MCMC Step: 01430000 	Time(s): 593615.187891
    -- MCMC Step: 01440000 	Time(s): 598504.057709
    -- MCMC Step: 01450000 	Time(s): 603054.009855
    -- MCMC Step: 01460000 	Time(s): 607540.005225
    -- MCMC Step: 01470000 	Time(s): 611628.104613
    -- MCMC Step: 01480000 	Time(s): 615981.354257
    -- MCMC Step: 01490000 	Time(s): 620439.421613
    -- MCMC Step: 01500000 	Time(s): 624514.352139
    -- MCMC Step: 01510000 	Time(s): 629146.102347
    -- MCMC Step: 01520000 	Time(s): 633781.107770
    -- MCMC Step: 01530000 	Time(s): 638380.239927
    -- MCMC Step: 01540000 	Time(s): 643037.871337
    -- MCMC Step: 01550000 	Time(s): 647709.380562
    -- MCMC Step: 01560000 	Time(s): 652416.978014
    -- MCMC Step: 01570000 	Time(s): 657101.798455
    -- MCMC Step: 01580000 	Time(s): 661669.138295
    -- MCMC Step: 01590000 	Time(s): 665955.678541
    -- MCMC Step: 01600000 	Time(s): 670252.286737
    -- MCMC Step: 01610000 	Time(s): 674437.426012
    -- MCMC Step: 01620000 	Time(s): 678496.600046
    -- MCMC Step: 01630000 	Time(s): 682445.451802
    -- MCMC Step: 01640000 	Time(s): 686440.293231
    -- MCMC Step: 01650000 	Time(s): 690639.628302
    -- MCMC Step: 01660000 	Time(s): 694605.695245
    -- MCMC Step: 01670000 	Time(s): 698861.635004
    -- MCMC Step: 01680000 	Time(s): 703111.270440
    -- MCMC Step: 01690000 	Time(s): 707268.926210
    -- MCMC Step: 01700000 	Time(s): 711369.871021
    -- MCMC Step: 01710000 	Time(s): 715598.423155
    -- MCMC Step: 01720000 	Time(s): 719742.362901
    -- MCMC Step: 01730000 	Time(s): 724026.305203
    -- MCMC Step: 01740000 	Time(s): 728733.162000
    -- MCMC Step: 01750000 	Time(s): 733486.663243
    -- MCMC Step: 01760000 	Time(s): 738268.345476
    -- MCMC Step: 01770000 	Time(s): 742801.144397
    -- MCMC Step: 01780000 	Time(s): 747303.973217
    -- MCMC Step: 01790000 	Time(s): 751632.877470
    -- MCMC Step: 01800000 	Time(s): 755727.492226
    -- MCMC Step: 01810000 	Time(s): 759847.100256
    -- MCMC Step: 01820000 	Time(s): 763925.320089
    -- MCMC Step: 01830000 	Time(s): 768002.401398
    -- MCMC Step: 01840000 	Time(s): 771992.294461
    -- MCMC Step: 01850000 	Time(s): 775915.311166
    -- MCMC Step: 01860000 	Time(s): 779479.680160
    -- MCMC Step: 01870000 	Time(s): 782951.163201
    -- MCMC Step: 01880000 	Time(s): 786512.416054
    -- MCMC Step: 01890000 	Time(s): 790080.978333
    -- MCMC Step: 01900000 	Time(s): 793792.464514
    -- MCMC Step: 01910000 	Time(s): 797707.871524
    -- MCMC Step: 01920000 	Time(s): 801496.719737
    -- MCMC Step: 01930000 	Time(s): 805419.268176
    -- MCMC Step: 01940000 	Time(s): 809303.456999
    -- MCMC Step: 01950000 	Time(s): 813371.270514
    -- MCMC Step: 01960000 	Time(s): 817294.774346
    -- MCMC Step: 01970000 	Time(s): 821192.434098
    -- MCMC Step: 01980000 	Time(s): 825029.758399
    -- MCMC Step: 01990000 	Time(s): 828846.418043
    -- MCMC Step: 02000000 	Time(s): 832707.633345
    -- MCMC Step: 02010000 	Time(s): 836531.449653
    -- MCMC Step: 02020000 	Time(s): 840349.205260
    -- MCMC Step: 02030000 	Time(s): 844208.106912
    -- MCMC Step: 02040000 	Time(s): 848055.114902
    -- MCMC Step: 02050000 	Time(s): 851870.109460
    -- MCMC Step: 02060000 	Time(s): 855601.211498
    -- MCMC Step: 02070000 	Time(s): 859344.202431
    -- MCMC Step: 02080000 	Time(s): 863296.390884
    -- MCMC Step: 02090000 	Time(s): 866784.132821
    -- MCMC Step: 02100000 	Time(s): 869762.370922
    -- MCMC Step: 02110000 	Time(s): 873290.331850
    -- MCMC Step: 02120000 	Time(s): 876651.431453
    -- MCMC Step: 02130000 	Time(s): 879796.661709
    -- MCMC Step: 02140000 	Time(s): 882909.215105
    -- MCMC Step: 02150000 	Time(s): 886193.567294
    -- MCMC Step: 02160000 	Time(s): 889434.377968
    -- MCMC Step: 02170000 	Time(s): 892705.033254
    -- MCMC Step: 02180000 	Time(s): 896023.152848
    -- MCMC Step: 02190000 	Time(s): 899783.353949
    -- MCMC Step: 02200000 	Time(s): 903512.731590
    -- MCMC Step: 02210000 	Time(s): 907363.244010
    -- MCMC Step: 02220000 	Time(s): 911265.500984
    -- MCMC Step: 02230000 	Time(s): 915155.385314
    -- MCMC Step: 02240000 	Time(s): 918975.033670
    -- MCMC Step: 02250000 	Time(s): 922882.551203
    -- MCMC Step: 02260000 	Time(s): 926812.972021
    -- MCMC Step: 02270000 	Time(s): 930733.573260
    -- MCMC Step: 02280000 	Time(s): 934695.797507
    -- MCMC Step: 02290000 	Time(s): 938621.287370
    -- MCMC Step: 02300000 	Time(s): 942517.982594
    -- MCMC Step: 02310000 	Time(s): 946432.014091
    -- MCMC Step: 02320000 	Time(s): 950339.887516
    -- MCMC Step: 02330000 	Time(s): 954238.405330
    -- MCMC Step: 02340000 	Time(s): 958164.673655
    -- MCMC Step: 02350000 	Time(s): 962100.447548
    -- MCMC Step: 02360000 	Time(s): 966025.502005
    -- MCMC Step: 02370000 	Time(s): 969945.628043
    -- MCMC Step: 02380000 	Time(s): 973903.198985
    -- MCMC Step: 02390000 	Time(s): 977859.271665
    -- MCMC Step: 02400000 	Time(s): 981796.623013
    -- MCMC Step: 02410000 	Time(s): 985694.187870
    -- MCMC Step: 02420000 	Time(s): 989587.461516
    -- MCMC Step: 02430000 	Time(s): 993423.271604
    -- MCMC Step: 02440000 	Time(s): 997249.870953
    -- MCMC Step: 02450000 	Time(s): 1001105.954243
    -- MCMC Step: 02460000 	Time(s): 1004937.436898
    -- MCMC Step: 02470000 	Time(s): 1008737.244542
    -- MCMC Step: 02480000 	Time(s): 1012545.966702
    -- MCMC Step: 02490000 	Time(s): 1016340.180839
    -- MCMC Step: 02500000 	Time(s): 1019862.529072
    -- MCMC Step: 02510000 	Time(s): 1023404.814847
    -- MCMC Step: 02520000 	Time(s): 1026923.136060
    -- MCMC Step: 02530000 	Time(s): 1030457.611802
    -- MCMC Step: 02540000 	Time(s): 1034006.656766
    -- MCMC Step: 02550000 	Time(s): 1037453.564714
    -- MCMC Step: 02560000 	Time(s): 1040851.747684
    -- MCMC Step: 02570000 	Time(s): 1044252.609089
    -- MCMC Step: 02580000 	Time(s): 1047683.333504
    -- MCMC Step: 02590000 	Time(s): 1051183.284596
    -- MCMC Step: 02600000 	Time(s): 1054697.993930
    -- MCMC Step: 02610000 	Time(s): 1058223.782088
    -- MCMC Step: 02620000 	Time(s): 1061751.478162
    -- MCMC Step: 02630000 	Time(s): 1065246.360535
    -- MCMC Step: 02640000 	Time(s): 1068744.663101
    -- MCMC Step: 02650000 	Time(s): 1072272.907582
    -- MCMC Step: 02660000 	Time(s): 1075807.871947
    -- MCMC Step: 02670000 	Time(s): 1079337.282501
    -- MCMC Step: 02680000 	Time(s): 1082786.090620
    -- MCMC Step: 02690000 	Time(s): 1086052.671639
    -- MCMC Step: 02700000 	Time(s): 1089244.948338
    -- MCMC Step: 02710000 	Time(s): 1092398.780148
    -- MCMC Step: 02720000 	Time(s): 1095556.321892
    -- MCMC Step: 02730000 	Time(s): 1098635.716736
    -- MCMC Step: 02740000 	Time(s): 1101696.388236
    -- MCMC Step: 02750000 	Time(s): 1104769.431240
    -- MCMC Step: 02760000 	Time(s): 1107714.394313
    -- MCMC Step: 02770000 	Time(s): 1110639.416065
    -- MCMC Step: 02780000 	Time(s): 1113666.662592
    -- MCMC Step: 02790000 	Time(s): 1116809.802856
    -- MCMC Step: 02800000 	Time(s): 1119898.109435
    -- MCMC Step: 02810000 	Time(s): 1122921.365404
    -- MCMC Step: 02820000 	Time(s): 1125938.114792
    -- MCMC Step: 02830000 	Time(s): 1128959.750400
    -- MCMC Step: 02840000 	Time(s): 1131982.237356
    -- MCMC Step: 02850000 	Time(s): 1135026.065258
    -- MCMC Step: 02860000 	Time(s): 1138067.927490
    -- MCMC Step: 02870000 	Time(s): 1141085.277630
    -- MCMC Step: 02880000 	Time(s): 1144092.754865
    -- MCMC Step: 02890000 	Time(s): 1147078.020139
    -- MCMC Step: 02900000 	Time(s): 1150060.870780
    -- MCMC Step: 02910000 	Time(s): 1153067.014228
    -- MCMC Step: 02920000 	Time(s): 1156085.972927
    -- MCMC Step: 02930000 	Time(s): 1159099.759121
    -- MCMC Step: 02940000 	Time(s): 1162134.193574
    -- MCMC Step: 02950000 	Time(s): 1165174.730514
    -- MCMC Step: 02960000 	Time(s): 1168228.181784
    -- MCMC Step: 02970000 	Time(s): 1171118.236127
    -- MCMC Step: 02980000 	Time(s): 1173908.642880
    -- MCMC Step: 02990000 	Time(s): 1176565.984879
    -- MCMC Step: 03000000 	Time(s): 1179158.291772
    -- MCMC Step: 03010000 	Time(s): 1181750.641966
    -- MCMC Step: 03020000 	Time(s): 1184332.072119
    -- MCMC Step: 03030000 	Time(s): 1186920.210515
    -- MCMC Step: 03040000 	Time(s): 1189516.509481
    -- MCMC Step: 03050000 	Time(s): 1192109.262513
    -- MCMC Step: 03060000 	Time(s): 1194696.243517
    -- MCMC Step: 03070000 	Time(s): 1197399.073675
    -- MCMC Step: 03080000 	Time(s): 1200156.416993
    -- MCMC Step: 03090000 	Time(s): 1202833.064706
    -- MCMC Step: 03100000 	Time(s): 1205313.886858
    -- MCMC Step: 03110000 	Time(s): 1207856.015177
    -- MCMC Step: 03120000 	Time(s): 1210553.852837
    -- MCMC Step: 03130000 	Time(s): 1213385.070954
    -- MCMC Step: 03140000 	Time(s): 1216315.257808
    -- MCMC Step: 03150000 	Time(s): 1219282.056533
    -- MCMC Step: 03160000 	Time(s): 1222361.059033
    -- MCMC Step: 03170000 	Time(s): 1225495.206533
    -- MCMC Step: 03180000 	Time(s): 1228743.322342
    -- MCMC Step: 03190000 	Time(s): 1232049.716227
    -- MCMC Step: 03200000 	Time(s): 1235268.609424
    -- MCMC Step: 03210000 	Time(s): 1238607.342829
    -- MCMC Step: 03220000 	Time(s): 1241975.122850
    -- MCMC Step: 03230000 	Time(s): 1245211.370638
    -- MCMC Step: 03240000 	Time(s): 1248369.144246
    -- MCMC Step: 03250000 	Time(s): 1251673.186357
    -- MCMC Step: 03260000 	Time(s): 1254990.205843
    -- MCMC Step: 03270000 	Time(s): 1258356.724020
    -- MCMC Step: 03280000 	Time(s): 1261640.064973
    -- MCMC Step: 03290000 	Time(s): 1264932.617455
    -- MCMC Step: 03300000 	Time(s): 1268208.190167
    -- MCMC Step: 03310000 	Time(s): 1271493.695626
    -- MCMC Step: 03320000 	Time(s): 1274781.055303
    -- MCMC Step: 03330000 	Time(s): 1278125.214022
    -- MCMC Step: 03340000 	Time(s): 1281465.741264
    -- MCMC Step: 03350000 	Time(s): 1284810.176808
    -- MCMC Step: 03360000 	Time(s): 1288193.137622
    -- MCMC Step: 03370000 	Time(s): 1291548.444502
    -- MCMC Step: 03380000 	Time(s): 1294873.269564
    -- MCMC Step: 03390000 	Time(s): 1298014.588929
    -- MCMC Step: 03400000 	Time(s): 1301055.649816
    -- MCMC Step: 03410000 	Time(s): 1304158.909089
    -- MCMC Step: 03420000 	Time(s): 1307409.984718
    -- MCMC Step: 03430000 	Time(s): 1310949.997570
    -- MCMC Step: 03440000 	Time(s): 1314734.743134
    -- MCMC Step: 03450000 	Time(s): 1318535.682462
    -- MCMC Step: 03460000 	Time(s): 1322460.906359
    -- MCMC Step: 03470000 	Time(s): 1326313.515913
    -- MCMC Step: 03480000 	Time(s): 1330187.262744
    -- MCMC Step: 03490000 	Time(s): 1334127.248520
    -- MCMC Step: 03500000 	Time(s): 1338051.609379
    -- MCMC Step: 03510000 	Time(s): 1341779.011266
    -- MCMC Step: 03520000 	Time(s): 1345712.231063
    -- MCMC Step: 03530000 	Time(s): 1349666.104386
    -- MCMC Step: 03540000 	Time(s): 1353690.136193
    -- MCMC Step: 03550000 	Time(s): 1357679.100131
    -- MCMC Step: 03560000 	Time(s): 1361516.303290
    -- MCMC Step: 03570000 	Time(s): 1365264.636238
    -- MCMC Step: 03580000 	Time(s): 1368973.052854
    -- MCMC Step: 03590000 	Time(s): 1372648.200794
    -- MCMC Step: 03600000 	Time(s): 1376202.124167
    -- MCMC Step: 03610000 	Time(s): 1379525.050264
    -- MCMC Step: 03620000 	Time(s): 1383104.199488
    -- MCMC Step: 03630000 	Time(s): 1386566.658786
    -- MCMC Step: 03640000 	Time(s): 1390025.317180
    -- MCMC Step: 03650000 	Time(s): 1393608.006302
    -- MCMC Step: 03660000 	Time(s): 1397175.226608
    -- MCMC Step: 03670000 	Time(s): 1400666.375726
    -- MCMC Step: 03680000 	Time(s): 1404072.283978
    -- MCMC Step: 03690000 	Time(s): 1407720.675460
    -- MCMC Step: 03700000 	Time(s): 1411565.539285
    -- MCMC Step: 03710000 	Time(s): 1415335.235887
    -- MCMC Step: 03720000 	Time(s): 1419216.500226
    -- MCMC Step: 03730000 	Time(s): 1423022.428765
    -- MCMC Step: 03740000 	Time(s): 1426938.819613
    -- MCMC Step: 03750000 	Time(s): 1430798.117337
    -- MCMC Step: 03760000 	Time(s): 1434450.593992
    -- MCMC Step: 03770000 	Time(s): 1438056.506265
    -- MCMC Step: 03780000 	Time(s): 1441403.093999
    -- MCMC Step: 03790000 	Time(s): 1444731.520225
    -- MCMC Step: 03800000 	Time(s): 1448116.844083
    -- MCMC Step: 03810000 	Time(s): 1451445.230146
    -- MCMC Step: 03820000 	Time(s): 1454710.730395
    -- MCMC Step: 03830000 	Time(s): 1457976.962446
    -- MCMC Step: 03840000 	Time(s): 1461277.822612
    -- MCMC Step: 03850000 	Time(s): 1464614.709964
    -- MCMC Step: 03860000 	Time(s): 1467810.990466
    -- MCMC Step: 03870000 	Time(s): 1471594.436123
    -- MCMC Step: 03880000 	Time(s): 1475981.029277
    -- MCMC Step: 03890000 	Time(s): 1480542.116549
    -- MCMC Step: 03900000 	Time(s): 1485094.140845
    -- MCMC Step: 03910000 	Time(s): 1489643.059286
    -- MCMC Step: 03920000 	Time(s): 1493995.688853
    -- MCMC Step: 03930000 	Time(s): 1498351.391977
    -- MCMC Step: 03940000 	Time(s): 1502623.754473
    -- MCMC Step: 03950000 	Time(s): 1507082.378870
    -- MCMC Step: 03960000 	Time(s): 1511693.469417
    -- MCMC Step: 03970000 	Time(s): 1516287.101291
    -- MCMC Step: 03980000 	Time(s): 1520868.527121
    -- MCMC Step: 03990000 	Time(s): 1525367.355593
    -- MCMC Step: 04000000 	Time(s): 1529867.157401
    -- MCMC Step: 04010000 	Time(s): 1534120.008659
    -- MCMC Step: 04020000 	Time(s): 1538260.030074
    -- MCMC Step: 04030000 	Time(s): 1542375.047583
    -- MCMC Step: 04040000 	Time(s): 1546515.179755
    -- MCMC Step: 04050000 	Time(s): 1550382.439237
    -- MCMC Step: 04060000 	Time(s): 1554580.727262
    -- MCMC Step: 04070000 	Time(s): 1558733.251146
    -- MCMC Step: 04080000 	Time(s): 1562994.061145
    -- MCMC Step: 04090000 	Time(s): 1567235.690779
    -- MCMC Step: 04100000 	Time(s): 1571526.484102
    -- MCMC Step: 04110000 	Time(s): 1575804.219708
    -- MCMC Step: 04120000 	Time(s): 1580060.284793
    -- MCMC Step: 04130000 	Time(s): 1584301.437708
    -- MCMC Step: 04140000 	Time(s): 1588611.023318
    -- MCMC Step: 04150000 	Time(s): 1592846.196976
    -- MCMC Step: 04160000 	Time(s): 1597082.579614
    -- MCMC Step: 04170000 	Time(s): 1601272.791925
    -- MCMC Step: 04180000 	Time(s): 1605449.989607
    -- MCMC Step: 04190000 	Time(s): 1609590.312068
    -- MCMC Step: 04200000 	Time(s): 1613587.353791
    -- MCMC Step: 04210000 	Time(s): 1617394.279120
    -- MCMC Step: 04220000 	Time(s): 1621232.111206
    -- MCMC Step: 04230000 	Time(s): 1625113.754312
    -- MCMC Step: 04240000 	Time(s): 1628970.089985
    -- MCMC Step: 04250000 	Time(s): 1632864.062892
    -- MCMC Step: 04260000 	Time(s): 1636732.671457
    -- MCMC Step: 04270000 	Time(s): 1640584.956862
    -- MCMC Step: 04280000 	Time(s): 1644468.605416
    -- MCMC Step: 04290000 	Time(s): 1648408.925446
    -- MCMC Step: 04300000 	Time(s): 1652247.759611
    -- MCMC Step: 04310000 	Time(s): 1656231.835870
    -- MCMC Step: 04320000 	Time(s): 1660219.837383
    -- MCMC Step: 04330000 	Time(s): 1664213.215037
    -- MCMC Step: 04340000 	Time(s): 1668111.677861
    -- MCMC Step: 04350000 	Time(s): 1671962.762316
    -- MCMC Step: 04360000 	Time(s): 1675753.548313
    -- MCMC Step: 04370000 	Time(s): 1679613.312295
    -- MCMC Step: 04380000 	Time(s): 1683464.348894
    -- MCMC Step: 04390000 	Time(s): 1687177.757563
    -- MCMC Step: 04400000 	Time(s): 1690806.726915
    -- MCMC Step: 04410000 	Time(s): 1694429.608305
    -- MCMC Step: 04420000 	Time(s): 1697979.942301
    -- MCMC Step: 04430000 	Time(s): 1701486.188143
    -- MCMC Step: 04440000 	Time(s): 1704808.306569
    -- MCMC Step: 04450000 	Time(s): 1708150.994634
    -- MCMC Step: 04460000 	Time(s): 1711195.957051
    -- MCMC Step: 04470000 	Time(s): 1714539.035573
    -- MCMC Step: 04480000 	Time(s): 1717867.623749
    -- MCMC Step: 04490000 	Time(s): 1721130.835396
    -- MCMC Step: 04500000 	Time(s): 1724178.980311
    -- MCMC Step: 04510000 	Time(s): 1727248.865849
    -- MCMC Step: 04520000 	Time(s): 1729902.104300
    -- MCMC Step: 04530000 	Time(s): 1733176.929926
    -- MCMC Step: 04540000 	Time(s): 1736487.772116
    -- MCMC Step: 04550000 	Time(s): 1739579.014551
    -- MCMC Step: 04560000 	Time(s): 1742751.415509
    -- MCMC Step: 04570000 	Time(s): 1745952.951224
    -- MCMC Step: 04580000 	Time(s): 1749248.718145
    -- MCMC Step: 04590000 	Time(s): 1752923.605109
    -- MCMC Step: 04600000 	Time(s): 1756831.064795
    -- MCMC Step: 04610000 	Time(s): 1760733.152094
    -- MCMC Step: 04620000 	Time(s): 1764736.243199
    -- MCMC Step: 04630000 	Time(s): 1768651.079537
    -- MCMC Step: 04640000 	Time(s): 1772576.266427
    -- MCMC Step: 04650000 	Time(s): 1776590.145268
    -- MCMC Step: 04660000 	Time(s): 1780680.911454
    -- MCMC Step: 04670000 	Time(s): 1784734.766747
    -- MCMC Step: 04680000 	Time(s): 1788749.622204
    -- MCMC Step: 04690000 	Time(s): 1792729.434810
    -- MCMC Step: 04700000 	Time(s): 1796066.734768
    -- MCMC Step: 04710000 	Time(s): 1799270.882200
    -- MCMC Step: 04720000 	Time(s): 1802483.583341
    -- MCMC Step: 04730000 	Time(s): 1805644.285343
    -- MCMC Step: 04740000 	Time(s): 1809231.770935
    -- MCMC Step: 04750000 	Time(s): 1813198.585272
    -- MCMC Step: 04760000 	Time(s): 1817181.092951
    -- MCMC Step: 04770000 	Time(s): 1821567.406011
    -- MCMC Step: 04780000 	Time(s): 1825746.742913
    -- MCMC Step: 04790000 	Time(s): 1830127.863841
    -- MCMC Step: 04800000 	Time(s): 1835378.720040
    -- MCMC Step: 04810000 	Time(s): 1840587.932393
    -- MCMC Step: 04820000 	Time(s): 1846717.659935
    -- MCMC Step: 04830000 	Time(s): 1851721.240624
    -- MCMC Step: 04840000 	Time(s): 1856698.027017
    -- MCMC Step: 04850000 	Time(s): 1861791.439237
    -- MCMC Step: 04860000 	Time(s): 1866688.452271
    -- MCMC Step: 04870000 	Time(s): 1871294.061372
    -- MCMC Step: 04880000 	Time(s): 1875713.832183
    -- MCMC Step: 04890000 	Time(s): 1880034.801954
    -- MCMC Step: 04900000 	Time(s): 1884154.351012
    -- MCMC Step: 04910000 	Time(s): 1888253.628587
    -- MCMC Step: 04920000 	Time(s): 1892371.491716
    -- MCMC Step: 04930000 	Time(s): 1896600.805907
    -- MCMC Step: 04940000 	Time(s): 1900988.409327
    -- MCMC Step: 04950000 	Time(s): 1905568.884681
    -- MCMC Step: 04960000 	Time(s): 1913310.519238
    -- MCMC Step: 04970000 	Time(s): 1920886.563460
    -- MCMC Step: 04980000 	Time(s): 1927784.725152
    -- MCMC Step: 04990000 	Time(s): 1934658.982466
    -- MCMC Step: 05000000 	Time(s): 1941415.431277
    -- MCMC Step: 05010000 	Time(s): 1948112.786797
    -- MCMC Step: 05020000 	Time(s): 1954407.017597
    -- MCMC Step: 05030000 	Time(s): 1960783.235991
    -- MCMC Step: 05040000 	Time(s): 1967157.294929
    -- MCMC Step: 05050000 	Time(s): 1973111.798902
    -- MCMC Step: 05060000 	Time(s): 1978448.933649
    -- MCMC Step: 05070000 	Time(s): 1985662.020109
    -- MCMC Step: 05080000 	Time(s): 1992597.968370
    -- MCMC Step: 05090000 	Time(s): 1998860.018974
    -- MCMC Step: 05100000 	Time(s): 2004657.077819
    -- MCMC Step: 05110000 	Time(s): 2009579.326287
    -- MCMC Step: 05120000 	Time(s): 2014627.320694
    -- MCMC Step: 05130000 	Time(s): 2019523.176063
    -- MCMC Step: 05140000 	Time(s): 2024505.457691
    -- MCMC Step: 05150000 	Time(s): 2029118.976982
    -- MCMC Step: 05160000 	Time(s): 2033742.823853
    -- MCMC Step: 05170000 	Time(s): 2038073.422820
    -- MCMC Step: 05180000 	Time(s): 2042300.380044
    -- MCMC Step: 05190000 	Time(s): 2046149.423167
    -- MCMC Step: 05200000 	Time(s): 2050070.005231
    -- MCMC Step: 05210000 	Time(s): 2053817.099794
    -- MCMC Step: 05220000 	Time(s): 2057288.082440
    -- MCMC Step: 05230000 	Time(s): 2060781.979286
    -- MCMC Step: 05240000 	Time(s): 2064441.183050
    -- MCMC Step: 05250000 	Time(s): 2069123.075119
    -- MCMC Step: 05260000 	Time(s): 2074140.303333
    -- MCMC Step: 05270000 	Time(s): 2078754.825835
    -- MCMC Step: 05280000 	Time(s): 2083505.471465
    -- MCMC Step: 05290000 	Time(s): 2088596.605371
    -- MCMC Step: 05300000 	Time(s): 2093771.879614
    -- MCMC Step: 05310000 	Time(s): 2098897.759897
    -- MCMC Step: 05320000 	Time(s): 2103929.256359
    -- MCMC Step: 05330000 	Time(s): 2108993.186748
    -- MCMC Step: 05340000 	Time(s): 2114043.923266
    -- MCMC Step: 05350000 	Time(s): 2118945.258398
    -- MCMC Step: 05360000 	Time(s): 2123534.057122
    -- MCMC Step: 05370000 	Time(s): 2128048.677640
    -- MCMC Step: 05380000 	Time(s): 2132393.572090
    -- MCMC Step: 05390000 	Time(s): 2136626.139554
    -- MCMC Step: 05400000 	Time(s): 2140747.488892
    -- MCMC Step: 05410000 	Time(s): 2144883.281808
    -- MCMC Step: 05420000 	Time(s): 2148938.047083
    -- MCMC Step: 05430000 	Time(s): 2152997.440824
    -- MCMC Step: 05440000 	Time(s): 2157050.957744
    -- MCMC Step: 05450000 	Time(s): 2161106.815710
    -- MCMC Step: 05460000 	Time(s): 2165169.402150
    -- MCMC Step: 05470000 	Time(s): 2169228.404400
    -- MCMC Step: 05480000 	Time(s): 2173533.391414
    -- MCMC Step: 05490000 	Time(s): 2177998.940058
    -- MCMC Step: 05500000 	Time(s): 2182258.270733
    -- MCMC Step: 05510000 	Time(s): 2186496.260254
    -- MCMC Step: 05520000 	Time(s): 2190900.012131
    -- MCMC Step: 05530000 	Time(s): 2195242.606161
    -- MCMC Step: 05540000 	Time(s): 2199442.627960
    -- MCMC Step: 05550000 	Time(s): 2203850.074848
    -- MCMC Step: 05560000 	Time(s): 2208138.491208
    -- MCMC Step: 05570000 	Time(s): 2212395.772600
    -- MCMC Step: 05580000 	Time(s): 2216519.468272
    -- MCMC Step: 05590000 	Time(s): 2220607.724531
    -- MCMC Step: 05600000 	Time(s): 2224654.017712
    -- MCMC Step: 05610000 	Time(s): 2228814.345037
    -- MCMC Step: 05620000 	Time(s): 2232928.939214
    -- MCMC Step: 05630000 	Time(s): 2237077.086954
    -- MCMC Step: 05640000 	Time(s): 2241243.060811
    -- MCMC Step: 05650000 	Time(s): 2245358.992216
    -- MCMC Step: 05660000 	Time(s): 2249572.256019
    -- MCMC Step: 05670000 	Time(s): 2253804.654941
    -- MCMC Step: 05680000 	Time(s): 2258037.938941
    -- MCMC Step: 05690000 	Time(s): 2262115.645602
    -- MCMC Step: 05700000 	Time(s): 2266264.975121
    -- MCMC Step: 05710000 	Time(s): 2270408.372478
    -- MCMC Step: 05720000 	Time(s): 2274526.714621
    -- MCMC Step: 05730000 	Time(s): 2278586.566749
    -- MCMC Step: 05740000 	Time(s): 2282743.915298
    -- MCMC Step: 05750000 	Time(s): 2286923.328388
    -- MCMC Step: 05760000 	Time(s): 2291108.466729
    -- MCMC Step: 05770000 	Time(s): 2295315.939690
    -- MCMC Step: 05780000 	Time(s): 2299441.585801
    -- MCMC Step: 05790000 	Time(s): 2303626.969007
    -- MCMC Step: 05800000 	Time(s): 2307815.075504
    -- MCMC Step: 05810000 	Time(s): 2312017.342374
    -- MCMC Step: 05820000 	Time(s): 2316212.065126
    -- MCMC Step: 05830000 	Time(s): 2320354.943629
    -- MCMC Step: 05840000 	Time(s): 2324543.992338
    -- MCMC Step: 05850000 	Time(s): 2328801.199214
    -- MCMC Step: 05860000 	Time(s): 2332961.974184
    -- MCMC Step: 05870000 	Time(s): 2337285.480886
    -- MCMC Step: 05880000 	Time(s): 2341610.901233
    -- MCMC Step: 05890000 	Time(s): 2345930.370964
    -- MCMC Step: 05900000 	Time(s): 2350345.649257
    -- MCMC Step: 05910000 	Time(s): 2354746.962382
    -- MCMC Step: 05920000 	Time(s): 2359055.816918
    -- MCMC Step: 05930000 	Time(s): 2363382.466788
    -- MCMC Step: 05940000 	Time(s): 2367592.636043
    -- MCMC Step: 05950000 	Time(s): 2371646.353063
    -- MCMC Step: 05960000 	Time(s): 2375207.225566
    -- MCMC Step: 05970000 	Time(s): 2378715.239491
    -- MCMC Step: 05980000 	Time(s): 2382162.113863
    -- MCMC Step: 05990000 	Time(s): 2385629.214037
    -- MCMC Step: 06000000 	Time(s): 2389094.266376
    -- MCMC Step: 06010000 	Time(s): 2392533.878329
    -- MCMC Step: 06020000 	Time(s): 2395997.913428
    -- MCMC Step: 06030000 	Time(s): 2399463.791668
    -- MCMC Step: 06040000 	Time(s): 2402954.382079
    -- MCMC Step: 06050000 	Time(s): 2406435.577774
    -- MCMC Step: 06060000 	Time(s): 2409897.329586
    -- MCMC Step: 06070000 	Time(s): 2413367.343270
    -- MCMC Step: 06080000 	Time(s): 2416880.105464
    -- MCMC Step: 06090000 	Time(s): 2420553.066802
    -- MCMC Step: 06100000 	Time(s): 2425073.756098
    -- MCMC Step: 06110000 	Time(s): 2428665.029440
    -- MCMC Step: 06120000 	Time(s): 2432040.939561
    -- MCMC Step: 06130000 	Time(s): 2435380.669217
    -- MCMC Step: 06140000 	Time(s): 2438636.086837
    -- MCMC Step: 06150000 	Time(s): 2442000.128060
    -- MCMC Step: 06160000 	Time(s): 2445358.708147
    -- MCMC Step: 06170000 	Time(s): 2448769.759751
    -- MCMC Step: 06180000 	Time(s): 2452103.288397
    -- MCMC Step: 06190000 	Time(s): 2455406.609134
    -- MCMC Step: 06200000 	Time(s): 2458737.488021
    -- MCMC Step: 06210000 	Time(s): 2462029.303466
    -- MCMC Step: 06220000 	Time(s): 2465303.039874
    -- MCMC Step: 06230000 	Time(s): 2468498.582289
    -- MCMC Step: 06240000 	Time(s): 2471533.159388
    -- MCMC Step: 06250000 	Time(s): 2474548.983145
    -- MCMC Step: 06260000 	Time(s): 2477597.731855
    -- MCMC Step: 06270000 	Time(s): 2480609.414201
    -- MCMC Step: 06280000 	Time(s): 2483713.362988
    -- MCMC Step: 06290000 	Time(s): 2486853.610114
    -- MCMC Step: 06300000 	Time(s): 2489986.720618
    -- MCMC Step: 06310000 	Time(s): 2493090.914603
    -- MCMC Step: 06320000 	Time(s): 2496167.757462
    -- MCMC Step: 06330000 	Time(s): 2499097.978734
    -- MCMC Step: 06340000 	Time(s): 2502136.319013
    -- MCMC Step: 06350000 	Time(s): 2505710.556179
    -- MCMC Step: 06360000 	Time(s): 2509856.847199
    -- MCMC Step: 06370000 	Time(s): 2514045.880804
    -- MCMC Step: 06380000 	Time(s): 2518250.927776
    -- MCMC Step: 06390000 	Time(s): 2522521.703022
    -- MCMC Step: 06400000 	Time(s): 2526985.464865
    -- MCMC Step: 06410000 	Time(s): 2531557.902395
    -- MCMC Step: 06420000 	Time(s): 2536154.359561
    -- MCMC Step: 06430000 	Time(s): 2540806.018001
    -- MCMC Step: 06440000 	Time(s): 2545482.156480
    -- MCMC Step: 06450000 	Time(s): 2549996.541019
    -- MCMC Step: 06460000 	Time(s): 2554464.583651
    -- MCMC Step: 06470000 	Time(s): 2558887.704061
    -- MCMC Step: 06480000 	Time(s): 2563339.411226
    -- MCMC Step: 06490000 	Time(s): 2567879.969489
    -- MCMC Step: 06500000 	Time(s): 2572403.577263
    -- MCMC Step: 06510000 	Time(s): 2576978.149485
    -- MCMC Step: 06520000 	Time(s): 2581636.099219
    -- MCMC Step: 06530000 	Time(s): 2586329.658218
    -- MCMC Step: 06540000 	Time(s): 2591029.454148
    -- MCMC Step: 06550000 	Time(s): 2595722.408941
    -- MCMC Step: 06560000 	Time(s): 2600478.565829
    -- MCMC Step: 06570000 	Time(s): 2605037.446040
    -- MCMC Step: 06580000 	Time(s): 2610325.872088
    -- MCMC Step: 06590000 	Time(s): 2615515.788870
    -- MCMC Step: 06600000 	Time(s): 2620629.634327
    -- MCMC Step: 06610000 	Time(s): 2625626.223112
    -- MCMC Step: 06620000 	Time(s): 2630614.754800
    -- MCMC Step: 06630000 	Time(s): 2635665.404328
    -- MCMC Step: 06640000 	Time(s): 2640587.276926
    -- MCMC Step: 06650000 	Time(s): 2645571.576347
    -- MCMC Step: 06660000 	Time(s): 2650635.060653
    -- MCMC Step: 06670000 	Time(s): 2655557.683133
    -- MCMC Step: 06680000 	Time(s): 2660116.309371
    -- MCMC Step: 06690000 	Time(s): 2664718.117851
    -- MCMC Step: 06700000 	Time(s): 2669165.849915
    -- MCMC Step: 06710000 	Time(s): 2673333.912060
    -- MCMC Step: 06720000 	Time(s): 2677135.719701
    -- MCMC Step: 06730000 	Time(s): 2680526.782655
    -- MCMC Step: 06740000 	Time(s): 2684303.396940
    -- MCMC Step: 06750000 	Time(s): 2688065.736508
    -- MCMC Step: 06760000 	Time(s): 2691862.379686
    -- MCMC Step: 06770000 	Time(s): 2695772.638370
    -- MCMC Step: 06780000 	Time(s): 2699592.212246
    -- MCMC Step: 06790000 	Time(s): 2703449.693496
    -- MCMC Step: 06800000 	Time(s): 2709278.152243
    -- MCMC Step: 06810000 	Time(s): 2715915.634452
    -- MCMC Step: 06820000 	Time(s): 2722625.284985
    -- MCMC Step: 06830000 	Time(s): 2729060.706207
    -- MCMC Step: 06840000 	Time(s): 2735556.374014
    -- MCMC Step: 06850000 	Time(s): 2742040.349238
    -- MCMC Step: 06860000 	Time(s): 2748428.308281
    -- MCMC Step: 06870000 	Time(s): 2754866.220244
    -- MCMC Step: 06880000 	Time(s): 2760514.528386
    -- MCMC Step: 06890000 	Time(s): 2766129.873378
    -- MCMC Step: 06900000 	Time(s): 2771693.884995
    -- MCMC Step: 06910000 	Time(s): 2776578.696748
    -- MCMC Step: 06920000 	Time(s): 2781208.939404
    -- MCMC Step: 06930000 	Time(s): 2785488.862381
    -- MCMC Step: 06940000 	Time(s): 2789746.277068
    -- MCMC Step: 06950000 	Time(s): 2793955.520364
    -- MCMC Step: 06960000 	Time(s): 2798171.100122
    -- MCMC Step: 06970000 	Time(s): 2802320.518421
    -- MCMC Step: 06980000 	Time(s): 2806566.753629
    -- MCMC Step: 06990000 	Time(s): 2810797.992214
    -- MCMC Step: 07000000 	Time(s): 2814935.494084
    -- MCMC Step: 07010000 	Time(s): 2818901.853593
    -- MCMC Step: 07020000 	Time(s): 2822865.101446
    -- MCMC Step: 07030000 	Time(s): 2826621.447657
    -- MCMC Step: 07040000 	Time(s): 2830331.479051
    -- MCMC Step: 07050000 	Time(s): 2834043.002155
    -- MCMC Step: 07060000 	Time(s): 2837738.688772
    -- MCMC Step: 07070000 	Time(s): 2841427.331314
    -- MCMC Step: 07080000 	Time(s): 2845153.836736
    -- MCMC Step: 07090000 	Time(s): 2848797.324345
    -- MCMC Step: 07100000 	Time(s): 2852533.096996
    -- MCMC Step: 07110000 	Time(s): 2856024.761005
    -- MCMC Step: 07120000 	Time(s): 2859559.038695
    -- MCMC Step: 07130000 	Time(s): 2863088.815668
    -- MCMC Step: 07140000 	Time(s): 2866740.812685
    -- MCMC Step: 07150000 	Time(s): 2870412.758969
    -- MCMC Step: 07160000 	Time(s): 2874239.997374
    -- MCMC Step: 07170000 	Time(s): 2878031.683203
    -- MCMC Step: 07180000 	Time(s): 2881805.991276
    -- MCMC Step: 07190000 	Time(s): 2885598.293628
    -- MCMC Step: 07200000 	Time(s): 2889380.564595
    -- MCMC Step: 07210000 	Time(s): 2893109.951175
    -- MCMC Step: 07220000 	Time(s): 2896883.099843
    -- MCMC Step: 07230000 	Time(s): 2900585.214881
    -- MCMC Step: 07240000 	Time(s): 2904292.449148
    -- MCMC Step: 07250000 	Time(s): 2908034.692762
    -- MCMC Step: 07260000 	Time(s): 2911712.707149
    -- MCMC Step: 07270000 	Time(s): 2915418.417614
    -- MCMC Step: 07280000 	Time(s): 2919155.127039
    -- MCMC Step: 07290000 	Time(s): 2922928.082481
    -- MCMC Step: 07300000 	Time(s): 2926476.304092
    -- MCMC Step: 07310000 	Time(s): 2929887.045289
    -- MCMC Step: 07320000 	Time(s): 2933216.352808
    -- MCMC Step: 07330000 	Time(s): 2936681.919040
    -- MCMC Step: 07340000 	Time(s): 2940198.027090
    -- MCMC Step: 07350000 	Time(s): 2943735.228305
    -- MCMC Step: 07360000 	Time(s): 2947274.706995
    -- MCMC Step: 07370000 	Time(s): 2950767.041485
    -- MCMC Step: 07380000 	Time(s): 2954307.820950
    -- MCMC Step: 07390000 	Time(s): 2957538.119327
    -- MCMC Step: 07400000 	Time(s): 2960697.711841
    -- MCMC Step: 07410000 	Time(s): 2963897.547784
    -- MCMC Step: 07420000 	Time(s): 2967172.569234
    -- MCMC Step: 07430000 	Time(s): 2970388.909529
    -- MCMC Step: 07440000 	Time(s): 2973507.952962
    -- MCMC Step: 07450000 	Time(s): 2976672.438671
    -- MCMC Step: 07460000 	Time(s): 2979784.192538
    -- MCMC Step: 07470000 	Time(s): 2982932.569008
    -- MCMC Step: 07480000 	Time(s): 2986169.403822
    -- MCMC Step: 07490000 	Time(s): 2989436.074339
    -- MCMC Step: 07500000 	Time(s): 2992667.803797
    -- MCMC Step: 07510000 	Time(s): 2995931.476010
    -- MCMC Step: 07520000 	Time(s): 2999152.302018
    -- MCMC Step: 07530000 	Time(s): 3002274.234480
    -- MCMC Step: 07540000 	Time(s): 3005390.856113
    -- MCMC Step: 07550000 	Time(s): 3008401.518627
    -- MCMC Step: 07560000 	Time(s): 3011354.174694
    -- MCMC Step: 07570000 	Time(s): 3014319.072542
    -- MCMC Step: 07580000 	Time(s): 3017304.059310
    -- MCMC Step: 07590000 	Time(s): 3020227.170585
    -- MCMC Step: 07600000 	Time(s): 3023164.599341
    -- MCMC Step: 07610000 	Time(s): 3026094.404536
    -- MCMC Step: 07620000 	Time(s): 3028999.309941
    -- MCMC Step: 07630000 	Time(s): 3031940.559696
    -- MCMC Step: 07640000 	Time(s): 3034907.375441
    -- MCMC Step: 07650000 	Time(s): 3037844.459980
    -- MCMC Step: 07660000 	Time(s): 3040809.341731
    -- MCMC Step: 07670000 	Time(s): 3044059.603613
    -- MCMC Step: 07680000 	Time(s): 3050020.654093
    -- MCMC Step: 07690000 	Time(s): 3056084.427596
    -- MCMC Step: 07700000 	Time(s): 3061944.888284
    -- MCMC Step: 07710000 	Time(s): 3067299.899607
    -- MCMC Step: 07720000 	Time(s): 3072168.292672
    -- MCMC Step: 07730000 	Time(s): 3076659.128015
    -- MCMC Step: 07740000 	Time(s): 3080962.079842
    -- MCMC Step: 07750000 	Time(s): 3085164.594428
    -- MCMC Step: 07760000 	Time(s): 3089037.672409
    -- MCMC Step: 07770000 	Time(s): 3092724.879190
    -- MCMC Step: 07780000 	Time(s): 3096096.944027
    -- MCMC Step: 07790000 	Time(s): 3099124.272201
    -- MCMC Step: 07800000 	Time(s): 3102074.707293
    -- MCMC Step: 07810000 	Time(s): 3104945.995630
    -- MCMC Step: 07820000 	Time(s): 3107976.591825
    -- MCMC Step: 07830000 	Time(s): 3110966.716949
    -- MCMC Step: 07840000 	Time(s): 3114229.835230
    -- MCMC Step: 07850000 	Time(s): 3117332.788169
    -- MCMC Step: 07860000 	Time(s): 3120432.117675
    -- MCMC Step: 07870000 	Time(s): 3123530.567890
    -- MCMC Step: 07880000 	Time(s): 3126299.262372
    -- MCMC Step: 07890000 	Time(s): 3129004.400297
    -- MCMC Step: 07900000 	Time(s): 3131654.907451
    -- MCMC Step: 07910000 	Time(s): 3134359.226440
    -- MCMC Step: 07920000 	Time(s): 3136958.442502
    -- MCMC Step: 07930000 	Time(s): 3139542.682676
    -- MCMC Step: 07940000 	Time(s): 3142173.341455
    -- MCMC Step: 07950000 	Time(s): 3144720.018897
    -- MCMC Step: 07960000 	Time(s): 3147226.659367
    -- MCMC Step: 07970000 	Time(s): 3149712.876191
    -- MCMC Step: 07980000 	Time(s): 3152254.408767
    -- MCMC Step: 07990000 	Time(s): 3154780.077566
    -- MCMC Step: 08000000 	Time(s): 3157202.170493
    -- MCMC Step: 08010000 	Time(s): 3159572.178272
    -- MCMC Step: 08020000 	Time(s): 3161850.812063
    -- MCMC Step: 08030000 	Time(s): 3164040.071002
    -- MCMC Step: 08040000 	Time(s): 3166184.277714
    -- MCMC Step: 08050000 	Time(s): 3168230.971733
    -- MCMC Step: 08060000 	Time(s): 3170274.996720
    -- MCMC Step: 08070000 	Time(s): 3172241.496169
    -- MCMC Step: 08080000 	Time(s): 3174221.384476
    -- MCMC Step: 08090000 	Time(s): 3176216.189500
    -- MCMC Step: 08100000 	Time(s): 3178193.885523
    -- MCMC Step: 08110000 	Time(s): 3180128.254541
    -- MCMC Step: 08120000 	Time(s): 3181910.039517
    -- MCMC Step: 08130000 	Time(s): 3183618.985326
    -- MCMC Step: 08140000 	Time(s): 3185332.941856
    -- MCMC Step: 08150000 	Time(s): 3187045.003687
    -- MCMC Step: 08160000 	Time(s): 3188765.686273
    -- MCMC Step: 08170000 	Time(s): 3190485.444905
    -- MCMC Step: 08180000 	Time(s): 3192195.352226
    -- MCMC Step: 08190000 	Time(s): 3194252.517857
    -- MCMC Step: 08200000 	Time(s): 3196391.759238
    -- MCMC Step: 08210000 	Time(s): 3198572.658534
    -- MCMC Step: 08220000 	Time(s): 3200770.266749
    -- MCMC Step: 08230000 	Time(s): 3202959.427764
    -- MCMC Step: 08240000 	Time(s): 3205152.061756
    -- MCMC Step: 08250000 	Time(s): 3207347.824265
    -- MCMC Step: 08260000 	Time(s): 3209558.866341
    -- MCMC Step: 08270000 	Time(s): 3211754.372064
    -- MCMC Step: 08280000 	Time(s): 3213959.318202
    -- MCMC Step: 08290000 	Time(s): 3216130.363492
    -- MCMC Step: 08300000 	Time(s): 3218315.512024
    -- MCMC Step: 08310000 	Time(s): 3220476.527632
    -- MCMC Step: 08320000 	Time(s): 3222641.597909
    -- MCMC Step: 08330000 	Time(s): 3224810.421625
    -- MCMC Step: 08340000 	Time(s): 3226812.807023
    -- MCMC Step: 08350000 	Time(s): 3228775.150799
    -- MCMC Step: 08360000 	Time(s): 3230730.483238
    -- MCMC Step: 08370000 	Time(s): 3232650.017687
    -- MCMC Step: 08380000 	Time(s): 3234658.003593
    -- MCMC Step: 08390000 	Time(s): 3236613.328815
    -- MCMC Step: 08400000 	Time(s): 3238552.430269
    -- MCMC Step: 08410000 	Time(s): 3240511.827101
    -- MCMC Step: 08420000 	Time(s): 3242467.613111
    -- MCMC Step: 08430000 	Time(s): 3244410.797426
    -- MCMC Step: 08440000 	Time(s): 3246359.969157
    -- MCMC Step: 08450000 	Time(s): 3248319.272149
    -- MCMC Step: 08460000 	Time(s): 3250279.876015
    -- MCMC Step: 08470000 	Time(s): 3252232.065341
    -- MCMC Step: 08480000 	Time(s): 3254144.168835
    -- MCMC Step: 08490000 	Time(s): 3256164.918942
    -- MCMC Step: 08500000 	Time(s): 3258112.043210
    -- MCMC Step: 08510000 	Time(s): 3260115.383370
    -- MCMC Step: 08520000 	Time(s): 3262089.330304
    -- MCMC Step: 08530000 	Time(s): 3264038.256875
    -- MCMC Step: 08540000 	Time(s): 3265991.926009
    -- MCMC Step: 08550000 	Time(s): 3267944.695440
    -- MCMC Step: 08560000 	Time(s): 3269880.516997
    -- MCMC Step: 08570000 	Time(s): 3271825.219293
    -- MCMC Step: 08580000 	Time(s): 3273770.303662
    -- MCMC Step: 08590000 	Time(s): 3275738.063844
    -- MCMC Step: 08600000 	Time(s): 3277703.742694
    -- MCMC Step: 08610000 	Time(s): 3279691.263692
    -- MCMC Step: 08620000 	Time(s): 3281683.335239
    -- MCMC Step: 08630000 	Time(s): 3283618.814331
    -- MCMC Step: 08640000 	Time(s): 3285540.422983
    -- MCMC Step: 08650000 	Time(s): 3287436.888244
    -- MCMC Step: 08660000 	Time(s): 3289347.779937
    -- MCMC Step: 08670000 	Time(s): 3291264.757102
    -- MCMC Step: 08680000 	Time(s): 3293202.169328
    -- MCMC Step: 08690000 	Time(s): 3295138.429664
    -- MCMC Step: 08700000 	Time(s): 3297073.109773
    -- MCMC Step: 08710000 	Time(s): 3299019.688323
    -- MCMC Step: 08720000 	Time(s): 3300970.654333
    -- MCMC Step: 08730000 	Time(s): 3302910.042259
    -- MCMC Step: 08740000 	Time(s): 3304871.529588
    -- MCMC Step: 08750000 	Time(s): 3306824.332119
    -- MCMC Step: 08760000 	Time(s): 3308931.491581
    -- MCMC Step: 08770000 	Time(s): 3311031.201797
    -- MCMC Step: 08780000 	Time(s): 3313020.419475
    -- MCMC Step: 08790000 	Time(s): 3314979.066180
    -- MCMC Step: 08800000 	Time(s): 3316940.081643
    -- MCMC Step: 08810000 	Time(s): 3318900.772861
    -- MCMC Step: 08820000 	Time(s): 3320851.767320
    -- MCMC Step: 08830000 	Time(s): 3322819.698673
    -- MCMC Step: 08840000 	Time(s): 3324774.832321
    -- MCMC Step: 08850000 	Time(s): 3326746.889059
    -- MCMC Step: 08860000 	Time(s): 3328693.576212
    -- MCMC Step: 08870000 	Time(s): 3330646.056847
    -- MCMC Step: 08880000 	Time(s): 3332596.501499
    -- MCMC Step: 08890000 	Time(s): 3334558.685802
    -- MCMC Step: 08900000 	Time(s): 3336513.981232
    -- MCMC Step: 08910000 	Time(s): 3338450.228819
    -- MCMC Step: 08920000 	Time(s): 3340311.940406
    -- MCMC Step: 08930000 	Time(s): 3342078.883125
    -- MCMC Step: 08940000 	Time(s): 3343829.417362
    -- MCMC Step: 08950000 	Time(s): 3345585.455464
    -- MCMC Step: 08960000 	Time(s): 3347349.045172
    -- MCMC Step: 08970000 	Time(s): 3349106.137976
    -- MCMC Step: 08980000 	Time(s): 3350874.021505
    -- MCMC Step: 08990000 	Time(s): 3352632.348300
    -- MCMC Step: 09000000 	Time(s): 3354388.918204
    -- MCMC Step: 09010000 	Time(s): 3356156.390149
    -- MCMC Step: 09020000 	Time(s): 3357924.571106
    -- MCMC Step: 09030000 	Time(s): 3359691.366192
    -- MCMC Step: 09040000 	Time(s): 3361463.773141
    -- MCMC Step: 09050000 	Time(s): 3363207.411447
    -- MCMC Step: 09060000 	Time(s): 3364933.800289
    -- MCMC Step: 09070000 	Time(s): 3366672.214362
    -- MCMC Step: 09080000 	Time(s): 3368410.136037
    -- MCMC Step: 09090000 	Time(s): 3370162.069419
    -- MCMC Step: 09100000 	Time(s): 3371899.603470
    -- MCMC Step: 09110000 	Time(s): 3373645.924171
    -- MCMC Step: 09120000 	Time(s): 3375379.475374
    -- MCMC Step: 09130000 	Time(s): 3377122.887990
    -- MCMC Step: 09140000 	Time(s): 3378863.585833
    -- MCMC Step: 09150000 	Time(s): 3380601.286590
    -- MCMC Step: 09160000 	Time(s): 3382329.718108
    -- MCMC Step: 09170000 	Time(s): 3384073.597624
    -- MCMC Step: 09180000 	Time(s): 3385828.310006
    -- MCMC Step: 09190000 	Time(s): 3387568.548383
    -- MCMC Step: 09200000 	Time(s): 3389308.333984
    -- MCMC Step: 09210000 	Time(s): 3391054.546845
    -- MCMC Step: 09220000 	Time(s): 3392801.602216
    -- MCMC Step: 09230000 	Time(s): 3394561.567036
    -- MCMC Step: 09240000 	Time(s): 3396287.375888
    -- MCMC Step: 09250000 	Time(s): 3397936.240377
    -- MCMC Step: 09260000 	Time(s): 3399576.830837
    -- MCMC Step: 09270000 	Time(s): 3401219.375687
    -- MCMC Step: 09280000 	Time(s): 3402867.006808
    -- MCMC Step: 09290000 	Time(s): 3404508.251426
    -- MCMC Step: 09300000 	Time(s): 3406150.766575
    -- MCMC Step: 09310000 	Time(s): 3407792.007439
    -- MCMC Step: 09320000 	Time(s): 3409451.503572
    -- MCMC Step: 09330000 	Time(s): 3411168.591419
    -- MCMC Step: 09340000 	Time(s): 3412894.863403
    -- MCMC Step: 09350000 	Time(s): 3414616.439393
    -- MCMC Step: 09360000 	Time(s): 3416344.664028
    -- MCMC Step: 09370000 	Time(s): 3418082.769505
    -- MCMC Step: 09380000 	Time(s): 3419821.561065
    -- MCMC Step: 09390000 	Time(s): 3421569.681984
    -- MCMC Step: 09400000 	Time(s): 3423306.928316
    -- MCMC Step: 09410000 	Time(s): 3425052.170006
    -- MCMC Step: 09420000 	Time(s): 3426736.934807
    -- MCMC Step: 09430000 	Time(s): 3428389.891755
    -- MCMC Step: 09440000 	Time(s): 3430030.617840
    -- MCMC Step: 09450000 	Time(s): 3431688.442638
    -- MCMC Step: 09460000 	Time(s): 3433339.075382
    -- MCMC Step: 09470000 	Time(s): 3434992.605579
    -- MCMC Step: 09480000 	Time(s): 3436643.159420
    -- MCMC Step: 09490000 	Time(s): 3438285.083065
    -- MCMC Step: 09500000 	Time(s): 3439966.851943
    -- MCMC Step: 09510000 	Time(s): 3441720.636252
    -- MCMC Step: 09520000 	Time(s): 3443431.141803
    -- MCMC Step: 09530000 	Time(s): 3445084.352973
    -- MCMC Step: 09540000 	Time(s): 3446730.850444
    -- MCMC Step: 09550000 	Time(s): 3448380.563672
    -- MCMC Step: 09560000 	Time(s): 3450054.796237
    -- MCMC Step: 09570000 	Time(s): 3451704.914547
    -- MCMC Step: 09580000 	Time(s): 3453370.447892
    -- MCMC Step: 09590000 	Time(s): 3455028.418343
    -- MCMC Step: 09600000 	Time(s): 3456684.035738
    -- MCMC Step: 09610000 	Time(s): 3458349.510220
    -- MCMC Step: 09620000 	Time(s): 3460016.303234
    -- MCMC Step: 09630000 	Time(s): 3461699.595485
    -- MCMC Step: 09640000 	Time(s): 3463379.029218
    -- MCMC Step: 09650000 	Time(s): 3465048.652153
    -- MCMC Step: 09660000 	Time(s): 3466717.009322
    -- MCMC Step: 09670000 	Time(s): 3468379.856003
    -- MCMC Step: 09680000 	Time(s): 3470033.309477
    -- MCMC Step: 09690000 	Time(s): 3471694.521585
    -- MCMC Step: 09700000 	Time(s): 3473383.969499
    -- MCMC Step: 09710000 	Time(s): 3475005.921119
    -- MCMC Step: 09720000 	Time(s): 3476632.695210
    -- MCMC Step: 09730000 	Time(s): 3478281.219478
    -- MCMC Step: 09740000 	Time(s): 3479776.778949
    -- MCMC Step: 09750000 	Time(s): 3481336.350016
    -- MCMC Step: 09760000 	Time(s): 3482902.973753
    -- MCMC Step: 09770000 	Time(s): 3484567.716529
    -- MCMC Step: 09780000 	Time(s): 3486235.001640
    -- MCMC Step: 09790000 	Time(s): 3487910.517419
    -- MCMC Step: 09800000 	Time(s): 3489548.614955
    -- MCMC Step: 09810000 	Time(s): 3491189.460733
    -- MCMC Step: 09820000 	Time(s): 3492816.564276
    -- MCMC Step: 09830000 	Time(s): 3494457.680416
    -- MCMC Step: 09840000 	Time(s): 3496105.465759
    -- MCMC Step: 09850000 	Time(s): 3497746.763143
    -- MCMC Step: 09860000 	Time(s): 3499395.627581
    -- MCMC Step: 09870000 	Time(s): 3501037.639569
    -- MCMC Step: 09880000 	Time(s): 3502670.626095
    -- MCMC Step: 09890000 	Time(s): 3504217.126824
    -- MCMC Step: 09900000 	Time(s): 3505738.695547
    -- MCMC Step: 09910000 	Time(s): 3507259.951656
    -- MCMC Step: 09920000 	Time(s): 3508791.329626
    -- MCMC Step: 09930000 	Time(s): 3510330.490919
    -- MCMC Step: 09940000 	Time(s): 3511849.179919
    -- MCMC Step: 09950000 	Time(s): 3513394.917707
    -- MCMC Step: 09960000 	Time(s): 3514937.116366
    -- MCMC Step: 09970000 	Time(s): 3516491.013611
    -- MCMC Step: 09980000 	Time(s): 3518044.721108
    -- MCMC Step: 09990000 	Time(s): 3519598.441406
    -- MCMC Step: 10000000 	Time(s): 3521136.696036
  Saving final MCMC simulation data ...
****************************************
Done successfully!
Cumulative number of energy calculations: 10000002
Elapsed time: 3521142.0162444115 seconds
Finished on: 2023-11-05 19:18:34.990661
