Executed on: 2023-09-18 02:40:15.686339
PFP client version: 1.11.0
Model version: v3.0.0
Calculation mode: CRYSTAL_PLUS_D3
Method type: PFVM
****************************************
Examining NCM523 ...
  Importing initial (known) stable/unstable structures ...
    Supercell size: 5 × 4 × 1
    Number of atoms (perfect): 240
    Cell parameters (a, b, c): 2.880780, 2.890300, 14.150000
    Structural parameter range (min, max): 0.000000, 0.500000
    Number of discrete structural parameters: 60
    Structural parameter spacing: 0.008475
  Importing energies and 1-D DOS from previous WL simlation ...
    Energy range (min, max): -1083.319505, -1068.137526
    Number of energy states: 60
    Energy spacing (eV): 0.257322
  Performing multicanonical Monte Carlo (MCMC) sampling ...
    Number of NNP-neighbors: 11400
    Maximum number of Monte Carlo steps: 10000000
    Trial move style: swap
    -- MCMC Step: 00000000 	Time(s): 0.524907
    -- MCMC Step: 00010000 	Time(s): 1588.053355
    -- MCMC Step: 00020000 	Time(s): 3221.125790
    -- MCMC Step: 00030000 	Time(s): 4855.763039
    -- MCMC Step: 00040000 	Time(s): 6448.450138
    -- MCMC Step: 00050000 	Time(s): 8123.051820
    -- MCMC Step: 00060000 	Time(s): 9718.110468
    -- MCMC Step: 00070000 	Time(s): 11350.425396
    -- MCMC Step: 00080000 	Time(s): 13082.167341
    -- MCMC Step: 00090000 	Time(s): 14688.412307
    -- MCMC Step: 00100000 	Time(s): 16342.115341
    -- MCMC Step: 00110000 	Time(s): 17972.658868
    -- MCMC Step: 00120000 	Time(s): 19601.370070
    -- MCMC Step: 00130000 	Time(s): 21308.646526
    -- MCMC Step: 00140000 	Time(s): 23011.870309
    -- MCMC Step: 00150000 	Time(s): 24689.947927
    -- MCMC Step: 00160000 	Time(s): 26348.661305
    -- MCMC Step: 00170000 	Time(s): 28003.579986
    -- MCMC Step: 00180000 	Time(s): 29620.112911
    -- MCMC Step: 00190000 	Time(s): 31296.168844
    -- MCMC Step: 00200000 	Time(s): 32991.113406
    -- MCMC Step: 00210000 	Time(s): 34676.281133
    -- MCMC Step: 00220000 	Time(s): 36380.724784
    -- MCMC Step: 00230000 	Time(s): 38078.698370
    -- MCMC Step: 00240000 	Time(s): 39758.281799
    -- MCMC Step: 00250000 	Time(s): 41399.791155
    -- MCMC Step: 00260000 	Time(s): 43050.554253
    -- MCMC Step: 00270000 	Time(s): 44617.000451
    -- MCMC Step: 00280000 	Time(s): 46212.554961
    -- MCMC Step: 00290000 	Time(s): 47840.493190
    -- MCMC Step: 00300000 	Time(s): 49472.259078
    -- MCMC Step: 00310000 	Time(s): 51078.947129
    -- MCMC Step: 00320000 	Time(s): 52752.416120
    -- MCMC Step: 00330000 	Time(s): 54424.923561
    -- MCMC Step: 00340000 	Time(s): 56030.541649
    -- MCMC Step: 00350000 	Time(s): 57672.513776
    -- MCMC Step: 00360000 	Time(s): 59258.845185
    -- MCMC Step: 00370000 	Time(s): 60894.607531
    -- MCMC Step: 00380000 	Time(s): 62529.161467
    -- MCMC Step: 00390000 	Time(s): 64131.626681
    -- MCMC Step: 00400000 	Time(s): 65747.954010
    -- MCMC Step: 00410000 	Time(s): 67331.071083
    -- MCMC Step: 00420000 	Time(s): 68979.856160
    -- MCMC Step: 00430000 	Time(s): 70581.033964
    -- MCMC Step: 00440000 	Time(s): 72289.619910
    -- MCMC Step: 00450000 	Time(s): 73877.112175
    -- MCMC Step: 00460000 	Time(s): 75460.887657
    -- MCMC Step: 00470000 	Time(s): 77110.124837
    -- MCMC Step: 00480000 	Time(s): 78820.847816
    -- MCMC Step: 00490000 	Time(s): 80489.260983
    -- MCMC Step: 00500000 	Time(s): 82131.384327
    -- MCMC Step: 00510000 	Time(s): 83821.271993
    -- MCMC Step: 00520000 	Time(s): 85529.762945
    -- MCMC Step: 00530000 	Time(s): 87261.865406
    -- MCMC Step: 00540000 	Time(s): 88904.869411
    -- MCMC Step: 00550000 	Time(s): 90629.572242
    -- MCMC Step: 00560000 	Time(s): 92368.490241
    -- MCMC Step: 00570000 	Time(s): 94456.572911
    -- MCMC Step: 00580000 	Time(s): 96546.311240
    -- MCMC Step: 00590000 	Time(s): 98600.666071
    -- MCMC Step: 00600000 	Time(s): 101034.493577
    -- MCMC Step: 00610000 	Time(s): 103536.969944
    -- MCMC Step: 00620000 	Time(s): 106103.888895
    -- MCMC Step: 00630000 	Time(s): 108597.920832
    -- MCMC Step: 00640000 	Time(s): 111144.275189
    -- MCMC Step: 00650000 	Time(s): 113729.652237
    -- MCMC Step: 00660000 	Time(s): 116470.097513
    -- MCMC Step: 00670000 	Time(s): 119172.457072
    -- MCMC Step: 00680000 	Time(s): 121895.725295
    -- MCMC Step: 00690000 	Time(s): 124604.734900
    -- MCMC Step: 00700000 	Time(s): 127333.471309
    -- MCMC Step: 00710000 	Time(s): 130077.106478
    -- MCMC Step: 00720000 	Time(s): 132799.968791
    -- MCMC Step: 00730000 	Time(s): 135532.460862
    -- MCMC Step: 00740000 	Time(s): 138233.465396
    -- MCMC Step: 00750000 	Time(s): 140914.503898
    -- MCMC Step: 00760000 	Time(s): 143618.275137
    -- MCMC Step: 00770000 	Time(s): 146304.215591
    -- MCMC Step: 00780000 	Time(s): 149035.669926
    -- MCMC Step: 00790000 	Time(s): 151707.237283
    -- MCMC Step: 00800000 	Time(s): 154340.118978
    -- MCMC Step: 00810000 	Time(s): 156879.320067
    -- MCMC Step: 00820000 	Time(s): 159398.859592
    -- MCMC Step: 00830000 	Time(s): 161956.879863
    -- MCMC Step: 00840000 	Time(s): 164570.685832
    -- MCMC Step: 00850000 	Time(s): 167150.760751
    -- MCMC Step: 00860000 	Time(s): 169745.940596
    -- MCMC Step: 00870000 	Time(s): 172308.344071
    -- MCMC Step: 00880000 	Time(s): 174741.617892
    -- MCMC Step: 00890000 	Time(s): 177104.515949
    -- MCMC Step: 00900000 	Time(s): 179267.488335
    -- MCMC Step: 00910000 	Time(s): 181318.188208
    -- MCMC Step: 00920000 	Time(s): 183534.330440
    -- MCMC Step: 00930000 	Time(s): 185534.529609
    -- MCMC Step: 00940000 	Time(s): 187468.708091
    -- MCMC Step: 00950000 	Time(s): 189658.010223
    -- MCMC Step: 00960000 	Time(s): 191899.514839
    -- MCMC Step: 00970000 	Time(s): 194202.867043
    -- MCMC Step: 00980000 	Time(s): 196394.307051
    -- MCMC Step: 00990000 	Time(s): 198545.338238
    -- MCMC Step: 01000000 	Time(s): 200758.724994
    -- MCMC Step: 01010000 	Time(s): 203073.337958
    -- MCMC Step: 01020000 	Time(s): 205422.228154
    -- MCMC Step: 01030000 	Time(s): 207801.945863
    -- MCMC Step: 01040000 	Time(s): 210191.644997
    -- MCMC Step: 01050000 	Time(s): 212605.354553
    -- MCMC Step: 01060000 	Time(s): 214953.930654
    -- MCMC Step: 01070000 	Time(s): 217312.215708
    -- MCMC Step: 01080000 	Time(s): 219686.675421
    -- MCMC Step: 01090000 	Time(s): 222080.708117
    -- MCMC Step: 01100000 	Time(s): 224463.715091
    -- MCMC Step: 01110000 	Time(s): 226855.604676
    -- MCMC Step: 01120000 	Time(s): 229239.734720
    -- MCMC Step: 01130000 	Time(s): 231588.974258
    -- MCMC Step: 01140000 	Time(s): 233928.872678
    -- MCMC Step: 01150000 	Time(s): 236293.230273
    -- MCMC Step: 01160000 	Time(s): 238649.672971
    -- MCMC Step: 01170000 	Time(s): 240909.656783
    -- MCMC Step: 01180000 	Time(s): 243181.506696
    -- MCMC Step: 01190000 	Time(s): 245430.506614
    -- MCMC Step: 01200000 	Time(s): 247673.584265
    -- MCMC Step: 01210000 	Time(s): 249935.857510
    -- MCMC Step: 01220000 	Time(s): 252228.619039
    -- MCMC Step: 01230000 	Time(s): 254536.961000
    -- MCMC Step: 01240000 	Time(s): 256794.005505
    -- MCMC Step: 01250000 	Time(s): 258771.790195
    -- MCMC Step: 01260000 	Time(s): 261125.307890
    -- MCMC Step: 01270000 	Time(s): 263498.395514
    -- MCMC Step: 01280000 	Time(s): 265672.861718
    -- MCMC Step: 01290000 	Time(s): 267888.466761
    -- MCMC Step: 01300000 	Time(s): 270251.509938
    -- MCMC Step: 01310000 	Time(s): 272550.811110
    -- MCMC Step: 01320000 	Time(s): 274804.924933
    -- MCMC Step: 01330000 	Time(s): 277174.672657
    -- MCMC Step: 01340000 	Time(s): 279521.163344
    -- MCMC Step: 01350000 	Time(s): 281900.560133
    -- MCMC Step: 01360000 	Time(s): 284306.123627
    -- MCMC Step: 01370000 	Time(s): 286851.660667
    -- MCMC Step: 01380000 	Time(s): 289250.956364
    -- MCMC Step: 01390000 	Time(s): 291624.750228
    -- MCMC Step: 01400000 	Time(s): 293992.371012
    -- MCMC Step: 01410000 	Time(s): 296356.429650
    -- MCMC Step: 01420000 	Time(s): 298703.369376
    -- MCMC Step: 01430000 	Time(s): 301064.781918
    -- MCMC Step: 01440000 	Time(s): 303411.014894
    -- MCMC Step: 01450000 	Time(s): 305743.784819
    -- MCMC Step: 01460000 	Time(s): 308095.307345
    -- MCMC Step: 01470000 	Time(s): 310469.654197
    -- MCMC Step: 01480000 	Time(s): 312859.885481
    -- MCMC Step: 01490000 	Time(s): 315242.290259
    -- MCMC Step: 01500000 	Time(s): 317631.766389
    -- MCMC Step: 01510000 	Time(s): 319992.059133
    -- MCMC Step: 01520000 	Time(s): 322369.641690
    -- MCMC Step: 01530000 	Time(s): 324725.601262
    -- MCMC Step: 01540000 	Time(s): 327108.638022
    -- MCMC Step: 01550000 	Time(s): 329488.393412
    -- MCMC Step: 01560000 	Time(s): 331873.433835
    -- MCMC Step: 01570000 	Time(s): 334291.424284
    -- MCMC Step: 01580000 	Time(s): 336745.822848
    -- MCMC Step: 01590000 	Time(s): 339181.445895
    -- MCMC Step: 01600000 	Time(s): 341620.894438
    -- MCMC Step: 01610000 	Time(s): 344053.537034
    -- MCMC Step: 01620000 	Time(s): 346406.516868
    -- MCMC Step: 01630000 	Time(s): 348363.537443
    -- MCMC Step: 01640000 	Time(s): 350463.600100
    -- MCMC Step: 01650000 	Time(s): 352709.761059
    -- MCMC Step: 01660000 	Time(s): 355143.407751
    -- MCMC Step: 01670000 	Time(s): 357843.904621
    -- MCMC Step: 01680000 	Time(s): 360556.262528
    -- MCMC Step: 01690000 	Time(s): 363197.793849
    -- MCMC Step: 01700000 	Time(s): 365758.267405
    -- MCMC Step: 01710000 	Time(s): 368289.210947
    -- MCMC Step: 01720000 	Time(s): 370919.179807
    -- MCMC Step: 01730000 	Time(s): 373569.320810
    -- MCMC Step: 01740000 	Time(s): 376218.340118
    -- MCMC Step: 01750000 	Time(s): 378909.014357
    -- MCMC Step: 01760000 	Time(s): 381581.281563
    -- MCMC Step: 01770000 	Time(s): 384249.075240
    -- MCMC Step: 01780000 	Time(s): 386933.308564
    -- MCMC Step: 01790000 	Time(s): 389651.967590
    -- MCMC Step: 01800000 	Time(s): 392403.452750
    -- MCMC Step: 01810000 	Time(s): 395120.144184
    -- MCMC Step: 01820000 	Time(s): 397790.691676
    -- MCMC Step: 01830000 	Time(s): 400448.362563
    -- MCMC Step: 01840000 	Time(s): 403117.023176
    -- MCMC Step: 01850000 	Time(s): 405782.938462
    -- MCMC Step: 01860000 	Time(s): 408471.174370
    -- MCMC Step: 01870000 	Time(s): 411126.971268
    -- MCMC Step: 01880000 	Time(s): 413776.598128
    -- MCMC Step: 01890000 	Time(s): 416394.825675
    -- MCMC Step: 01900000 	Time(s): 419003.253003
    -- MCMC Step: 01910000 	Time(s): 421544.002800
    -- MCMC Step: 01920000 	Time(s): 424041.500998
    -- MCMC Step: 01930000 	Time(s): 426550.066385
    -- MCMC Step: 01940000 	Time(s): 429107.114580
    -- MCMC Step: 01950000 	Time(s): 431666.759963
    -- MCMC Step: 01960000 	Time(s): 434257.551944
    -- MCMC Step: 01970000 	Time(s): 436860.978234
    -- MCMC Step: 01980000 	Time(s): 439468.137491
    -- MCMC Step: 01990000 	Time(s): 442014.702358
    -- MCMC Step: 02000000 	Time(s): 444515.440672
    -- MCMC Step: 02010000 	Time(s): 447004.167370
    -- MCMC Step: 02020000 	Time(s): 449493.239021
    -- MCMC Step: 02030000 	Time(s): 451962.075298
    -- MCMC Step: 02040000 	Time(s): 454449.861813
    -- MCMC Step: 02050000 	Time(s): 456929.777854
    -- MCMC Step: 02060000 	Time(s): 459416.542508
    -- MCMC Step: 02070000 	Time(s): 461882.561324
    -- MCMC Step: 02080000 	Time(s): 464354.946236
    -- MCMC Step: 02090000 	Time(s): 466813.643313
    -- MCMC Step: 02100000 	Time(s): 469279.007913
    -- MCMC Step: 02110000 	Time(s): 471750.562326
    -- MCMC Step: 02120000 	Time(s): 474213.404676
    -- MCMC Step: 02130000 	Time(s): 476614.723069
    -- MCMC Step: 02140000 	Time(s): 479023.280121
    -- MCMC Step: 02150000 	Time(s): 481441.029457
    -- MCMC Step: 02160000 	Time(s): 483867.964859
    -- MCMC Step: 02170000 	Time(s): 486302.206649
    -- MCMC Step: 02180000 	Time(s): 488659.085349
    -- MCMC Step: 02190000 	Time(s): 490943.479275
    -- MCMC Step: 02200000 	Time(s): 493279.727001
    -- MCMC Step: 02210000 	Time(s): 495603.940958
    -- MCMC Step: 02220000 	Time(s): 497805.902630
    -- MCMC Step: 02230000 	Time(s): 499994.970779
    -- MCMC Step: 02240000 	Time(s): 502163.820982
    -- MCMC Step: 02250000 	Time(s): 504338.187190
    -- MCMC Step: 02260000 	Time(s): 506508.536213
    -- MCMC Step: 02270000 	Time(s): 508660.793641
    -- MCMC Step: 02280000 	Time(s): 510831.420584
    -- MCMC Step: 02290000 	Time(s): 513025.198894
    -- MCMC Step: 02300000 	Time(s): 515198.325706
    -- MCMC Step: 02310000 	Time(s): 517209.963409
    -- MCMC Step: 02320000 	Time(s): 519152.945732
    -- MCMC Step: 02330000 	Time(s): 521102.571288
    -- MCMC Step: 02340000 	Time(s): 523052.355670
    -- MCMC Step: 02350000 	Time(s): 525021.098243
    -- MCMC Step: 02360000 	Time(s): 526961.260115
    -- MCMC Step: 02370000 	Time(s): 528909.611878
    -- MCMC Step: 02380000 	Time(s): 530915.624513
    -- MCMC Step: 02390000 	Time(s): 532907.419041
    -- MCMC Step: 02400000 	Time(s): 534883.151607
    -- MCMC Step: 02410000 	Time(s): 536841.072365
    -- MCMC Step: 02420000 	Time(s): 538798.596119
    -- MCMC Step: 02430000 	Time(s): 540701.798424
    -- MCMC Step: 02440000 	Time(s): 542385.731223
    -- MCMC Step: 02450000 	Time(s): 543974.648178
    -- MCMC Step: 02460000 	Time(s): 545552.272470
    -- MCMC Step: 02470000 	Time(s): 547114.796894
    -- MCMC Step: 02480000 	Time(s): 548689.949155
    -- MCMC Step: 02490000 	Time(s): 550294.795614
    -- MCMC Step: 02500000 	Time(s): 551890.768039
    -- MCMC Step: 02510000 	Time(s): 553487.277859
    -- MCMC Step: 02520000 	Time(s): 555057.680920
    -- MCMC Step: 02530000 	Time(s): 556601.034402
    -- MCMC Step: 02540000 	Time(s): 558143.438800
    -- MCMC Step: 02550000 	Time(s): 559717.178863
    -- MCMC Step: 02560000 	Time(s): 561314.071411
    -- MCMC Step: 02570000 	Time(s): 562870.674367
    -- MCMC Step: 02580000 	Time(s): 564428.697770
    -- MCMC Step: 02590000 	Time(s): 565988.926054
    -- MCMC Step: 02600000 	Time(s): 567556.248900
    -- MCMC Step: 02610000 	Time(s): 569100.011967
    -- MCMC Step: 02620000 	Time(s): 570630.903186
    -- MCMC Step: 02630000 	Time(s): 572180.420164
    -- MCMC Step: 02640000 	Time(s): 573705.516422
    -- MCMC Step: 02650000 	Time(s): 575236.166345
    -- MCMC Step: 02660000 	Time(s): 576769.557974
    -- MCMC Step: 02670000 	Time(s): 578319.461986
    -- MCMC Step: 02680000 	Time(s): 579882.265189
    -- MCMC Step: 02690000 	Time(s): 581472.167093
    -- MCMC Step: 02700000 	Time(s): 583019.531237
    -- MCMC Step: 02710000 	Time(s): 584568.459851
    -- MCMC Step: 02720000 	Time(s): 586102.748908
    -- MCMC Step: 02730000 	Time(s): 587629.564859
    -- MCMC Step: 02740000 	Time(s): 589192.607932
    -- MCMC Step: 02750000 	Time(s): 590759.879454
    -- MCMC Step: 02760000 	Time(s): 592370.482309
    -- MCMC Step: 02770000 	Time(s): 593993.862696
    -- MCMC Step: 02780000 	Time(s): 595652.711884
    -- MCMC Step: 02790000 	Time(s): 597289.256402
    -- MCMC Step: 02800000 	Time(s): 598968.350542
    -- MCMC Step: 02810000 	Time(s): 600626.969999
    -- MCMC Step: 02820000 	Time(s): 602382.359273
    -- MCMC Step: 02830000 	Time(s): 604130.085486
    -- MCMC Step: 02840000 	Time(s): 605818.409918
    -- MCMC Step: 02850000 	Time(s): 607522.305071
    -- MCMC Step: 02860000 	Time(s): 609206.774899
    -- MCMC Step: 02870000 	Time(s): 610924.975098
    -- MCMC Step: 02880000 	Time(s): 612610.134204
    -- MCMC Step: 02890000 	Time(s): 614275.877654
    -- MCMC Step: 02900000 	Time(s): 615947.494390
    -- MCMC Step: 02910000 	Time(s): 617608.596818
    -- MCMC Step: 02920000 	Time(s): 619257.410949
    -- MCMC Step: 02930000 	Time(s): 620935.616207
    -- MCMC Step: 02940000 	Time(s): 622615.108636
    -- MCMC Step: 02950000 	Time(s): 624239.079984
    -- MCMC Step: 02960000 	Time(s): 625912.204694
    -- MCMC Step: 02970000 	Time(s): 627552.822481
    -- MCMC Step: 02980000 	Time(s): 629182.951713
    -- MCMC Step: 02990000 	Time(s): 630852.065158
    -- MCMC Step: 03000000 	Time(s): 632516.490777
    -- MCMC Step: 03010000 	Time(s): 634158.495805
    -- MCMC Step: 03020000 	Time(s): 635773.754901
    -- MCMC Step: 03030000 	Time(s): 637398.693513
    -- MCMC Step: 03040000 	Time(s): 638987.327024
    -- MCMC Step: 03050000 	Time(s): 640626.916644
    -- MCMC Step: 03060000 	Time(s): 642245.016933
    -- MCMC Step: 03070000 	Time(s): 643848.032976
    -- MCMC Step: 03080000 	Time(s): 645462.486621
    -- MCMC Step: 03090000 	Time(s): 647075.898291
    -- MCMC Step: 03100000 	Time(s): 648703.717747
    -- MCMC Step: 03110000 	Time(s): 650333.816755
    -- MCMC Step: 03120000 	Time(s): 651894.855571
    -- MCMC Step: 03130000 	Time(s): 653484.622440
    -- MCMC Step: 03140000 	Time(s): 655088.280573
    -- MCMC Step: 03150000 	Time(s): 656666.041726
    -- MCMC Step: 03160000 	Time(s): 658247.375971
    -- MCMC Step: 03170000 	Time(s): 659828.597416
    -- MCMC Step: 03180000 	Time(s): 661381.054707
    -- MCMC Step: 03190000 	Time(s): 662945.279313
    -- MCMC Step: 03200000 	Time(s): 664510.388039
    -- MCMC Step: 03210000 	Time(s): 666103.348714
    -- MCMC Step: 03220000 	Time(s): 667663.617422
    -- MCMC Step: 03230000 	Time(s): 669215.015599
    -- MCMC Step: 03240000 	Time(s): 670755.344872
    -- MCMC Step: 03250000 	Time(s): 672293.928309
    -- MCMC Step: 03260000 	Time(s): 673843.735012
    -- MCMC Step: 03270000 	Time(s): 675404.343904
    -- MCMC Step: 03280000 	Time(s): 676992.766102
    -- MCMC Step: 03290000 	Time(s): 678597.043779
    -- MCMC Step: 03300000 	Time(s): 680172.384331
    -- MCMC Step: 03310000 	Time(s): 681736.527839
    -- MCMC Step: 03320000 	Time(s): 683333.923074
    -- MCMC Step: 03330000 	Time(s): 684952.855010
    -- MCMC Step: 03340000 	Time(s): 686777.963104
    -- MCMC Step: 03350000 	Time(s): 688849.002962
    -- MCMC Step: 03360000 	Time(s): 691044.022888
    -- MCMC Step: 03370000 	Time(s): 693174.887496
    -- MCMC Step: 03380000 	Time(s): 695312.609026
    -- MCMC Step: 03390000 	Time(s): 698129.042032
    -- MCMC Step: 03400000 	Time(s): 701495.355978
    -- MCMC Step: 03410000 	Time(s): 704848.659295
    -- MCMC Step: 03420000 	Time(s): 708512.531982
    -- MCMC Step: 03430000 	Time(s): 712087.934511
    -- MCMC Step: 03440000 	Time(s): 715501.440413
    -- MCMC Step: 03450000 	Time(s): 718805.336076
    -- MCMC Step: 03460000 	Time(s): 722173.973534
    -- MCMC Step: 03470000 	Time(s): 725548.993035
    -- MCMC Step: 03480000 	Time(s): 728890.188430
    -- MCMC Step: 03490000 	Time(s): 732229.003570
    -- MCMC Step: 03500000 	Time(s): 735600.060530
    -- MCMC Step: 03510000 	Time(s): 738988.546319
    -- MCMC Step: 03520000 	Time(s): 742413.710720
    -- MCMC Step: 03530000 	Time(s): 745853.205249
    -- MCMC Step: 03540000 	Time(s): 749280.642227
    -- MCMC Step: 03550000 	Time(s): 752740.363710
    -- MCMC Step: 03560000 	Time(s): 756212.189465
    -- MCMC Step: 03570000 	Time(s): 759659.692858
    -- MCMC Step: 03580000 	Time(s): 763000.781292
    -- MCMC Step: 03590000 	Time(s): 766350.937009
    -- MCMC Step: 03600000 	Time(s): 769889.931181
    -- MCMC Step: 03610000 	Time(s): 773936.956097
    -- MCMC Step: 03620000 	Time(s): 777801.653595
    -- MCMC Step: 03630000 	Time(s): 781762.508665
    -- MCMC Step: 03640000 	Time(s): 785874.603091
    -- MCMC Step: 03650000 	Time(s): 789975.418459
    -- MCMC Step: 03660000 	Time(s): 794160.694026
    -- MCMC Step: 03670000 	Time(s): 798616.276341
    -- MCMC Step: 03680000 	Time(s): 803116.736857
    -- MCMC Step: 03690000 	Time(s): 807769.394707
    -- MCMC Step: 03700000 	Time(s): 812468.135190
    -- MCMC Step: 03710000 	Time(s): 817191.895128
    -- MCMC Step: 03720000 	Time(s): 821895.554958
    -- MCMC Step: 03730000 	Time(s): 826594.618742
    -- MCMC Step: 03740000 	Time(s): 831271.979155
    -- MCMC Step: 03750000 	Time(s): 835995.225398
    -- MCMC Step: 03760000 	Time(s): 840725.321576
    -- MCMC Step: 03770000 	Time(s): 845392.219752
    -- MCMC Step: 03780000 	Time(s): 850024.468134
    -- MCMC Step: 03790000 	Time(s): 854697.805308
    -- MCMC Step: 03800000 	Time(s): 859305.573952
    -- MCMC Step: 03810000 	Time(s): 863818.359840
    -- MCMC Step: 03820000 	Time(s): 868371.473970
    -- MCMC Step: 03830000 	Time(s): 872640.759380
    -- MCMC Step: 03840000 	Time(s): 877280.901119
    -- MCMC Step: 03850000 	Time(s): 881716.309546
    -- MCMC Step: 03860000 	Time(s): 886203.988240
    -- MCMC Step: 03870000 	Time(s): 890796.291775
    -- MCMC Step: 03880000 	Time(s): 895414.711346
    -- MCMC Step: 03890000 	Time(s): 899929.229552
    -- MCMC Step: 03900000 	Time(s): 904446.570442
    -- MCMC Step: 03910000 	Time(s): 908975.774030
    -- MCMC Step: 03920000 	Time(s): 913543.882546
    -- MCMC Step: 03930000 	Time(s): 918135.049286
    -- MCMC Step: 03940000 	Time(s): 922710.370150
    -- MCMC Step: 03950000 	Time(s): 927395.157531
    -- MCMC Step: 03960000 	Time(s): 931993.673693
    -- MCMC Step: 03970000 	Time(s): 936653.297589
    -- MCMC Step: 03980000 	Time(s): 941413.635738
    -- MCMC Step: 03990000 	Time(s): 946043.102510
    -- MCMC Step: 04000000 	Time(s): 950383.211787
    -- MCMC Step: 04010000 	Time(s): 954808.533896
    -- MCMC Step: 04020000 	Time(s): 959187.683134
    -- MCMC Step: 04030000 	Time(s): 963714.881777
    -- MCMC Step: 04040000 	Time(s): 968233.950305
    -- MCMC Step: 04050000 	Time(s): 972824.691601
    -- MCMC Step: 04060000 	Time(s): 977499.676599
    -- MCMC Step: 04070000 	Time(s): 982126.670471
    -- MCMC Step: 04080000 	Time(s): 986835.080570
    -- MCMC Step: 04090000 	Time(s): 991406.162291
    -- MCMC Step: 04100000 	Time(s): 995968.041943
    -- MCMC Step: 04110000 	Time(s): 1000524.216298
    -- MCMC Step: 04120000 	Time(s): 1005035.264463
    -- MCMC Step: 04130000 	Time(s): 1009541.122808
    -- MCMC Step: 04140000 	Time(s): 1014179.339290
    -- MCMC Step: 04150000 	Time(s): 1018760.125141
    -- MCMC Step: 04160000 	Time(s): 1023310.933869
    -- MCMC Step: 04170000 	Time(s): 1027810.843133
    -- MCMC Step: 04180000 	Time(s): 1032141.164846
    -- MCMC Step: 04190000 	Time(s): 1036361.586444
    -- MCMC Step: 04200000 	Time(s): 1040496.177592
    -- MCMC Step: 04210000 	Time(s): 1044577.824444
    -- MCMC Step: 04220000 	Time(s): 1048660.005245
    -- MCMC Step: 04230000 	Time(s): 1052770.462555
    -- MCMC Step: 04240000 	Time(s): 1056873.285233
    -- MCMC Step: 04250000 	Time(s): 1060978.332163
    -- MCMC Step: 04260000 	Time(s): 1065129.889449
    -- MCMC Step: 04270000 	Time(s): 1069260.092185
    -- MCMC Step: 04280000 	Time(s): 1073358.607726
    -- MCMC Step: 04290000 	Time(s): 1077511.314293
    -- MCMC Step: 04300000 	Time(s): 1081605.321684
    -- MCMC Step: 04310000 	Time(s): 1085744.084464
    -- MCMC Step: 04320000 	Time(s): 1089939.773772
    -- MCMC Step: 04330000 	Time(s): 1093981.975929
    -- MCMC Step: 04340000 	Time(s): 1097983.905883
    -- MCMC Step: 04350000 	Time(s): 1100883.801848
    -- MCMC Step: 04360000 	Time(s): 1104537.170680
    -- MCMC Step: 04370000 	Time(s): 1108414.605794
    -- MCMC Step: 04380000 	Time(s): 1112329.425979
    -- MCMC Step: 04390000 	Time(s): 1116218.290551
    -- MCMC Step: 04400000 	Time(s): 1120166.617068
    -- MCMC Step: 04410000 	Time(s): 1124381.457108
    -- MCMC Step: 04420000 	Time(s): 1128651.847999
    -- MCMC Step: 04430000 	Time(s): 1132926.381737
    -- MCMC Step: 04440000 	Time(s): 1137203.227519
    -- MCMC Step: 04450000 	Time(s): 1141454.728811
    -- MCMC Step: 04460000 	Time(s): 1145753.529145
    -- MCMC Step: 04470000 	Time(s): 1150011.104783
    -- MCMC Step: 04480000 	Time(s): 1154311.067948
    -- MCMC Step: 04490000 	Time(s): 1158594.084645
    -- MCMC Step: 04500000 	Time(s): 1162888.454031
    -- MCMC Step: 04510000 	Time(s): 1167132.964533
    -- MCMC Step: 04520000 	Time(s): 1171437.801266
    -- MCMC Step: 04530000 	Time(s): 1175727.639179
    -- MCMC Step: 04540000 	Time(s): 1179936.617835
    -- MCMC Step: 04550000 	Time(s): 1184249.311343
    -- MCMC Step: 04560000 	Time(s): 1188454.412641
    -- MCMC Step: 04570000 	Time(s): 1192666.512872
    -- MCMC Step: 04580000 	Time(s): 1196815.138967
    -- MCMC Step: 04590000 	Time(s): 1200862.950417
    -- MCMC Step: 04600000 	Time(s): 1204974.069799
    -- MCMC Step: 04610000 	Time(s): 1209235.233606
    -- MCMC Step: 04620000 	Time(s): 1213334.565552
    -- MCMC Step: 04630000 	Time(s): 1217536.421685
    -- MCMC Step: 04640000 	Time(s): 1221727.594576
    -- MCMC Step: 04650000 	Time(s): 1225853.235166
    -- MCMC Step: 04660000 	Time(s): 1230083.327108
    -- MCMC Step: 04670000 	Time(s): 1234849.436399
    -- MCMC Step: 04680000 	Time(s): 1239768.739826
    -- MCMC Step: 04690000 	Time(s): 1244712.464383
    -- MCMC Step: 04700000 	Time(s): 1249531.486568
    -- MCMC Step: 04710000 	Time(s): 1254366.921854
    -- MCMC Step: 04720000 	Time(s): 1259149.180404
    -- MCMC Step: 04730000 	Time(s): 1263843.144482
    -- MCMC Step: 04740000 	Time(s): 1268563.863363
    -- MCMC Step: 04750000 	Time(s): 1273478.996778
    -- MCMC Step: 04760000 	Time(s): 1278439.932318
    -- MCMC Step: 04770000 	Time(s): 1283444.410682
    -- MCMC Step: 04780000 	Time(s): 1287972.272714
    -- MCMC Step: 04790000 	Time(s): 1292508.872448
    -- MCMC Step: 04800000 	Time(s): 1296635.545901
    -- MCMC Step: 04810000 	Time(s): 1300959.966647
    -- MCMC Step: 04820000 	Time(s): 1305481.920859
    -- MCMC Step: 04830000 	Time(s): 1309481.395185
    -- MCMC Step: 04840000 	Time(s): 1314085.995038
    -- MCMC Step: 04850000 	Time(s): 1318723.128873
    -- MCMC Step: 04860000 	Time(s): 1323304.205663
    -- MCMC Step: 04870000 	Time(s): 1327986.507970
    -- MCMC Step: 04880000 	Time(s): 1332668.197090
    -- MCMC Step: 04890000 	Time(s): 1337340.062929
    -- MCMC Step: 04900000 	Time(s): 1342074.125453
    -- MCMC Step: 04910000 	Time(s): 1346653.752103
    -- MCMC Step: 04920000 	Time(s): 1350986.695038
    -- MCMC Step: 04930000 	Time(s): 1355303.675304
    -- MCMC Step: 04940000 	Time(s): 1359516.336143
    -- MCMC Step: 04950000 	Time(s): 1363647.551424
    -- MCMC Step: 04960000 	Time(s): 1367593.858315
    -- MCMC Step: 04970000 	Time(s): 1371557.502288
    -- MCMC Step: 04980000 	Time(s): 1375734.985661
    -- MCMC Step: 04990000 	Time(s): 1379862.087650
    -- MCMC Step: 05000000 	Time(s): 1383891.217104
    -- MCMC Step: 05010000 	Time(s): 1388199.977132
    -- MCMC Step: 05020000 	Time(s): 1392433.238565
    -- MCMC Step: 05030000 	Time(s): 1396518.384137
    -- MCMC Step: 05040000 	Time(s): 1400710.796982
    -- MCMC Step: 05050000 	Time(s): 1404962.467376
    -- MCMC Step: 05060000 	Time(s): 1409135.707753
    -- MCMC Step: 05070000 	Time(s): 1413809.237453
    -- MCMC Step: 05080000 	Time(s): 1418607.860398
    -- MCMC Step: 05090000 	Time(s): 1423403.441124
    -- MCMC Step: 05100000 	Time(s): 1427959.966432
    -- MCMC Step: 05110000 	Time(s): 1432476.260380
    -- MCMC Step: 05120000 	Time(s): 1436823.935211
    -- MCMC Step: 05130000 	Time(s): 1440948.213794
    -- MCMC Step: 05140000 	Time(s): 1445028.723279
    -- MCMC Step: 05150000 	Time(s): 1449101.489307
    -- MCMC Step: 05160000 	Time(s): 1453188.030358
    -- MCMC Step: 05170000 	Time(s): 1457167.590765
    -- MCMC Step: 05180000 	Time(s): 1461192.338683
    -- MCMC Step: 05190000 	Time(s): 1464785.682944
    -- MCMC Step: 05200000 	Time(s): 1468279.531925
    -- MCMC Step: 05210000 	Time(s): 1471867.618555
    -- MCMC Step: 05220000 	Time(s): 1475395.844285
    -- MCMC Step: 05230000 	Time(s): 1479095.279004
    -- MCMC Step: 05240000 	Time(s): 1482997.841821
    -- MCMC Step: 05250000 	Time(s): 1486856.918725
    -- MCMC Step: 05260000 	Time(s): 1490692.952230
    -- MCMC Step: 05270000 	Time(s): 1494636.887973
    -- MCMC Step: 05280000 	Time(s): 1498704.067697
    -- MCMC Step: 05290000 	Time(s): 1502664.595896
    -- MCMC Step: 05300000 	Time(s): 1506532.878700
    -- MCMC Step: 05310000 	Time(s): 1510379.285342
    -- MCMC Step: 05320000 	Time(s): 1514203.399753
    -- MCMC Step: 05330000 	Time(s): 1518076.710907
    -- MCMC Step: 05340000 	Time(s): 1521924.948589
    -- MCMC Step: 05350000 	Time(s): 1525731.106055
    -- MCMC Step: 05360000 	Time(s): 1529568.565880
    -- MCMC Step: 05370000 	Time(s): 1533411.115399
    -- MCMC Step: 05380000 	Time(s): 1537257.497050
    -- MCMC Step: 05390000 	Time(s): 1540993.419862
    -- MCMC Step: 05400000 	Time(s): 1544687.261544
    -- MCMC Step: 05410000 	Time(s): 1548626.803899
    -- MCMC Step: 05420000 	Time(s): 1552261.044201
    -- MCMC Step: 05430000 	Time(s): 1555243.949302
    -- MCMC Step: 05440000 	Time(s): 1558759.403256
    -- MCMC Step: 05450000 	Time(s): 1562144.748446
    -- MCMC Step: 05460000 	Time(s): 1565322.410131
    -- MCMC Step: 05470000 	Time(s): 1568472.872874
    -- MCMC Step: 05480000 	Time(s): 1571734.050210
    -- MCMC Step: 05490000 	Time(s): 1574977.133136
    -- MCMC Step: 05500000 	Time(s): 1578276.590911
    -- MCMC Step: 05510000 	Time(s): 1581549.637273
    -- MCMC Step: 05520000 	Time(s): 1585292.398290
    -- MCMC Step: 05530000 	Time(s): 1589034.662119
    -- MCMC Step: 05540000 	Time(s): 1592876.557571
    -- MCMC Step: 05550000 	Time(s): 1596748.610199
    -- MCMC Step: 05560000 	Time(s): 1600656.268595
    -- MCMC Step: 05570000 	Time(s): 1604494.902091
    -- MCMC Step: 05580000 	Time(s): 1608385.047692
    -- MCMC Step: 05590000 	Time(s): 1612330.640294
    -- MCMC Step: 05600000 	Time(s): 1616231.019562
    -- MCMC Step: 05610000 	Time(s): 1620194.939008
    -- MCMC Step: 05620000 	Time(s): 1624141.941226
    -- MCMC Step: 05630000 	Time(s): 1628079.768956
    -- MCMC Step: 05640000 	Time(s): 1631992.785931
    -- MCMC Step: 05650000 	Time(s): 1635929.613966
    -- MCMC Step: 05660000 	Time(s): 1639830.210119
    -- MCMC Step: 05670000 	Time(s): 1643757.732131
    -- MCMC Step: 05680000 	Time(s): 1647674.665982
    -- MCMC Step: 05690000 	Time(s): 1651583.849969
    -- MCMC Step: 05700000 	Time(s): 1655518.086019
    -- MCMC Step: 05710000 	Time(s): 1659488.286304
    -- MCMC Step: 05720000 	Time(s): 1663443.004705
    -- MCMC Step: 05730000 	Time(s): 1667383.336935
    -- MCMC Step: 05740000 	Time(s): 1671274.865244
    -- MCMC Step: 05750000 	Time(s): 1675177.117383
    -- MCMC Step: 05760000 	Time(s): 1679000.878987
    -- MCMC Step: 05770000 	Time(s): 1682862.960989
    -- MCMC Step: 05780000 	Time(s): 1686739.219064
    -- MCMC Step: 05790000 	Time(s): 1690577.811369
    -- MCMC Step: 05800000 	Time(s): 1694350.197750
    -- MCMC Step: 05810000 	Time(s): 1698165.021745
    -- MCMC Step: 05820000 	Time(s): 1701976.935250
    -- MCMC Step: 05830000 	Time(s): 1705531.392287
    -- MCMC Step: 05840000 	Time(s): 1709067.403242
    -- MCMC Step: 05850000 	Time(s): 1712557.119406
    -- MCMC Step: 05860000 	Time(s): 1716079.288476
    -- MCMC Step: 05870000 	Time(s): 1719623.386626
    -- MCMC Step: 05880000 	Time(s): 1723086.546629
    -- MCMC Step: 05890000 	Time(s): 1726501.472639
    -- MCMC Step: 05900000 	Time(s): 1729906.667993
    -- MCMC Step: 05910000 	Time(s): 1733331.322786
    -- MCMC Step: 05920000 	Time(s): 1736824.837486
    -- MCMC Step: 05930000 	Time(s): 1740346.473045
    -- MCMC Step: 05940000 	Time(s): 1743878.984334
    -- MCMC Step: 05950000 	Time(s): 1747393.821955
    -- MCMC Step: 05960000 	Time(s): 1750882.898831
    -- MCMC Step: 05970000 	Time(s): 1754413.848649
    -- MCMC Step: 05980000 	Time(s): 1757912.318202
    -- MCMC Step: 05990000 	Time(s): 1761414.519191
    -- MCMC Step: 06000000 	Time(s): 1764932.037546
    -- MCMC Step: 06010000 	Time(s): 1768413.054221
    -- MCMC Step: 06020000 	Time(s): 1771684.368551
    -- MCMC Step: 06030000 	Time(s): 1774899.661922
    -- MCMC Step: 06040000 	Time(s): 1778071.081020
    -- MCMC Step: 06050000 	Time(s): 1781218.734727
    -- MCMC Step: 06060000 	Time(s): 1784299.702168
    -- MCMC Step: 06070000 	Time(s): 1787372.643616
    -- MCMC Step: 06080000 	Time(s): 1790453.041534
    -- MCMC Step: 06090000 	Time(s): 1793425.156815
    -- MCMC Step: 06100000 	Time(s): 1796370.418632
    -- MCMC Step: 06110000 	Time(s): 1799390.462619
    -- MCMC Step: 06120000 	Time(s): 1802539.256809
    -- MCMC Step: 06130000 	Time(s): 1805634.685891
    -- MCMC Step: 06140000 	Time(s): 1808668.237296
    -- MCMC Step: 06150000 	Time(s): 1811664.010465
    -- MCMC Step: 06160000 	Time(s): 1814691.027076
    -- MCMC Step: 06170000 	Time(s): 1817715.202365
    -- MCMC Step: 06180000 	Time(s): 1820782.167205
    -- MCMC Step: 06190000 	Time(s): 1823820.779253
    -- MCMC Step: 06200000 	Time(s): 1826846.024451
    -- MCMC Step: 06210000 	Time(s): 1829858.621099
    -- MCMC Step: 06220000 	Time(s): 1832880.918970
    -- MCMC Step: 06230000 	Time(s): 1835862.891694
    -- MCMC Step: 06240000 	Time(s): 1838866.484012
    -- MCMC Step: 06250000 	Time(s): 1841900.151932
    -- MCMC Step: 06260000 	Time(s): 1844910.831918
    -- MCMC Step: 06270000 	Time(s): 1847946.369543
    -- MCMC Step: 06280000 	Time(s): 1850973.044514
    -- MCMC Step: 06290000 	Time(s): 1854025.591704
    -- MCMC Step: 06300000 	Time(s): 1856939.655247
    -- MCMC Step: 06310000 	Time(s): 1859752.575685
    -- MCMC Step: 06320000 	Time(s): 1862403.765232
    -- MCMC Step: 06330000 	Time(s): 1864994.100699
    -- MCMC Step: 06340000 	Time(s): 1867594.195896
    -- MCMC Step: 06350000 	Time(s): 1870178.620390
    -- MCMC Step: 06360000 	Time(s): 1872762.319256
    -- MCMC Step: 06370000 	Time(s): 1875367.632431
    -- MCMC Step: 06380000 	Time(s): 1877982.424182
    -- MCMC Step: 06390000 	Time(s): 1880586.696074
    -- MCMC Step: 06400000 	Time(s): 1883306.627160
    -- MCMC Step: 06410000 	Time(s): 1886077.637487
    -- MCMC Step: 06420000 	Time(s): 1888760.396100
    -- MCMC Step: 06430000 	Time(s): 1891260.561377
    -- MCMC Step: 06440000 	Time(s): 1893810.514515
    -- MCMC Step: 06450000 	Time(s): 1896506.021922
    -- MCMC Step: 06460000 	Time(s): 1899366.777613
    -- MCMC Step: 06470000 	Time(s): 1902310.263600
    -- MCMC Step: 06480000 	Time(s): 1905285.193928
    -- MCMC Step: 06490000 	Time(s): 1908351.935694
    -- MCMC Step: 06500000 	Time(s): 1911484.789179
    -- MCMC Step: 06510000 	Time(s): 1914715.319711
    -- MCMC Step: 06520000 	Time(s): 1918024.939733
    -- MCMC Step: 06530000 	Time(s): 1921249.306796
    -- MCMC Step: 06540000 	Time(s): 1924611.847377
    -- MCMC Step: 06550000 	Time(s): 1927995.656068
    -- MCMC Step: 06560000 	Time(s): 1931249.837602
    -- MCMC Step: 06570000 	Time(s): 1934433.706228
    -- MCMC Step: 06580000 	Time(s): 1937737.389784
    -- MCMC Step: 06590000 	Time(s): 1941036.710644
    -- MCMC Step: 06600000 	Time(s): 1944418.724936
    -- MCMC Step: 06610000 	Time(s): 1947720.668649
    -- MCMC Step: 06620000 	Time(s): 1950999.927083
    -- MCMC Step: 06630000 	Time(s): 1954291.450055
    -- MCMC Step: 06640000 	Time(s): 1957587.247401
    -- MCMC Step: 06650000 	Time(s): 1960864.096536
    -- MCMC Step: 06660000 	Time(s): 1964207.972912
    -- MCMC Step: 06670000 	Time(s): 1967543.589556
    -- MCMC Step: 06680000 	Time(s): 1970873.345721
    -- MCMC Step: 06690000 	Time(s): 1974266.911119
    -- MCMC Step: 06700000 	Time(s): 1977620.220148
    -- MCMC Step: 06710000 	Time(s): 1980927.782876
    -- MCMC Step: 06720000 	Time(s): 1984079.886296
    -- MCMC Step: 06730000 	Time(s): 1987142.748053
    -- MCMC Step: 06740000 	Time(s): 1990249.968548
    -- MCMC Step: 06750000 	Time(s): 1993523.508491
    -- MCMC Step: 06760000 	Time(s): 1997078.268994
    -- MCMC Step: 06770000 	Time(s): 2000852.109900
    -- MCMC Step: 06780000 	Time(s): 2004682.668426
    -- MCMC Step: 06790000 	Time(s): 2008604.481363
    -- MCMC Step: 06800000 	Time(s): 2012501.385654
    -- MCMC Step: 06810000 	Time(s): 2016372.926291
    -- MCMC Step: 06820000 	Time(s): 2020343.600757
    -- MCMC Step: 06830000 	Time(s): 2024233.779830
    -- MCMC Step: 06840000 	Time(s): 2027943.179021
    -- MCMC Step: 06850000 	Time(s): 2031871.256151
    -- MCMC Step: 06860000 	Time(s): 2035826.088434
    -- MCMC Step: 06870000 	Time(s): 2039840.525567
    -- MCMC Step: 06880000 	Time(s): 2043822.053040
    -- MCMC Step: 06890000 	Time(s): 2047630.199159
    -- MCMC Step: 06900000 	Time(s): 2051374.446605
    -- MCMC Step: 06910000 	Time(s): 2055092.886225
    -- MCMC Step: 06920000 	Time(s): 2058762.850270
    -- MCMC Step: 06930000 	Time(s): 2062294.594981
    -- MCMC Step: 06940000 	Time(s): 2065635.908470
    -- MCMC Step: 06950000 	Time(s): 2069209.214349
    -- MCMC Step: 06960000 	Time(s): 2072660.705973
    -- MCMC Step: 06970000 	Time(s): 2076138.150469
    -- MCMC Step: 06980000 	Time(s): 2079746.928369
    -- MCMC Step: 06990000 	Time(s): 2083294.270535
    -- MCMC Step: 07000000 	Time(s): 2086803.782404
    -- MCMC Step: 07010000 	Time(s): 2090198.276413
    -- MCMC Step: 07020000 	Time(s): 2093874.521947
    -- MCMC Step: 07030000 	Time(s): 2097734.109087
    -- MCMC Step: 07040000 	Time(s): 2101526.688920
    -- MCMC Step: 07050000 	Time(s): 2105428.097505
    -- MCMC Step: 07060000 	Time(s): 2109204.813136
    -- MCMC Step: 07070000 	Time(s): 2113133.838068
    -- MCMC Step: 07080000 	Time(s): 2117025.138781
    -- MCMC Step: 07090000 	Time(s): 2120655.810657
    -- MCMC Step: 07100000 	Time(s): 2124197.287756
    -- MCMC Step: 07110000 	Time(s): 2127543.046668
    -- MCMC Step: 07120000 	Time(s): 2130884.003985
    -- MCMC Step: 07130000 	Time(s): 2134250.157958
    -- MCMC Step: 07140000 	Time(s): 2137586.116356
    -- MCMC Step: 07150000 	Time(s): 2140865.408507
    -- MCMC Step: 07160000 	Time(s): 2144127.012990
    -- MCMC Step: 07170000 	Time(s): 2147449.960886
    -- MCMC Step: 07180000 	Time(s): 2150732.502942
    -- MCMC Step: 07190000 	Time(s): 2153959.961820
    -- MCMC Step: 07200000 	Time(s): 2157739.187001
    -- MCMC Step: 07210000 	Time(s): 2162155.612552
    -- MCMC Step: 07220000 	Time(s): 2166721.596632
    -- MCMC Step: 07230000 	Time(s): 2171247.840944
    -- MCMC Step: 07240000 	Time(s): 2175750.379849
    -- MCMC Step: 07250000 	Time(s): 2180115.019062
    -- MCMC Step: 07260000 	Time(s): 2184465.745621
    -- MCMC Step: 07270000 	Time(s): 2188710.598343
    -- MCMC Step: 07280000 	Time(s): 2193160.882394
    -- MCMC Step: 07290000 	Time(s): 2197741.505951
    -- MCMC Step: 07300000 	Time(s): 2202326.362305
    -- MCMC Step: 07310000 	Time(s): 2206857.952123
    -- MCMC Step: 07320000 	Time(s): 2211408.134195
    -- MCMC Step: 07330000 	Time(s): 2215888.904448
    -- MCMC Step: 07340000 	Time(s): 2220107.206424
    -- MCMC Step: 07350000 	Time(s): 2224273.289756
    -- MCMC Step: 07360000 	Time(s): 2228411.319772
    -- MCMC Step: 07370000 	Time(s): 2232544.343020
    -- MCMC Step: 07380000 	Time(s): 2236417.922571
    -- MCMC Step: 07390000 	Time(s): 2240588.939570
    -- MCMC Step: 07400000 	Time(s): 2244728.941966
    -- MCMC Step: 07410000 	Time(s): 2248972.111612
    -- MCMC Step: 07420000 	Time(s): 2253210.580548
    -- MCMC Step: 07430000 	Time(s): 2257492.638371
    -- MCMC Step: 07440000 	Time(s): 2261772.631698
    -- MCMC Step: 07450000 	Time(s): 2266038.452681
    -- MCMC Step: 07460000 	Time(s): 2270270.235914
    -- MCMC Step: 07470000 	Time(s): 2274559.965691
    -- MCMC Step: 07480000 	Time(s): 2278867.381855
    -- MCMC Step: 07490000 	Time(s): 2283063.953439
    -- MCMC Step: 07500000 	Time(s): 2287246.634419
    -- MCMC Step: 07510000 	Time(s): 2291416.780512
    -- MCMC Step: 07520000 	Time(s): 2295549.698187
    -- MCMC Step: 07530000 	Time(s): 2299504.191197
    -- MCMC Step: 07540000 	Time(s): 2303337.311225
    -- MCMC Step: 07550000 	Time(s): 2307214.023069
    -- MCMC Step: 07560000 	Time(s): 2311081.928912
    -- MCMC Step: 07570000 	Time(s): 2314947.442792
    -- MCMC Step: 07580000 	Time(s): 2318801.702802
    -- MCMC Step: 07590000 	Time(s): 2322671.392036
    -- MCMC Step: 07600000 	Time(s): 2326530.483250
    -- MCMC Step: 07610000 	Time(s): 2330402.480875
    -- MCMC Step: 07620000 	Time(s): 2334328.162122
    -- MCMC Step: 07630000 	Time(s): 2338165.122017
    -- MCMC Step: 07640000 	Time(s): 2342138.118703
    -- MCMC Step: 07650000 	Time(s): 2346114.293682
    -- MCMC Step: 07660000 	Time(s): 2350103.040644
    -- MCMC Step: 07670000 	Time(s): 2353988.493624
    -- MCMC Step: 07680000 	Time(s): 2357892.554482
    -- MCMC Step: 07690000 	Time(s): 2361679.618346
    -- MCMC Step: 07700000 	Time(s): 2365534.134556
    -- MCMC Step: 07710000 	Time(s): 2369310.424256
    -- MCMC Step: 07720000 	Time(s): 2373022.606535
    -- MCMC Step: 07730000 	Time(s): 2376657.548997
    -- MCMC Step: 07740000 	Time(s): 2380260.531921
    -- MCMC Step: 07750000 	Time(s): 2383777.591125
    -- MCMC Step: 07760000 	Time(s): 2387271.382701
    -- MCMC Step: 07770000 	Time(s): 2390617.675266
    -- MCMC Step: 07780000 	Time(s): 2393982.731369
    -- MCMC Step: 07790000 	Time(s): 2397025.502251
    -- MCMC Step: 07800000 	Time(s): 2400332.525736
    -- MCMC Step: 07810000 	Time(s): 2403654.671280
    -- MCMC Step: 07820000 	Time(s): 2406931.181561
    -- MCMC Step: 07830000 	Time(s): 2409994.758074
    -- MCMC Step: 07840000 	Time(s): 2413085.044695
    -- MCMC Step: 07850000 	Time(s): 2415722.747958
    -- MCMC Step: 07860000 	Time(s): 2418952.225074
    -- MCMC Step: 07870000 	Time(s): 2422213.248094
    -- MCMC Step: 07880000 	Time(s): 2425322.396949
    -- MCMC Step: 07890000 	Time(s): 2428460.946429
    -- MCMC Step: 07900000 	Time(s): 2431649.559560
    -- MCMC Step: 07910000 	Time(s): 2434907.359401
    -- MCMC Step: 07920000 	Time(s): 2438554.232721
    -- MCMC Step: 07930000 	Time(s): 2442408.387182
    -- MCMC Step: 07940000 	Time(s): 2446279.337662
    -- MCMC Step: 07950000 	Time(s): 2450319.427056
    -- MCMC Step: 07960000 	Time(s): 2454259.629379
    -- MCMC Step: 07970000 	Time(s): 2458188.542094
    -- MCMC Step: 07980000 	Time(s): 2462198.024570
    -- MCMC Step: 07990000 	Time(s): 2466277.051894
    -- MCMC Step: 08000000 	Time(s): 2470327.568734
    -- MCMC Step: 08010000 	Time(s): 2474298.088571
    -- MCMC Step: 08020000 	Time(s): 2478323.932162
    -- MCMC Step: 08030000 	Time(s): 2481710.954340
    -- MCMC Step: 08040000 	Time(s): 2484906.425634
    -- MCMC Step: 08050000 	Time(s): 2488098.714166
    -- MCMC Step: 08060000 	Time(s): 2491274.581065
    -- MCMC Step: 08070000 	Time(s): 2494777.427254
    -- MCMC Step: 08080000 	Time(s): 2498679.011792
    -- MCMC Step: 08090000 	Time(s): 2502581.453490
    -- MCMC Step: 08100000 	Time(s): 2507091.462308
    -- MCMC Step: 08110000 	Time(s): 2511250.015207
    -- MCMC Step: 08120000 	Time(s): 2515547.193274
    -- MCMC Step: 08130000 	Time(s): 2520820.064260
    -- MCMC Step: 08140000 	Time(s): 2525873.283176
    -- MCMC Step: 08150000 	Time(s): 2531976.317890
    -- MCMC Step: 08160000 	Time(s): 2537163.080909
    -- MCMC Step: 08170000 	Time(s): 2542056.570731
    -- MCMC Step: 08180000 	Time(s): 2547188.769631
    -- MCMC Step: 08190000 	Time(s): 2552116.988104
    -- MCMC Step: 08200000 	Time(s): 2556760.223772
    -- MCMC Step: 08210000 	Time(s): 2561162.424872
    -- MCMC Step: 08220000 	Time(s): 2565503.919740
    -- MCMC Step: 08230000 	Time(s): 2569629.705444
    -- MCMC Step: 08240000 	Time(s): 2573757.932924
    -- MCMC Step: 08250000 	Time(s): 2577922.332082
    -- MCMC Step: 08260000 	Time(s): 2582122.709079
    -- MCMC Step: 08270000 	Time(s): 2586541.791754
    -- MCMC Step: 08280000 	Time(s): 2590983.615545
    -- MCMC Step: 08290000 	Time(s): 2598471.746301
    -- MCMC Step: 08300000 	Time(s): 2606066.740456
    -- MCMC Step: 08310000 	Time(s): 2613109.206714
    -- MCMC Step: 08320000 	Time(s): 2620145.783032
    -- MCMC Step: 08330000 	Time(s): 2626892.942923
    -- MCMC Step: 08340000 	Time(s): 2633653.698084
    -- MCMC Step: 08350000 	Time(s): 2640069.942234
    -- MCMC Step: 08360000 	Time(s): 2646555.692514
    -- MCMC Step: 08370000 	Time(s): 2653020.336030
    -- MCMC Step: 08380000 	Time(s): 2658947.595634
    -- MCMC Step: 08390000 	Time(s): 2664282.685173
    -- MCMC Step: 08400000 	Time(s): 2671400.684584
    -- MCMC Step: 08410000 	Time(s): 2678297.559490
    -- MCMC Step: 08420000 	Time(s): 2684638.233665
    -- MCMC Step: 08430000 	Time(s): 2690468.965319
    -- MCMC Step: 08440000 	Time(s): 2695374.505839
    -- MCMC Step: 08450000 	Time(s): 2700401.044183
    -- MCMC Step: 08460000 	Time(s): 2705291.709927
    -- MCMC Step: 08470000 	Time(s): 2710273.952381
    -- MCMC Step: 08480000 	Time(s): 2714868.730494
    -- MCMC Step: 08490000 	Time(s): 2719458.929747
    -- MCMC Step: 08500000 	Time(s): 2723826.550788
    -- MCMC Step: 08510000 	Time(s): 2728046.037181
    -- MCMC Step: 08520000 	Time(s): 2731929.467745
    -- MCMC Step: 08530000 	Time(s): 2735810.449791
    -- MCMC Step: 08540000 	Time(s): 2739575.008763
    -- MCMC Step: 08550000 	Time(s): 2743087.038027
    -- MCMC Step: 08560000 	Time(s): 2746562.339478
    -- MCMC Step: 08570000 	Time(s): 2750193.661896
    -- MCMC Step: 08580000 	Time(s): 2754856.311214
    -- MCMC Step: 08590000 	Time(s): 2759859.185972
    -- MCMC Step: 08600000 	Time(s): 2764499.263627
    -- MCMC Step: 08610000 	Time(s): 2769186.417789
    -- MCMC Step: 08620000 	Time(s): 2774315.383311
    -- MCMC Step: 08630000 	Time(s): 2779524.798456
    -- MCMC Step: 08640000 	Time(s): 2784616.868121
    -- MCMC Step: 08650000 	Time(s): 2789712.385524
    -- MCMC Step: 08660000 	Time(s): 2794788.544914
    -- MCMC Step: 08670000 	Time(s): 2799792.892313
    -- MCMC Step: 08680000 	Time(s): 2804749.997806
    -- MCMC Step: 08690000 	Time(s): 2809302.023019
    -- MCMC Step: 08700000 	Time(s): 2813833.419612
    -- MCMC Step: 08710000 	Time(s): 2818154.854856
    -- MCMC Step: 08720000 	Time(s): 2822410.883673
    -- MCMC Step: 08730000 	Time(s): 2826530.177862
    -- MCMC Step: 08740000 	Time(s): 2830674.498948
    -- MCMC Step: 08750000 	Time(s): 2834688.308898
    -- MCMC Step: 08760000 	Time(s): 2838739.652953
    -- MCMC Step: 08770000 	Time(s): 2842769.148597
    -- MCMC Step: 08780000 	Time(s): 2846857.431809
    -- MCMC Step: 08790000 	Time(s): 2850976.981098
    -- MCMC Step: 08800000 	Time(s): 2855051.842994
    -- MCMC Step: 08810000 	Time(s): 2859361.636953
    -- MCMC Step: 08820000 	Time(s): 2863823.985785
    -- MCMC Step: 08830000 	Time(s): 2868076.212502
    -- MCMC Step: 08840000 	Time(s): 2872343.011631
    -- MCMC Step: 08850000 	Time(s): 2876744.298252
    -- MCMC Step: 08860000 	Time(s): 2881052.587620
    -- MCMC Step: 08870000 	Time(s): 2885250.417497
    -- MCMC Step: 08880000 	Time(s): 2889632.676617
    -- MCMC Step: 08890000 	Time(s): 2893965.185580
    -- MCMC Step: 08900000 	Time(s): 2898176.299257
    -- MCMC Step: 08910000 	Time(s): 2902275.165566
    -- MCMC Step: 08920000 	Time(s): 2906359.298148
    -- MCMC Step: 08930000 	Time(s): 2910411.499083
    -- MCMC Step: 08940000 	Time(s): 2914561.106625
    -- MCMC Step: 08950000 	Time(s): 2918711.386577
    -- MCMC Step: 08960000 	Time(s): 2922826.455681
    -- MCMC Step: 08970000 	Time(s): 2926995.770638
    -- MCMC Step: 08980000 	Time(s): 2931165.159092
    -- MCMC Step: 08990000 	Time(s): 2935359.877343
    -- MCMC Step: 09000000 	Time(s): 2939519.882885
    -- MCMC Step: 09010000 	Time(s): 2943699.375875
    -- MCMC Step: 09020000 	Time(s): 2947803.030498
    -- MCMC Step: 09030000 	Time(s): 2951913.790779
    -- MCMC Step: 09040000 	Time(s): 2956100.201229
    -- MCMC Step: 09050000 	Time(s): 2960183.568941
    -- MCMC Step: 09060000 	Time(s): 2964233.094460
    -- MCMC Step: 09070000 	Time(s): 2968370.301207
    -- MCMC Step: 09080000 	Time(s): 2972527.244710
    -- MCMC Step: 09090000 	Time(s): 2976696.053509
    -- MCMC Step: 09100000 	Time(s): 2980902.707531
    -- MCMC Step: 09110000 	Time(s): 2985038.555099
    -- MCMC Step: 09120000 	Time(s): 2989203.850246
    -- MCMC Step: 09130000 	Time(s): 2993391.539115
    -- MCMC Step: 09140000 	Time(s): 2997590.369332
    -- MCMC Step: 09150000 	Time(s): 3001759.372337
    -- MCMC Step: 09160000 	Time(s): 3005916.140586
    -- MCMC Step: 09170000 	Time(s): 3010124.182082
    -- MCMC Step: 09180000 	Time(s): 3014320.911632
    -- MCMC Step: 09190000 	Time(s): 3018506.630898
    -- MCMC Step: 09200000 	Time(s): 3022842.398977
    -- MCMC Step: 09210000 	Time(s): 3027218.369991
    -- MCMC Step: 09220000 	Time(s): 3031585.139061
    -- MCMC Step: 09230000 	Time(s): 3035999.068338
    -- MCMC Step: 09240000 	Time(s): 3040447.582264
    -- MCMC Step: 09250000 	Time(s): 3044713.718481
    -- MCMC Step: 09260000 	Time(s): 3049014.191533
    -- MCMC Step: 09270000 	Time(s): 3053241.409383
    -- MCMC Step: 09280000 	Time(s): 3057352.816844
    -- MCMC Step: 09290000 	Time(s): 3060898.426345
    -- MCMC Step: 09300000 	Time(s): 3064399.812112
    -- MCMC Step: 09310000 	Time(s): 3067855.911766
    -- MCMC Step: 09320000 	Time(s): 3071313.879266
    -- MCMC Step: 09330000 	Time(s): 3074764.162013
    -- MCMC Step: 09340000 	Time(s): 3078225.950068
    -- MCMC Step: 09350000 	Time(s): 3081670.961132
    -- MCMC Step: 09360000 	Time(s): 3085138.706507
    -- MCMC Step: 09370000 	Time(s): 3088603.044506
    -- MCMC Step: 09380000 	Time(s): 3092089.123165
    -- MCMC Step: 09390000 	Time(s): 3095571.040128
    -- MCMC Step: 09400000 	Time(s): 3099054.386792
    -- MCMC Step: 09410000 	Time(s): 3102558.568335
    -- MCMC Step: 09420000 	Time(s): 3106097.176051
    -- MCMC Step: 09430000 	Time(s): 3110761.555001
    -- MCMC Step: 09440000 	Time(s): 3114369.499326
    -- MCMC Step: 09450000 	Time(s): 3117848.165355
    -- MCMC Step: 09460000 	Time(s): 3121155.828719
    -- MCMC Step: 09470000 	Time(s): 3124435.777416
    -- MCMC Step: 09480000 	Time(s): 3127823.118085
    -- MCMC Step: 09490000 	Time(s): 3131219.640849
    -- MCMC Step: 09500000 	Time(s): 3134636.131922
    -- MCMC Step: 09510000 	Time(s): 3137953.944288
    -- MCMC Step: 09520000 	Time(s): 3141247.986509
    -- MCMC Step: 09530000 	Time(s): 3144568.400971
    -- MCMC Step: 09540000 	Time(s): 3147880.416153
    -- MCMC Step: 09550000 	Time(s): 3151120.098552
    -- MCMC Step: 09560000 	Time(s): 3154308.233526
    -- MCMC Step: 09570000 	Time(s): 3157344.983880
    -- MCMC Step: 09580000 	Time(s): 3160374.084154
    -- MCMC Step: 09590000 	Time(s): 3163402.744601
    -- MCMC Step: 09600000 	Time(s): 3166418.667190
    -- MCMC Step: 09610000 	Time(s): 3169506.899402
    -- MCMC Step: 09620000 	Time(s): 3172657.202822
    -- MCMC Step: 09630000 	Time(s): 3175804.133847
    -- MCMC Step: 09640000 	Time(s): 3178924.333114
    -- MCMC Step: 09650000 	Time(s): 3182022.350012
    -- MCMC Step: 09660000 	Time(s): 3184984.052830
    -- MCMC Step: 09670000 	Time(s): 3188004.634153
    -- MCMC Step: 09680000 	Time(s): 3191489.614596
    -- MCMC Step: 09690000 	Time(s): 3195634.208376
    -- MCMC Step: 09700000 	Time(s): 3199814.822553
    -- MCMC Step: 09710000 	Time(s): 3204040.285265
    -- MCMC Step: 09720000 	Time(s): 3208320.092891
    -- MCMC Step: 09730000 	Time(s): 3212796.352900
    -- MCMC Step: 09740000 	Time(s): 3217352.751953
    -- MCMC Step: 09750000 	Time(s): 3221935.916902
    -- MCMC Step: 09760000 	Time(s): 3226601.648431
    -- MCMC Step: 09770000 	Time(s): 3231275.964292
    -- MCMC Step: 09780000 	Time(s): 3235836.105696
    -- MCMC Step: 09790000 	Time(s): 3240292.982377
    -- MCMC Step: 09800000 	Time(s): 3244749.872900
    -- MCMC Step: 09810000 	Time(s): 3249229.052614
    -- MCMC Step: 09820000 	Time(s): 3253744.532638
    -- MCMC Step: 09830000 	Time(s): 3258279.273577
    -- MCMC Step: 09840000 	Time(s): 3262845.658986
    -- MCMC Step: 09850000 	Time(s): 3267532.566152
    -- MCMC Step: 09860000 	Time(s): 3272198.296595
    -- MCMC Step: 09870000 	Time(s): 3276895.129052
    -- MCMC Step: 09880000 	Time(s): 3281605.552446
    -- MCMC Step: 09890000 	Time(s): 3286371.058524
    -- MCMC Step: 09900000 	Time(s): 3290887.735129
    -- MCMC Step: 09910000 	Time(s): 3296190.970898
    -- MCMC Step: 09920000 	Time(s): 3301398.910787
    -- MCMC Step: 09930000 	Time(s): 3306517.343014
    -- MCMC Step: 09940000 	Time(s): 3311483.974098
    -- MCMC Step: 09950000 	Time(s): 3316492.386882
    -- MCMC Step: 09960000 	Time(s): 3321561.203329
    -- MCMC Step: 09970000 	Time(s): 3326490.155684
    -- MCMC Step: 09980000 	Time(s): 3331522.664442
    -- MCMC Step: 09990000 	Time(s): 3336515.407397
    -- MCMC Step: 10000000 	Time(s): 3341473.180669
  Saving final MCMC simulation data ...
****************************************
Done successfully!
Cumulative number of energy calculations: 10000002
Elapsed time: 3341480.09049654 seconds
Finished on: 2023-10-26 18:51:35.709928
