Executed on: 2023-09-26 01:12:47.060511
PFP client version: 1.11.0
Model version: v3.0.0
Calculation mode: CRYSTAL_PLUS_D3
Method type: PFVM
****************************************
Examining NCM523 ...
  Importing initial (known) stable/unstable structures ...
    Supercell size: 5 × 4 × 1
    Number of atoms (perfect): 240
    Cell parameters (a, b, c): 2.880780, 2.890300, 14.150000
    Structural parameter range (min, max): 0.000000, 0.500000
    Number of discrete structural parameters: 60
    Structural parameter spacing: 0.008475
  Importing energies and 1-D DOS from previous WL simlation ...
    Energy range (min, max): -1083.319505, -1068.137526
    Number of energy states: 60
    Energy spacing (eV): 0.257322
  Performing multicanonical Monte Carlo (MCMC) sampling ...
    Number of NNP-neighbors: 11400
    Maximum number of Monte Carlo steps: 10000000
    Trial move style: swap
    -- MCMC Step: 00000000 	Time(s): 0.588326
    -- MCMC Step: 00010000 	Time(s): 1974.550949
    -- MCMC Step: 00020000 	Time(s): 4184.751231
    -- MCMC Step: 00030000 	Time(s): 6315.554701
    -- MCMC Step: 00040000 	Time(s): 8453.038829
    -- MCMC Step: 00050000 	Time(s): 10797.873591
    -- MCMC Step: 00060000 	Time(s): 14137.470357
    -- MCMC Step: 00070000 	Time(s): 17483.096706
    -- MCMC Step: 00080000 	Time(s): 21040.150112
    -- MCMC Step: 00090000 	Time(s): 24618.219990
    -- MCMC Step: 00100000 	Time(s): 28109.012486
    -- MCMC Step: 00110000 	Time(s): 31466.057899
    -- MCMC Step: 00120000 	Time(s): 34806.489716
    -- MCMC Step: 00130000 	Time(s): 38196.752805
    -- MCMC Step: 00140000 	Time(s): 41540.272887
    -- MCMC Step: 00150000 	Time(s): 44853.493776
    -- MCMC Step: 00160000 	Time(s): 48200.439716
    -- MCMC Step: 00170000 	Time(s): 51565.314091
    -- MCMC Step: 00180000 	Time(s): 54969.127299
    -- MCMC Step: 00190000 	Time(s): 58390.741614
    -- MCMC Step: 00200000 	Time(s): 61832.787867
    -- MCMC Step: 00210000 	Time(s): 65265.763894
    -- MCMC Step: 00220000 	Time(s): 68752.761656
    -- MCMC Step: 00230000 	Time(s): 72203.618597
    -- MCMC Step: 00240000 	Time(s): 75610.297241
    -- MCMC Step: 00250000 	Time(s): 78921.388638
    -- MCMC Step: 00260000 	Time(s): 82364.983855
    -- MCMC Step: 00270000 	Time(s): 86165.910522
    -- MCMC Step: 00280000 	Time(s): 90209.698390
    -- MCMC Step: 00290000 	Time(s): 94091.934685
    -- MCMC Step: 00300000 	Time(s): 98149.884587
    -- MCMC Step: 00310000 	Time(s): 102251.125884
    -- MCMC Step: 00320000 	Time(s): 106388.757460
    -- MCMC Step: 00330000 	Time(s): 110733.304410
    -- MCMC Step: 00340000 	Time(s): 115149.884361
    -- MCMC Step: 00350000 	Time(s): 119780.074373
    -- MCMC Step: 00360000 	Time(s): 124497.184903
    -- MCMC Step: 00370000 	Time(s): 129226.309585
    -- MCMC Step: 00380000 	Time(s): 133997.411007
    -- MCMC Step: 00390000 	Time(s): 138680.080544
    -- MCMC Step: 00400000 	Time(s): 143409.769503
    -- MCMC Step: 00410000 	Time(s): 148117.026079
    -- MCMC Step: 00420000 	Time(s): 152879.411516
    -- MCMC Step: 00430000 	Time(s): 157603.003276
    -- MCMC Step: 00440000 	Time(s): 162257.699223
    -- MCMC Step: 00450000 	Time(s): 166948.164227
    -- MCMC Step: 00460000 	Time(s): 171598.878458
    -- MCMC Step: 00470000 	Time(s): 176154.668811
    -- MCMC Step: 00480000 	Time(s): 180690.047134
    -- MCMC Step: 00490000 	Time(s): 185168.856372
    -- MCMC Step: 00500000 	Time(s): 189580.779209
    -- MCMC Step: 00510000 	Time(s): 194114.315887
    -- MCMC Step: 00520000 	Time(s): 198608.122515
    -- MCMC Step: 00530000 	Time(s): 203138.555769
    -- MCMC Step: 00540000 	Time(s): 207809.537553
    -- MCMC Step: 00550000 	Time(s): 212341.224756
    -- MCMC Step: 00560000 	Time(s): 216839.467707
    -- MCMC Step: 00570000 	Time(s): 221392.692427
    -- MCMC Step: 00580000 	Time(s): 225929.012885
    -- MCMC Step: 00590000 	Time(s): 230556.505955
    -- MCMC Step: 00600000 	Time(s): 235166.194208
    -- MCMC Step: 00610000 	Time(s): 239830.461478
    -- MCMC Step: 00620000 	Time(s): 244470.599228
    -- MCMC Step: 00630000 	Time(s): 249115.982678
    -- MCMC Step: 00640000 	Time(s): 253865.093071
    -- MCMC Step: 00650000 	Time(s): 258568.747677
    -- MCMC Step: 00660000 	Time(s): 263026.713967
    -- MCMC Step: 00670000 	Time(s): 267320.532614
    -- MCMC Step: 00680000 	Time(s): 271749.934659
    -- MCMC Step: 00690000 	Time(s): 276241.852975
    -- MCMC Step: 00700000 	Time(s): 280670.145438
    -- MCMC Step: 00710000 	Time(s): 285329.194437
    -- MCMC Step: 00720000 	Time(s): 290004.142918
    -- MCMC Step: 00730000 	Time(s): 294618.863015
    -- MCMC Step: 00740000 	Time(s): 299329.350012
    -- MCMC Step: 00750000 	Time(s): 303928.729182
    -- MCMC Step: 00760000 	Time(s): 308470.170119
    -- MCMC Step: 00770000 	Time(s): 313061.333328
    -- MCMC Step: 00780000 	Time(s): 317581.125133
    -- MCMC Step: 00790000 	Time(s): 322106.150555
    -- MCMC Step: 00800000 	Time(s): 326758.695961
    -- MCMC Step: 00810000 	Time(s): 331330.902963
    -- MCMC Step: 00820000 	Time(s): 335911.343996
    -- MCMC Step: 00830000 	Time(s): 340449.557511
    -- MCMC Step: 00840000 	Time(s): 344867.364645
    -- MCMC Step: 00850000 	Time(s): 349139.967975
    -- MCMC Step: 00860000 	Time(s): 353306.600657
    -- MCMC Step: 00870000 	Time(s): 357402.641041
    -- MCMC Step: 00880000 	Time(s): 361532.912424
    -- MCMC Step: 00890000 	Time(s): 365630.823749
    -- MCMC Step: 00900000 	Time(s): 369722.510231
    -- MCMC Step: 00910000 	Time(s): 373836.277961
    -- MCMC Step: 00920000 	Time(s): 378008.758923
    -- MCMC Step: 00930000 	Time(s): 382145.927089
    -- MCMC Step: 00940000 	Time(s): 386260.906953
    -- MCMC Step: 00950000 	Time(s): 390378.204845
    -- MCMC Step: 00960000 	Time(s): 394456.055678
    -- MCMC Step: 00970000 	Time(s): 398594.836739
    -- MCMC Step: 00980000 	Time(s): 402807.252202
    -- MCMC Step: 00990000 	Time(s): 406913.080860
    -- MCMC Step: 01000000 	Time(s): 410951.517542
    -- MCMC Step: 01010000 	Time(s): 414325.956440
    -- MCMC Step: 01020000 	Time(s): 417487.497891
    -- MCMC Step: 01030000 	Time(s): 421349.001453
    -- MCMC Step: 01040000 	Time(s): 425261.638032
    -- MCMC Step: 01050000 	Time(s): 429122.290745
    -- MCMC Step: 01060000 	Time(s): 433114.792615
    -- MCMC Step: 01070000 	Time(s): 437257.731355
    -- MCMC Step: 01080000 	Time(s): 441514.734919
    -- MCMC Step: 01090000 	Time(s): 445771.187749
    -- MCMC Step: 01100000 	Time(s): 450060.048733
    -- MCMC Step: 01110000 	Time(s): 454331.661301
    -- MCMC Step: 01120000 	Time(s): 458619.197281
    -- MCMC Step: 01130000 	Time(s): 462875.446011
    -- MCMC Step: 01140000 	Time(s): 467148.134035
    -- MCMC Step: 01150000 	Time(s): 471456.793738
    -- MCMC Step: 01160000 	Time(s): 475760.366313
    -- MCMC Step: 01170000 	Time(s): 480030.277645
    -- MCMC Step: 01180000 	Time(s): 484316.599200
    -- MCMC Step: 01190000 	Time(s): 488640.753208
    -- MCMC Step: 01200000 	Time(s): 492875.269079
    -- MCMC Step: 01210000 	Time(s): 497149.323425
    -- MCMC Step: 01220000 	Time(s): 501387.039012
    -- MCMC Step: 01230000 	Time(s): 505613.761036
    -- MCMC Step: 01240000 	Time(s): 509765.453529
    -- MCMC Step: 01250000 	Time(s): 513782.850515
    -- MCMC Step: 01260000 	Time(s): 517896.419317
    -- MCMC Step: 01270000 	Time(s): 522165.571084
    -- MCMC Step: 01280000 	Time(s): 526260.752193
    -- MCMC Step: 01290000 	Time(s): 530443.399248
    -- MCMC Step: 01300000 	Time(s): 534650.484712
    -- MCMC Step: 01310000 	Time(s): 538775.109794
    -- MCMC Step: 01320000 	Time(s): 542950.113612
    -- MCMC Step: 01330000 	Time(s): 547613.504925
    -- MCMC Step: 01340000 	Time(s): 552464.422950
    -- MCMC Step: 01350000 	Time(s): 557413.267292
    -- MCMC Step: 01360000 	Time(s): 562253.157292
    -- MCMC Step: 01370000 	Time(s): 567107.357208
    -- MCMC Step: 01380000 	Time(s): 571918.924915
    -- MCMC Step: 01390000 	Time(s): 576652.328120
    -- MCMC Step: 01400000 	Time(s): 581320.996753
    -- MCMC Step: 01410000 	Time(s): 586198.833701
    -- MCMC Step: 01420000 	Time(s): 591166.492714
    -- MCMC Step: 01430000 	Time(s): 596307.679248
    -- MCMC Step: 01440000 	Time(s): 600854.517656
    -- MCMC Step: 01450000 	Time(s): 605397.395917
    -- MCMC Step: 01460000 	Time(s): 609670.738656
    -- MCMC Step: 01470000 	Time(s): 613849.781283
    -- MCMC Step: 01480000 	Time(s): 618368.843213
    -- MCMC Step: 01490000 	Time(s): 622572.365195
    -- MCMC Step: 01500000 	Time(s): 626932.510762
    -- MCMC Step: 01510000 	Time(s): 631636.470645
    -- MCMC Step: 01520000 	Time(s): 636228.518203
    -- MCMC Step: 01530000 	Time(s): 640890.532514
    -- MCMC Step: 01540000 	Time(s): 645578.150212
    -- MCMC Step: 01550000 	Time(s): 650283.778749
    -- MCMC Step: 01560000 	Time(s): 655040.665374
    -- MCMC Step: 01570000 	Time(s): 659693.728755
    -- MCMC Step: 01580000 	Time(s): 664075.550881
    -- MCMC Step: 01590000 	Time(s): 668398.219170
    -- MCMC Step: 01600000 	Time(s): 672627.092884
    -- MCMC Step: 01610000 	Time(s): 676798.581153
    -- MCMC Step: 01620000 	Time(s): 680757.848153
    -- MCMC Step: 01630000 	Time(s): 684697.669468
    -- MCMC Step: 01640000 	Time(s): 688841.579145
    -- MCMC Step: 01650000 	Time(s): 693119.695718
    -- MCMC Step: 01660000 	Time(s): 697007.012906
    -- MCMC Step: 01670000 	Time(s): 701317.387891
    -- MCMC Step: 01680000 	Time(s): 705591.921830
    -- MCMC Step: 01690000 	Time(s): 709685.377172
    -- MCMC Step: 01700000 	Time(s): 713829.754161
    -- MCMC Step: 01710000 	Time(s): 718139.250616
    -- MCMC Step: 01720000 	Time(s): 722227.810756
    -- MCMC Step: 01730000 	Time(s): 726784.847815
    -- MCMC Step: 01740000 	Time(s): 731631.739180
    -- MCMC Step: 01750000 	Time(s): 736421.103050
    -- MCMC Step: 01760000 	Time(s): 741022.441091
    -- MCMC Step: 01770000 	Time(s): 745533.078378
    -- MCMC Step: 01780000 	Time(s): 750007.029621
    -- MCMC Step: 01790000 	Time(s): 754133.692429
    -- MCMC Step: 01800000 	Time(s): 758231.366568
    -- MCMC Step: 01810000 	Time(s): 762357.831000
    -- MCMC Step: 01820000 	Time(s): 766467.355996
    -- MCMC Step: 01830000 	Time(s): 770447.263514
    -- MCMC Step: 01840000 	Time(s): 774513.550761
    -- MCMC Step: 01850000 	Time(s): 778175.758631
    -- MCMC Step: 01860000 	Time(s): 781606.956452
    -- MCMC Step: 01870000 	Time(s): 785254.705805
    -- MCMC Step: 01880000 	Time(s): 788793.245043
    -- MCMC Step: 01890000 	Time(s): 792458.729510
    -- MCMC Step: 01900000 	Time(s): 796308.917779
    -- MCMC Step: 01910000 	Time(s): 800210.455837
    -- MCMC Step: 01920000 	Time(s): 804037.522543
    -- MCMC Step: 01930000 	Time(s): 808014.740802
    -- MCMC Step: 01940000 	Time(s): 812002.538487
    -- MCMC Step: 01950000 	Time(s): 815994.599270
    -- MCMC Step: 01960000 	Time(s): 819884.432549
    -- MCMC Step: 01970000 	Time(s): 823747.081800
    -- MCMC Step: 01980000 	Time(s): 827564.205495
    -- MCMC Step: 01990000 	Time(s): 831409.947276
    -- MCMC Step: 02000000 	Time(s): 835258.531653
    -- MCMC Step: 02010000 	Time(s): 839090.053068
    -- MCMC Step: 02020000 	Time(s): 842949.486025
    -- MCMC Step: 02030000 	Time(s): 846800.865003
    -- MCMC Step: 02040000 	Time(s): 850653.231315
    -- MCMC Step: 02050000 	Time(s): 854411.120162
    -- MCMC Step: 02060000 	Time(s): 858096.372787
    -- MCMC Step: 02070000 	Time(s): 862036.351206
    -- MCMC Step: 02080000 	Time(s): 865797.414665
    -- MCMC Step: 02090000 	Time(s): 868822.983377
    -- MCMC Step: 02100000 	Time(s): 872255.769400
    -- MCMC Step: 02110000 	Time(s): 875675.371107
    -- MCMC Step: 02120000 	Time(s): 878900.229648
    -- MCMC Step: 02130000 	Time(s): 881989.754576
    -- MCMC Step: 02140000 	Time(s): 885271.377117
    -- MCMC Step: 02150000 	Time(s): 888528.467181
    -- MCMC Step: 02160000 	Time(s): 891821.826203
    -- MCMC Step: 02170000 	Time(s): 895061.147420
    -- MCMC Step: 02180000 	Time(s): 898794.722175
    -- MCMC Step: 02190000 	Time(s): 902557.088440
    -- MCMC Step: 02200000 	Time(s): 906396.271262
    -- MCMC Step: 02210000 	Time(s): 910258.489154
    -- MCMC Step: 02220000 	Time(s): 914172.064526
    -- MCMC Step: 02230000 	Time(s): 918025.274704
    -- MCMC Step: 02240000 	Time(s): 921903.550479
    -- MCMC Step: 02250000 	Time(s): 925844.165064
    -- MCMC Step: 02260000 	Time(s): 929760.032236
    -- MCMC Step: 02270000 	Time(s): 933750.363443
    -- MCMC Step: 02280000 	Time(s): 937693.885770
    -- MCMC Step: 02290000 	Time(s): 941628.517383
    -- MCMC Step: 02300000 	Time(s): 945555.517648
    -- MCMC Step: 02310000 	Time(s): 949478.943675
    -- MCMC Step: 02320000 	Time(s): 953381.111965
    -- MCMC Step: 02330000 	Time(s): 957302.519301
    -- MCMC Step: 02340000 	Time(s): 961226.121827
    -- MCMC Step: 02350000 	Time(s): 965136.277043
    -- MCMC Step: 02360000 	Time(s): 969054.243486
    -- MCMC Step: 02370000 	Time(s): 973040.072744
    -- MCMC Step: 02380000 	Time(s): 977017.857229
    -- MCMC Step: 02390000 	Time(s): 980964.490389
    -- MCMC Step: 02400000 	Time(s): 984866.739145
    -- MCMC Step: 02410000 	Time(s): 988782.412467
    -- MCMC Step: 02420000 	Time(s): 992608.920244
    -- MCMC Step: 02430000 	Time(s): 996466.460861
    -- MCMC Step: 02440000 	Time(s): 1000318.948118
    -- MCMC Step: 02450000 	Time(s): 1004172.558829
    -- MCMC Step: 02460000 	Time(s): 1007966.673389
    -- MCMC Step: 02470000 	Time(s): 1011799.040405
    -- MCMC Step: 02480000 	Time(s): 1015662.489301
    -- MCMC Step: 02490000 	Time(s): 1019217.313464
    -- MCMC Step: 02500000 	Time(s): 1022757.003383
    -- MCMC Step: 02510000 	Time(s): 1026298.628975
    -- MCMC Step: 02520000 	Time(s): 1029814.734888
    -- MCMC Step: 02530000 	Time(s): 1033378.975978
    -- MCMC Step: 02540000 	Time(s): 1036852.176885
    -- MCMC Step: 02550000 	Time(s): 1040262.842618
    -- MCMC Step: 02560000 	Time(s): 1043641.088728
    -- MCMC Step: 02570000 	Time(s): 1047059.593884
    -- MCMC Step: 02580000 	Time(s): 1050560.245302
    -- MCMC Step: 02590000 	Time(s): 1054105.070367
    -- MCMC Step: 02600000 	Time(s): 1057636.437424
    -- MCMC Step: 02610000 	Time(s): 1061130.225434
    -- MCMC Step: 02620000 	Time(s): 1064599.566014
    -- MCMC Step: 02630000 	Time(s): 1068110.812269
    -- MCMC Step: 02640000 	Time(s): 1071634.354043
    -- MCMC Step: 02650000 	Time(s): 1075156.299936
    -- MCMC Step: 02660000 	Time(s): 1078710.210051
    -- MCMC Step: 02670000 	Time(s): 1082225.767216
    -- MCMC Step: 02680000 	Time(s): 1085494.953686
    -- MCMC Step: 02690000 	Time(s): 1088676.973814
    -- MCMC Step: 02700000 	Time(s): 1091865.240658
    -- MCMC Step: 02710000 	Time(s): 1095013.846933
    -- MCMC Step: 02720000 	Time(s): 1098106.731583
    -- MCMC Step: 02730000 	Time(s): 1101194.114749
    -- MCMC Step: 02740000 	Time(s): 1104274.720826
    -- MCMC Step: 02750000 	Time(s): 1107270.122070
    -- MCMC Step: 02760000 	Time(s): 1110210.039967
    -- MCMC Step: 02770000 	Time(s): 1113199.365948
    -- MCMC Step: 02780000 	Time(s): 1116356.534288
    -- MCMC Step: 02790000 	Time(s): 1119475.158602
    -- MCMC Step: 02800000 	Time(s): 1122495.044348
    -- MCMC Step: 02810000 	Time(s): 1125529.249494
    -- MCMC Step: 02820000 	Time(s): 1128562.832154
    -- MCMC Step: 02830000 	Time(s): 1131621.403889
    -- MCMC Step: 02840000 	Time(s): 1134659.575786
    -- MCMC Step: 02850000 	Time(s): 1137730.111129
    -- MCMC Step: 02860000 	Time(s): 1140746.464497
    -- MCMC Step: 02870000 	Time(s): 1143759.083683
    -- MCMC Step: 02880000 	Time(s): 1146773.442494
    -- MCMC Step: 02890000 	Time(s): 1149776.771623
    -- MCMC Step: 02900000 	Time(s): 1152788.824168
    -- MCMC Step: 02910000 	Time(s): 1155802.468906
    -- MCMC Step: 02920000 	Time(s): 1158842.116638
    -- MCMC Step: 02930000 	Time(s): 1161871.606920
    -- MCMC Step: 02940000 	Time(s): 1164892.664615
    -- MCMC Step: 02950000 	Time(s): 1167941.656834
    -- MCMC Step: 02960000 	Time(s): 1170888.028172
    -- MCMC Step: 02970000 	Time(s): 1173693.708588
    -- MCMC Step: 02980000 	Time(s): 1176377.314224
    -- MCMC Step: 02990000 	Time(s): 1178959.450283
    -- MCMC Step: 03000000 	Time(s): 1181572.407432
    -- MCMC Step: 03010000 	Time(s): 1184166.624931
    -- MCMC Step: 03020000 	Time(s): 1186759.093809
    -- MCMC Step: 03030000 	Time(s): 1189383.735754
    -- MCMC Step: 03040000 	Time(s): 1191979.150313
    -- MCMC Step: 03050000 	Time(s): 1194593.831519
    -- MCMC Step: 03060000 	Time(s): 1197315.362869
    -- MCMC Step: 03070000 	Time(s): 1200115.743914
    -- MCMC Step: 03080000 	Time(s): 1202803.560010
    -- MCMC Step: 03090000 	Time(s): 1205296.496908
    -- MCMC Step: 03100000 	Time(s): 1207867.692459
    -- MCMC Step: 03110000 	Time(s): 1210559.215018
    -- MCMC Step: 03120000 	Time(s): 1213412.530712
    -- MCMC Step: 03130000 	Time(s): 1216370.105291
    -- MCMC Step: 03140000 	Time(s): 1219349.261871
    -- MCMC Step: 03150000 	Time(s): 1222441.473157
    -- MCMC Step: 03160000 	Time(s): 1225588.553953
    -- MCMC Step: 03170000 	Time(s): 1228831.819429
    -- MCMC Step: 03180000 	Time(s): 1232132.704963
    -- MCMC Step: 03190000 	Time(s): 1235372.608703
    -- MCMC Step: 03200000 	Time(s): 1238744.097582
    -- MCMC Step: 03210000 	Time(s): 1242124.237473
    -- MCMC Step: 03220000 	Time(s): 1245388.745855
    -- MCMC Step: 03230000 	Time(s): 1248567.435802
    -- MCMC Step: 03240000 	Time(s): 1251874.716838
    -- MCMC Step: 03250000 	Time(s): 1255197.355451
    -- MCMC Step: 03260000 	Time(s): 1258550.755904
    -- MCMC Step: 03270000 	Time(s): 1261839.185798
    -- MCMC Step: 03280000 	Time(s): 1265125.960123
    -- MCMC Step: 03290000 	Time(s): 1268408.629528
    -- MCMC Step: 03300000 	Time(s): 1271697.415482
    -- MCMC Step: 03310000 	Time(s): 1274981.445157
    -- MCMC Step: 03320000 	Time(s): 1278319.175701
    -- MCMC Step: 03330000 	Time(s): 1281670.382813
    -- MCMC Step: 03340000 	Time(s): 1285014.405416
    -- MCMC Step: 03350000 	Time(s): 1288425.736261
    -- MCMC Step: 03360000 	Time(s): 1291809.842917
    -- MCMC Step: 03370000 	Time(s): 1295086.766832
    -- MCMC Step: 03380000 	Time(s): 1298223.778413
    -- MCMC Step: 03390000 	Time(s): 1301278.009738
    -- MCMC Step: 03400000 	Time(s): 1304369.588642
    -- MCMC Step: 03410000 	Time(s): 1307622.933406
    -- MCMC Step: 03420000 	Time(s): 1311243.258047
    -- MCMC Step: 03430000 	Time(s): 1315021.892646
    -- MCMC Step: 03440000 	Time(s): 1318852.673488
    -- MCMC Step: 03450000 	Time(s): 1322776.130878
    -- MCMC Step: 03460000 	Time(s): 1326660.037093
    -- MCMC Step: 03470000 	Time(s): 1330536.806463
    -- MCMC Step: 03480000 	Time(s): 1334486.089975
    -- MCMC Step: 03490000 	Time(s): 1338388.143562
    -- MCMC Step: 03500000 	Time(s): 1342123.322168
    -- MCMC Step: 03510000 	Time(s): 1346053.229179
    -- MCMC Step: 03520000 	Time(s): 1350017.552962
    -- MCMC Step: 03530000 	Time(s): 1354036.492445
    -- MCMC Step: 03540000 	Time(s): 1358006.101953
    -- MCMC Step: 03550000 	Time(s): 1361839.382225
    -- MCMC Step: 03560000 	Time(s): 1365577.768504
    -- MCMC Step: 03570000 	Time(s): 1369297.883233
    -- MCMC Step: 03580000 	Time(s): 1372965.535863
    -- MCMC Step: 03590000 	Time(s): 1376495.991696
    -- MCMC Step: 03600000 	Time(s): 1379833.321265
    -- MCMC Step: 03610000 	Time(s): 1383399.362710
    -- MCMC Step: 03620000 	Time(s): 1386838.659017
    -- MCMC Step: 03630000 	Time(s): 1390355.760082
    -- MCMC Step: 03640000 	Time(s): 1393951.451329
    -- MCMC Step: 03650000 	Time(s): 1397477.321399
    -- MCMC Step: 03660000 	Time(s): 1400962.075402
    -- MCMC Step: 03670000 	Time(s): 1404369.477622
    -- MCMC Step: 03680000 	Time(s): 1408076.521078
    -- MCMC Step: 03690000 	Time(s): 1411956.433708
    -- MCMC Step: 03700000 	Time(s): 1415755.278151
    -- MCMC Step: 03710000 	Time(s): 1419681.076524
    -- MCMC Step: 03720000 	Time(s): 1423532.839342
    -- MCMC Step: 03730000 	Time(s): 1427438.690623
    -- MCMC Step: 03740000 	Time(s): 1431327.036648
    -- MCMC Step: 03750000 	Time(s): 1434921.887286
    -- MCMC Step: 03760000 	Time(s): 1438477.072524
    -- MCMC Step: 03770000 	Time(s): 1441823.535236
    -- MCMC Step: 03780000 	Time(s): 1445159.722815
    -- MCMC Step: 03790000 	Time(s): 1448536.233922
    -- MCMC Step: 03800000 	Time(s): 1451875.033420
    -- MCMC Step: 03810000 	Time(s): 1455126.366697
    -- MCMC Step: 03820000 	Time(s): 1458396.554807
    -- MCMC Step: 03830000 	Time(s): 1461706.770499
    -- MCMC Step: 03840000 	Time(s): 1464962.840235
    -- MCMC Step: 03850000 	Time(s): 1468265.264949
    -- MCMC Step: 03860000 	Time(s): 1472161.406625
    -- MCMC Step: 03870000 	Time(s): 1476561.193726
    -- MCMC Step: 03880000 	Time(s): 1481156.801961
    -- MCMC Step: 03890000 	Time(s): 1485710.604590
    -- MCMC Step: 03900000 	Time(s): 1490273.311794
    -- MCMC Step: 03910000 	Time(s): 1494641.150243
    -- MCMC Step: 03920000 	Time(s): 1498981.532776
    -- MCMC Step: 03930000 	Time(s): 1503240.495457
    -- MCMC Step: 03940000 	Time(s): 1507755.853536
    -- MCMC Step: 03950000 	Time(s): 1512354.819166
    -- MCMC Step: 03960000 	Time(s): 1516954.703121
    -- MCMC Step: 03970000 	Time(s): 1521516.261876
    -- MCMC Step: 03980000 	Time(s): 1526075.106388
    -- MCMC Step: 03990000 	Time(s): 1530514.753465
    -- MCMC Step: 04000000 	Time(s): 1534729.300007
    -- MCMC Step: 04010000 	Time(s): 1538890.455317
    -- MCMC Step: 04020000 	Time(s): 1543042.839482
    -- MCMC Step: 04030000 	Time(s): 1547148.262220
    -- MCMC Step: 04040000 	Time(s): 1551023.203805
    -- MCMC Step: 04050000 	Time(s): 1555238.281807
    -- MCMC Step: 04060000 	Time(s): 1559431.171595
    -- MCMC Step: 04070000 	Time(s): 1563667.625238
    -- MCMC Step: 04080000 	Time(s): 1567946.744046
    -- MCMC Step: 04090000 	Time(s): 1572252.121510
    -- MCMC Step: 04100000 	Time(s): 1576518.213328
    -- MCMC Step: 04110000 	Time(s): 1580738.271147
    -- MCMC Step: 04120000 	Time(s): 1584987.745310
    -- MCMC Step: 04130000 	Time(s): 1589265.539547
    -- MCMC Step: 04140000 	Time(s): 1593545.540087
    -- MCMC Step: 04150000 	Time(s): 1597749.083399
    -- MCMC Step: 04160000 	Time(s): 1601919.976049
    -- MCMC Step: 04170000 	Time(s): 1606097.658644
    -- MCMC Step: 04180000 	Time(s): 1610258.860597
    -- MCMC Step: 04190000 	Time(s): 1614182.452120
    -- MCMC Step: 04200000 	Time(s): 1618022.244584
    -- MCMC Step: 04210000 	Time(s): 1621929.484942
    -- MCMC Step: 04220000 	Time(s): 1625800.367567
    -- MCMC Step: 04230000 	Time(s): 1629639.481731
    -- MCMC Step: 04240000 	Time(s): 1633506.737655
    -- MCMC Step: 04250000 	Time(s): 1637416.839248
    -- MCMC Step: 04260000 	Time(s): 1641287.348356
    -- MCMC Step: 04270000 	Time(s): 1645163.146358
    -- MCMC Step: 04280000 	Time(s): 1649103.928482
    -- MCMC Step: 04290000 	Time(s): 1652950.956635
    -- MCMC Step: 04300000 	Time(s): 1656880.295150
    -- MCMC Step: 04310000 	Time(s): 1660814.327551
    -- MCMC Step: 04320000 	Time(s): 1664766.567291
    -- MCMC Step: 04330000 	Time(s): 1668680.378851
    -- MCMC Step: 04340000 	Time(s): 1672522.142748
    -- MCMC Step: 04350000 	Time(s): 1676347.526139
    -- MCMC Step: 04360000 	Time(s): 1680189.694055
    -- MCMC Step: 04370000 	Time(s): 1683990.503434
    -- MCMC Step: 04380000 	Time(s): 1687686.587977
    CAUTION: New unstable configuration found! E -1068.135166
    -- MCMC Step: 04390000 	Time(s): 1691329.306587
    -- MCMC Step: 04400000 	Time(s): 1694902.265924
    -- MCMC Step: 04410000 	Time(s): 1698453.665620
    -- MCMC Step: 04420000 	Time(s): 1701930.990206
    -- MCMC Step: 04430000 	Time(s): 1705266.356272
    -- MCMC Step: 04440000 	Time(s): 1708591.168717
    -- MCMC Step: 04450000 	Time(s): 1711662.444375
    -- MCMC Step: 04460000 	Time(s): 1715007.337844
    -- MCMC Step: 04470000 	Time(s): 1718313.895766
    -- MCMC Step: 04480000 	Time(s): 1721604.003553
    -- MCMC Step: 04490000 	Time(s): 1724568.314993
    -- MCMC Step: 04500000 	Time(s): 1727629.807200
    -- MCMC Step: 04510000 	Time(s): 1730353.991286
    -- MCMC Step: 04520000 	Time(s): 1733604.827422
    -- MCMC Step: 04530000 	Time(s): 1736911.584591
    -- MCMC Step: 04540000 	Time(s): 1739997.468009
    -- MCMC Step: 04550000 	Time(s): 1743173.963336
    -- MCMC Step: 04560000 	Time(s): 1746375.771025
    -- MCMC Step: 04570000 	Time(s): 1749737.876164
    -- MCMC Step: 04580000 	Time(s): 1753451.500071
    -- MCMC Step: 04590000 	Time(s): 1757398.466841
    -- MCMC Step: 04600000 	Time(s): 1761366.847470
    -- MCMC Step: 04610000 	Time(s): 1765361.988595
    -- MCMC Step: 04620000 	Time(s): 1769310.313990
    -- MCMC Step: 04630000 	Time(s): 1773215.124417
    -- MCMC Step: 04640000 	Time(s): 1777286.092069
    -- MCMC Step: 04650000 	Time(s): 1781393.243555
    -- MCMC Step: 04660000 	Time(s): 1785415.497499
    -- MCMC Step: 04670000 	Time(s): 1789430.025178
    -- MCMC Step: 04680000 	Time(s): 1793305.430103
    -- MCMC Step: 04690000 	Time(s): 1796618.495966
    -- MCMC Step: 04700000 	Time(s): 1799817.183968
    -- MCMC Step: 04710000 	Time(s): 1803015.242268
    -- MCMC Step: 04720000 	Time(s): 1806216.402803
    -- MCMC Step: 04730000 	Time(s): 1809901.529639
    -- MCMC Step: 04740000 	Time(s): 1814088.257963
    -- MCMC Step: 04750000 	Time(s): 1818175.763111
    -- MCMC Step: 04760000 	Time(s): 1822484.131041
    -- MCMC Step: 04770000 	Time(s): 1826710.673384
    -- MCMC Step: 04780000 	Time(s): 1831370.599466
    -- MCMC Step: 04790000 	Time(s): 1836721.550220
    -- MCMC Step: 04800000 	Time(s): 1842195.319874
    -- MCMC Step: 04810000 	Time(s): 1848228.266371
    -- MCMC Step: 04820000 	Time(s): 1853113.253423
    -- MCMC Step: 04830000 	Time(s): 1858371.236258
    -- MCMC Step: 04840000 	Time(s): 1863440.981119
    -- MCMC Step: 04850000 	Time(s): 1868316.794590
    -- MCMC Step: 04860000 	Time(s): 1872955.083576
    -- MCMC Step: 04870000 	Time(s): 1877411.194279
    -- MCMC Step: 04880000 	Time(s): 1881672.833501
    -- MCMC Step: 04890000 	Time(s): 1885845.082377
    -- MCMC Step: 04900000 	Time(s): 1890020.649898
    -- MCMC Step: 04910000 	Time(s): 1894187.605117
    -- MCMC Step: 04920000 	Time(s): 1898740.367793
    -- MCMC Step: 04930000 	Time(s): 1902961.712614
    -- MCMC Step: 04940000 	Time(s): 1909196.178435
    -- MCMC Step: 04950000 	Time(s): 1917181.069353
    -- MCMC Step: 04960000 	Time(s): 1924535.705026
    -- MCMC Step: 04970000 	Time(s): 1931644.836345
    -- MCMC Step: 04980000 	Time(s): 1938440.255563
    -- MCMC Step: 04990000 	Time(s): 1945437.073958
    -- MCMC Step: 05000000 	Time(s): 1951855.948309
    -- MCMC Step: 05010000 	Time(s): 1958285.642362
    -- MCMC Step: 05020000 	Time(s): 1964640.388739
    -- MCMC Step: 05030000 	Time(s): 1970863.270312
    -- MCMC Step: 05040000 	Time(s): 1976294.206228
    -- MCMC Step: 05050000 	Time(s): 1982536.730968
    -- MCMC Step: 05060000 	Time(s): 1989849.478042
    -- MCMC Step: 05070000 	Time(s): 1996318.415497
    -- MCMC Step: 05080000 	Time(s): 2002350.973479
    -- MCMC Step: 05090000 	Time(s): 2007498.075279
    -- MCMC Step: 05100000 	Time(s): 2012484.174125
    -- MCMC Step: 05110000 	Time(s): 2017452.709333
    -- MCMC Step: 05120000 	Time(s): 2022431.511802
    -- MCMC Step: 05130000 	Time(s): 2027128.321977
    -- MCMC Step: 05140000 	Time(s): 2031775.214563
    -- MCMC Step: 05150000 	Time(s): 2036309.982143
    -- MCMC Step: 05160000 	Time(s): 2040539.216566
    -- MCMC Step: 05170000 	Time(s): 2044563.219478
    -- MCMC Step: 05180000 	Time(s): 2048429.199850
    -- MCMC Step: 05190000 	Time(s): 2052321.226568
    -- MCMC Step: 05200000 	Time(s): 2055875.270533
    -- MCMC Step: 05210000 	Time(s): 2059373.205353
    -- MCMC Step: 05220000 	Time(s): 2062823.306537
    -- MCMC Step: 05230000 	Time(s): 2067172.566242
    -- MCMC Step: 05240000 	Time(s): 2072089.278307
    -- MCMC Step: 05250000 	Time(s): 2076864.971932
    -- MCMC Step: 05260000 	Time(s): 2081421.550075
    -- MCMC Step: 05270000 	Time(s): 2086471.483095
    -- MCMC Step: 05280000 	Time(s): 2091570.336175
    -- MCMC Step: 05290000 	Time(s): 2096748.591790
    -- MCMC Step: 05300000 	Time(s): 2101838.758515
    -- MCMC Step: 05310000 	Time(s): 2106933.410512
    -- MCMC Step: 05320000 	Time(s): 2112039.881654
    -- MCMC Step: 05330000 	Time(s): 2117104.322539
    -- MCMC Step: 05340000 	Time(s): 2121749.128555
    -- MCMC Step: 05350000 	Time(s): 2126235.460962
    -- MCMC Step: 05360000 	Time(s): 2130697.562576
    -- MCMC Step: 05370000 	Time(s): 2134979.703547
    -- MCMC Step: 05380000 	Time(s): 2139184.374388
    -- MCMC Step: 05390000 	Time(s): 2143294.275638
    -- MCMC Step: 05400000 	Time(s): 2147320.622664
    -- MCMC Step: 05410000 	Time(s): 2151428.808260
    -- MCMC Step: 05420000 	Time(s): 2155489.944460
    -- MCMC Step: 05430000 	Time(s): 2159552.660263
    -- MCMC Step: 05440000 	Time(s): 2163678.670382
    -- MCMC Step: 05450000 	Time(s): 2167809.444489
    -- MCMC Step: 05460000 	Time(s): 2172038.067535
    -- MCMC Step: 05470000 	Time(s): 2176497.104161
    -- MCMC Step: 05480000 	Time(s): 2180812.358197
    -- MCMC Step: 05490000 	Time(s): 2185004.041753
    -- MCMC Step: 05500000 	Time(s): 2189408.519124
    -- MCMC Step: 05510000 	Time(s): 2193791.961497
    -- MCMC Step: 05520000 	Time(s): 2198024.624780
    -- MCMC Step: 05530000 	Time(s): 2202435.062932
    -- MCMC Step: 05540000 	Time(s): 2206787.367619
    -- MCMC Step: 05550000 	Time(s): 2211079.532901
    -- MCMC Step: 05560000 	Time(s): 2215173.960529
    -- MCMC Step: 05570000 	Time(s): 2219306.395666
    -- MCMC Step: 05580000 	Time(s): 2223377.501800
    -- MCMC Step: 05590000 	Time(s): 2227473.984452
    -- MCMC Step: 05600000 	Time(s): 2231652.633969
    -- MCMC Step: 05610000 	Time(s): 2235807.039001
    -- MCMC Step: 05620000 	Time(s): 2239975.891968
    -- MCMC Step: 05630000 	Time(s): 2244114.200382
    -- MCMC Step: 05640000 	Time(s): 2248286.539320
    -- MCMC Step: 05650000 	Time(s): 2252519.751585
    -- MCMC Step: 05660000 	Time(s): 2256767.843897
    -- MCMC Step: 05670000 	Time(s): 2260916.542675
    -- MCMC Step: 05680000 	Time(s): 2265033.215268
    -- MCMC Step: 05690000 	Time(s): 2269210.374096
    -- MCMC Step: 05700000 	Time(s): 2273319.792476
    -- MCMC Step: 05710000 	Time(s): 2277392.366525
    -- MCMC Step: 05720000 	Time(s): 2281541.764751
    -- MCMC Step: 05730000 	Time(s): 2285710.383682
    -- MCMC Step: 05740000 	Time(s): 2289893.623824
    -- MCMC Step: 05750000 	Time(s): 2294106.331063
    -- MCMC Step: 05760000 	Time(s): 2298289.789711
    -- MCMC Step: 05770000 	Time(s): 2302496.353301
    -- MCMC Step: 05780000 	Time(s): 2306715.717803
    -- MCMC Step: 05790000 	Time(s): 2310944.472991
    -- MCMC Step: 05800000 	Time(s): 2315171.861740
    -- MCMC Step: 05810000 	Time(s): 2319349.696472
    -- MCMC Step: 05820000 	Time(s): 2323552.662549
    -- MCMC Step: 05830000 	Time(s): 2327754.761727
    -- MCMC Step: 05840000 	Time(s): 2331976.983935
    -- MCMC Step: 05850000 	Time(s): 2336277.604365
    -- MCMC Step: 05860000 	Time(s): 2340674.585881
    -- MCMC Step: 05870000 	Time(s): 2344964.088881
    -- MCMC Step: 05880000 	Time(s): 2349379.185639
    -- MCMC Step: 05890000 	Time(s): 2353810.436490
    -- MCMC Step: 05900000 	Time(s): 2358161.668663
    -- MCMC Step: 05910000 	Time(s): 2362486.754875
    -- MCMC Step: 05920000 	Time(s): 2366756.744563
    -- MCMC Step: 05930000 	Time(s): 2370904.742934
    -- MCMC Step: 05940000 	Time(s): 2374519.496963
    -- MCMC Step: 05950000 	Time(s): 2378035.698268
    -- MCMC Step: 05960000 	Time(s): 2381496.495656
    -- MCMC Step: 05970000 	Time(s): 2384983.341925
    -- MCMC Step: 05980000 	Time(s): 2388455.582688
    -- MCMC Step: 05990000 	Time(s): 2391929.614365
    -- MCMC Step: 06000000 	Time(s): 2395403.099794
    -- MCMC Step: 06010000 	Time(s): 2398865.313719
    -- MCMC Step: 06020000 	Time(s): 2402368.575163
    -- MCMC Step: 06030000 	Time(s): 2405849.918518
    -- MCMC Step: 06040000 	Time(s): 2409336.809660
    -- MCMC Step: 06050000 	Time(s): 2412806.841323
    -- MCMC Step: 06060000 	Time(s): 2416316.571109
    -- MCMC Step: 06070000 	Time(s): 2419848.097437
    -- MCMC Step: 06080000 	Time(s): 2424506.553231
    -- MCMC Step: 06090000 	Time(s): 2428131.392133
    -- MCMC Step: 06100000 	Time(s): 2431593.970025
    -- MCMC Step: 06110000 	Time(s): 2434931.509820
    -- MCMC Step: 06120000 	Time(s): 2438217.993328
    -- MCMC Step: 06130000 	Time(s): 2441572.162411
    -- MCMC Step: 06140000 	Time(s): 2444972.056797
    -- MCMC Step: 06150000 	Time(s): 2448390.675377
    -- MCMC Step: 06160000 	Time(s): 2451738.351621
    -- MCMC Step: 06170000 	Time(s): 2455039.702894
    -- MCMC Step: 06180000 	Time(s): 2458381.243013
    -- MCMC Step: 06190000 	Time(s): 2461695.432467
    -- MCMC Step: 06200000 	Time(s): 2464967.865857
    -- MCMC Step: 06210000 	Time(s): 2468172.978833
    -- MCMC Step: 06220000 	Time(s): 2471240.075884
    -- MCMC Step: 06230000 	Time(s): 2474266.547847
    -- MCMC Step: 06240000 	Time(s): 2477292.859983
    -- MCMC Step: 06250000 	Time(s): 2480314.348265
    -- MCMC Step: 06260000 	Time(s): 2483420.703458
    -- MCMC Step: 06270000 	Time(s): 2486529.491845
    -- MCMC Step: 06280000 	Time(s): 2489695.090629
    -- MCMC Step: 06290000 	Time(s): 2492791.518929
    -- MCMC Step: 06300000 	Time(s): 2495870.549716
    -- MCMC Step: 06310000 	Time(s): 2498837.329201
    -- MCMC Step: 06320000 	Time(s): 2501838.049845
    -- MCMC Step: 06330000 	Time(s): 2505301.574100
    -- MCMC Step: 06340000 	Time(s): 2509463.364834
    -- MCMC Step: 06350000 	Time(s): 2513637.019804
    -- MCMC Step: 06360000 	Time(s): 2517854.761651
    -- MCMC Step: 06370000 	Time(s): 2522140.076309
    -- MCMC Step: 06380000 	Time(s): 2526596.068529
    -- MCMC Step: 06390000 	Time(s): 2531166.102445
    -- MCMC Step: 06400000 	Time(s): 2535817.644398
    -- MCMC Step: 06410000 	Time(s): 2540510.472169
    -- MCMC Step: 06420000 	Time(s): 2545230.644300
    -- MCMC Step: 06430000 	Time(s): 2549780.818067
    -- MCMC Step: 06440000 	Time(s): 2554279.244808
    -- MCMC Step: 06450000 	Time(s): 2558743.519149
    -- MCMC Step: 06460000 	Time(s): 2563220.807781
    -- MCMC Step: 06470000 	Time(s): 2567799.998085
    -- MCMC Step: 06480000 	Time(s): 2572354.858116
    -- MCMC Step: 06490000 	Time(s): 2576943.507891
    -- MCMC Step: 06500000 	Time(s): 2581652.545218
    -- MCMC Step: 06510000 	Time(s): 2586378.799051
    -- MCMC Step: 06520000 	Time(s): 2591109.588454
    -- MCMC Step: 06530000 	Time(s): 2595827.031500
    -- MCMC Step: 06540000 	Time(s): 2600615.310411
    -- MCMC Step: 06550000 	Time(s): 2605143.035832
    -- MCMC Step: 06560000 	Time(s): 2610476.606318
    -- MCMC Step: 06570000 	Time(s): 2615672.430869
    -- MCMC Step: 06580000 	Time(s): 2620773.100285
    -- MCMC Step: 06590000 	Time(s): 2625783.135989
    -- MCMC Step: 06600000 	Time(s): 2630838.292896
    -- MCMC Step: 06610000 	Time(s): 2635886.177650
    -- MCMC Step: 06620000 	Time(s): 2640833.027409
    -- MCMC Step: 06630000 	Time(s): 2645869.530082
    -- MCMC Step: 06640000 	Time(s): 2650906.167924
    -- MCMC Step: 06650000 	Time(s): 2655851.466462
    -- MCMC Step: 06660000 	Time(s): 2660441.133423
    -- MCMC Step: 06670000 	Time(s): 2665009.626486
    -- MCMC Step: 06680000 	Time(s): 2669447.572973
    -- MCMC Step: 06690000 	Time(s): 2673585.172859
    -- MCMC Step: 06700000 	Time(s): 2677580.717336
    -- MCMC Step: 06710000 	Time(s): 2680812.312392
    -- MCMC Step: 06720000 	Time(s): 2684623.511543
    -- MCMC Step: 06730000 	Time(s): 2688440.569727
    -- MCMC Step: 06740000 	Time(s): 2692307.019415
    -- MCMC Step: 06750000 	Time(s): 2696275.235734
    -- MCMC Step: 06760000 	Time(s): 2700154.448833
    -- MCMC Step: 06770000 	Time(s): 2703971.358205
    -- MCMC Step: 06780000 	Time(s): 2710307.776788
    -- MCMC Step: 06790000 	Time(s): 2717005.924498
    -- MCMC Step: 06800000 	Time(s): 2723728.224406
    -- MCMC Step: 06810000 	Time(s): 2730238.011309
    -- MCMC Step: 06820000 	Time(s): 2736766.536910
    -- MCMC Step: 06830000 	Time(s): 2743268.450375
    -- MCMC Step: 06840000 	Time(s): 2749743.956945
    -- MCMC Step: 06850000 	Time(s): 2756177.322678
    -- MCMC Step: 06860000 	Time(s): 2761749.701340
    -- MCMC Step: 06870000 	Time(s): 2767335.815117
    -- MCMC Step: 06880000 	Time(s): 2772835.477992
    -- MCMC Step: 06890000 	Time(s): 2777684.156230
    -- MCMC Step: 06900000 	Time(s): 2782302.359005
    -- MCMC Step: 06910000 	Time(s): 2786632.248178
    -- MCMC Step: 06920000 	Time(s): 2790930.235038
    -- MCMC Step: 06930000 	Time(s): 2795224.086724
    -- MCMC Step: 06940000 	Time(s): 2799424.468678
    -- MCMC Step: 06950000 	Time(s): 2803644.013562
    -- MCMC Step: 06960000 	Time(s): 2807950.993645
    -- MCMC Step: 06970000 	Time(s): 2812207.570574
    -- MCMC Step: 06980000 	Time(s): 2816385.485740
    -- MCMC Step: 06990000 	Time(s): 2820342.126141
    -- MCMC Step: 07000000 	Time(s): 2824298.581100
    -- MCMC Step: 07010000 	Time(s): 2828137.336818
    -- MCMC Step: 07020000 	Time(s): 2831922.211227
    -- MCMC Step: 07030000 	Time(s): 2835673.045066
    -- MCMC Step: 07040000 	Time(s): 2839441.209940
    -- MCMC Step: 07050000 	Time(s): 2843209.885175
    -- MCMC Step: 07060000 	Time(s): 2846959.841750
    -- MCMC Step: 07070000 	Time(s): 2850721.082108
    -- MCMC Step: 07080000 	Time(s): 2854375.846448
    -- MCMC Step: 07090000 	Time(s): 2857969.655721
    -- MCMC Step: 07100000 	Time(s): 2861544.169658
    -- MCMC Step: 07110000 	Time(s): 2865193.006531
    -- MCMC Step: 07120000 	Time(s): 2868942.083163
    -- MCMC Step: 07130000 	Time(s): 2872799.518415
    -- MCMC Step: 07140000 	Time(s): 2876637.901946
    -- MCMC Step: 07150000 	Time(s): 2880514.411543
    -- MCMC Step: 07160000 	Time(s): 2884365.504907
    -- MCMC Step: 07170000 	Time(s): 2888267.505902
    -- MCMC Step: 07180000 	Time(s): 2892107.444359
    -- MCMC Step: 07190000 	Time(s): 2895933.988554
    -- MCMC Step: 07200000 	Time(s): 2899746.081428
    -- MCMC Step: 07210000 	Time(s): 2903514.171328
    -- MCMC Step: 07220000 	Time(s): 2907273.633562
    -- MCMC Step: 07230000 	Time(s): 2911032.378722
    -- MCMC Step: 07240000 	Time(s): 2914820.172920
    -- MCMC Step: 07250000 	Time(s): 2918631.638858
    -- MCMC Step: 07260000 	Time(s): 2922447.376586
    -- MCMC Step: 07270000 	Time(s): 2926073.337658
    -- MCMC Step: 07280000 	Time(s): 2929548.513108
    -- MCMC Step: 07290000 	Time(s): 2932921.841077
    -- MCMC Step: 07300000 	Time(s): 2936427.773739
    -- MCMC Step: 07310000 	Time(s): 2940014.071610
    -- MCMC Step: 07320000 	Time(s): 2943609.711911
    -- MCMC Step: 07330000 	Time(s): 2947236.422369
    -- MCMC Step: 07340000 	Time(s): 2950797.007307
    -- MCMC Step: 07350000 	Time(s): 2954428.939662
    -- MCMC Step: 07360000 	Time(s): 2957763.100700
    -- MCMC Step: 07370000 	Time(s): 2961038.453391
    -- MCMC Step: 07380000 	Time(s): 2964367.213172
    -- MCMC Step: 07390000 	Time(s): 2967731.926611
    -- MCMC Step: 07400000 	Time(s): 2971018.620312
    -- MCMC Step: 07410000 	Time(s): 2974206.471208
    -- MCMC Step: 07420000 	Time(s): 2977419.385139
    -- MCMC Step: 07430000 	Time(s): 2980584.552748
    -- MCMC Step: 07440000 	Time(s): 2983862.542234
    -- MCMC Step: 07450000 	Time(s): 2987204.221114
    -- MCMC Step: 07460000 	Time(s): 2990551.867405
    -- MCMC Step: 07470000 	Time(s): 2993892.542433
    -- MCMC Step: 07480000 	Time(s): 2997248.177255
    -- MCMC Step: 07490000 	Time(s): 3000529.901812
    -- MCMC Step: 07500000 	Time(s): 3003735.868738
    -- MCMC Step: 07510000 	Time(s): 3006892.362054
    -- MCMC Step: 07520000 	Time(s): 3009919.892968
    -- MCMC Step: 07530000 	Time(s): 3012952.349951
    -- MCMC Step: 07540000 	Time(s): 3016049.028653
    -- MCMC Step: 07550000 	Time(s): 3019022.472354
    -- MCMC Step: 07560000 	Time(s): 3022033.146982
    -- MCMC Step: 07570000 	Time(s): 3025038.360287
    -- MCMC Step: 07580000 	Time(s): 3027994.533228
    -- MCMC Step: 07590000 	Time(s): 3030983.036908
    -- MCMC Step: 07600000 	Time(s): 3034000.510082
    -- MCMC Step: 07610000 	Time(s): 3037018.937690
    -- MCMC Step: 07620000 	Time(s): 3040015.685442
    -- MCMC Step: 07630000 	Time(s): 3043120.144941
    -- MCMC Step: 07640000 	Time(s): 3048646.387843
    -- MCMC Step: 07650000 	Time(s): 3054907.972079
    -- MCMC Step: 07660000 	Time(s): 3060940.254148
    -- MCMC Step: 07670000 	Time(s): 3066445.557535
    -- MCMC Step: 07680000 	Time(s): 3071366.270037
    -- MCMC Step: 07690000 	Time(s): 3076028.391701
    -- MCMC Step: 07700000 	Time(s): 3080417.626721
    -- MCMC Step: 07710000 	Time(s): 3084663.903458
    -- MCMC Step: 07720000 	Time(s): 3088586.663790
    -- MCMC Step: 07730000 	Time(s): 3092345.084953
    -- MCMC Step: 07740000 	Time(s): 3095822.183118
    -- MCMC Step: 07750000 	Time(s): 3098881.250095
    -- MCMC Step: 07760000 	Time(s): 3101891.689090
    -- MCMC Step: 07770000 	Time(s): 3104801.266352
    -- MCMC Step: 07780000 	Time(s): 3107888.408370
    -- MCMC Step: 07790000 	Time(s): 3110950.614830
    -- MCMC Step: 07800000 	Time(s): 3114270.661205
    -- MCMC Step: 07810000 	Time(s): 3117411.448670
    -- MCMC Step: 07820000 	Time(s): 3120556.187730
    -- MCMC Step: 07830000 	Time(s): 3123730.898439
    -- MCMC Step: 07840000 	Time(s): 3126501.760045
    -- MCMC Step: 07850000 	Time(s): 3129232.865967
    -- MCMC Step: 07860000 	Time(s): 3131898.133776
    -- MCMC Step: 07870000 	Time(s): 3134620.889621
    -- MCMC Step: 07880000 	Time(s): 3137214.420851
    -- MCMC Step: 07890000 	Time(s): 3139843.802146
    -- MCMC Step: 07900000 	Time(s): 3142492.639112
    -- MCMC Step: 07910000 	Time(s): 3145073.180264
    -- MCMC Step: 07920000 	Time(s): 3147616.224947
    -- MCMC Step: 07930000 	Time(s): 3150136.459184
    -- MCMC Step: 07940000 	Time(s): 3152699.236234
    -- MCMC Step: 07950000 	Time(s): 3155249.764291
    -- MCMC Step: 07960000 	Time(s): 3157686.662799
    -- MCMC Step: 07970000 	Time(s): 3160099.060873
    -- MCMC Step: 07980000 	Time(s): 3162383.127678
    -- MCMC Step: 07990000 	Time(s): 3164616.826932
    -- MCMC Step: 08000000 	Time(s): 3166761.077462
    -- MCMC Step: 08010000 	Time(s): 3168858.148761
    -- MCMC Step: 08020000 	Time(s): 3170907.134745
    -- MCMC Step: 08030000 	Time(s): 3172915.081650
    -- MCMC Step: 08040000 	Time(s): 3174923.761411
    -- MCMC Step: 08050000 	Time(s): 3176932.497370
    -- MCMC Step: 08060000 	Time(s): 3178935.503629
    -- MCMC Step: 08070000 	Time(s): 3180833.367538
    -- MCMC Step: 08080000 	Time(s): 3182594.315699
    -- MCMC Step: 08090000 	Time(s): 3184330.388487
    -- MCMC Step: 08100000 	Time(s): 3186071.860990
    -- MCMC Step: 08110000 	Time(s): 3187809.643025
    -- MCMC Step: 08120000 	Time(s): 3189554.152787
    -- MCMC Step: 08130000 	Time(s): 3191290.545868
    -- MCMC Step: 08140000 	Time(s): 3193168.918602
    -- MCMC Step: 08150000 	Time(s): 3195309.730886
    -- MCMC Step: 08160000 	Time(s): 3197523.313748
    -- MCMC Step: 08170000 	Time(s): 3199745.545406
    -- MCMC Step: 08180000 	Time(s): 3201991.080319
    -- MCMC Step: 08190000 	Time(s): 3204234.993729
    -- MCMC Step: 08200000 	Time(s): 3206472.354280
    -- MCMC Step: 08210000 	Time(s): 3208722.197629
    -- MCMC Step: 08220000 	Time(s): 3210995.495676
    -- MCMC Step: 08230000 	Time(s): 3213265.133821
    -- MCMC Step: 08240000 	Time(s): 3215471.948166
    -- MCMC Step: 08250000 	Time(s): 3217687.276406
    -- MCMC Step: 08260000 	Time(s): 3219893.591059
    -- MCMC Step: 08270000 	Time(s): 3222103.081002
    -- MCMC Step: 08280000 	Time(s): 3224330.289310
    -- MCMC Step: 08290000 	Time(s): 3226388.854740
    -- MCMC Step: 08300000 	Time(s): 3228399.042864
    -- MCMC Step: 08310000 	Time(s): 3230374.690565
    -- MCMC Step: 08320000 	Time(s): 3232353.053797
    -- MCMC Step: 08330000 	Time(s): 3234329.337257
    -- MCMC Step: 08340000 	Time(s): 3236309.855488
    -- MCMC Step: 08350000 	Time(s): 3238265.303875
    -- MCMC Step: 08360000 	Time(s): 3240244.815258
    -- MCMC Step: 08370000 	Time(s): 3242226.515540
    -- MCMC Step: 08380000 	Time(s): 3244190.662360
    -- MCMC Step: 08390000 	Time(s): 3246163.849378
    -- MCMC Step: 08400000 	Time(s): 3248143.981616
    -- MCMC Step: 08410000 	Time(s): 3250124.991948
    -- MCMC Step: 08420000 	Time(s): 3252099.942973
    -- MCMC Step: 08430000 	Time(s): 3254025.446197
    -- MCMC Step: 08440000 	Time(s): 3256059.227375
    -- MCMC Step: 08450000 	Time(s): 3258031.538656
    -- MCMC Step: 08460000 	Time(s): 3260042.043442
    -- MCMC Step: 08470000 	Time(s): 3262041.429753
    -- MCMC Step: 08480000 	Time(s): 3264010.523670
    -- MCMC Step: 08490000 	Time(s): 3265997.644168
    -- MCMC Step: 08500000 	Time(s): 3267969.906323
    -- MCMC Step: 08510000 	Time(s): 3269929.937950
    -- MCMC Step: 08520000 	Time(s): 3271907.031162
    -- MCMC Step: 08530000 	Time(s): 3273871.483609
    -- MCMC Step: 08540000 	Time(s): 3275858.778880
    -- MCMC Step: 08550000 	Time(s): 3277845.733337
    -- MCMC Step: 08560000 	Time(s): 3279857.966000
    -- MCMC Step: 08570000 	Time(s): 3281889.206445
    -- MCMC Step: 08580000 	Time(s): 3283839.522814
    -- MCMC Step: 08590000 	Time(s): 3285761.851826
    -- MCMC Step: 08600000 	Time(s): 3287701.883010
    -- MCMC Step: 08610000 	Time(s): 3289628.239428
    -- MCMC Step: 08620000 	Time(s): 3291572.348937
    -- MCMC Step: 08630000 	Time(s): 3293542.182054
    -- MCMC Step: 08640000 	Time(s): 3295518.586271
    -- MCMC Step: 08650000 	Time(s): 3297499.665299
    -- MCMC Step: 08660000 	Time(s): 3299486.465288
    -- MCMC Step: 08670000 	Time(s): 3301472.975774
    -- MCMC Step: 08680000 	Time(s): 3303451.487751
    -- MCMC Step: 08690000 	Time(s): 3305443.888851
    -- MCMC Step: 08700000 	Time(s): 3307460.343081
    -- MCMC Step: 08710000 	Time(s): 3309635.809523
    -- MCMC Step: 08720000 	Time(s): 3311727.673982
    -- MCMC Step: 08730000 	Time(s): 3313729.809180
    -- MCMC Step: 08740000 	Time(s): 3315730.055358
    -- MCMC Step: 08750000 	Time(s): 3317731.410586
    -- MCMC Step: 08760000 	Time(s): 3319722.780291
    -- MCMC Step: 08770000 	Time(s): 3321712.361192
    -- MCMC Step: 08780000 	Time(s): 3323699.418263
    -- MCMC Step: 08790000 	Time(s): 3325700.537328
    -- MCMC Step: 08800000 	Time(s): 3327707.929980
    -- MCMC Step: 08810000 	Time(s): 3329711.453303
    -- MCMC Step: 08820000 	Time(s): 3331713.369084
    -- MCMC Step: 08830000 	Time(s): 3333677.599948
    -- MCMC Step: 08840000 	Time(s): 3335698.205725
    -- MCMC Step: 08850000 	Time(s): 3337686.654571
    -- MCMC Step: 08860000 	Time(s): 3339592.268667
    -- MCMC Step: 08870000 	Time(s): 3341435.137253
    -- MCMC Step: 08880000 	Time(s): 3343241.479236
    -- MCMC Step: 08890000 	Time(s): 3345047.168869
    -- MCMC Step: 08900000 	Time(s): 3346840.297265
    -- MCMC Step: 08910000 	Time(s): 3348639.810533
    -- MCMC Step: 08920000 	Time(s): 3350443.979728
    -- MCMC Step: 08930000 	Time(s): 3352242.013861
    -- MCMC Step: 08940000 	Time(s): 3354038.828799
    -- MCMC Step: 08950000 	Time(s): 3355841.238350
    -- MCMC Step: 08960000 	Time(s): 3357652.062979
    -- MCMC Step: 08970000 	Time(s): 3359456.950484
    -- MCMC Step: 08980000 	Time(s): 3361272.316496
    -- MCMC Step: 08990000 	Time(s): 3363071.762137
    -- MCMC Step: 09000000 	Time(s): 3364866.021044
    -- MCMC Step: 09010000 	Time(s): 3366627.588001
    -- MCMC Step: 09020000 	Time(s): 3368397.023773
    -- MCMC Step: 09030000 	Time(s): 3370199.699255
    -- MCMC Step: 09040000 	Time(s): 3371979.230786
    -- MCMC Step: 09050000 	Time(s): 3373768.973666
    -- MCMC Step: 09060000 	Time(s): 3375552.777707
    -- MCMC Step: 09070000 	Time(s): 3377323.203348
    -- MCMC Step: 09080000 	Time(s): 3379106.001633
    -- MCMC Step: 09090000 	Time(s): 3380887.398889
    -- MCMC Step: 09100000 	Time(s): 3382667.452610
    -- MCMC Step: 09110000 	Time(s): 3384460.236814
    -- MCMC Step: 09120000 	Time(s): 3386251.225113
    -- MCMC Step: 09130000 	Time(s): 3388032.609999
    -- MCMC Step: 09140000 	Time(s): 3389834.365851
    -- MCMC Step: 09150000 	Time(s): 3391615.829841
    -- MCMC Step: 09160000 	Time(s): 3393411.890253
    -- MCMC Step: 09170000 	Time(s): 3395220.881076
    -- MCMC Step: 09180000 	Time(s): 3396958.172260
    -- MCMC Step: 09190000 	Time(s): 3398654.322337
    -- MCMC Step: 09200000 	Time(s): 3400346.220401
    -- MCMC Step: 09210000 	Time(s): 3402023.964952
    -- MCMC Step: 09220000 	Time(s): 3403708.474248
    -- MCMC Step: 09230000 	Time(s): 3405392.781469
    -- MCMC Step: 09240000 	Time(s): 3407075.880992
    -- MCMC Step: 09250000 	Time(s): 3408754.635823
    -- MCMC Step: 09260000 	Time(s): 3410511.113153
    -- MCMC Step: 09270000 	Time(s): 3412273.881763
    -- MCMC Step: 09280000 	Time(s): 3414046.931824
    -- MCMC Step: 09290000 	Time(s): 3415806.811334
    -- MCMC Step: 09300000 	Time(s): 3417587.020154
    -- MCMC Step: 09310000 	Time(s): 3419350.710361
    -- MCMC Step: 09320000 	Time(s): 3421140.186327
    -- MCMC Step: 09330000 	Time(s): 3422924.023758
    -- MCMC Step: 09340000 	Time(s): 3424710.348711
    -- MCMC Step: 09350000 	Time(s): 3426462.409620
    -- MCMC Step: 09360000 	Time(s): 3428134.154828
    -- MCMC Step: 09370000 	Time(s): 3429818.618758
    -- MCMC Step: 09380000 	Time(s): 3431495.874249
    -- MCMC Step: 09390000 	Time(s): 3433188.263072
    -- MCMC Step: 09400000 	Time(s): 3434877.150449
    -- MCMC Step: 09410000 	Time(s): 3436575.051091
    -- MCMC Step: 09420000 	Time(s): 3438262.689840
    -- MCMC Step: 09430000 	Time(s): 3439984.646587
    -- MCMC Step: 09440000 	Time(s): 3441774.529831
    -- MCMC Step: 09450000 	Time(s): 3443521.964266
    -- MCMC Step: 09460000 	Time(s): 3445230.828895
    -- MCMC Step: 09470000 	Time(s): 3446925.407383
    -- MCMC Step: 09480000 	Time(s): 3448610.641699
    -- MCMC Step: 09490000 	Time(s): 3450330.966769
    -- MCMC Step: 09500000 	Time(s): 3452031.704388
    -- MCMC Step: 09510000 	Time(s): 3453758.622962
    -- MCMC Step: 09520000 	Time(s): 3455471.928380
    -- MCMC Step: 09530000 	Time(s): 3457168.506351
    -- MCMC Step: 09540000 	Time(s): 3458872.522190
    -- MCMC Step: 09550000 	Time(s): 3460592.498058
    -- MCMC Step: 09560000 	Time(s): 3462325.739944
    -- MCMC Step: 09570000 	Time(s): 3464020.001609
    -- MCMC Step: 09580000 	Time(s): 3465757.719488
    -- MCMC Step: 09590000 	Time(s): 3467481.579210
    -- MCMC Step: 09600000 	Time(s): 3469184.050169
    -- MCMC Step: 09610000 	Time(s): 3470887.730703
    -- MCMC Step: 09620000 	Time(s): 3472593.125443
    -- MCMC Step: 09630000 	Time(s): 3474346.650608
    -- MCMC Step: 09640000 	Time(s): 3475985.891277
    -- MCMC Step: 09650000 	Time(s): 3477623.441921
    -- MCMC Step: 09660000 	Time(s): 3479224.695001
    -- MCMC Step: 09670000 	Time(s): 3480798.127664
    -- MCMC Step: 09680000 	Time(s): 3482413.241802
    -- MCMC Step: 09690000 	Time(s): 3484092.979392
    -- MCMC Step: 09700000 	Time(s): 3485820.771454
    -- MCMC Step: 09710000 	Time(s): 3487554.637012
    -- MCMC Step: 09720000 	Time(s): 3489252.067723
    -- MCMC Step: 09730000 	Time(s): 3490916.766214
    -- MCMC Step: 09740000 	Time(s): 3492589.334775
    -- MCMC Step: 09750000 	Time(s): 3494252.311170
    -- MCMC Step: 09760000 	Time(s): 3495934.009502
    -- MCMC Step: 09770000 	Time(s): 3497616.637136
    -- MCMC Step: 09780000 	Time(s): 3499299.205349
    -- MCMC Step: 09790000 	Time(s): 3500971.837161
    -- MCMC Step: 09800000 	Time(s): 3502641.525162
    -- MCMC Step: 09810000 	Time(s): 3504227.678629
    -- MCMC Step: 09820000 	Time(s): 3505774.669623
    -- MCMC Step: 09830000 	Time(s): 3507329.545186
    -- MCMC Step: 09840000 	Time(s): 3508893.003422
    -- MCMC Step: 09850000 	Time(s): 3510463.973182
    -- MCMC Step: 09860000 	Time(s): 3512017.866588
    -- MCMC Step: 09870000 	Time(s): 3513587.180917
    -- MCMC Step: 09880000 	Time(s): 3515172.657402
    -- MCMC Step: 09890000 	Time(s): 3516750.498409
    -- MCMC Step: 09900000 	Time(s): 3518343.989495
    -- MCMC Step: 09910000 	Time(s): 3519937.487859
    -- MCMC Step: 09920000 	Time(s): 3521490.559792
    -- MCMC Step: 09930000 	Time(s): 3523005.813583
    -- MCMC Step: 09940000 	Time(s): 3524495.149598
    -- MCMC Step: 09950000 	Time(s): 3525991.148540
    -- MCMC Step: 09960000 	Time(s): 3527469.898654
    -- MCMC Step: 09970000 	Time(s): 3528922.744012
    -- MCMC Step: 09980000 	Time(s): 3530425.564400
    -- MCMC Step: 09990000 	Time(s): 3531902.302176
    -- MCMC Step: 10000000 	Time(s): 3533322.098600
  Saving final MCMC simulation data ...
****************************************
Done successfully!
Cumulative number of energy calculations: 10000002
Elapsed time: 3533326.1413509846 seconds
Finished on: 2023-11-05 22:41:33.172180
