Executed on: 2023-09-18 02:40:29.157097
PFP client version: 1.11.0
Model version: v3.0.0
Calculation mode: CRYSTAL_PLUS_D3
Method type: PFVM
****************************************
Examining NCM523 ...
  Importing initial (known) stable/unstable structures ...
    Supercell size: 5 × 4 × 1
    Number of atoms (perfect): 240
    Cell parameters (a, b, c): 2.880780, 2.890300, 14.150000
    Structural parameter range (min, max): 0.000000, 0.500000
    Number of discrete structural parameters: 60
    Structural parameter spacing: 0.008475
  Importing energies and 1-D DOS from previous WL simlation ...
    Energy range (min, max): -1083.319505, -1068.137526
    Number of energy states: 60
    Energy spacing (eV): 0.257322
  Performing multicanonical Monte Carlo (MCMC) sampling ...
    Number of NNP-neighbors: 11400
    Maximum number of Monte Carlo steps: 10000000
    Trial move style: swap
    -- MCMC Step: 00000000 	Time(s): 0.507625
    -- MCMC Step: 00010000 	Time(s): 1594.747447
    -- MCMC Step: 00020000 	Time(s): 3244.375555
    -- MCMC Step: 00030000 	Time(s): 4896.494347
    -- MCMC Step: 00040000 	Time(s): 6510.651981
    -- MCMC Step: 00050000 	Time(s): 8209.296983
    -- MCMC Step: 00060000 	Time(s): 9811.940794
    -- MCMC Step: 00070000 	Time(s): 11457.597911
    -- MCMC Step: 00080000 	Time(s): 13228.890353
    -- MCMC Step: 00090000 	Time(s): 14834.563555
    -- MCMC Step: 00100000 	Time(s): 16517.193115
    -- MCMC Step: 00110000 	Time(s): 18158.005168
    -- MCMC Step: 00120000 	Time(s): 19787.123246
    -- MCMC Step: 00130000 	Time(s): 21551.329412
    -- MCMC Step: 00140000 	Time(s): 23263.753267
    -- MCMC Step: 00150000 	Time(s): 24971.656693
    -- MCMC Step: 00160000 	Time(s): 26631.266903
    -- MCMC Step: 00170000 	Time(s): 28308.314276
    -- MCMC Step: 00180000 	Time(s): 29946.974068
    -- MCMC Step: 00190000 	Time(s): 31662.144395
    -- MCMC Step: 00200000 	Time(s): 33396.279432
    -- MCMC Step: 00210000 	Time(s): 35110.793811
    -- MCMC Step: 00220000 	Time(s): 36856.100048
    -- MCMC Step: 00230000 	Time(s): 38569.430834
    -- MCMC Step: 00240000 	Time(s): 40260.265006
    -- MCMC Step: 00250000 	Time(s): 41900.692999
    -- MCMC Step: 00260000 	Time(s): 43573.060202
    -- MCMC Step: 00270000 	Time(s): 45140.546986
    -- MCMC Step: 00280000 	Time(s): 46780.180012
    -- MCMC Step: 00290000 	Time(s): 48431.808268
    -- MCMC Step: 00300000 	Time(s): 50076.711996
    -- MCMC Step: 00310000 	Time(s): 51732.754498
    -- MCMC Step: 00320000 	Time(s): 53439.285678
    -- MCMC Step: 00330000 	Time(s): 55116.419436
    -- MCMC Step: 00340000 	Time(s): 56746.849846
    -- MCMC Step: 00350000 	Time(s): 58391.038893
    -- MCMC Step: 00360000 	Time(s): 60021.390871
    -- MCMC Step: 00370000 	Time(s): 61656.505390
    -- MCMC Step: 00380000 	Time(s): 63319.106252
    -- MCMC Step: 00390000 	Time(s): 64958.921095
    -- MCMC Step: 00400000 	Time(s): 66572.380101
    -- MCMC Step: 00410000 	Time(s): 68208.550935
    -- MCMC Step: 00420000 	Time(s): 69878.134165
    -- MCMC Step: 00430000 	Time(s): 71597.441025
    -- MCMC Step: 00440000 	Time(s): 73224.401217
    -- MCMC Step: 00450000 	Time(s): 74815.272139
    -- MCMC Step: 00460000 	Time(s): 76431.851835
    -- MCMC Step: 00470000 	Time(s): 78148.802943
    -- MCMC Step: 00480000 	Time(s): 79859.662140
    -- MCMC Step: 00490000 	Time(s): 81536.258744
    -- MCMC Step: 00500000 	Time(s): 83198.307439
    -- MCMC Step: 00510000 	Time(s): 84923.640132
    -- MCMC Step: 00520000 	Time(s): 86697.273099
    -- MCMC Step: 00530000 	Time(s): 88339.637903
    -- MCMC Step: 00540000 	Time(s): 90018.531917
    -- MCMC Step: 00550000 	Time(s): 91786.773571
    -- MCMC Step: 00560000 	Time(s): 93753.764451
    -- MCMC Step: 00570000 	Time(s): 95880.967815
    -- MCMC Step: 00580000 	Time(s): 97951.585869
    -- MCMC Step: 00590000 	Time(s): 100267.082389
    -- MCMC Step: 00600000 	Time(s): 102789.551093
    -- MCMC Step: 00610000 	Time(s): 105373.901194
    -- MCMC Step: 00620000 	Time(s): 107886.182306
    -- MCMC Step: 00630000 	Time(s): 110431.360748
    -- MCMC Step: 00640000 	Time(s): 112960.898690
    -- MCMC Step: 00650000 	Time(s): 115757.257349
    -- MCMC Step: 00660000 	Time(s): 118471.955562
    -- MCMC Step: 00670000 	Time(s): 121215.216318
    -- MCMC Step: 00680000 	Time(s): 123924.522205
    -- MCMC Step: 00690000 	Time(s): 126691.355390
    -- MCMC Step: 00700000 	Time(s): 129446.626549
    -- MCMC Step: 00710000 	Time(s): 132192.011967
    -- MCMC Step: 00720000 	Time(s): 134925.592099
    -- MCMC Step: 00730000 	Time(s): 137687.117387
    -- MCMC Step: 00740000 	Time(s): 140398.195871
    -- MCMC Step: 00750000 	Time(s): 143127.821118
    -- MCMC Step: 00760000 	Time(s): 145842.752282
    -- MCMC Step: 00770000 	Time(s): 148561.192724
    -- MCMC Step: 00780000 	Time(s): 151270.773510
    -- MCMC Step: 00790000 	Time(s): 153941.035863
    -- MCMC Step: 00800000 	Time(s): 156512.172241
    -- MCMC Step: 00810000 	Time(s): 159063.444698
    -- MCMC Step: 00820000 	Time(s): 161632.437460
    -- MCMC Step: 00830000 	Time(s): 164257.203425
    -- MCMC Step: 00840000 	Time(s): 166886.737756
    -- MCMC Step: 00850000 	Time(s): 169499.370533
    -- MCMC Step: 00860000 	Time(s): 172085.069328
    -- MCMC Step: 00870000 	Time(s): 174572.203064
    -- MCMC Step: 00880000 	Time(s): 176940.444953
    -- MCMC Step: 00890000 	Time(s): 179109.817186
    -- MCMC Step: 00900000 	Time(s): 181185.401612
    -- MCMC Step: 00910000 	Time(s): 183381.459468
    -- MCMC Step: 00920000 	Time(s): 185409.318560
    -- MCMC Step: 00930000 	Time(s): 187324.680864
    -- MCMC Step: 00940000 	Time(s): 189551.616112
    -- MCMC Step: 00950000 	Time(s): 191783.969738
    -- MCMC Step: 00960000 	Time(s): 194111.852389
    -- MCMC Step: 00970000 	Time(s): 196308.747777
    -- MCMC Step: 00980000 	Time(s): 198469.821735
    -- MCMC Step: 00990000 	Time(s): 200672.907429
    -- MCMC Step: 01000000 	Time(s): 202980.956836
    -- MCMC Step: 01010000 	Time(s): 205318.216457
    -- MCMC Step: 01020000 	Time(s): 207699.176870
    -- MCMC Step: 01030000 	Time(s): 210098.195251
    -- MCMC Step: 01040000 	Time(s): 212532.962620
    -- MCMC Step: 01050000 	Time(s): 214903.440609
    -- MCMC Step: 01060000 	Time(s): 217267.286819
    -- MCMC Step: 01070000 	Time(s): 219644.194494
    -- MCMC Step: 01080000 	Time(s): 222039.105031
    -- MCMC Step: 01090000 	Time(s): 224434.781948
    -- MCMC Step: 01100000 	Time(s): 226843.408567
    -- MCMC Step: 01110000 	Time(s): 229247.097330
    -- MCMC Step: 01120000 	Time(s): 231605.702006
    -- MCMC Step: 01130000 	Time(s): 233958.985200
    -- MCMC Step: 01140000 	Time(s): 236336.920811
    -- MCMC Step: 01150000 	Time(s): 238688.076411
    -- MCMC Step: 01160000 	Time(s): 240953.621149
    -- MCMC Step: 01170000 	Time(s): 243238.792492
    -- MCMC Step: 01180000 	Time(s): 245503.820454
    -- MCMC Step: 01190000 	Time(s): 247760.357987
    -- MCMC Step: 01200000 	Time(s): 250064.538426
    -- MCMC Step: 01210000 	Time(s): 252366.642152
    -- MCMC Step: 01220000 	Time(s): 254703.739623
    -- MCMC Step: 01230000 	Time(s): 256958.002057
    -- MCMC Step: 01240000 	Time(s): 258954.252306
    -- MCMC Step: 01250000 	Time(s): 261361.663545
    -- MCMC Step: 01260000 	Time(s): 263697.946107
    -- MCMC Step: 01270000 	Time(s): 265912.728019
    -- MCMC Step: 01280000 	Time(s): 268124.008451
    -- MCMC Step: 01290000 	Time(s): 270518.284531
    -- MCMC Step: 01300000 	Time(s): 272824.510184
    -- MCMC Step: 01310000 	Time(s): 275093.230235
    -- MCMC Step: 01320000 	Time(s): 277468.200751
    -- MCMC Step: 01330000 	Time(s): 279824.885463
    -- MCMC Step: 01340000 	Time(s): 282216.474183
    -- MCMC Step: 01350000 	Time(s): 284642.278574
    -- MCMC Step: 01360000 	Time(s): 287197.497283
    -- MCMC Step: 01370000 	Time(s): 289584.856713
    -- MCMC Step: 01380000 	Time(s): 291972.634230
    -- MCMC Step: 01390000 	Time(s): 294359.903297
    -- MCMC Step: 01400000 	Time(s): 296710.760890
    -- MCMC Step: 01410000 	Time(s): 299087.494277
    -- MCMC Step: 01420000 	Time(s): 301448.480668
    -- MCMC Step: 01430000 	Time(s): 303812.187193
    -- MCMC Step: 01440000 	Time(s): 306161.669406
    -- MCMC Step: 01450000 	Time(s): 308545.332490
    -- MCMC Step: 01460000 	Time(s): 310936.779800
    -- MCMC Step: 01470000 	Time(s): 313345.430017
    -- MCMC Step: 01480000 	Time(s): 315741.440165
    -- MCMC Step: 01490000 	Time(s): 318145.660565
    -- MCMC Step: 01500000 	Time(s): 320517.621877
    -- MCMC Step: 01510000 	Time(s): 322890.496732
    -- MCMC Step: 01520000 	Time(s): 325269.661946
    -- MCMC Step: 01530000 	Time(s): 327660.350123
    -- MCMC Step: 01540000 	Time(s): 330046.813303
    -- MCMC Step: 01550000 	Time(s): 332466.366474
    -- MCMC Step: 01560000 	Time(s): 334920.124053
    -- MCMC Step: 01570000 	Time(s): 337390.421061
    -- MCMC Step: 01580000 	Time(s): 339838.196950
    -- MCMC Step: 01590000 	Time(s): 342284.854264
    -- MCMC Step: 01600000 	Time(s): 344724.339612
    -- MCMC Step: 01610000 	Time(s): 347035.915415
    -- MCMC Step: 01620000 	Time(s): 348894.826846
    -- MCMC Step: 01630000 	Time(s): 351145.039052
    -- MCMC Step: 01640000 	Time(s): 353432.568447
    -- MCMC Step: 01650000 	Time(s): 355979.570548
    -- MCMC Step: 01660000 	Time(s): 358705.160220
    -- MCMC Step: 01670000 	Time(s): 361415.318007
    -- MCMC Step: 01680000 	Time(s): 364076.811973
    -- MCMC Step: 01690000 	Time(s): 366604.243557
    -- MCMC Step: 01700000 	Time(s): 369200.170847
    -- MCMC Step: 01710000 	Time(s): 371847.898133
    -- MCMC Step: 01720000 	Time(s): 374528.838593
    -- MCMC Step: 01730000 	Time(s): 377211.342969
    -- MCMC Step: 01740000 	Time(s): 379916.043814
    -- MCMC Step: 01750000 	Time(s): 382611.872552
    -- MCMC Step: 01760000 	Time(s): 385307.502839
    -- MCMC Step: 01770000 	Time(s): 388000.581181
    -- MCMC Step: 01780000 	Time(s): 390768.009314
    -- MCMC Step: 01790000 	Time(s): 393551.850560
    -- MCMC Step: 01800000 	Time(s): 396283.457452
    -- MCMC Step: 01810000 	Time(s): 398987.695188
    -- MCMC Step: 01820000 	Time(s): 401661.172982
    -- MCMC Step: 01830000 	Time(s): 404375.363929
    -- MCMC Step: 01840000 	Time(s): 407061.488952
    -- MCMC Step: 01850000 	Time(s): 409773.341141
    -- MCMC Step: 01860000 	Time(s): 412444.200118
    -- MCMC Step: 01870000 	Time(s): 415096.094216
    -- MCMC Step: 01880000 	Time(s): 417754.557374
    -- MCMC Step: 01890000 	Time(s): 420378.988300
    -- MCMC Step: 01900000 	Time(s): 422892.651584
    -- MCMC Step: 01910000 	Time(s): 425432.346464
    -- MCMC Step: 01920000 	Time(s): 428007.426037
    -- MCMC Step: 01930000 	Time(s): 430580.434669
    -- MCMC Step: 01940000 	Time(s): 433161.915575
    -- MCMC Step: 01950000 	Time(s): 435812.848679
    -- MCMC Step: 01960000 	Time(s): 438462.029819
    -- MCMC Step: 01970000 	Time(s): 441061.508150
    -- MCMC Step: 01980000 	Time(s): 443607.544094
    -- MCMC Step: 01990000 	Time(s): 446117.782244
    -- MCMC Step: 02000000 	Time(s): 448630.645923
    -- MCMC Step: 02010000 	Time(s): 451127.299545
    -- MCMC Step: 02020000 	Time(s): 453649.905703
    -- MCMC Step: 02030000 	Time(s): 456162.643908
    -- MCMC Step: 02040000 	Time(s): 458658.359393
    -- MCMC Step: 02050000 	Time(s): 461162.076533
    -- MCMC Step: 02060000 	Time(s): 463666.225898
    -- MCMC Step: 02070000 	Time(s): 466171.691630
    -- MCMC Step: 02080000 	Time(s): 468642.782597
    -- MCMC Step: 02090000 	Time(s): 471159.407986
    -- MCMC Step: 02100000 	Time(s): 473652.581111
    -- MCMC Step: 02110000 	Time(s): 476098.537647
    -- MCMC Step: 02120000 	Time(s): 478531.534657
    -- MCMC Step: 02130000 	Time(s): 480966.812320
    -- MCMC Step: 02140000 	Time(s): 483417.090877
    -- MCMC Step: 02150000 	Time(s): 485867.849467
    -- MCMC Step: 02160000 	Time(s): 488272.556837
    -- MCMC Step: 02170000 	Time(s): 490571.145398
    -- MCMC Step: 02180000 	Time(s): 492904.119301
    -- MCMC Step: 02190000 	Time(s): 495256.406370
    -- MCMC Step: 02200000 	Time(s): 497491.388714
    -- MCMC Step: 02210000 	Time(s): 499704.189421
    -- MCMC Step: 02220000 	Time(s): 501890.497096
    -- MCMC Step: 02230000 	Time(s): 504085.146638
    -- MCMC Step: 02240000 	Time(s): 506269.429690
    -- MCMC Step: 02250000 	Time(s): 508446.495488
    -- MCMC Step: 02260000 	Time(s): 510627.179355
    -- MCMC Step: 02270000 	Time(s): 512843.912599
    -- MCMC Step: 02280000 	Time(s): 515040.843705
    -- MCMC Step: 02290000 	Time(s): 517078.048456
    -- MCMC Step: 02300000 	Time(s): 519041.009724
    -- MCMC Step: 02310000 	Time(s): 521016.223335
    -- MCMC Step: 02320000 	Time(s): 522970.023859
    -- MCMC Step: 02330000 	Time(s): 524967.451189
    -- MCMC Step: 02340000 	Time(s): 526923.324047
    -- MCMC Step: 02350000 	Time(s): 528887.018013
    -- MCMC Step: 02360000 	Time(s): 530898.276888
    -- MCMC Step: 02370000 	Time(s): 532906.083339
    -- MCMC Step: 02380000 	Time(s): 534890.685724
    -- MCMC Step: 02390000 	Time(s): 536863.910298
    -- MCMC Step: 02400000 	Time(s): 538832.163019
    -- MCMC Step: 02410000 	Time(s): 540743.852696
    -- MCMC Step: 02420000 	Time(s): 542437.583745
    -- MCMC Step: 02430000 	Time(s): 544026.703271
    -- MCMC Step: 02440000 	Time(s): 545615.659748
    -- MCMC Step: 02450000 	Time(s): 547189.404917
    -- MCMC Step: 02460000 	Time(s): 548770.127890
    -- MCMC Step: 02470000 	Time(s): 550376.475703
    -- MCMC Step: 02480000 	Time(s): 551975.959873
    -- MCMC Step: 02490000 	Time(s): 553572.316778
    -- MCMC Step: 02500000 	Time(s): 555147.889741
    -- MCMC Step: 02510000 	Time(s): 556699.595091
    -- MCMC Step: 02520000 	Time(s): 558237.639239
    -- MCMC Step: 02530000 	Time(s): 559819.504018
    -- MCMC Step: 02540000 	Time(s): 561413.244762
    -- MCMC Step: 02550000 	Time(s): 562969.736146
    -- MCMC Step: 02560000 	Time(s): 564535.741799
    -- MCMC Step: 02570000 	Time(s): 566108.713402
    -- MCMC Step: 02580000 	Time(s): 567675.723819
    -- MCMC Step: 02590000 	Time(s): 569224.691313
    -- MCMC Step: 02600000 	Time(s): 570764.437065
    -- MCMC Step: 02610000 	Time(s): 572318.848089
    -- MCMC Step: 02620000 	Time(s): 573861.317377
    -- MCMC Step: 02630000 	Time(s): 575398.317497
    -- MCMC Step: 02640000 	Time(s): 576940.147683
    -- MCMC Step: 02650000 	Time(s): 578500.328229
    -- MCMC Step: 02660000 	Time(s): 580086.039729
    -- MCMC Step: 02670000 	Time(s): 581662.897001
    -- MCMC Step: 02680000 	Time(s): 583213.629616
    -- MCMC Step: 02690000 	Time(s): 584763.016327
    -- MCMC Step: 02700000 	Time(s): 586308.061782
    -- MCMC Step: 02710000 	Time(s): 587836.014765
    -- MCMC Step: 02720000 	Time(s): 589421.433445
    -- MCMC Step: 02730000 	Time(s): 590987.790431
    -- MCMC Step: 02740000 	Time(s): 592618.038665
    -- MCMC Step: 02750000 	Time(s): 594253.739947
    -- MCMC Step: 02760000 	Time(s): 595918.233954
    -- MCMC Step: 02770000 	Time(s): 597574.551976
    -- MCMC Step: 02780000 	Time(s): 599257.176115
    -- MCMC Step: 02790000 	Time(s): 600976.983568
    -- MCMC Step: 02800000 	Time(s): 602706.929921
    -- MCMC Step: 02810000 	Time(s): 604453.447435
    -- MCMC Step: 02820000 	Time(s): 606150.684837
    -- MCMC Step: 02830000 	Time(s): 607860.110635
    -- MCMC Step: 02840000 	Time(s): 609532.205773
    -- MCMC Step: 02850000 	Time(s): 611269.125890
    -- MCMC Step: 02860000 	Time(s): 612950.587399
    -- MCMC Step: 02870000 	Time(s): 614628.978755
    -- MCMC Step: 02880000 	Time(s): 616304.029932
    -- MCMC Step: 02890000 	Time(s): 617968.416606
    -- MCMC Step: 02900000 	Time(s): 619626.137761
    -- MCMC Step: 02910000 	Time(s): 621316.637147
    -- MCMC Step: 02920000 	Time(s): 622988.393302
    -- MCMC Step: 02930000 	Time(s): 624614.159121
    -- MCMC Step: 02940000 	Time(s): 626309.778623
    -- MCMC Step: 02950000 	Time(s): 627918.479423
    -- MCMC Step: 02960000 	Time(s): 629547.881624
    -- MCMC Step: 02970000 	Time(s): 631230.123276
    -- MCMC Step: 02980000 	Time(s): 632902.440457
    -- MCMC Step: 02990000 	Time(s): 634549.653244
    -- MCMC Step: 03000000 	Time(s): 636161.666249
    -- MCMC Step: 03010000 	Time(s): 637780.416136
    -- MCMC Step: 03020000 	Time(s): 639371.889575
    -- MCMC Step: 03030000 	Time(s): 641024.587136
    -- MCMC Step: 03040000 	Time(s): 642644.450235
    -- MCMC Step: 03050000 	Time(s): 644248.013796
    -- MCMC Step: 03060000 	Time(s): 645867.377807
    -- MCMC Step: 03070000 	Time(s): 647489.059883
    -- MCMC Step: 03080000 	Time(s): 649155.748324
    -- MCMC Step: 03090000 	Time(s): 650746.261200
    -- MCMC Step: 03100000 	Time(s): 652309.539005
    -- MCMC Step: 03110000 	Time(s): 653914.404484
    -- MCMC Step: 03120000 	Time(s): 655512.238636
    -- MCMC Step: 03130000 	Time(s): 657089.219260
    -- MCMC Step: 03140000 	Time(s): 658670.856442
    -- MCMC Step: 03150000 	Time(s): 660250.200638
    -- MCMC Step: 03160000 	Time(s): 661807.312494
    -- MCMC Step: 03170000 	Time(s): 663373.783442
    -- MCMC Step: 03180000 	Time(s): 664951.606739
    -- MCMC Step: 03190000 	Time(s): 666542.281497
    -- MCMC Step: 03200000 	Time(s): 668100.807786
    -- MCMC Step: 03210000 	Time(s): 669656.397838
    -- MCMC Step: 03220000 	Time(s): 671203.936047
    -- MCMC Step: 03230000 	Time(s): 672755.324668
    -- MCMC Step: 03240000 	Time(s): 674301.996560
    -- MCMC Step: 03250000 	Time(s): 675887.053997
    -- MCMC Step: 03260000 	Time(s): 677486.545341
    -- MCMC Step: 03270000 	Time(s): 679083.379668
    -- MCMC Step: 03280000 	Time(s): 680660.914327
    -- MCMC Step: 03290000 	Time(s): 682251.997168
    -- MCMC Step: 03300000 	Time(s): 683874.453393
    -- MCMC Step: 03310000 	Time(s): 685543.959753
    -- MCMC Step: 03320000 	Time(s): 687459.777463
    -- MCMC Step: 03330000 	Time(s): 689609.597046
    -- MCMC Step: 03340000 	Time(s): 691781.158595
    -- MCMC Step: 03350000 	Time(s): 693876.531766
    -- MCMC Step: 03360000 	Time(s): 695973.900052
    -- MCMC Step: 03370000 	Time(s): 699199.677697
    -- MCMC Step: 03380000 	Time(s): 702517.443219
    -- MCMC Step: 03390000 	Time(s): 705986.121164
    -- MCMC Step: 03400000 	Time(s): 709579.900517
    -- MCMC Step: 03410000 	Time(s): 713132.436470
    -- MCMC Step: 03420000 	Time(s): 716496.096554
    -- MCMC Step: 03430000 	Time(s): 719784.649015
    -- MCMC Step: 03440000 	Time(s): 723152.028427
    -- MCMC Step: 03450000 	Time(s): 726521.411388
    -- MCMC Step: 03460000 	Time(s): 729852.569178
    -- MCMC Step: 03470000 	Time(s): 733202.266830
    -- MCMC Step: 03480000 	Time(s): 736556.918287
    -- MCMC Step: 03490000 	Time(s): 739936.621086
    -- MCMC Step: 03500000 	Time(s): 743359.527018
    -- MCMC Step: 03510000 	Time(s): 746765.657260
    -- MCMC Step: 03520000 	Time(s): 750183.456665
    -- MCMC Step: 03530000 	Time(s): 753650.239142
    -- MCMC Step: 03540000 	Time(s): 757126.876825
    -- MCMC Step: 03550000 	Time(s): 760536.576960
    -- MCMC Step: 03560000 	Time(s): 763862.650721
    -- MCMC Step: 03570000 	Time(s): 767252.444312
    -- MCMC Step: 03580000 	Time(s): 770873.426878
    -- MCMC Step: 03590000 	Time(s): 775012.784231
    -- MCMC Step: 03600000 	Time(s): 778790.421833
    -- MCMC Step: 03610000 	Time(s): 782875.946054
    -- MCMC Step: 03620000 	Time(s): 786950.373750
    -- MCMC Step: 03630000 	Time(s): 791050.355621
    -- MCMC Step: 03640000 	Time(s): 795312.419196
    -- MCMC Step: 03650000 	Time(s): 799731.894909
    -- MCMC Step: 03660000 	Time(s): 804336.108555
    -- MCMC Step: 03670000 	Time(s): 809017.583193
    -- MCMC Step: 03680000 	Time(s): 813728.698762
    -- MCMC Step: 03690000 	Time(s): 818489.159524
    -- MCMC Step: 03700000 	Time(s): 823192.868000
    -- MCMC Step: 03710000 	Time(s): 827878.161362
    -- MCMC Step: 03720000 	Time(s): 832595.127541
    -- MCMC Step: 03730000 	Time(s): 837324.466333
    -- MCMC Step: 03740000 	Time(s): 842046.737567
    -- MCMC Step: 03750000 	Time(s): 846714.978532
    -- MCMC Step: 03760000 	Time(s): 851367.942338
    -- MCMC Step: 03770000 	Time(s): 856033.150664
    -- MCMC Step: 03780000 	Time(s): 860639.560436
    -- MCMC Step: 03790000 	Time(s): 865164.037703
    -- MCMC Step: 03800000 	Time(s): 869661.538468
    -- MCMC Step: 03810000 	Time(s): 873962.058780
    -- MCMC Step: 03820000 	Time(s): 878602.153477
    -- MCMC Step: 03830000 	Time(s): 883064.777875
    -- MCMC Step: 03840000 	Time(s): 887570.525199
    -- MCMC Step: 03850000 	Time(s): 892242.675720
    -- MCMC Step: 03860000 	Time(s): 896828.924800
    -- MCMC Step: 03870000 	Time(s): 901351.648106
    -- MCMC Step: 03880000 	Time(s): 905877.290217
    -- MCMC Step: 03890000 	Time(s): 910405.092506
    -- MCMC Step: 03900000 	Time(s): 915033.210670
    -- MCMC Step: 03910000 	Time(s): 919621.450681
    -- MCMC Step: 03920000 	Time(s): 924251.844038
    -- MCMC Step: 03930000 	Time(s): 928907.872794
    -- MCMC Step: 03940000 	Time(s): 933499.194730
    -- MCMC Step: 03950000 	Time(s): 938214.098354
    -- MCMC Step: 03960000 	Time(s): 942936.722809
    -- MCMC Step: 03970000 	Time(s): 947480.909925
    -- MCMC Step: 03980000 	Time(s): 951728.587272
    -- MCMC Step: 03990000 	Time(s): 956195.364470
    -- MCMC Step: 04000000 	Time(s): 960631.937512
    -- MCMC Step: 04010000 	Time(s): 965101.037746
    -- MCMC Step: 04020000 	Time(s): 969690.322572
    -- MCMC Step: 04030000 	Time(s): 974335.907455
    -- MCMC Step: 04040000 	Time(s): 978979.278859
    -- MCMC Step: 04050000 	Time(s): 983632.334397
    -- MCMC Step: 04060000 	Time(s): 988301.065974
    -- MCMC Step: 04070000 	Time(s): 992885.789335
    -- MCMC Step: 04080000 	Time(s): 997438.501420
    -- MCMC Step: 04090000 	Time(s): 1002006.586820
    -- MCMC Step: 04100000 	Time(s): 1006524.262298
    -- MCMC Step: 04110000 	Time(s): 1011117.998222
    -- MCMC Step: 04120000 	Time(s): 1015738.624552
    -- MCMC Step: 04130000 	Time(s): 1020289.419383
    -- MCMC Step: 04140000 	Time(s): 1024863.345690
    -- MCMC Step: 04150000 	Time(s): 1029322.427049
    -- MCMC Step: 04160000 	Time(s): 1033588.816906
    -- MCMC Step: 04170000 	Time(s): 1037791.035268
    -- MCMC Step: 04180000 	Time(s): 1041890.985153
    -- MCMC Step: 04190000 	Time(s): 1045988.588842
    -- MCMC Step: 04200000 	Time(s): 1050052.619934
    -- MCMC Step: 04210000 	Time(s): 1054150.272079
    -- MCMC Step: 04220000 	Time(s): 1058268.077065
    -- MCMC Step: 04230000 	Time(s): 1062382.260096
    -- MCMC Step: 04240000 	Time(s): 1066537.719154
    -- MCMC Step: 04250000 	Time(s): 1070661.075022
    -- MCMC Step: 04260000 	Time(s): 1074817.512347
    -- MCMC Step: 04270000 	Time(s): 1078919.590064
    -- MCMC Step: 04280000 	Time(s): 1083000.076429
    -- MCMC Step: 04290000 	Time(s): 1087172.513931
    -- MCMC Step: 04300000 	Time(s): 1091357.058543
    -- MCMC Step: 04310000 	Time(s): 1095402.741590
    -- MCMC Step: 04320000 	Time(s): 1099409.912768
    -- MCMC Step: 04330000 	Time(s): 1102068.348486
    -- MCMC Step: 04340000 	Time(s): 1105900.222356
    -- MCMC Step: 04350000 	Time(s): 1109807.002082
    -- MCMC Step: 04360000 	Time(s): 1113703.830816
    -- MCMC Step: 04370000 	Time(s): 1117660.108919
    -- MCMC Step: 04380000 	Time(s): 1121680.474018
    -- MCMC Step: 04390000 	Time(s): 1125938.156867
    -- MCMC Step: 04400000 	Time(s): 1130185.076066
    -- MCMC Step: 04410000 	Time(s): 1134428.887171
    -- MCMC Step: 04420000 	Time(s): 1138687.995467
    -- MCMC Step: 04430000 	Time(s): 1142983.504743
    -- MCMC Step: 04440000 	Time(s): 1147292.736823
    -- MCMC Step: 04450000 	Time(s): 1151557.136839
    -- MCMC Step: 04460000 	Time(s): 1155832.772201
    -- MCMC Step: 04470000 	Time(s): 1160166.320122
    -- MCMC Step: 04480000 	Time(s): 1164466.462188
    -- MCMC Step: 04490000 	Time(s): 1168726.834300
    -- MCMC Step: 04500000 	Time(s): 1173013.289446
    -- MCMC Step: 04510000 	Time(s): 1177319.284213
    -- MCMC Step: 04520000 	Time(s): 1181519.677891
    -- MCMC Step: 04530000 	Time(s): 1185806.118387
    -- MCMC Step: 04540000 	Time(s): 1190033.853689
    -- MCMC Step: 04550000 	Time(s): 1194219.158592
    -- MCMC Step: 04560000 	Time(s): 1198309.708882
    -- MCMC Step: 04570000 	Time(s): 1202390.736758
    -- MCMC Step: 04580000 	Time(s): 1206515.323887
    -- MCMC Step: 04590000 	Time(s): 1210699.980194
    -- MCMC Step: 04600000 	Time(s): 1214834.161268
    -- MCMC Step: 04610000 	Time(s): 1219016.416387
    -- MCMC Step: 04620000 	Time(s): 1223175.099397
    -- MCMC Step: 04630000 	Time(s): 1227285.610317
    -- MCMC Step: 04640000 	Time(s): 1231694.147539
    -- MCMC Step: 04650000 	Time(s): 1236545.335909
    -- MCMC Step: 04660000 	Time(s): 1241453.696402
    -- MCMC Step: 04670000 	Time(s): 1246344.579663
    -- MCMC Step: 04680000 	Time(s): 1251198.780874
    -- MCMC Step: 04690000 	Time(s): 1256008.796432
    -- MCMC Step: 04700000 	Time(s): 1260783.210739
    -- MCMC Step: 04710000 	Time(s): 1265469.438992
    -- MCMC Step: 04720000 	Time(s): 1270219.321868
    -- MCMC Step: 04730000 	Time(s): 1275207.123034
    -- MCMC Step: 04740000 	Time(s): 1280163.365877
    -- MCMC Step: 04750000 	Time(s): 1285020.280539
    -- MCMC Step: 04760000 	Time(s): 1289632.794448
    -- MCMC Step: 04770000 	Time(s): 1294089.124735
    -- MCMC Step: 04780000 	Time(s): 1298183.117215
    -- MCMC Step: 04790000 	Time(s): 1302599.645345
    -- MCMC Step: 04800000 	Time(s): 1307019.360217
    -- MCMC Step: 04810000 	Time(s): 1311194.757225
    -- MCMC Step: 04820000 	Time(s): 1315936.342049
    -- MCMC Step: 04830000 	Time(s): 1320554.643311
    -- MCMC Step: 04840000 	Time(s): 1325160.049332
    -- MCMC Step: 04850000 	Time(s): 1329817.138684
    -- MCMC Step: 04860000 	Time(s): 1334509.684929
    -- MCMC Step: 04870000 	Time(s): 1339223.444348
    -- MCMC Step: 04880000 	Time(s): 1343916.370120
    -- MCMC Step: 04890000 	Time(s): 1348406.023348
    -- MCMC Step: 04900000 	Time(s): 1352743.253784
    -- MCMC Step: 04910000 	Time(s): 1357020.249380
    -- MCMC Step: 04920000 	Time(s): 1361238.873580
    -- MCMC Step: 04930000 	Time(s): 1365299.694902
    -- MCMC Step: 04940000 	Time(s): 1369184.852925
    -- MCMC Step: 04950000 	Time(s): 1373267.368190
    -- MCMC Step: 04960000 	Time(s): 1377513.970637
    -- MCMC Step: 04970000 	Time(s): 1381379.429177
    -- MCMC Step: 04980000 	Time(s): 1385701.956399
    -- MCMC Step: 04990000 	Time(s): 1389996.167814
    -- MCMC Step: 05000000 	Time(s): 1394078.062040
    -- MCMC Step: 05010000 	Time(s): 1398226.053179
    -- MCMC Step: 05020000 	Time(s): 1402509.644490
    -- MCMC Step: 05030000 	Time(s): 1406639.561944
    -- MCMC Step: 05040000 	Time(s): 1411031.947676
    -- MCMC Step: 05050000 	Time(s): 1415836.534695
    -- MCMC Step: 05060000 	Time(s): 1420597.520429
    -- MCMC Step: 05070000 	Time(s): 1425339.089568
    -- MCMC Step: 05080000 	Time(s): 1429879.719378
    -- MCMC Step: 05090000 	Time(s): 1434393.051551
    -- MCMC Step: 05100000 	Time(s): 1438647.187286
    -- MCMC Step: 05110000 	Time(s): 1442736.948326
    -- MCMC Step: 05120000 	Time(s): 1446877.568681
    -- MCMC Step: 05130000 	Time(s): 1450961.434559
    -- MCMC Step: 05140000 	Time(s): 1454999.995246
    -- MCMC Step: 05150000 	Time(s): 1459053.620882
    -- MCMC Step: 05160000 	Time(s): 1462922.390042
    -- MCMC Step: 05170000 	Time(s): 1466360.291624
    -- MCMC Step: 05180000 	Time(s): 1469976.474620
    -- MCMC Step: 05190000 	Time(s): 1473532.737428
    -- MCMC Step: 05200000 	Time(s): 1477150.335682
    -- MCMC Step: 05210000 	Time(s): 1480967.219473
    -- MCMC Step: 05220000 	Time(s): 1484894.891842
    -- MCMC Step: 05230000 	Time(s): 1488713.496893
    -- MCMC Step: 05240000 	Time(s): 1492734.623134
    -- MCMC Step: 05250000 	Time(s): 1496665.743103
    -- MCMC Step: 05260000 	Time(s): 1500702.118907
    -- MCMC Step: 05270000 	Time(s): 1504617.435457
    -- MCMC Step: 05280000 	Time(s): 1508486.220453
    -- MCMC Step: 05290000 	Time(s): 1512326.950486
    -- MCMC Step: 05300000 	Time(s): 1516176.972264
    -- MCMC Step: 05310000 	Time(s): 1520043.769033
    -- MCMC Step: 05320000 	Time(s): 1523852.502488
    -- MCMC Step: 05330000 	Time(s): 1527697.999180
    -- MCMC Step: 05340000 	Time(s): 1531562.065045
    -- MCMC Step: 05350000 	Time(s): 1535429.749090
    -- MCMC Step: 05360000 	Time(s): 1539193.397188
    -- MCMC Step: 05370000 	Time(s): 1542911.515357
    -- MCMC Step: 05380000 	Time(s): 1546741.290492
    -- MCMC Step: 05390000 	Time(s): 1550631.911801
    -- MCMC Step: 05400000 	Time(s): 1553835.963710
    -- MCMC Step: 05410000 	Time(s): 1557081.263474
    -- MCMC Step: 05420000 	Time(s): 1560551.240943
    -- MCMC Step: 05430000 	Time(s): 1563869.282752
    -- MCMC Step: 05440000 	Time(s): 1566943.917851
    -- MCMC Step: 05450000 	Time(s): 1570185.879024
    -- MCMC Step: 05460000 	Time(s): 1573455.748106
    -- MCMC Step: 05470000 	Time(s): 1576696.991479
    -- MCMC Step: 05480000 	Time(s): 1579960.864180
    -- MCMC Step: 05490000 	Time(s): 1583518.426938
    -- MCMC Step: 05500000 	Time(s): 1587297.378023
    -- MCMC Step: 05510000 	Time(s): 1591089.950599
    -- MCMC Step: 05520000 	Time(s): 1594980.681658
    -- MCMC Step: 05530000 	Time(s): 1598879.262441
    -- MCMC Step: 05540000 	Time(s): 1602769.592933
    -- MCMC Step: 05550000 	Time(s): 1606637.940166
    -- MCMC Step: 05560000 	Time(s): 1610583.432438
    -- MCMC Step: 05570000 	Time(s): 1614473.677413
    -- MCMC Step: 05580000 	Time(s): 1618425.810367
    -- MCMC Step: 05590000 	Time(s): 1622381.269944
    -- MCMC Step: 05600000 	Time(s): 1626345.117831
    -- MCMC Step: 05610000 	Time(s): 1630278.652379
    -- MCMC Step: 05620000 	Time(s): 1634213.660963
    -- MCMC Step: 05630000 	Time(s): 1638113.562602
    -- MCMC Step: 05640000 	Time(s): 1642030.334659
    -- MCMC Step: 05650000 	Time(s): 1645946.688251
    -- MCMC Step: 05660000 	Time(s): 1649883.370386
    -- MCMC Step: 05670000 	Time(s): 1653836.374318
    -- MCMC Step: 05680000 	Time(s): 1657805.040977
    -- MCMC Step: 05690000 	Time(s): 1661773.558863
    -- MCMC Step: 05700000 	Time(s): 1665744.141490
    -- MCMC Step: 05710000 	Time(s): 1669678.189015
    -- MCMC Step: 05720000 	Time(s): 1673545.027785
    -- MCMC Step: 05730000 	Time(s): 1677413.877353
    -- MCMC Step: 05740000 	Time(s): 1681252.188143
    -- MCMC Step: 05750000 	Time(s): 1685119.486847
    -- MCMC Step: 05760000 	Time(s): 1689013.590863
    -- MCMC Step: 05770000 	Time(s): 1692840.234545
    -- MCMC Step: 05780000 	Time(s): 1696650.043456
    -- MCMC Step: 05790000 	Time(s): 1700477.847059
    -- MCMC Step: 05800000 	Time(s): 1704139.676711
    -- MCMC Step: 05810000 	Time(s): 1707668.496899
    -- MCMC Step: 05820000 	Time(s): 1711197.017200
    -- MCMC Step: 05830000 	Time(s): 1714731.069345
    -- MCMC Step: 05840000 	Time(s): 1718278.526465
    -- MCMC Step: 05850000 	Time(s): 1721786.069581
    -- MCMC Step: 05860000 	Time(s): 1725201.518275
    -- MCMC Step: 05870000 	Time(s): 1728606.869995
    -- MCMC Step: 05880000 	Time(s): 1732031.592226
    -- MCMC Step: 05890000 	Time(s): 1735488.036766
    -- MCMC Step: 05900000 	Time(s): 1739006.825676
    -- MCMC Step: 05910000 	Time(s): 1742548.578337
    -- MCMC Step: 05920000 	Time(s): 1746090.663374
    -- MCMC Step: 05930000 	Time(s): 1749615.898170
    -- MCMC Step: 05940000 	Time(s): 1753130.265898
    -- MCMC Step: 05950000 	Time(s): 1756636.387201
    -- MCMC Step: 05960000 	Time(s): 1760161.933968
    -- MCMC Step: 05970000 	Time(s): 1763682.139971
    -- MCMC Step: 05980000 	Time(s): 1767210.668095
    -- MCMC Step: 05990000 	Time(s): 1770543.858898
    -- MCMC Step: 06000000 	Time(s): 1773770.184354
    -- MCMC Step: 06010000 	Time(s): 1776963.965929
    -- MCMC Step: 06020000 	Time(s): 1780125.192431
    -- MCMC Step: 06030000 	Time(s): 1783237.534131
    -- MCMC Step: 06040000 	Time(s): 1786290.167797
    -- MCMC Step: 06050000 	Time(s): 1789378.408346
    -- MCMC Step: 06060000 	Time(s): 1792404.412847
    -- MCMC Step: 06070000 	Time(s): 1795344.225306
    -- MCMC Step: 06080000 	Time(s): 1798279.840391
    -- MCMC Step: 06090000 	Time(s): 1801413.793964
    -- MCMC Step: 06100000 	Time(s): 1804561.037403
    -- MCMC Step: 06110000 	Time(s): 1807594.309998
    -- MCMC Step: 06120000 	Time(s): 1810605.973940
    -- MCMC Step: 06130000 	Time(s): 1813617.482980
    -- MCMC Step: 06140000 	Time(s): 1816663.406457
    -- MCMC Step: 06150000 	Time(s): 1819724.611566
    -- MCMC Step: 06160000 	Time(s): 1822780.812386
    -- MCMC Step: 06170000 	Time(s): 1825817.023363
    -- MCMC Step: 06180000 	Time(s): 1828828.226510
    -- MCMC Step: 06190000 	Time(s): 1831831.552171
    -- MCMC Step: 06200000 	Time(s): 1834839.117997
    -- MCMC Step: 06210000 	Time(s): 1837830.367928
    -- MCMC Step: 06220000 	Time(s): 1840838.201827
    -- MCMC Step: 06230000 	Time(s): 1843880.692261
    -- MCMC Step: 06240000 	Time(s): 1846898.850872
    -- MCMC Step: 06250000 	Time(s): 1849939.776155
    -- MCMC Step: 06260000 	Time(s): 1852988.890394
    -- MCMC Step: 06270000 	Time(s): 1855988.176006
    -- MCMC Step: 06280000 	Time(s): 1858781.260212
    -- MCMC Step: 06290000 	Time(s): 1861519.879337
    -- MCMC Step: 06300000 	Time(s): 1864125.064296
    -- MCMC Step: 06310000 	Time(s): 1866718.284268
    -- MCMC Step: 06320000 	Time(s): 1869312.154334
    -- MCMC Step: 06330000 	Time(s): 1871905.902571
    -- MCMC Step: 06340000 	Time(s): 1874512.161398
    -- MCMC Step: 06350000 	Time(s): 1877104.290149
    -- MCMC Step: 06360000 	Time(s): 1879706.948580
    -- MCMC Step: 06370000 	Time(s): 1882348.403922
    -- MCMC Step: 06380000 	Time(s): 1885171.540719
    -- MCMC Step: 06390000 	Time(s): 1887868.846463
    -- MCMC Step: 06400000 	Time(s): 1890402.497410
    -- MCMC Step: 06410000 	Time(s): 1892947.719080
    -- MCMC Step: 06420000 	Time(s): 1895533.613760
    -- MCMC Step: 06430000 	Time(s): 1898369.172514
    -- MCMC Step: 06440000 	Time(s): 1901292.639510
    -- MCMC Step: 06450000 	Time(s): 1904238.733991
    -- MCMC Step: 06460000 	Time(s): 1907319.782753
    -- MCMC Step: 06470000 	Time(s): 1910369.954732
    -- MCMC Step: 06480000 	Time(s): 1913584.142864
    -- MCMC Step: 06490000 	Time(s): 1916901.483094
    -- MCMC Step: 06500000 	Time(s): 1920189.089215
    -- MCMC Step: 06510000 	Time(s): 1923455.439410
    -- MCMC Step: 06520000 	Time(s): 1926861.669314
    -- MCMC Step: 06530000 	Time(s): 1930145.432055
    -- MCMC Step: 06540000 	Time(s): 1933347.209869
    -- MCMC Step: 06550000 	Time(s): 1936610.679058
    -- MCMC Step: 06560000 	Time(s): 1939886.498445
    -- MCMC Step: 06570000 	Time(s): 1943264.013175
    -- MCMC Step: 06580000 	Time(s): 1946594.935879
    -- MCMC Step: 06590000 	Time(s): 1949887.245248
    -- MCMC Step: 06600000 	Time(s): 1953169.594893
    -- MCMC Step: 06610000 	Time(s): 1956442.745489
    -- MCMC Step: 06620000 	Time(s): 1959739.244685
    -- MCMC Step: 06630000 	Time(s): 1963054.814268
    -- MCMC Step: 06640000 	Time(s): 1966403.854921
    -- MCMC Step: 06650000 	Time(s): 1969741.852190
    -- MCMC Step: 06660000 	Time(s): 1973136.090497
    -- MCMC Step: 06670000 	Time(s): 1976519.126572
    -- MCMC Step: 06680000 	Time(s): 1979847.685727
    -- MCMC Step: 06690000 	Time(s): 1983034.285961
    -- MCMC Step: 06700000 	Time(s): 1986105.763160
    -- MCMC Step: 06710000 	Time(s): 1989144.805043
    -- MCMC Step: 06720000 	Time(s): 1992421.706503
    -- MCMC Step: 06730000 	Time(s): 1995829.022732
    -- MCMC Step: 06740000 	Time(s): 1999641.915582
    -- MCMC Step: 06750000 	Time(s): 2003405.476802
    -- MCMC Step: 06760000 	Time(s): 2007366.273425
    -- MCMC Step: 06770000 	Time(s): 2011253.579221
    -- MCMC Step: 06780000 	Time(s): 2015150.202971
    -- MCMC Step: 06790000 	Time(s): 2019046.536674
    -- MCMC Step: 06800000 	Time(s): 2023049.629642
    -- MCMC Step: 06810000 	Time(s): 2026779.611392
    -- MCMC Step: 06820000 	Time(s): 2030679.149624
    -- MCMC Step: 06830000 	Time(s): 2034604.112310
    -- MCMC Step: 06840000 	Time(s): 2038625.440962
    -- MCMC Step: 06850000 	Time(s): 2042625.420752
    -- MCMC Step: 06860000 	Time(s): 2046505.865662
    -- MCMC Step: 06870000 	Time(s): 2050250.430933
    -- MCMC Step: 06880000 	Time(s): 2053981.797477
    -- MCMC Step: 06890000 	Time(s): 2057688.288510
    -- MCMC Step: 06900000 	Time(s): 2061218.554234
    -- MCMC Step: 06910000 	Time(s): 2064548.970265
    -- MCMC Step: 06920000 	Time(s): 2068137.256062
    -- MCMC Step: 06930000 	Time(s): 2071605.057661
    -- MCMC Step: 06940000 	Time(s): 2075077.851341
    -- MCMC Step: 06950000 	Time(s): 2078608.610148
    -- MCMC Step: 06960000 	Time(s): 2082169.077893
    -- MCMC Step: 06970000 	Time(s): 2085692.885877
    -- MCMC Step: 06980000 	Time(s): 2089091.867916
    -- MCMC Step: 06990000 	Time(s): 2092686.259946
    -- MCMC Step: 07000000 	Time(s): 2096511.310298
    -- MCMC Step: 07010000 	Time(s): 2100312.917040
    -- MCMC Step: 07020000 	Time(s): 2104184.393435
    -- MCMC Step: 07030000 	Time(s): 2108063.210325
    -- MCMC Step: 07040000 	Time(s): 2111962.391308
    -- MCMC Step: 07050000 	Time(s): 2115806.097674
    -- MCMC Step: 07060000 	Time(s): 2119555.114206
    -- MCMC Step: 07070000 	Time(s): 2123140.377927
    -- MCMC Step: 07080000 	Time(s): 2126567.814242
    -- MCMC Step: 07090000 	Time(s): 2129892.488357
    -- MCMC Step: 07100000 	Time(s): 2133264.604614
    -- MCMC Step: 07110000 	Time(s): 2136634.911837
    -- MCMC Step: 07120000 	Time(s): 2139892.652829
    -- MCMC Step: 07130000 	Time(s): 2143151.521657
    -- MCMC Step: 07140000 	Time(s): 2146407.992897
    -- MCMC Step: 07150000 	Time(s): 2149778.341508
    -- MCMC Step: 07160000 	Time(s): 2152897.700149
    -- MCMC Step: 07170000 	Time(s): 2156498.113363
    -- MCMC Step: 07180000 	Time(s): 2160866.280485
    -- MCMC Step: 07190000 	Time(s): 2165403.996644
    -- MCMC Step: 07200000 	Time(s): 2169973.833130
    -- MCMC Step: 07210000 	Time(s): 2174542.341799
    -- MCMC Step: 07220000 	Time(s): 2178878.618977
    -- MCMC Step: 07230000 	Time(s): 2183272.116210
    -- MCMC Step: 07240000 	Time(s): 2187556.634309
    -- MCMC Step: 07250000 	Time(s): 2191958.579495
    -- MCMC Step: 07260000 	Time(s): 2196535.424902
    -- MCMC Step: 07270000 	Time(s): 2201168.955281
    -- MCMC Step: 07280000 	Time(s): 2205769.448154
    -- MCMC Step: 07290000 	Time(s): 2210313.967181
    -- MCMC Step: 07300000 	Time(s): 2214841.750776
    -- MCMC Step: 07310000 	Time(s): 2219126.338741
    -- MCMC Step: 07320000 	Time(s): 2223326.546309
    -- MCMC Step: 07330000 	Time(s): 2227442.742927
    -- MCMC Step: 07340000 	Time(s): 2231575.528951
    -- MCMC Step: 07350000 	Time(s): 2235453.849669
    -- MCMC Step: 07360000 	Time(s): 2239636.976198
    -- MCMC Step: 07370000 	Time(s): 2243842.462360
    -- MCMC Step: 07380000 	Time(s): 2248051.830501
    -- MCMC Step: 07390000 	Time(s): 2252303.845215
    -- MCMC Step: 07400000 	Time(s): 2256587.737906
    -- MCMC Step: 07410000 	Time(s): 2260853.274940
    -- MCMC Step: 07420000 	Time(s): 2265152.715735
    -- MCMC Step: 07430000 	Time(s): 2269394.304945
    -- MCMC Step: 07440000 	Time(s): 2273664.794928
    -- MCMC Step: 07450000 	Time(s): 2277945.185456
    -- MCMC Step: 07460000 	Time(s): 2282182.484855
    -- MCMC Step: 07470000 	Time(s): 2286378.372904
    -- MCMC Step: 07480000 	Time(s): 2290565.834350
    -- MCMC Step: 07490000 	Time(s): 2294719.380624
    -- MCMC Step: 07500000 	Time(s): 2298779.187518
    -- MCMC Step: 07510000 	Time(s): 2302617.657278
    -- MCMC Step: 07520000 	Time(s): 2306467.233270
    -- MCMC Step: 07530000 	Time(s): 2310356.680929
    -- MCMC Step: 07540000 	Time(s): 2314218.921101
    -- MCMC Step: 07550000 	Time(s): 2318107.505431
    -- MCMC Step: 07560000 	Time(s): 2322004.300321
    -- MCMC Step: 07570000 	Time(s): 2325835.220612
    -- MCMC Step: 07580000 	Time(s): 2329707.052392
    -- MCMC Step: 07590000 	Time(s): 2333638.044831
    -- MCMC Step: 07600000 	Time(s): 2337460.061170
    -- MCMC Step: 07610000 	Time(s): 2341383.577090
    -- MCMC Step: 07620000 	Time(s): 2345372.709305
    -- MCMC Step: 07630000 	Time(s): 2349339.616548
    -- MCMC Step: 07640000 	Time(s): 2353277.667220
    -- MCMC Step: 07650000 	Time(s): 2357127.071391
    -- MCMC Step: 07660000 	Time(s): 2360964.875313
    -- MCMC Step: 07670000 	Time(s): 2364809.939651
    -- MCMC Step: 07680000 	Time(s): 2368692.785102
    -- MCMC Step: 07690000 	Time(s): 2372411.993461
    -- MCMC Step: 07700000 	Time(s): 2376067.579689
    -- MCMC Step: 07710000 	Time(s): 2379695.361100
    -- MCMC Step: 07720000 	Time(s): 2383231.988589
    -- MCMC Step: 07730000 	Time(s): 2386782.251320
    -- MCMC Step: 07740000 	Time(s): 2390137.216454
    -- MCMC Step: 07750000 	Time(s): 2393518.651441
    -- MCMC Step: 07760000 	Time(s): 2396577.941490
    -- MCMC Step: 07770000 	Time(s): 2399892.174265
    -- MCMC Step: 07780000 	Time(s): 2403251.734974
    -- MCMC Step: 07790000 	Time(s): 2406526.190439
    -- MCMC Step: 07800000 	Time(s): 2409678.127921
    -- MCMC Step: 07810000 	Time(s): 2412720.406509
    -- MCMC Step: 07820000 	Time(s): 2415397.290880
    -- MCMC Step: 07830000 	Time(s): 2418592.661667
    -- MCMC Step: 07840000 	Time(s): 2421890.383251
    -- MCMC Step: 07850000 	Time(s): 2425019.030982
    -- MCMC Step: 07860000 	Time(s): 2428164.601193
    -- MCMC Step: 07870000 	Time(s): 2431346.491781
    -- MCMC Step: 07880000 	Time(s): 2434639.311440
    -- MCMC Step: 07890000 	Time(s): 2438278.610559
    -- MCMC Step: 07900000 	Time(s): 2442157.709272
    -- MCMC Step: 07910000 	Time(s): 2446045.935919
    -- MCMC Step: 07920000 	Time(s): 2450105.456364
    -- MCMC Step: 07930000 	Time(s): 2454081.591896
    -- MCMC Step: 07940000 	Time(s): 2457979.794684
    -- MCMC Step: 07950000 	Time(s): 2461988.098863
    -- MCMC Step: 07960000 	Time(s): 2466081.197321
    -- MCMC Step: 07970000 	Time(s): 2470127.163856
    -- MCMC Step: 07980000 	Time(s): 2474157.340775
    -- MCMC Step: 07990000 	Time(s): 2478237.672993
    -- MCMC Step: 08000000 	Time(s): 2481640.118836
    -- MCMC Step: 08010000 	Time(s): 2484854.017510
    -- MCMC Step: 08020000 	Time(s): 2488065.379301
    -- MCMC Step: 08030000 	Time(s): 2491248.186530
    -- MCMC Step: 08040000 	Time(s): 2494745.638992
    -- MCMC Step: 08050000 	Time(s): 2498634.421761
    -- MCMC Step: 08060000 	Time(s): 2502642.034956
    -- MCMC Step: 08070000 	Time(s): 2507203.653068
    -- MCMC Step: 08080000 	Time(s): 2511395.459504
    -- MCMC Step: 08090000 	Time(s): 2515816.686449
    -- MCMC Step: 08100000 	Time(s): 2521088.044953
    -- MCMC Step: 08110000 	Time(s): 2526295.554553
    -- MCMC Step: 08120000 	Time(s): 2532506.331369
    -- MCMC Step: 08130000 	Time(s): 2537650.261528
    -- MCMC Step: 08140000 	Time(s): 2542695.490214
    -- MCMC Step: 08150000 	Time(s): 2547863.150463
    -- MCMC Step: 08160000 	Time(s): 2552832.064986
    -- MCMC Step: 08170000 	Time(s): 2557481.521934
    -- MCMC Step: 08180000 	Time(s): 2561900.370042
    -- MCMC Step: 08190000 	Time(s): 2566240.704442
    -- MCMC Step: 08200000 	Time(s): 2570421.212230
    -- MCMC Step: 08210000 	Time(s): 2574567.433764
    -- MCMC Step: 08220000 	Time(s): 2578693.686455
    -- MCMC Step: 08230000 	Time(s): 2583062.334344
    -- MCMC Step: 08240000 	Time(s): 2587468.564813
    -- MCMC Step: 08250000 	Time(s): 2592204.288997
    -- MCMC Step: 08260000 	Time(s): 2600429.092932
    -- MCMC Step: 08270000 	Time(s): 2608007.691480
    -- MCMC Step: 08280000 	Time(s): 2615024.138115
    -- MCMC Step: 08290000 	Time(s): 2621926.496305
    -- MCMC Step: 08300000 	Time(s): 2628905.968256
    -- MCMC Step: 08310000 	Time(s): 2635589.912497
    -- MCMC Step: 08320000 	Time(s): 2642007.275857
    -- MCMC Step: 08330000 	Time(s): 2648383.125045
    -- MCMC Step: 08340000 	Time(s): 2654738.006141
    -- MCMC Step: 08350000 	Time(s): 2660422.224320
    -- MCMC Step: 08360000 	Time(s): 2665801.153034
    -- MCMC Step: 08370000 	Time(s): 2673508.192826
    -- MCMC Step: 08380000 	Time(s): 2680186.232892
    -- MCMC Step: 08390000 	Time(s): 2686397.574900
    -- MCMC Step: 08400000 	Time(s): 2691860.625399
    -- MCMC Step: 08410000 	Time(s): 2696867.593857
    -- MCMC Step: 08420000 	Time(s): 2701890.910187
    -- MCMC Step: 08430000 	Time(s): 2706858.713196
    -- MCMC Step: 08440000 	Time(s): 2711692.243767
    -- MCMC Step: 08450000 	Time(s): 2716296.258848
    -- MCMC Step: 08460000 	Time(s): 2720927.152748
    -- MCMC Step: 08470000 	Time(s): 2725200.195168
    -- MCMC Step: 08480000 	Time(s): 2729358.484321
    -- MCMC Step: 08490000 	Time(s): 2733201.176756
    -- MCMC Step: 08500000 	Time(s): 2737080.137549
    -- MCMC Step: 08510000 	Time(s): 2740715.878316
    -- MCMC Step: 08520000 	Time(s): 2744211.654347
    -- MCMC Step: 08530000 	Time(s): 2747736.188807
    -- MCMC Step: 08540000 	Time(s): 2751757.883710
    -- MCMC Step: 08550000 	Time(s): 2756434.740142
    -- MCMC Step: 08560000 	Time(s): 2761469.460880
    -- MCMC Step: 08570000 	Time(s): 2766030.411960
    -- MCMC Step: 08580000 	Time(s): 2770987.327435
    -- MCMC Step: 08590000 	Time(s): 2776133.064669
    -- MCMC Step: 08600000 	Time(s): 2781341.686651
    -- MCMC Step: 08610000 	Time(s): 2786393.762069
    -- MCMC Step: 08620000 	Time(s): 2791507.812140
    -- MCMC Step: 08630000 	Time(s): 2796556.672949
    -- MCMC Step: 08640000 	Time(s): 2801614.885792
    -- MCMC Step: 08650000 	Time(s): 2806360.558088
    -- MCMC Step: 08660000 	Time(s): 2811021.459008
    -- MCMC Step: 08670000 	Time(s): 2815463.552074
    -- MCMC Step: 08680000 	Time(s): 2819768.481467
    -- MCMC Step: 08690000 	Time(s): 2824039.550568
    -- MCMC Step: 08700000 	Time(s): 2828163.457260
    -- MCMC Step: 08710000 	Time(s): 2832270.431940
    -- MCMC Step: 08720000 	Time(s): 2836341.103221
    -- MCMC Step: 08730000 	Time(s): 2840407.620339
    -- MCMC Step: 08740000 	Time(s): 2844455.933291
    -- MCMC Step: 08750000 	Time(s): 2848574.985150
    -- MCMC Step: 08760000 	Time(s): 2852689.480602
    -- MCMC Step: 08770000 	Time(s): 2856819.410889
    -- MCMC Step: 08780000 	Time(s): 2861225.359133
    -- MCMC Step: 08790000 	Time(s): 2865633.982887
    -- MCMC Step: 08800000 	Time(s): 2869800.537006
    -- MCMC Step: 08810000 	Time(s): 2874122.620167
    -- MCMC Step: 08820000 	Time(s): 2878532.498870
    -- MCMC Step: 08830000 	Time(s): 2882780.578292
    -- MCMC Step: 08840000 	Time(s): 2887119.958900
    -- MCMC Step: 08850000 	Time(s): 2891514.371377
    -- MCMC Step: 08860000 	Time(s): 2895836.701881
    -- MCMC Step: 08870000 	Time(s): 2899961.901426
    -- MCMC Step: 08880000 	Time(s): 2904164.151354
    -- MCMC Step: 08890000 	Time(s): 2908252.196833
    -- MCMC Step: 08900000 	Time(s): 2912347.944387
    -- MCMC Step: 08910000 	Time(s): 2916508.517833
    -- MCMC Step: 08920000 	Time(s): 2920638.360459
    -- MCMC Step: 08930000 	Time(s): 2924760.236512
    -- MCMC Step: 08940000 	Time(s): 2928914.723474
    -- MCMC Step: 08950000 	Time(s): 2933109.269673
    -- MCMC Step: 08960000 	Time(s): 2937336.852533
    -- MCMC Step: 08970000 	Time(s): 2941585.081792
    -- MCMC Step: 08980000 	Time(s): 2945765.424318
    -- MCMC Step: 08990000 	Time(s): 2949849.554899
    -- MCMC Step: 09000000 	Time(s): 2953978.917099
    -- MCMC Step: 09010000 	Time(s): 2958136.810971
    -- MCMC Step: 09020000 	Time(s): 2962240.450544
    -- MCMC Step: 09030000 	Time(s): 2966377.073359
    -- MCMC Step: 09040000 	Time(s): 2970556.124579
    -- MCMC Step: 09050000 	Time(s): 2974726.447023
    -- MCMC Step: 09060000 	Time(s): 2978955.925912
    -- MCMC Step: 09070000 	Time(s): 2983154.425707
    -- MCMC Step: 09080000 	Time(s): 2987320.500190
    -- MCMC Step: 09090000 	Time(s): 2991560.528042
    -- MCMC Step: 09100000 	Time(s): 2995767.426605
    -- MCMC Step: 09110000 	Time(s): 2999967.294809
    -- MCMC Step: 09120000 	Time(s): 3004145.048418
    -- MCMC Step: 09130000 	Time(s): 3008327.927459
    -- MCMC Step: 09140000 	Time(s): 3012571.125001
    -- MCMC Step: 09150000 	Time(s): 3016811.556476
    -- MCMC Step: 09160000 	Time(s): 3021057.513123
    -- MCMC Step: 09170000 	Time(s): 3025426.434774
    -- MCMC Step: 09180000 	Time(s): 3029735.098632
    -- MCMC Step: 09190000 	Time(s): 3034106.478505
    -- MCMC Step: 09200000 	Time(s): 3038479.414757
    -- MCMC Step: 09210000 	Time(s): 3042866.322664
    -- MCMC Step: 09220000 	Time(s): 3047185.288222
    -- MCMC Step: 09230000 	Time(s): 3051523.074240
    -- MCMC Step: 09240000 	Time(s): 3055741.248247
    -- MCMC Step: 09250000 	Time(s): 3059529.929315
    -- MCMC Step: 09260000 	Time(s): 3063048.978290
    -- MCMC Step: 09270000 	Time(s): 3066540.230829
    -- MCMC Step: 09280000 	Time(s): 3070010.227060
    -- MCMC Step: 09290000 	Time(s): 3073491.299008
    -- MCMC Step: 09300000 	Time(s): 3076950.898148
    -- MCMC Step: 09310000 	Time(s): 3080403.249057
    -- MCMC Step: 09320000 	Time(s): 3083890.440568
    -- MCMC Step: 09330000 	Time(s): 3087397.834059
    -- MCMC Step: 09340000 	Time(s): 3090893.528974
    -- MCMC Step: 09350000 	Time(s): 3094389.956969
    -- MCMC Step: 09360000 	Time(s): 3097860.770917
    -- MCMC Step: 09370000 	Time(s): 3101374.461094
    -- MCMC Step: 09380000 	Time(s): 3104910.138936
    -- MCMC Step: 09390000 	Time(s): 3109586.895650
    -- MCMC Step: 09400000 	Time(s): 3113180.228409
    -- MCMC Step: 09410000 	Time(s): 3116757.424981
    -- MCMC Step: 09420000 	Time(s): 3120096.299777
    -- MCMC Step: 09430000 	Time(s): 3123386.407921
    -- MCMC Step: 09440000 	Time(s): 3126684.896073
    -- MCMC Step: 09450000 	Time(s): 3130137.915882
    -- MCMC Step: 09460000 	Time(s): 3133575.327158
    -- MCMC Step: 09470000 	Time(s): 3136915.268337
    -- MCMC Step: 09480000 	Time(s): 3140223.190347
    -- MCMC Step: 09490000 	Time(s): 3143549.203464
    -- MCMC Step: 09500000 	Time(s): 3146861.932378
    -- MCMC Step: 09510000 	Time(s): 3150174.758096
    -- MCMC Step: 09520000 	Time(s): 3153365.279697
    -- MCMC Step: 09530000 	Time(s): 3156472.036002
    -- MCMC Step: 09540000 	Time(s): 3159494.001789
    -- MCMC Step: 09550000 	Time(s): 3162540.479557
    -- MCMC Step: 09560000 	Time(s): 3165589.110572
    -- MCMC Step: 09570000 	Time(s): 3168712.906438
    -- MCMC Step: 09580000 	Time(s): 3171866.776269
    -- MCMC Step: 09590000 	Time(s): 3175014.362175
    -- MCMC Step: 09600000 	Time(s): 3178120.736513
    -- MCMC Step: 09610000 	Time(s): 3181202.989177
    -- MCMC Step: 09620000 	Time(s): 3184202.785048
    -- MCMC Step: 09630000 	Time(s): 3187175.810885
    -- MCMC Step: 09640000 	Time(s): 3190423.950587
    -- MCMC Step: 09650000 	Time(s): 3194605.153876
    -- MCMC Step: 09660000 	Time(s): 3198738.670795
    -- MCMC Step: 09670000 	Time(s): 3202957.427531
    -- MCMC Step: 09680000 	Time(s): 3207238.154912
    -- MCMC Step: 09690000 	Time(s): 3211679.815171
    -- MCMC Step: 09700000 	Time(s): 3216257.982841
    -- MCMC Step: 09710000 	Time(s): 3220878.426778
    -- MCMC Step: 09720000 	Time(s): 3225522.237720
    -- MCMC Step: 09730000 	Time(s): 3230247.148692
    -- MCMC Step: 09740000 	Time(s): 3234851.962023
    -- MCMC Step: 09750000 	Time(s): 3239367.492568
    -- MCMC Step: 09760000 	Time(s): 3243879.078201
    -- MCMC Step: 09770000 	Time(s): 3248353.789740
    -- MCMC Step: 09780000 	Time(s): 3252919.189671
    -- MCMC Step: 09790000 	Time(s): 3257458.970913
    -- MCMC Step: 09800000 	Time(s): 3262067.331242
    -- MCMC Step: 09810000 	Time(s): 3266778.754358
    -- MCMC Step: 09820000 	Time(s): 3271537.500153
    -- MCMC Step: 09830000 	Time(s): 3276272.231384
    -- MCMC Step: 09840000 	Time(s): 3281065.168430
    -- MCMC Step: 09850000 	Time(s): 3285874.054469
    -- MCMC Step: 09860000 	Time(s): 3290424.640675
    -- MCMC Step: 09870000 	Time(s): 3295673.646354
    -- MCMC Step: 09880000 	Time(s): 3300941.518944
    -- MCMC Step: 09890000 	Time(s): 3306086.794991
    -- MCMC Step: 09900000 	Time(s): 3311117.408445
    -- MCMC Step: 09910000 	Time(s): 3316178.391316
    -- MCMC Step: 09920000 	Time(s): 3321252.233259
    -- MCMC Step: 09930000 	Time(s): 3326197.205920
    -- MCMC Step: 09940000 	Time(s): 3331189.173346
    -- MCMC Step: 09950000 	Time(s): 3336240.844378
    -- MCMC Step: 09960000 	Time(s): 3341229.191200
    -- MCMC Step: 09970000 	Time(s): 3345786.056025
    -- MCMC Step: 09980000 	Time(s): 3350423.840421
    -- MCMC Step: 09990000 	Time(s): 3354834.997293
    -- MCMC Step: 10000000 	Time(s): 3359028.615515
  Saving final MCMC simulation data ...
****************************************
Done successfully!
Cumulative number of energy calculations: 10000002
Elapsed time: 3359035.2052185535 seconds
Finished on: 2023-10-26 23:44:24.338535
