Executed on: 2023-09-18 02:40:20.932468
PFP client version: 1.11.0
Model version: v3.0.0
Calculation mode: CRYSTAL_PLUS_D3
Method type: PFVM
****************************************
Examining NCM523 ...
  Importing initial (known) stable/unstable structures ...
    Supercell size: 5 × 4 × 1
    Number of atoms (perfect): 240
    Cell parameters (a, b, c): 2.880780, 2.890300, 14.150000
    Structural parameter range (min, max): 0.000000, 0.500000
    Number of discrete structural parameters: 60
    Structural parameter spacing: 0.008475
  Importing energies and 1-D DOS from previous WL simlation ...
    Energy range (min, max): -1083.319505, -1068.137526
    Number of energy states: 60
    Energy spacing (eV): 0.257322
  Performing multicanonical Monte Carlo (MCMC) sampling ...
    Number of NNP-neighbors: 11400
    Maximum number of Monte Carlo steps: 10000000
    Trial move style: swap
    -- MCMC Step: 00000000 	Time(s): 0.497994
    -- MCMC Step: 00010000 	Time(s): 1592.072675
    -- MCMC Step: 00020000 	Time(s): 3231.815835
    -- MCMC Step: 00030000 	Time(s): 4861.458000
    -- MCMC Step: 00040000 	Time(s): 6452.561060
    -- MCMC Step: 00050000 	Time(s): 8126.183712
    -- MCMC Step: 00060000 	Time(s): 9717.955715
    -- MCMC Step: 00070000 	Time(s): 11346.917395
    -- MCMC Step: 00080000 	Time(s): 13088.536716
    -- MCMC Step: 00090000 	Time(s): 14693.130095
    -- MCMC Step: 00100000 	Time(s): 16333.853706
    -- MCMC Step: 00110000 	Time(s): 17957.868303
    -- MCMC Step: 00120000 	Time(s): 19581.474172
    -- MCMC Step: 00130000 	Time(s): 21290.985760
    -- MCMC Step: 00140000 	Time(s): 22994.125617
    -- MCMC Step: 00150000 	Time(s): 24662.590778
    -- MCMC Step: 00160000 	Time(s): 26323.677338
    -- MCMC Step: 00170000 	Time(s): 27966.965472
    -- MCMC Step: 00180000 	Time(s): 29595.238518
    -- MCMC Step: 00190000 	Time(s): 31269.508497
    -- MCMC Step: 00200000 	Time(s): 32962.351474
    -- MCMC Step: 00210000 	Time(s): 34657.094468
    -- MCMC Step: 00220000 	Time(s): 36353.573354
    -- MCMC Step: 00230000 	Time(s): 38055.867009
    -- MCMC Step: 00240000 	Time(s): 39734.463187
    -- MCMC Step: 00250000 	Time(s): 41369.808863
    -- MCMC Step: 00260000 	Time(s): 43023.401452
    -- MCMC Step: 00270000 	Time(s): 44589.035265
    -- MCMC Step: 00280000 	Time(s): 46182.754602
    -- MCMC Step: 00290000 	Time(s): 47814.042562
    -- MCMC Step: 00300000 	Time(s): 49435.241020
    -- MCMC Step: 00310000 	Time(s): 51042.174734
    -- MCMC Step: 00320000 	Time(s): 52716.897213
    -- MCMC Step: 00330000 	Time(s): 54385.571235
    -- MCMC Step: 00340000 	Time(s): 55992.726634
    -- MCMC Step: 00350000 	Time(s): 57633.543530
    -- MCMC Step: 00360000 	Time(s): 59213.527223
    -- MCMC Step: 00370000 	Time(s): 60846.067103
    -- MCMC Step: 00380000 	Time(s): 62480.307340
    -- MCMC Step: 00390000 	Time(s): 64091.183851
    -- MCMC Step: 00400000 	Time(s): 65712.466589
    -- MCMC Step: 00410000 	Time(s): 67303.024516
    -- MCMC Step: 00420000 	Time(s): 68956.345242
    -- MCMC Step: 00430000 	Time(s): 70560.039594
    -- MCMC Step: 00440000 	Time(s): 72257.607842
    -- MCMC Step: 00450000 	Time(s): 73846.566057
    -- MCMC Step: 00460000 	Time(s): 75429.049365
    -- MCMC Step: 00470000 	Time(s): 77067.575889
    -- MCMC Step: 00480000 	Time(s): 78783.792849
    -- MCMC Step: 00490000 	Time(s): 80456.434584
    -- MCMC Step: 00500000 	Time(s): 82109.405293
    -- MCMC Step: 00510000 	Time(s): 83795.020077
    -- MCMC Step: 00520000 	Time(s): 85503.002681
    -- MCMC Step: 00530000 	Time(s): 87244.828294
    -- MCMC Step: 00540000 	Time(s): 88881.476843
    -- MCMC Step: 00550000 	Time(s): 90599.887656
    -- MCMC Step: 00560000 	Time(s): 92333.636660
    -- MCMC Step: 00570000 	Time(s): 94411.650164
    -- MCMC Step: 00580000 	Time(s): 96504.834233
    -- MCMC Step: 00590000 	Time(s): 98564.821968
    -- MCMC Step: 00600000 	Time(s): 101000.348865
    -- MCMC Step: 00610000 	Time(s): 103499.628411
    -- MCMC Step: 00620000 	Time(s): 106058.239152
    -- MCMC Step: 00630000 	Time(s): 108541.123486
    -- MCMC Step: 00640000 	Time(s): 111084.448204
    -- MCMC Step: 00650000 	Time(s): 113667.323924
    -- MCMC Step: 00660000 	Time(s): 116408.899924
    -- MCMC Step: 00670000 	Time(s): 119113.316087
    -- MCMC Step: 00680000 	Time(s): 121832.663828
    -- MCMC Step: 00690000 	Time(s): 124543.365466
    -- MCMC Step: 00700000 	Time(s): 127283.626499
    -- MCMC Step: 00710000 	Time(s): 130018.777047
    -- MCMC Step: 00720000 	Time(s): 132740.679817
    -- MCMC Step: 00730000 	Time(s): 135463.440271
    -- MCMC Step: 00740000 	Time(s): 138178.598811
    -- MCMC Step: 00750000 	Time(s): 140864.418859
    -- MCMC Step: 00760000 	Time(s): 143545.400054
    -- MCMC Step: 00770000 	Time(s): 146237.643678
    -- MCMC Step: 00780000 	Time(s): 148957.929294
    -- MCMC Step: 00790000 	Time(s): 151643.669615
    -- MCMC Step: 00800000 	Time(s): 154273.304503
    -- MCMC Step: 00810000 	Time(s): 156811.926444
    -- MCMC Step: 00820000 	Time(s): 159326.663901
    -- MCMC Step: 00830000 	Time(s): 161881.742107
    -- MCMC Step: 00840000 	Time(s): 164494.579759
    -- MCMC Step: 00850000 	Time(s): 167075.481837
    -- MCMC Step: 00860000 	Time(s): 169674.799702
    -- MCMC Step: 00870000 	Time(s): 172226.580254
    -- MCMC Step: 00880000 	Time(s): 174686.673812
    -- MCMC Step: 00890000 	Time(s): 177036.382812
    -- MCMC Step: 00900000 	Time(s): 179201.248958
    -- MCMC Step: 00910000 	Time(s): 181256.044749
    -- MCMC Step: 00920000 	Time(s): 183446.559881
    -- MCMC Step: 00930000 	Time(s): 185454.492391
    -- MCMC Step: 00940000 	Time(s): 187360.723482
    -- MCMC Step: 00950000 	Time(s): 189560.009726
    -- MCMC Step: 00960000 	Time(s): 191777.561696
    -- MCMC Step: 00970000 	Time(s): 194079.407841
    -- MCMC Step: 00980000 	Time(s): 196274.799729
    -- MCMC Step: 00990000 	Time(s): 198430.800118
    -- MCMC Step: 01000000 	Time(s): 200625.198486
    -- MCMC Step: 01010000 	Time(s): 202935.512772
    -- MCMC Step: 01020000 	Time(s): 205272.049594
    -- MCMC Step: 01030000 	Time(s): 207647.908046
    -- MCMC Step: 01040000 	Time(s): 210045.765698
    -- MCMC Step: 01050000 	Time(s): 212462.060196
    -- MCMC Step: 01060000 	Time(s): 214797.287442
    -- MCMC Step: 01070000 	Time(s): 217153.758893
    -- MCMC Step: 01080000 	Time(s): 219516.568320
    -- MCMC Step: 01090000 	Time(s): 221905.869955
    -- MCMC Step: 01100000 	Time(s): 224282.696046
    -- MCMC Step: 01110000 	Time(s): 226681.347348
    -- MCMC Step: 01120000 	Time(s): 229061.042561
    -- MCMC Step: 01130000 	Time(s): 231418.801414
    -- MCMC Step: 01140000 	Time(s): 233766.923784
    -- MCMC Step: 01150000 	Time(s): 236118.046128
    -- MCMC Step: 01160000 	Time(s): 238471.145414
    -- MCMC Step: 01170000 	Time(s): 240730.013615
    -- MCMC Step: 01180000 	Time(s): 242988.254204
    -- MCMC Step: 01190000 	Time(s): 245224.336401
    -- MCMC Step: 01200000 	Time(s): 247462.641630
    -- MCMC Step: 01210000 	Time(s): 249735.484055
    -- MCMC Step: 01220000 	Time(s): 252032.710735
    -- MCMC Step: 01230000 	Time(s): 254333.972878
    -- MCMC Step: 01240000 	Time(s): 256613.923180
    -- MCMC Step: 01250000 	Time(s): 258588.430277
    -- MCMC Step: 01260000 	Time(s): 260902.518295
    -- MCMC Step: 01270000 	Time(s): 263301.726957
    -- MCMC Step: 01280000 	Time(s): 265469.485315
    -- MCMC Step: 01290000 	Time(s): 267697.108931
    -- MCMC Step: 01300000 	Time(s): 270037.685756
    -- MCMC Step: 01310000 	Time(s): 272347.997272
    -- MCMC Step: 01320000 	Time(s): 274604.008146
    -- MCMC Step: 01330000 	Time(s): 276973.910683
    -- MCMC Step: 01340000 	Time(s): 279298.681545
    -- MCMC Step: 01350000 	Time(s): 281666.914449
    -- MCMC Step: 01360000 	Time(s): 284050.809088
    -- MCMC Step: 01370000 	Time(s): 286602.641534
    -- MCMC Step: 01380000 	Time(s): 289018.300873
    -- MCMC Step: 01390000 	Time(s): 291387.801965
    -- MCMC Step: 01400000 	Time(s): 293753.617921
    -- MCMC Step: 01410000 	Time(s): 296122.643746
    -- MCMC Step: 01420000 	Time(s): 298461.721477
    -- MCMC Step: 01430000 	Time(s): 300826.593725
    -- MCMC Step: 01440000 	Time(s): 303168.198268
    -- MCMC Step: 01450000 	Time(s): 305492.970049
    -- MCMC Step: 01460000 	Time(s): 307856.052578
    -- MCMC Step: 01470000 	Time(s): 310232.934637
    -- MCMC Step: 01480000 	Time(s): 312622.539093
    -- MCMC Step: 01490000 	Time(s): 314993.233061
    -- MCMC Step: 01500000 	Time(s): 317389.817648
    -- MCMC Step: 01510000 	Time(s): 319753.326262
    -- MCMC Step: 01520000 	Time(s): 322120.004281
    -- MCMC Step: 01530000 	Time(s): 324474.303923
    -- MCMC Step: 01540000 	Time(s): 326847.557407
    -- MCMC Step: 01550000 	Time(s): 329226.261805
    -- MCMC Step: 01560000 	Time(s): 331602.806257
    -- MCMC Step: 01570000 	Time(s): 334024.667495
    -- MCMC Step: 01580000 	Time(s): 336484.834145
    -- MCMC Step: 01590000 	Time(s): 338910.817034
    -- MCMC Step: 01600000 	Time(s): 341346.360307
    -- MCMC Step: 01610000 	Time(s): 343783.594076
    -- MCMC Step: 01620000 	Time(s): 346144.812345
    -- MCMC Step: 01630000 	Time(s): 348150.465468
    -- MCMC Step: 01640000 	Time(s): 350204.946722
    -- MCMC Step: 01650000 	Time(s): 352442.963246
    -- MCMC Step: 01660000 	Time(s): 354876.555292
    -- MCMC Step: 01670000 	Time(s): 357532.884123
    -- MCMC Step: 01680000 	Time(s): 360243.708970
    -- MCMC Step: 01690000 	Time(s): 362886.026762
    -- MCMC Step: 01700000 	Time(s): 365431.628011
    -- MCMC Step: 01710000 	Time(s): 367959.638484
    -- MCMC Step: 01720000 	Time(s): 370581.797288
    -- MCMC Step: 01730000 	Time(s): 373228.730983
    -- MCMC Step: 01740000 	Time(s): 375893.251551
    -- MCMC Step: 01750000 	Time(s): 378569.528527
    -- MCMC Step: 01760000 	Time(s): 381232.925502
    -- MCMC Step: 01770000 	Time(s): 383885.884678
    -- MCMC Step: 01780000 	Time(s): 386555.854800
    -- MCMC Step: 01790000 	Time(s): 389281.740880
    -- MCMC Step: 01800000 	Time(s): 392016.245898
    -- MCMC Step: 01810000 	Time(s): 394742.645144
    -- MCMC Step: 01820000 	Time(s): 397444.117280
    -- MCMC Step: 01830000 	Time(s): 400091.913850
    -- MCMC Step: 01840000 	Time(s): 402776.690634
    -- MCMC Step: 01850000 	Time(s): 405436.576026
    -- MCMC Step: 01860000 	Time(s): 408128.295247
    -- MCMC Step: 01870000 	Time(s): 410794.447268
    -- MCMC Step: 01880000 	Time(s): 413439.436467
    -- MCMC Step: 01890000 	Time(s): 416059.426386
    -- MCMC Step: 01900000 	Time(s): 418675.006648
    -- MCMC Step: 01910000 	Time(s): 421215.977847
    -- MCMC Step: 01920000 	Time(s): 423714.294639
    -- MCMC Step: 01930000 	Time(s): 426210.032174
    -- MCMC Step: 01940000 	Time(s): 428761.711667
    -- MCMC Step: 01950000 	Time(s): 431318.923641
    -- MCMC Step: 01960000 	Time(s): 433904.004096
    -- MCMC Step: 01970000 	Time(s): 436518.899502
    -- MCMC Step: 01980000 	Time(s): 439151.021819
    -- MCMC Step: 01990000 	Time(s): 441716.944577
    -- MCMC Step: 02000000 	Time(s): 444223.503552
    -- MCMC Step: 02010000 	Time(s): 446712.397330
    -- MCMC Step: 02020000 	Time(s): 449213.113083
    -- MCMC Step: 02030000 	Time(s): 451686.081643
    -- MCMC Step: 02040000 	Time(s): 454176.203550
    -- MCMC Step: 02050000 	Time(s): 456651.257519
    -- MCMC Step: 02060000 	Time(s): 459130.189591
    -- MCMC Step: 02070000 	Time(s): 461598.019785
    -- MCMC Step: 02080000 	Time(s): 464063.301737
    -- MCMC Step: 02090000 	Time(s): 466525.408245
    -- MCMC Step: 02100000 	Time(s): 468982.751245
    -- MCMC Step: 02110000 	Time(s): 471444.023091
    -- MCMC Step: 02120000 	Time(s): 473901.658876
    -- MCMC Step: 02130000 	Time(s): 476321.490117
    -- MCMC Step: 02140000 	Time(s): 478737.831424
    -- MCMC Step: 02150000 	Time(s): 481160.452547
    -- MCMC Step: 02160000 	Time(s): 483579.929975
    -- MCMC Step: 02170000 	Time(s): 486008.293864
    -- MCMC Step: 02180000 	Time(s): 488383.013904
    -- MCMC Step: 02190000 	Time(s): 490671.360703
    -- MCMC Step: 02200000 	Time(s): 492987.177932
    -- MCMC Step: 02210000 	Time(s): 495319.140496
    -- MCMC Step: 02220000 	Time(s): 497546.801664
    -- MCMC Step: 02230000 	Time(s): 499733.598341
    -- MCMC Step: 02240000 	Time(s): 501907.402438
    -- MCMC Step: 02250000 	Time(s): 504085.641672
    -- MCMC Step: 02260000 	Time(s): 506259.882877
    -- MCMC Step: 02270000 	Time(s): 508415.460502
    -- MCMC Step: 02280000 	Time(s): 510574.191920
    -- MCMC Step: 02290000 	Time(s): 512761.182941
    -- MCMC Step: 02300000 	Time(s): 514940.485101
    -- MCMC Step: 02310000 	Time(s): 516988.602117
    -- MCMC Step: 02320000 	Time(s): 518929.938722
    -- MCMC Step: 02330000 	Time(s): 520882.519366
    -- MCMC Step: 02340000 	Time(s): 522831.200887
    -- MCMC Step: 02350000 	Time(s): 524796.943274
    -- MCMC Step: 02360000 	Time(s): 526738.688890
    -- MCMC Step: 02370000 	Time(s): 528684.456491
    -- MCMC Step: 02380000 	Time(s): 530677.981662
    -- MCMC Step: 02390000 	Time(s): 532673.643419
    -- MCMC Step: 02400000 	Time(s): 534641.211738
    -- MCMC Step: 02410000 	Time(s): 536608.801229
    -- MCMC Step: 02420000 	Time(s): 538565.601355
    -- MCMC Step: 02430000 	Time(s): 540495.641606
    -- MCMC Step: 02440000 	Time(s): 542194.161521
    -- MCMC Step: 02450000 	Time(s): 543783.062935
    -- MCMC Step: 02460000 	Time(s): 545361.344814
    -- MCMC Step: 02470000 	Time(s): 546923.398526
    -- MCMC Step: 02480000 	Time(s): 548501.452523
    -- MCMC Step: 02490000 	Time(s): 550091.185507
    -- MCMC Step: 02500000 	Time(s): 551686.617085
    -- MCMC Step: 02510000 	Time(s): 553284.947758
    -- MCMC Step: 02520000 	Time(s): 554856.185970
    -- MCMC Step: 02530000 	Time(s): 556400.400939
    -- MCMC Step: 02540000 	Time(s): 557941.855767
    -- MCMC Step: 02550000 	Time(s): 559507.106039
    -- MCMC Step: 02560000 	Time(s): 561106.622155
    -- MCMC Step: 02570000 	Time(s): 562658.275474
    -- MCMC Step: 02580000 	Time(s): 564221.124577
    -- MCMC Step: 02590000 	Time(s): 565784.797828
    -- MCMC Step: 02600000 	Time(s): 567345.384868
    -- MCMC Step: 02610000 	Time(s): 568897.982591
    -- MCMC Step: 02620000 	Time(s): 570431.523939
    -- MCMC Step: 02630000 	Time(s): 571982.601485
    -- MCMC Step: 02640000 	Time(s): 573509.895761
    -- MCMC Step: 02650000 	Time(s): 575044.569756
    -- MCMC Step: 02660000 	Time(s): 576580.272367
    -- MCMC Step: 02670000 	Time(s): 578135.276720
    -- MCMC Step: 02680000 	Time(s): 579694.805630
    -- MCMC Step: 02690000 	Time(s): 581283.647918
    -- MCMC Step: 02700000 	Time(s): 582827.936311
    -- MCMC Step: 02710000 	Time(s): 584370.707154
    -- MCMC Step: 02720000 	Time(s): 585911.632149
    -- MCMC Step: 02730000 	Time(s): 587441.844786
    -- MCMC Step: 02740000 	Time(s): 588998.122536
    -- MCMC Step: 02750000 	Time(s): 590567.124807
    -- MCMC Step: 02760000 	Time(s): 592171.181016
    -- MCMC Step: 02770000 	Time(s): 593801.858578
    -- MCMC Step: 02780000 	Time(s): 595453.613731
    -- MCMC Step: 02790000 	Time(s): 597100.467252
    -- MCMC Step: 02800000 	Time(s): 598774.122850
    -- MCMC Step: 02810000 	Time(s): 600412.143991
    -- MCMC Step: 02820000 	Time(s): 602175.081030
    -- MCMC Step: 02830000 	Time(s): 603926.070482
    -- MCMC Step: 02840000 	Time(s): 605622.874918
    -- MCMC Step: 02850000 	Time(s): 607322.335661
    -- MCMC Step: 02860000 	Time(s): 609012.730705
    -- MCMC Step: 02870000 	Time(s): 610727.266773
    -- MCMC Step: 02880000 	Time(s): 612416.351344
    -- MCMC Step: 02890000 	Time(s): 614072.050594
    -- MCMC Step: 02900000 	Time(s): 615760.307669
    -- MCMC Step: 02910000 	Time(s): 617417.445019
    -- MCMC Step: 02920000 	Time(s): 619075.585873
    -- MCMC Step: 02930000 	Time(s): 620746.287678
    -- MCMC Step: 02940000 	Time(s): 622436.427139
    -- MCMC Step: 02950000 	Time(s): 624067.145253
    -- MCMC Step: 02960000 	Time(s): 625725.462557
    -- MCMC Step: 02970000 	Time(s): 627377.723362
    -- MCMC Step: 02980000 	Time(s): 629000.605404
    -- MCMC Step: 02990000 	Time(s): 630659.992759
    -- MCMC Step: 03000000 	Time(s): 632326.671109
    -- MCMC Step: 03010000 	Time(s): 633967.729530
    -- MCMC Step: 03020000 	Time(s): 635593.444756
    -- MCMC Step: 03030000 	Time(s): 637218.738965
    -- MCMC Step: 03040000 	Time(s): 638811.327560
    -- MCMC Step: 03050000 	Time(s): 640437.589602
    -- MCMC Step: 03060000 	Time(s): 642055.771082
    -- MCMC Step: 03070000 	Time(s): 643662.154771
    -- MCMC Step: 03080000 	Time(s): 645273.928003
    -- MCMC Step: 03090000 	Time(s): 646887.360828
    -- MCMC Step: 03100000 	Time(s): 648516.926651
    -- MCMC Step: 03110000 	Time(s): 650155.254996
    -- MCMC Step: 03120000 	Time(s): 651717.667881
    -- MCMC Step: 03130000 	Time(s): 653307.850402
    -- MCMC Step: 03140000 	Time(s): 654914.021060
    -- MCMC Step: 03150000 	Time(s): 656495.965963
    -- MCMC Step: 03160000 	Time(s): 658063.737536
    -- MCMC Step: 03170000 	Time(s): 659638.873324
    -- MCMC Step: 03180000 	Time(s): 661195.038411
    -- MCMC Step: 03190000 	Time(s): 662763.598041
    -- MCMC Step: 03200000 	Time(s): 664318.619560
    -- MCMC Step: 03210000 	Time(s): 665898.243327
    -- MCMC Step: 03220000 	Time(s): 667463.851905
    -- MCMC Step: 03230000 	Time(s): 669010.229361
    -- MCMC Step: 03240000 	Time(s): 670557.142851
    -- MCMC Step: 03250000 	Time(s): 672102.337580
    -- MCMC Step: 03260000 	Time(s): 673642.796819
    -- MCMC Step: 03270000 	Time(s): 675200.330486
    -- MCMC Step: 03280000 	Time(s): 676783.640308
    -- MCMC Step: 03290000 	Time(s): 678384.722179
    -- MCMC Step: 03300000 	Time(s): 679956.210322
    -- MCMC Step: 03310000 	Time(s): 681515.622899
    -- MCMC Step: 03320000 	Time(s): 683126.753950
    -- MCMC Step: 03330000 	Time(s): 684742.157431
    -- MCMC Step: 03340000 	Time(s): 686524.530816
    -- MCMC Step: 03350000 	Time(s): 688585.730885
    -- MCMC Step: 03360000 	Time(s): 690784.365662
    -- MCMC Step: 03370000 	Time(s): 692888.722066
    -- MCMC Step: 03380000 	Time(s): 695006.818460
    -- MCMC Step: 03390000 	Time(s): 697662.693177
    -- MCMC Step: 03400000 	Time(s): 701019.045943
    -- MCMC Step: 03410000 	Time(s): 704337.796210
    -- MCMC Step: 03420000 	Time(s): 707959.630785
    -- MCMC Step: 03430000 	Time(s): 711529.188844
    -- MCMC Step: 03440000 	Time(s): 714959.210124
    -- MCMC Step: 03450000 	Time(s): 718279.838104
    -- MCMC Step: 03460000 	Time(s): 721616.422374
    -- MCMC Step: 03470000 	Time(s): 724974.189836
    -- MCMC Step: 03480000 	Time(s): 728316.103268
    -- MCMC Step: 03490000 	Time(s): 731639.081878
    -- MCMC Step: 03500000 	Time(s): 734982.047123
    -- MCMC Step: 03510000 	Time(s): 738358.665173
    -- MCMC Step: 03520000 	Time(s): 741754.865342
    -- MCMC Step: 03530000 	Time(s): 745171.684795
    -- MCMC Step: 03540000 	Time(s): 748601.995272
    -- MCMC Step: 03550000 	Time(s): 752025.594240
    -- MCMC Step: 03560000 	Time(s): 755500.310362
    -- MCMC Step: 03570000 	Time(s): 758954.611952
    -- MCMC Step: 03580000 	Time(s): 762311.813927
    -- MCMC Step: 03590000 	Time(s): 765641.368982
    -- MCMC Step: 03600000 	Time(s): 769093.818917
    -- MCMC Step: 03610000 	Time(s): 773038.958474
    -- MCMC Step: 03620000 	Time(s): 776982.277171
    -- MCMC Step: 03630000 	Time(s): 780911.539095
    -- MCMC Step: 03640000 	Time(s): 784968.218128
    -- MCMC Step: 03650000 	Time(s): 789099.288023
    -- MCMC Step: 03660000 	Time(s): 793217.243831
    -- MCMC Step: 03670000 	Time(s): 797648.157928
    -- MCMC Step: 03680000 	Time(s): 802110.832256
    -- MCMC Step: 03690000 	Time(s): 806760.652702
    -- MCMC Step: 03700000 	Time(s): 811463.061173
    -- MCMC Step: 03710000 	Time(s): 816190.216526
    -- MCMC Step: 03720000 	Time(s): 820909.898503
    -- MCMC Step: 03730000 	Time(s): 825583.444901
    -- MCMC Step: 03740000 	Time(s): 830307.597610
    -- MCMC Step: 03750000 	Time(s): 835022.088946
    -- MCMC Step: 03760000 	Time(s): 839738.224010
    -- MCMC Step: 03770000 	Time(s): 844414.858181
    -- MCMC Step: 03780000 	Time(s): 849050.152882
    -- MCMC Step: 03790000 	Time(s): 853737.900963
    -- MCMC Step: 03800000 	Time(s): 858340.794570
    -- MCMC Step: 03810000 	Time(s): 862915.222543
    -- MCMC Step: 03820000 	Time(s): 867460.318163
    -- MCMC Step: 03830000 	Time(s): 871848.685073
    -- MCMC Step: 03840000 	Time(s): 876373.350601
    -- MCMC Step: 03850000 	Time(s): 880847.302025
    -- MCMC Step: 03860000 	Time(s): 885313.036462
    -- MCMC Step: 03870000 	Time(s): 889888.450443
    -- MCMC Step: 03880000 	Time(s): 894536.983524
    -- MCMC Step: 03890000 	Time(s): 899043.775474
    -- MCMC Step: 03900000 	Time(s): 903572.121815
    -- MCMC Step: 03910000 	Time(s): 908142.743125
    -- MCMC Step: 03920000 	Time(s): 912726.542890
    -- MCMC Step: 03930000 	Time(s): 917357.445861
    -- MCMC Step: 03940000 	Time(s): 921928.395746
    -- MCMC Step: 03950000 	Time(s): 926568.644968
    -- MCMC Step: 03960000 	Time(s): 931189.176620
    -- MCMC Step: 03970000 	Time(s): 935803.404435
    -- MCMC Step: 03980000 	Time(s): 940547.568890
    -- MCMC Step: 03990000 	Time(s): 945192.803674
    -- MCMC Step: 04000000 	Time(s): 949595.037987
    -- MCMC Step: 04010000 	Time(s): 953938.944710
    -- MCMC Step: 04020000 	Time(s): 958312.448686
    -- MCMC Step: 04030000 	Time(s): 962812.966316
    -- MCMC Step: 04040000 	Time(s): 967265.101609
    -- MCMC Step: 04050000 	Time(s): 971879.016634
    -- MCMC Step: 04060000 	Time(s): 976567.716622
    -- MCMC Step: 04070000 	Time(s): 981175.957162
    -- MCMC Step: 04080000 	Time(s): 985908.755197
    -- MCMC Step: 04090000 	Time(s): 990491.212559
    -- MCMC Step: 04100000 	Time(s): 995060.452821
    -- MCMC Step: 04110000 	Time(s): 999624.844350
    -- MCMC Step: 04120000 	Time(s): 1004133.952723
    -- MCMC Step: 04130000 	Time(s): 1008663.557878
    -- MCMC Step: 04140000 	Time(s): 1013281.723691
    -- MCMC Step: 04150000 	Time(s): 1017840.787409
    -- MCMC Step: 04160000 	Time(s): 1022440.127037
    -- MCMC Step: 04170000 	Time(s): 1026960.915820
    -- MCMC Step: 04180000 	Time(s): 1031330.286762
    -- MCMC Step: 04190000 	Time(s): 1035563.519501
    -- MCMC Step: 04200000 	Time(s): 1039727.124634
    -- MCMC Step: 04210000 	Time(s): 1043792.498748
    -- MCMC Step: 04220000 	Time(s): 1047868.753842
    -- MCMC Step: 04230000 	Time(s): 1051915.808813
    -- MCMC Step: 04240000 	Time(s): 1056013.423645
    -- MCMC Step: 04250000 	Time(s): 1060116.380085
    -- MCMC Step: 04260000 	Time(s): 1064266.525582
    -- MCMC Step: 04270000 	Time(s): 1068416.954875
    -- MCMC Step: 04280000 	Time(s): 1072519.582609
    -- MCMC Step: 04290000 	Time(s): 1076657.512220
    -- MCMC Step: 04300000 	Time(s): 1080701.393148
    -- MCMC Step: 04310000 	Time(s): 1084850.600004
    -- MCMC Step: 04320000 	Time(s): 1089033.345566
    -- MCMC Step: 04330000 	Time(s): 1093095.812575
    -- MCMC Step: 04340000 	Time(s): 1097119.805562
    -- MCMC Step: 04350000 	Time(s): 1100418.653236
    -- MCMC Step: 04360000 	Time(s): 1103720.955563
    -- MCMC Step: 04370000 	Time(s): 1107584.677303
    -- MCMC Step: 04380000 	Time(s): 1111505.010375
    -- MCMC Step: 04390000 	Time(s): 1115401.994524
    -- MCMC Step: 04400000 	Time(s): 1119363.064798
    -- MCMC Step: 04410000 	Time(s): 1123522.581511
    -- MCMC Step: 04420000 	Time(s): 1127755.578177
    -- MCMC Step: 04430000 	Time(s): 1132000.360732
    -- MCMC Step: 04440000 	Time(s): 1136262.504202
    -- MCMC Step: 04450000 	Time(s): 1140528.697181
    -- MCMC Step: 04460000 	Time(s): 1144781.477361
    -- MCMC Step: 04470000 	Time(s): 1149058.999918
    -- MCMC Step: 04480000 	Time(s): 1153396.613159
    -- MCMC Step: 04490000 	Time(s): 1157674.205564
    -- MCMC Step: 04500000 	Time(s): 1162005.840806
    -- MCMC Step: 04510000 	Time(s): 1166244.024610
    -- MCMC Step: 04520000 	Time(s): 1170517.241295
    -- MCMC Step: 04530000 	Time(s): 1174823.800031
    -- MCMC Step: 04540000 	Time(s): 1179048.345066
    -- MCMC Step: 04550000 	Time(s): 1183341.359147
    -- MCMC Step: 04560000 	Time(s): 1187568.850030
    -- MCMC Step: 04570000 	Time(s): 1191819.421502
    -- MCMC Step: 04580000 	Time(s): 1195963.858524
    -- MCMC Step: 04590000 	Time(s): 1199969.450980
    -- MCMC Step: 04600000 	Time(s): 1204070.614258
    -- MCMC Step: 04610000 	Time(s): 1208337.637012
    -- MCMC Step: 04620000 	Time(s): 1212402.585438
    -- MCMC Step: 04630000 	Time(s): 1216573.718333
    -- MCMC Step: 04640000 	Time(s): 1220778.046772
    -- MCMC Step: 04650000 	Time(s): 1224893.827356
    -- MCMC Step: 04660000 	Time(s): 1229048.698351
    -- MCMC Step: 04670000 	Time(s): 1233699.750342
    -- MCMC Step: 04680000 	Time(s): 1238576.684021
    -- MCMC Step: 04690000 	Time(s): 1243505.503222
    -- MCMC Step: 04700000 	Time(s): 1248315.616297
    -- MCMC Step: 04710000 	Time(s): 1253186.380773
    -- MCMC Step: 04720000 	Time(s): 1258013.441494
    -- MCMC Step: 04730000 	Time(s): 1262736.042788
    -- MCMC Step: 04740000 	Time(s): 1267404.850283
    -- MCMC Step: 04750000 	Time(s): 1272282.886638
    -- MCMC Step: 04760000 	Time(s): 1277234.375274
    -- MCMC Step: 04770000 	Time(s): 1282361.017154
    -- MCMC Step: 04780000 	Time(s): 1286875.693280
    -- MCMC Step: 04790000 	Time(s): 1291432.302598
    -- MCMC Step: 04800000 	Time(s): 1295694.956832
    -- MCMC Step: 04810000 	Time(s): 1299875.050523
    -- MCMC Step: 04820000 	Time(s): 1304389.795765
    -- MCMC Step: 04830000 	Time(s): 1308574.310074
    -- MCMC Step: 04840000 	Time(s): 1312956.127482
    -- MCMC Step: 04850000 	Time(s): 1317663.945951
    -- MCMC Step: 04860000 	Time(s): 1322257.685304
    -- MCMC Step: 04870000 	Time(s): 1326905.637173
    -- MCMC Step: 04880000 	Time(s): 1331561.475188
    -- MCMC Step: 04890000 	Time(s): 1336240.414216
    -- MCMC Step: 04900000 	Time(s): 1340961.595678
    -- MCMC Step: 04910000 	Time(s): 1345594.618716
    -- MCMC Step: 04920000 	Time(s): 1349971.466219
    -- MCMC Step: 04930000 	Time(s): 1354268.837058
    -- MCMC Step: 04940000 	Time(s): 1358484.706917
    -- MCMC Step: 04950000 	Time(s): 1362656.509305
    -- MCMC Step: 04960000 	Time(s): 1366621.120008
    -- MCMC Step: 04970000 	Time(s): 1370523.626811
    -- MCMC Step: 04980000 	Time(s): 1374653.961520
    -- MCMC Step: 04990000 	Time(s): 1378912.694198
    -- MCMC Step: 05000000 	Time(s): 1382796.457486
    -- MCMC Step: 05010000 	Time(s): 1387130.643428
    -- MCMC Step: 05020000 	Time(s): 1391401.621734
    -- MCMC Step: 05030000 	Time(s): 1395481.149119
    -- MCMC Step: 05040000 	Time(s): 1399632.374466
    -- MCMC Step: 05050000 	Time(s): 1403969.830659
    -- MCMC Step: 05060000 	Time(s): 1408066.908994
    -- MCMC Step: 05070000 	Time(s): 1412596.903003
    -- MCMC Step: 05080000 	Time(s): 1417434.236199
    -- MCMC Step: 05090000 	Time(s): 1422224.968955
    -- MCMC Step: 05100000 	Time(s): 1426844.135251
    -- MCMC Step: 05110000 	Time(s): 1431348.904223
    -- MCMC Step: 05120000 	Time(s): 1435772.053219
    -- MCMC Step: 05130000 	Time(s): 1439898.532660
    -- MCMC Step: 05140000 	Time(s): 1443970.841700
    -- MCMC Step: 05150000 	Time(s): 1448062.027219
    -- MCMC Step: 05160000 	Time(s): 1452165.521502
    -- MCMC Step: 05170000 	Time(s): 1456149.882091
    -- MCMC Step: 05180000 	Time(s): 1460217.197754
    -- MCMC Step: 05190000 	Time(s): 1463906.096369
    -- MCMC Step: 05200000 	Time(s): 1467305.053521
    -- MCMC Step: 05210000 	Time(s): 1470954.439880
    -- MCMC Step: 05220000 	Time(s): 1474492.368102
    -- MCMC Step: 05230000 	Time(s): 1478130.383493
    -- MCMC Step: 05240000 	Time(s): 1481949.841162
    -- MCMC Step: 05250000 	Time(s): 1485832.313014
    -- MCMC Step: 05260000 	Time(s): 1489669.761776
    -- MCMC Step: 05270000 	Time(s): 1493673.251711
    -- MCMC Step: 05280000 	Time(s): 1497646.388051
    -- MCMC Step: 05290000 	Time(s): 1501642.484595
    -- MCMC Step: 05300000 	Time(s): 1505536.408661
    -- MCMC Step: 05310000 	Time(s): 1509383.822364
    -- MCMC Step: 05320000 	Time(s): 1513205.117017
    -- MCMC Step: 05330000 	Time(s): 1517041.111598
    -- MCMC Step: 05340000 	Time(s): 1520912.081733
    -- MCMC Step: 05350000 	Time(s): 1524732.559573
    -- MCMC Step: 05360000 	Time(s): 1528580.413066
    -- MCMC Step: 05370000 	Time(s): 1532423.091442
    -- MCMC Step: 05380000 	Time(s): 1536259.502008
    -- MCMC Step: 05390000 	Time(s): 1540007.640570
    -- MCMC Step: 05400000 	Time(s): 1543674.961066
    -- MCMC Step: 05410000 	Time(s): 1547577.906080
    -- MCMC Step: 05420000 	Time(s): 1551383.599144
    -- MCMC Step: 05430000 	Time(s): 1554435.432543
    -- MCMC Step: 05440000 	Time(s): 1557805.789750
    -- MCMC Step: 05450000 	Time(s): 1561240.019055
    -- MCMC Step: 05460000 	Time(s): 1564468.014703
    -- MCMC Step: 05470000 	Time(s): 1567556.343348
    -- MCMC Step: 05480000 	Time(s): 1570818.689859
    -- MCMC Step: 05490000 	Time(s): 1574055.059630
    -- MCMC Step: 05500000 	Time(s): 1577334.999836
    -- MCMC Step: 05510000 	Time(s): 1580587.020814
    -- MCMC Step: 05520000 	Time(s): 1584234.390432
    -- MCMC Step: 05530000 	Time(s): 1587997.761158
    -- MCMC Step: 05540000 	Time(s): 1591804.070627
    -- MCMC Step: 05550000 	Time(s): 1595669.082627
    -- MCMC Step: 05560000 	Time(s): 1599568.694167
    -- MCMC Step: 05570000 	Time(s): 1603403.408985
    -- MCMC Step: 05580000 	Time(s): 1607252.702407
    -- MCMC Step: 05590000 	Time(s): 1611216.243938
    -- MCMC Step: 05600000 	Time(s): 1615095.120362
    -- MCMC Step: 05610000 	Time(s): 1619052.278573
    -- MCMC Step: 05620000 	Time(s): 1622996.968804
    -- MCMC Step: 05630000 	Time(s): 1626926.119009
    -- MCMC Step: 05640000 	Time(s): 1630847.223130
    -- MCMC Step: 05650000 	Time(s): 1634768.329094
    -- MCMC Step: 05660000 	Time(s): 1638679.318741
    -- MCMC Step: 05670000 	Time(s): 1642624.630180
    -- MCMC Step: 05680000 	Time(s): 1646516.692905
    -- MCMC Step: 05690000 	Time(s): 1650437.378026
    -- MCMC Step: 05700000 	Time(s): 1654341.654393
    -- MCMC Step: 05710000 	Time(s): 1658303.569392
    -- MCMC Step: 05720000 	Time(s): 1662285.601890
    -- MCMC Step: 05730000 	Time(s): 1666212.689194
    -- MCMC Step: 05740000 	Time(s): 1670134.044458
    -- MCMC Step: 05750000 	Time(s): 1673988.145239
    -- MCMC Step: 05760000 	Time(s): 1677821.025867
    -- MCMC Step: 05770000 	Time(s): 1681654.319497
    -- MCMC Step: 05780000 	Time(s): 1685523.556973
    -- MCMC Step: 05790000 	Time(s): 1689354.241990
    -- MCMC Step: 05800000 	Time(s): 1693145.104144
    -- MCMC Step: 05810000 	Time(s): 1696936.116908
    -- MCMC Step: 05820000 	Time(s): 1700777.349748
    -- MCMC Step: 05830000 	Time(s): 1704404.360183
    -- MCMC Step: 05840000 	Time(s): 1707925.651622
    -- MCMC Step: 05850000 	Time(s): 1711439.642546
    -- MCMC Step: 05860000 	Time(s): 1714951.583786
    -- MCMC Step: 05870000 	Time(s): 1718493.539676
    -- MCMC Step: 05880000 	Time(s): 1721999.305480
    -- MCMC Step: 05890000 	Time(s): 1725398.697296
    -- MCMC Step: 05900000 	Time(s): 1728815.520382
    -- MCMC Step: 05910000 	Time(s): 1732254.141174
    -- MCMC Step: 05920000 	Time(s): 1735710.835346
    -- MCMC Step: 05930000 	Time(s): 1739216.009501
    -- MCMC Step: 05940000 	Time(s): 1742748.766172
    -- MCMC Step: 05950000 	Time(s): 1746277.451750
    -- MCMC Step: 05960000 	Time(s): 1749768.377244
    -- MCMC Step: 05970000 	Time(s): 1753261.101814
    -- MCMC Step: 05980000 	Time(s): 1756760.591602
    -- MCMC Step: 05990000 	Time(s): 1760244.737601
    -- MCMC Step: 06000000 	Time(s): 1763743.220624
    -- MCMC Step: 06010000 	Time(s): 1767273.644039
    -- MCMC Step: 06020000 	Time(s): 1770577.470185
    -- MCMC Step: 06030000 	Time(s): 1773767.217093
    -- MCMC Step: 06040000 	Time(s): 1776966.776706
    -- MCMC Step: 06050000 	Time(s): 1780112.055945
    -- MCMC Step: 06060000 	Time(s): 1783190.661610
    -- MCMC Step: 06070000 	Time(s): 1786261.359264
    -- MCMC Step: 06080000 	Time(s): 1789337.893045
    -- MCMC Step: 06090000 	Time(s): 1792369.037214
    -- MCMC Step: 06100000 	Time(s): 1795299.456216
    -- MCMC Step: 06110000 	Time(s): 1798215.704088
    -- MCMC Step: 06120000 	Time(s): 1801354.142996
    -- MCMC Step: 06130000 	Time(s): 1804503.784451
    -- MCMC Step: 06140000 	Time(s): 1807520.567644
    -- MCMC Step: 06150000 	Time(s): 1810545.460714
    -- MCMC Step: 06160000 	Time(s): 1813562.260344
    -- MCMC Step: 06170000 	Time(s): 1816570.484733
    -- MCMC Step: 06180000 	Time(s): 1819621.518219
    -- MCMC Step: 06190000 	Time(s): 1822685.103774
    -- MCMC Step: 06200000 	Time(s): 1825690.105891
    -- MCMC Step: 06210000 	Time(s): 1828700.913190
    -- MCMC Step: 06220000 	Time(s): 1831709.910459
    -- MCMC Step: 06230000 	Time(s): 1834702.590469
    -- MCMC Step: 06240000 	Time(s): 1837698.203098
    -- MCMC Step: 06250000 	Time(s): 1840698.267895
    -- MCMC Step: 06260000 	Time(s): 1843710.467571
    -- MCMC Step: 06270000 	Time(s): 1846739.949034
    -- MCMC Step: 06280000 	Time(s): 1849756.442548
    -- MCMC Step: 06290000 	Time(s): 1852807.065663
    -- MCMC Step: 06300000 	Time(s): 1855802.985760
    -- MCMC Step: 06310000 	Time(s): 1858622.104601
    -- MCMC Step: 06320000 	Time(s): 1861349.087872
    -- MCMC Step: 06330000 	Time(s): 1863953.805830
    -- MCMC Step: 06340000 	Time(s): 1866541.784556
    -- MCMC Step: 06350000 	Time(s): 1869146.459856
    -- MCMC Step: 06360000 	Time(s): 1871733.162588
    -- MCMC Step: 06370000 	Time(s): 1874329.268250
    -- MCMC Step: 06380000 	Time(s): 1876925.344655
    -- MCMC Step: 06390000 	Time(s): 1879524.086173
    -- MCMC Step: 06400000 	Time(s): 1882138.700897
    -- MCMC Step: 06410000 	Time(s): 1884954.017520
    -- MCMC Step: 06420000 	Time(s): 1887654.699503
    -- MCMC Step: 06430000 	Time(s): 1890212.948442
    -- MCMC Step: 06440000 	Time(s): 1892760.894798
    -- MCMC Step: 06450000 	Time(s): 1895323.995083
    -- MCMC Step: 06460000 	Time(s): 1898140.948977
    -- MCMC Step: 06470000 	Time(s): 1901060.610860
    -- MCMC Step: 06480000 	Time(s): 1903989.855026
    -- MCMC Step: 06490000 	Time(s): 1907037.915887
    -- MCMC Step: 06500000 	Time(s): 1910097.496787
    -- MCMC Step: 06510000 	Time(s): 1913283.896191
    -- MCMC Step: 06520000 	Time(s): 1916620.621699
    -- MCMC Step: 06530000 	Time(s): 1919858.980358
    -- MCMC Step: 06540000 	Time(s): 1923167.093102
    -- MCMC Step: 06550000 	Time(s): 1926573.933469
    -- MCMC Step: 06560000 	Time(s): 1929870.042341
    -- MCMC Step: 06570000 	Time(s): 1933081.471917
    -- MCMC Step: 06580000 	Time(s): 1936315.811225
    -- MCMC Step: 06590000 	Time(s): 1939592.041581
    -- MCMC Step: 06600000 	Time(s): 1942962.857874
    -- MCMC Step: 06610000 	Time(s): 1946283.789369
    -- MCMC Step: 06620000 	Time(s): 1949563.761024
    -- MCMC Step: 06630000 	Time(s): 1952831.540503
    -- MCMC Step: 06640000 	Time(s): 1956123.921059
    -- MCMC Step: 06650000 	Time(s): 1959411.224291
    -- MCMC Step: 06660000 	Time(s): 1962710.030564
    -- MCMC Step: 06670000 	Time(s): 1966082.021185
    -- MCMC Step: 06680000 	Time(s): 1969426.308389
    -- MCMC Step: 06690000 	Time(s): 1972826.223696
    -- MCMC Step: 06700000 	Time(s): 1976199.951100
    -- MCMC Step: 06710000 	Time(s): 1979538.110582
    -- MCMC Step: 06720000 	Time(s): 1982742.190727
    -- MCMC Step: 06730000 	Time(s): 1985825.450028
    -- MCMC Step: 06740000 	Time(s): 1988834.507335
    -- MCMC Step: 06750000 	Time(s): 1992117.676872
    -- MCMC Step: 06760000 	Time(s): 1995487.830148
    -- MCMC Step: 06770000 	Time(s): 1999231.725178
    -- MCMC Step: 06780000 	Time(s): 2003015.452258
    -- MCMC Step: 06790000 	Time(s): 2006952.307843
    -- MCMC Step: 06800000 	Time(s): 2010820.984542
    -- MCMC Step: 06810000 	Time(s): 2014714.090145
    -- MCMC Step: 06820000 	Time(s): 2018618.149713
    -- MCMC Step: 06830000 	Time(s): 2022636.611810
    -- MCMC Step: 06840000 	Time(s): 2026355.567179
    -- MCMC Step: 06850000 	Time(s): 2030185.271644
    -- MCMC Step: 06860000 	Time(s): 2034109.685877
    -- MCMC Step: 06870000 	Time(s): 2038123.469229
    -- MCMC Step: 06880000 	Time(s): 2042104.272177
    -- MCMC Step: 06890000 	Time(s): 2046002.788652
    -- MCMC Step: 06900000 	Time(s): 2049738.025122
    -- MCMC Step: 06910000 	Time(s): 2053492.898090
    -- MCMC Step: 06920000 	Time(s): 2057216.201010
    -- MCMC Step: 06930000 	Time(s): 2060747.844403
    -- MCMC Step: 06940000 	Time(s): 2064127.725679
    -- MCMC Step: 06950000 	Time(s): 2067603.829471
    -- MCMC Step: 06960000 	Time(s): 2071080.368338
    -- MCMC Step: 06970000 	Time(s): 2074543.766535
    -- MCMC Step: 06980000 	Time(s): 2078045.675363
    -- MCMC Step: 06990000 	Time(s): 2081622.198489
    -- MCMC Step: 07000000 	Time(s): 2085157.127913
    -- MCMC Step: 07010000 	Time(s): 2088572.444118
    -- MCMC Step: 07020000 	Time(s): 2092100.472537
    -- MCMC Step: 07030000 	Time(s): 2095915.660283
    -- MCMC Step: 07040000 	Time(s): 2099696.497685
    -- MCMC Step: 07050000 	Time(s): 2103547.490263
    -- MCMC Step: 07060000 	Time(s): 2107431.428787
    -- MCMC Step: 07070000 	Time(s): 2111271.490211
    -- MCMC Step: 07080000 	Time(s): 2115124.623864
    -- MCMC Step: 07090000 	Time(s): 2118954.369068
    -- MCMC Step: 07100000 	Time(s): 2122525.541715
    -- MCMC Step: 07110000 	Time(s): 2125942.013405
    -- MCMC Step: 07120000 	Time(s): 2129273.995256
    -- MCMC Step: 07130000 	Time(s): 2132621.522798
    -- MCMC Step: 07140000 	Time(s): 2135997.974426
    -- MCMC Step: 07150000 	Time(s): 2139268.227832
    -- MCMC Step: 07160000 	Time(s): 2142542.989460
    -- MCMC Step: 07170000 	Time(s): 2145812.552089
    -- MCMC Step: 07180000 	Time(s): 2149167.686598
    -- MCMC Step: 07190000 	Time(s): 2152269.089359
    -- MCMC Step: 07200000 	Time(s): 2155789.861293
    -- MCMC Step: 07210000 	Time(s): 2159974.418764
    -- MCMC Step: 07220000 	Time(s): 2164455.366328
    -- MCMC Step: 07230000 	Time(s): 2169072.952276
    -- MCMC Step: 07240000 	Time(s): 2173585.242744
    -- MCMC Step: 07250000 	Time(s): 2177975.633588
    -- MCMC Step: 07260000 	Time(s): 2182311.111401
    -- MCMC Step: 07270000 	Time(s): 2186597.422043
    -- MCMC Step: 07280000 	Time(s): 2190918.400462
    -- MCMC Step: 07290000 	Time(s): 2195446.207208
    -- MCMC Step: 07300000 	Time(s): 2200025.399197
    -- MCMC Step: 07310000 	Time(s): 2204582.712401
    -- MCMC Step: 07320000 	Time(s): 2209116.012319
    -- MCMC Step: 07330000 	Time(s): 2213626.202964
    -- MCMC Step: 07340000 	Time(s): 2217965.551906
    -- MCMC Step: 07350000 	Time(s): 2222154.384921
    -- MCMC Step: 07360000 	Time(s): 2226282.479232
    -- MCMC Step: 07370000 	Time(s): 2230420.601659
    -- MCMC Step: 07380000 	Time(s): 2234321.184314
    -- MCMC Step: 07390000 	Time(s): 2238431.347293
    -- MCMC Step: 07400000 	Time(s): 2242621.414788
    -- MCMC Step: 07410000 	Time(s): 2246781.757994
    -- MCMC Step: 07420000 	Time(s): 2251008.477733
    -- MCMC Step: 07430000 	Time(s): 2255268.646385
    -- MCMC Step: 07440000 	Time(s): 2259543.814893
    -- MCMC Step: 07450000 	Time(s): 2263806.784628
    -- MCMC Step: 07460000 	Time(s): 2268044.162452
    -- MCMC Step: 07470000 	Time(s): 2272306.953122
    -- MCMC Step: 07480000 	Time(s): 2276599.470350
    -- MCMC Step: 07490000 	Time(s): 2280869.855134
    -- MCMC Step: 07500000 	Time(s): 2285076.862468
    -- MCMC Step: 07510000 	Time(s): 2289213.934683
    -- MCMC Step: 07520000 	Time(s): 2293349.460853
    -- MCMC Step: 07530000 	Time(s): 2297499.957951
    -- MCMC Step: 07540000 	Time(s): 2301358.282702
    -- MCMC Step: 07550000 	Time(s): 2305181.258203
    -- MCMC Step: 07560000 	Time(s): 2309087.078108
    -- MCMC Step: 07570000 	Time(s): 2312960.323100
    -- MCMC Step: 07580000 	Time(s): 2316802.975363
    -- MCMC Step: 07590000 	Time(s): 2320688.308640
    -- MCMC Step: 07600000 	Time(s): 2324552.686192
    -- MCMC Step: 07610000 	Time(s): 2328413.522902
    -- MCMC Step: 07620000 	Time(s): 2332330.099951
    -- MCMC Step: 07630000 	Time(s): 2336187.304742
    -- MCMC Step: 07640000 	Time(s): 2340036.701087
    -- MCMC Step: 07650000 	Time(s): 2343975.992801
    -- MCMC Step: 07660000 	Time(s): 2347927.435981
    -- MCMC Step: 07670000 	Time(s): 2351850.446972
    -- MCMC Step: 07680000 	Time(s): 2355705.516524
    -- MCMC Step: 07690000 	Time(s): 2359529.277570
    -- MCMC Step: 07700000 	Time(s): 2363335.645301
    -- MCMC Step: 07710000 	Time(s): 2367173.950272
    -- MCMC Step: 07720000 	Time(s): 2370981.160267
    -- MCMC Step: 07730000 	Time(s): 2374611.804185
    -- MCMC Step: 07740000 	Time(s): 2378212.402241
    -- MCMC Step: 07750000 	Time(s): 2381769.130567
    -- MCMC Step: 07760000 	Time(s): 2385320.445899
    -- MCMC Step: 07770000 	Time(s): 2388771.161673
    -- MCMC Step: 07780000 	Time(s): 2392054.497213
    -- MCMC Step: 07790000 	Time(s): 2395307.804865
    -- MCMC Step: 07800000 	Time(s): 2398403.280820
    -- MCMC Step: 07810000 	Time(s): 2401769.114780
    -- MCMC Step: 07820000 	Time(s): 2405071.873963
    -- MCMC Step: 07830000 	Time(s): 2408337.531570
    -- MCMC Step: 07840000 	Time(s): 2411278.579775
    -- MCMC Step: 07850000 	Time(s): 2414178.808126
    -- MCMC Step: 07860000 	Time(s): 2417065.113534
    -- MCMC Step: 07870000 	Time(s): 2420326.545341
    -- MCMC Step: 07880000 	Time(s): 2423594.845625
    -- MCMC Step: 07890000 	Time(s): 2426681.796119
    -- MCMC Step: 07900000 	Time(s): 2429847.337669
    -- MCMC Step: 07910000 	Time(s): 2433033.934461
    -- MCMC Step: 07920000 	Time(s): 2436428.018611
    -- MCMC Step: 07930000 	Time(s): 2440211.414132
    -- MCMC Step: 07940000 	Time(s): 2444109.354801
    -- MCMC Step: 07950000 	Time(s): 2448067.046812
    -- MCMC Step: 07960000 	Time(s): 2452016.274268
    -- MCMC Step: 07970000 	Time(s): 2455944.519211
    -- MCMC Step: 07980000 	Time(s): 2459863.483081
    -- MCMC Step: 07990000 	Time(s): 2463941.964335
    -- MCMC Step: 08000000 	Time(s): 2468038.790520
    -- MCMC Step: 08010000 	Time(s): 2472013.236565
    -- MCMC Step: 08020000 	Time(s): 2476022.394190
    -- MCMC Step: 08030000 	Time(s): 2479810.522229
    -- MCMC Step: 08040000 	Time(s): 2483053.079006
    -- MCMC Step: 08050000 	Time(s): 2486263.276141
    -- MCMC Step: 08060000 	Time(s): 2489466.384587
    -- MCMC Step: 08070000 	Time(s): 2492627.773073
    -- MCMC Step: 08080000 	Time(s): 2496383.298969
    -- MCMC Step: 08090000 	Time(s): 2500584.458632
    -- MCMC Step: 08100000 	Time(s): 2504773.222929
    -- MCMC Step: 08110000 	Time(s): 2509026.682007
    -- MCMC Step: 08120000 	Time(s): 2513261.972064
    -- MCMC Step: 08130000 	Time(s): 2518117.910973
    -- MCMC Step: 08140000 	Time(s): 2523430.503603
    -- MCMC Step: 08150000 	Time(s): 2529074.771256
    -- MCMC Step: 08160000 	Time(s): 2534851.051235
    -- MCMC Step: 08170000 	Time(s): 2539716.938825
    -- MCMC Step: 08180000 	Time(s): 2544988.947961
    -- MCMC Step: 08190000 	Time(s): 2550012.633076
    -- MCMC Step: 08200000 	Time(s): 2554838.231339
    -- MCMC Step: 08210000 	Time(s): 2559412.279465
    -- MCMC Step: 08220000 	Time(s): 2563854.931484
    -- MCMC Step: 08230000 	Time(s): 2568057.105180
    -- MCMC Step: 08240000 	Time(s): 2572235.857135
    -- MCMC Step: 08250000 	Time(s): 2576409.374031
    -- MCMC Step: 08260000 	Time(s): 2580499.372037
    -- MCMC Step: 08270000 	Time(s): 2585017.288366
    -- MCMC Step: 08280000 	Time(s): 2589260.448040
    -- MCMC Step: 08290000 	Time(s): 2595752.778862
    -- MCMC Step: 08300000 	Time(s): 2603741.043271
    -- MCMC Step: 08310000 	Time(s): 2610996.148277
    -- MCMC Step: 08320000 	Time(s): 2618040.520626
    -- MCMC Step: 08330000 	Time(s): 2624708.961650
    -- MCMC Step: 08340000 	Time(s): 2631737.055033
    -- MCMC Step: 08350000 	Time(s): 2638168.220301
    -- MCMC Step: 08360000 	Time(s): 2644621.338583
    -- MCMC Step: 08370000 	Time(s): 2650972.847540
    -- MCMC Step: 08380000 	Time(s): 2657128.216066
    -- MCMC Step: 08390000 	Time(s): 2662577.780779
    -- MCMC Step: 08400000 	Time(s): 2668948.892301
    -- MCMC Step: 08410000 	Time(s): 2676164.162148
    -- MCMC Step: 08420000 	Time(s): 2682558.135096
    -- MCMC Step: 08430000 	Time(s): 2688606.198750
    -- MCMC Step: 08440000 	Time(s): 2693745.134034
    -- MCMC Step: 08450000 	Time(s): 2698762.644387
    -- MCMC Step: 08460000 	Time(s): 2703726.337265
    -- MCMC Step: 08470000 	Time(s): 2708682.610355
    -- MCMC Step: 08480000 	Time(s): 2713401.246206
    -- MCMC Step: 08490000 	Time(s): 2718013.000490
    -- MCMC Step: 08500000 	Time(s): 2722506.078114
    -- MCMC Step: 08510000 	Time(s): 2726744.511644
    -- MCMC Step: 08520000 	Time(s): 2730726.002828
    -- MCMC Step: 08530000 	Time(s): 2734589.993027
    -- MCMC Step: 08540000 	Time(s): 2738459.742510
    -- MCMC Step: 08550000 	Time(s): 2741972.336869
    -- MCMC Step: 08560000 	Time(s): 2745448.907119
    -- MCMC Step: 08570000 	Time(s): 2748911.628564
    -- MCMC Step: 08580000 	Time(s): 2753325.747017
    -- MCMC Step: 08590000 	Time(s): 2758203.787270
    -- MCMC Step: 08600000 	Time(s): 2762960.533391
    -- MCMC Step: 08610000 	Time(s): 2767563.966697
    -- MCMC Step: 08620000 	Time(s): 2772716.695998
    -- MCMC Step: 08630000 	Time(s): 2777819.132486
    -- MCMC Step: 08640000 	Time(s): 2783012.364046
    -- MCMC Step: 08650000 	Time(s): 2788032.101576
    -- MCMC Step: 08660000 	Time(s): 2793159.895528
    -- MCMC Step: 08670000 	Time(s): 2798238.030595
    -- MCMC Step: 08680000 	Time(s): 2803270.857579
    -- MCMC Step: 08690000 	Time(s): 2807907.330112
    -- MCMC Step: 08700000 	Time(s): 2812420.792331
    -- MCMC Step: 08710000 	Time(s): 2816893.343562
    -- MCMC Step: 08720000 	Time(s): 2821167.160345
    -- MCMC Step: 08730000 	Time(s): 2825295.705930
    -- MCMC Step: 08740000 	Time(s): 2829403.706976
    -- MCMC Step: 08750000 	Time(s): 2833445.131987
    -- MCMC Step: 08760000 	Time(s): 2837502.663443
    -- MCMC Step: 08770000 	Time(s): 2841578.518198
    -- MCMC Step: 08780000 	Time(s): 2845636.264024
    -- MCMC Step: 08790000 	Time(s): 2849723.930676
    -- MCMC Step: 08800000 	Time(s): 2853840.033079
    -- MCMC Step: 08810000 	Time(s): 2858067.279343
    -- MCMC Step: 08820000 	Time(s): 2862505.204569
    -- MCMC Step: 08830000 	Time(s): 2866824.558246
    -- MCMC Step: 08840000 	Time(s): 2870986.152267
    -- MCMC Step: 08850000 	Time(s): 2875370.018630
    -- MCMC Step: 08860000 	Time(s): 2879750.304441
    -- MCMC Step: 08870000 	Time(s): 2883995.002749
    -- MCMC Step: 08880000 	Time(s): 2888401.558077
    -- MCMC Step: 08890000 	Time(s): 2892718.329440
    -- MCMC Step: 08900000 	Time(s): 2896984.661361
    -- MCMC Step: 08910000 	Time(s): 2901068.446478
    -- MCMC Step: 08920000 	Time(s): 2905237.447266
    -- MCMC Step: 08930000 	Time(s): 2909287.570429
    -- MCMC Step: 08940000 	Time(s): 2913410.928243
    -- MCMC Step: 08950000 	Time(s): 2917527.907961
    -- MCMC Step: 08960000 	Time(s): 2921646.856773
    -- MCMC Step: 08970000 	Time(s): 2925819.255261
    -- MCMC Step: 08980000 	Time(s): 2929996.829211
    -- MCMC Step: 08990000 	Time(s): 2934190.886002
    -- MCMC Step: 09000000 	Time(s): 2938395.153371
    -- MCMC Step: 09010000 	Time(s): 2942636.254135
    -- MCMC Step: 09020000 	Time(s): 2946758.713242
    -- MCMC Step: 09030000 	Time(s): 2950855.369158
    -- MCMC Step: 09040000 	Time(s): 2955037.635859
    -- MCMC Step: 09050000 	Time(s): 2959154.154059
    -- MCMC Step: 09060000 	Time(s): 2963246.675591
    -- MCMC Step: 09070000 	Time(s): 2967365.550325
    -- MCMC Step: 09080000 	Time(s): 2971529.316512
    -- MCMC Step: 09090000 	Time(s): 2975702.446894
    -- MCMC Step: 09100000 	Time(s): 2979938.601734
    -- MCMC Step: 09110000 	Time(s): 2984103.106151
    -- MCMC Step: 09120000 	Time(s): 2988271.277145
    -- MCMC Step: 09130000 	Time(s): 2992507.272471
    -- MCMC Step: 09140000 	Time(s): 2996696.932948
    -- MCMC Step: 09150000 	Time(s): 3000902.354223
    -- MCMC Step: 09160000 	Time(s): 3005091.156948
    -- MCMC Step: 09170000 	Time(s): 3009275.309531
    -- MCMC Step: 09180000 	Time(s): 3013505.451734
    -- MCMC Step: 09190000 	Time(s): 3017720.018595
    -- MCMC Step: 09200000 	Time(s): 3021971.529012
    -- MCMC Step: 09210000 	Time(s): 3026334.199990
    -- MCMC Step: 09220000 	Time(s): 3030621.141909
    -- MCMC Step: 09230000 	Time(s): 3035025.781065
    -- MCMC Step: 09240000 	Time(s): 3039457.736973
    -- MCMC Step: 09250000 	Time(s): 3043766.700392
    -- MCMC Step: 09260000 	Time(s): 3048106.218714
    -- MCMC Step: 09270000 	Time(s): 3052404.507678
    -- MCMC Step: 09280000 	Time(s): 3056523.742886
    -- MCMC Step: 09290000 	Time(s): 3060183.420002
    -- MCMC Step: 09300000 	Time(s): 3063699.875077
    -- MCMC Step: 09310000 	Time(s): 3067148.044231
    -- MCMC Step: 09320000 	Time(s): 3070617.353723
    -- MCMC Step: 09330000 	Time(s): 3074088.117044
    -- MCMC Step: 09340000 	Time(s): 3077524.316927
    -- MCMC Step: 09350000 	Time(s): 3080979.816660
    -- MCMC Step: 09360000 	Time(s): 3084455.048748
    -- MCMC Step: 09370000 	Time(s): 3087958.076529
    -- MCMC Step: 09380000 	Time(s): 3091421.367658
    -- MCMC Step: 09390000 	Time(s): 3094885.161566
    -- MCMC Step: 09400000 	Time(s): 3098358.479170
    -- MCMC Step: 09410000 	Time(s): 3101876.499826
    -- MCMC Step: 09420000 	Time(s): 3105381.526604
    -- MCMC Step: 09430000 	Time(s): 3110036.864248
    -- MCMC Step: 09440000 	Time(s): 3113626.887209
    -- MCMC Step: 09450000 	Time(s): 3117159.523264
    -- MCMC Step: 09460000 	Time(s): 3120469.156583
    -- MCMC Step: 09470000 	Time(s): 3123740.960429
    -- MCMC Step: 09480000 	Time(s): 3127054.918138
    -- MCMC Step: 09490000 	Time(s): 3130460.735968
    -- MCMC Step: 09500000 	Time(s): 3133886.758425
    -- MCMC Step: 09510000 	Time(s): 3137243.563033
    -- MCMC Step: 09520000 	Time(s): 3140567.821844
    -- MCMC Step: 09530000 	Time(s): 3143908.846998
    -- MCMC Step: 09540000 	Time(s): 3147211.952964
    -- MCMC Step: 09550000 	Time(s): 3150514.726145
    -- MCMC Step: 09560000 	Time(s): 3153725.522661
    -- MCMC Step: 09570000 	Time(s): 3156794.192267
    -- MCMC Step: 09580000 	Time(s): 3159816.806394
    -- MCMC Step: 09590000 	Time(s): 3162842.705418
    -- MCMC Step: 09600000 	Time(s): 3165872.514669
    -- MCMC Step: 09610000 	Time(s): 3168958.335867
    -- MCMC Step: 09620000 	Time(s): 3172098.168012
    -- MCMC Step: 09630000 	Time(s): 3175240.346180
    -- MCMC Step: 09640000 	Time(s): 3178357.263291
    -- MCMC Step: 09650000 	Time(s): 3181446.633244
    -- MCMC Step: 09660000 	Time(s): 3184432.977395
    -- MCMC Step: 09670000 	Time(s): 3187385.245067
    -- MCMC Step: 09680000 	Time(s): 3190673.518385
    -- MCMC Step: 09690000 	Time(s): 3194824.747609
    -- MCMC Step: 09700000 	Time(s): 3198982.345707
    -- MCMC Step: 09710000 	Time(s): 3203206.752341
    -- MCMC Step: 09720000 	Time(s): 3207489.344514
    -- MCMC Step: 09730000 	Time(s): 3211903.266318
    -- MCMC Step: 09740000 	Time(s): 3216439.893895
    -- MCMC Step: 09750000 	Time(s): 3221013.785299
    -- MCMC Step: 09760000 	Time(s): 3225603.979548
    -- MCMC Step: 09770000 	Time(s): 3230308.253667
    -- MCMC Step: 09780000 	Time(s): 3234890.037313
    -- MCMC Step: 09790000 	Time(s): 3239386.144733
    -- MCMC Step: 09800000 	Time(s): 3243832.955814
    -- MCMC Step: 09810000 	Time(s): 3248270.590645
    -- MCMC Step: 09820000 	Time(s): 3252806.779638
    -- MCMC Step: 09830000 	Time(s): 3257381.130158
    -- MCMC Step: 09840000 	Time(s): 3261970.577751
    -- MCMC Step: 09850000 	Time(s): 3266653.054502
    -- MCMC Step: 09860000 	Time(s): 3271386.552201
    -- MCMC Step: 09870000 	Time(s): 3276142.506970
    -- MCMC Step: 09880000 	Time(s): 3280936.560030
    -- MCMC Step: 09890000 	Time(s): 3285686.159855
    -- MCMC Step: 09900000 	Time(s): 3290221.813047
    -- MCMC Step: 09910000 	Time(s): 3295407.716874
    -- MCMC Step: 09920000 	Time(s): 3300622.234116
    -- MCMC Step: 09930000 	Time(s): 3305748.665543
    -- MCMC Step: 09940000 	Time(s): 3310719.334462
    -- MCMC Step: 09950000 	Time(s): 3315680.278883
    -- MCMC Step: 09960000 	Time(s): 3320737.231734
    -- MCMC Step: 09970000 	Time(s): 3325662.366734
    -- MCMC Step: 09980000 	Time(s): 3330661.051083
    -- MCMC Step: 09990000 	Time(s): 3335692.982560
    -- MCMC Step: 10000000 	Time(s): 3340661.176414
  Saving final MCMC simulation data ...
****************************************
Done successfully!
Cumulative number of energy calculations: 10000002
Elapsed time: 3340665.2208943367 seconds
Finished on: 2023-10-26 18:38:06.120606
