Executed on: 2023-09-18 23:00:54.420739
PFP client version: 1.11.0
Model version: v3.0.0
Calculation mode: CRYSTAL_PLUS_D3
Method type: PFVM
****************************************
Examining NCM622 ...
  Importing initial (known) stable/unstable structures ...
    Supercell size: 5 × 4 × 1
    Number of atoms (perfect): 240
    Cell parameters (a, b, c): 2.873440, 2.877225, 14.130600
    Structural parameter range (min, max): 0.000000, 0.500000
    Number of discrete structural parameters: 60
    Structural parameter spacing: 0.008475
  Importing energies and 1-D DOS from previous WL simlation ...
    Energy range (min, max): -1075.388829, -1064.828767
    Number of energy states: 60
    Energy spacing (eV): 0.178984
  Performing multicanonical Monte Carlo (MCMC) sampling ...
    Number of NNP-neighbors: 11400
    Maximum number of Monte Carlo steps: 10000000
    Trial move style: swap
    -- MCMC Step: 00000000 	Time(s): 0.575827
    -- MCMC Step: 00010000 	Time(s): 1519.332468
    -- MCMC Step: 00020000 	Time(s): 3023.065352
    -- MCMC Step: 00030000 	Time(s): 4566.989670
    -- MCMC Step: 00040000 	Time(s): 6137.499626
    -- MCMC Step: 00050000 	Time(s): 7674.148013
    -- MCMC Step: 00060000 	Time(s): 9178.638337
    -- MCMC Step: 00070000 	Time(s): 10752.236085
    -- MCMC Step: 00080000 	Time(s): 12325.820054
    -- MCMC Step: 00090000 	Time(s): 13924.615048
    -- MCMC Step: 00100000 	Time(s): 15434.382741
    -- MCMC Step: 00110000 	Time(s): 17000.524348
    -- MCMC Step: 00120000 	Time(s): 18620.047113
    -- MCMC Step: 00130000 	Time(s): 20423.914591
    -- MCMC Step: 00140000 	Time(s): 22394.137462
    -- MCMC Step: 00150000 	Time(s): 24295.617507
    -- MCMC Step: 00160000 	Time(s): 26315.537679
    -- MCMC Step: 00170000 	Time(s): 28603.590677
    -- MCMC Step: 00180000 	Time(s): 30906.695725
    -- MCMC Step: 00190000 	Time(s): 33225.563174
    -- MCMC Step: 00200000 	Time(s): 35535.920810
    -- MCMC Step: 00210000 	Time(s): 37891.355998
    -- MCMC Step: 00220000 	Time(s): 40265.836494
    -- MCMC Step: 00230000 	Time(s): 42852.228364
    -- MCMC Step: 00240000 	Time(s): 45391.037130
    -- MCMC Step: 00250000 	Time(s): 47945.248080
    -- MCMC Step: 00260000 	Time(s): 50487.039038
    -- MCMC Step: 00270000 	Time(s): 53076.362936
    -- MCMC Step: 00280000 	Time(s): 55665.775431
    -- MCMC Step: 00290000 	Time(s): 58275.592986
    -- MCMC Step: 00300000 	Time(s): 60972.706926
    -- MCMC Step: 00310000 	Time(s): 63672.721192
    -- MCMC Step: 00320000 	Time(s): 66335.054483
    -- MCMC Step: 00330000 	Time(s): 68982.107522
    -- MCMC Step: 00340000 	Time(s): 71535.223964
    -- MCMC Step: 00350000 	Time(s): 74091.856121
    -- MCMC Step: 00360000 	Time(s): 76650.168691
    -- MCMC Step: 00370000 	Time(s): 79133.213027
    -- MCMC Step: 00380000 	Time(s): 81618.559157
    -- MCMC Step: 00390000 	Time(s): 84002.305937
    -- MCMC Step: 00400000 	Time(s): 86398.007111
    -- MCMC Step: 00410000 	Time(s): 88788.586224
    -- MCMC Step: 00420000 	Time(s): 91207.554396
    -- MCMC Step: 00430000 	Time(s): 93618.045053
    -- MCMC Step: 00440000 	Time(s): 96063.735940
    -- MCMC Step: 00450000 	Time(s): 98521.964419
    -- MCMC Step: 00460000 	Time(s): 100980.515843
    -- MCMC Step: 00470000 	Time(s): 103271.878865
    -- MCMC Step: 00480000 	Time(s): 105410.022718
    -- MCMC Step: 00490000 	Time(s): 107435.597646
    -- MCMC Step: 00500000 	Time(s): 109432.224818
    -- MCMC Step: 00510000 	Time(s): 111528.681697
    -- MCMC Step: 00520000 	Time(s): 113333.360501
    -- MCMC Step: 00530000 	Time(s): 115434.661100
    -- MCMC Step: 00540000 	Time(s): 117535.934439
    -- MCMC Step: 00550000 	Time(s): 119814.206598
    -- MCMC Step: 00560000 	Time(s): 121976.554835
    -- MCMC Step: 00570000 	Time(s): 124109.396545
    -- MCMC Step: 00580000 	Time(s): 126108.090142
    -- MCMC Step: 00590000 	Time(s): 128248.926803
    -- MCMC Step: 00600000 	Time(s): 130409.656570
    -- MCMC Step: 00610000 	Time(s): 132597.531334
    -- MCMC Step: 00620000 	Time(s): 134807.508455
    -- MCMC Step: 00630000 	Time(s): 137016.154499
    -- MCMC Step: 00640000 	Time(s): 139260.151198
    -- MCMC Step: 00650000 	Time(s): 141452.628345
    -- MCMC Step: 00660000 	Time(s): 143659.293478
    -- MCMC Step: 00670000 	Time(s): 145878.976106
    -- MCMC Step: 00680000 	Time(s): 148090.415476
    -- MCMC Step: 00690000 	Time(s): 150295.851953
    -- MCMC Step: 00700000 	Time(s): 152504.545380
    -- MCMC Step: 00710000 	Time(s): 154713.953308
    -- MCMC Step: 00720000 	Time(s): 156924.755106
    -- MCMC Step: 00730000 	Time(s): 159096.506864
    -- MCMC Step: 00740000 	Time(s): 161290.292251
    -- MCMC Step: 00750000 	Time(s): 163459.145877
    -- MCMC Step: 00760000 	Time(s): 165610.040239
    -- MCMC Step: 00770000 	Time(s): 167692.430270
    -- MCMC Step: 00780000 	Time(s): 169790.630870
    -- MCMC Step: 00790000 	Time(s): 171882.248482
    -- MCMC Step: 00800000 	Time(s): 173945.556568
    -- MCMC Step: 00810000 	Time(s): 176053.513077
    -- MCMC Step: 00820000 	Time(s): 178170.091829
    -- MCMC Step: 00830000 	Time(s): 180301.797782
    -- MCMC Step: 00840000 	Time(s): 182426.604460
    -- MCMC Step: 00850000 	Time(s): 184328.450576
    -- MCMC Step: 00860000 	Time(s): 186251.469727
    -- MCMC Step: 00870000 	Time(s): 188618.874509
    -- MCMC Step: 00880000 	Time(s): 190804.161841
    -- MCMC Step: 00890000 	Time(s): 192928.670936
    -- MCMC Step: 00900000 	Time(s): 195023.701347
    -- MCMC Step: 00910000 	Time(s): 197315.780415
    -- MCMC Step: 00920000 	Time(s): 199500.836680
    -- MCMC Step: 00930000 	Time(s): 201663.823066
    -- MCMC Step: 00940000 	Time(s): 203910.758629
    -- MCMC Step: 00950000 	Time(s): 206163.207366
    -- MCMC Step: 00960000 	Time(s): 208437.430208
    -- MCMC Step: 00970000 	Time(s): 210786.777259
    -- MCMC Step: 00980000 	Time(s): 213367.764137
    -- MCMC Step: 00990000 	Time(s): 215846.442589
    -- MCMC Step: 01000000 	Time(s): 218250.791283
    -- MCMC Step: 01010000 	Time(s): 220645.261242
    -- MCMC Step: 01020000 	Time(s): 223057.786634
    -- MCMC Step: 01030000 	Time(s): 225408.119521
    -- MCMC Step: 01040000 	Time(s): 227772.518091
    -- MCMC Step: 01050000 	Time(s): 230124.417194
    -- MCMC Step: 01060000 	Time(s): 232548.177381
    -- MCMC Step: 01070000 	Time(s): 234956.372711
    -- MCMC Step: 01080000 	Time(s): 237384.841511
    -- MCMC Step: 01090000 	Time(s): 239796.865128
    -- MCMC Step: 01100000 	Time(s): 242208.056160
    -- MCMC Step: 01110000 	Time(s): 244614.392127
    -- MCMC Step: 01120000 	Time(s): 247022.096075
    -- MCMC Step: 01130000 	Time(s): 249406.898722
    -- MCMC Step: 01140000 	Time(s): 251791.321869
    -- MCMC Step: 01150000 	Time(s): 254194.661529
    -- MCMC Step: 01160000 	Time(s): 256603.688970
    -- MCMC Step: 01170000 	Time(s): 259030.270941
    -- MCMC Step: 01180000 	Time(s): 261455.677380
    -- MCMC Step: 01190000 	Time(s): 263912.177851
    -- MCMC Step: 01200000 	Time(s): 266410.712429
    -- MCMC Step: 01210000 	Time(s): 268915.206810
    -- MCMC Step: 01220000 	Time(s): 271443.518821
    -- MCMC Step: 01230000 	Time(s): 273779.479872
    -- MCMC Step: 01240000 	Time(s): 275665.105739
    -- MCMC Step: 01250000 	Time(s): 277933.083946
    -- MCMC Step: 01260000 	Time(s): 280280.751090
    -- MCMC Step: 01270000 	Time(s): 282844.558863
    -- MCMC Step: 01280000 	Time(s): 285690.561569
    -- MCMC Step: 01290000 	Time(s): 288467.930060
    -- MCMC Step: 01300000 	Time(s): 291111.763686
    -- MCMC Step: 01310000 	Time(s): 293701.270601
    -- MCMC Step: 01320000 	Time(s): 296357.476152
    -- MCMC Step: 01330000 	Time(s): 299047.809417
    -- MCMC Step: 01340000 	Time(s): 301728.312140
    -- MCMC Step: 01350000 	Time(s): 304416.911126
    -- MCMC Step: 01360000 	Time(s): 307073.163390
    -- MCMC Step: 01370000 	Time(s): 309733.004025
    -- MCMC Step: 01380000 	Time(s): 312333.376723
    -- MCMC Step: 01390000 	Time(s): 314957.414074
    -- MCMC Step: 01400000 	Time(s): 317634.947833
    -- MCMC Step: 01410000 	Time(s): 320311.054494
    -- MCMC Step: 01420000 	Time(s): 323010.098483
    -- MCMC Step: 01430000 	Time(s): 325715.578747
    -- MCMC Step: 01440000 	Time(s): 328413.304569
    -- MCMC Step: 01450000 	Time(s): 331103.116206
    -- MCMC Step: 01460000 	Time(s): 333796.811027
    -- MCMC Step: 01470000 	Time(s): 336455.777669
    -- MCMC Step: 01480000 	Time(s): 339089.079554
    -- MCMC Step: 01490000 	Time(s): 341700.551430
    -- MCMC Step: 01500000 	Time(s): 344321.521190
    -- MCMC Step: 01510000 	Time(s): 346934.401710
    -- MCMC Step: 01520000 	Time(s): 349438.187785
    -- MCMC Step: 01530000 	Time(s): 351921.116166
    -- MCMC Step: 01540000 	Time(s): 354421.878250
    -- MCMC Step: 01550000 	Time(s): 356905.252422
    -- MCMC Step: 01560000 	Time(s): 359363.317433
    -- MCMC Step: 01570000 	Time(s): 361813.316425
    -- MCMC Step: 01580000 	Time(s): 364261.476625
    -- MCMC Step: 01590000 	Time(s): 366711.814099
    -- MCMC Step: 01600000 	Time(s): 369171.255064
    -- MCMC Step: 01610000 	Time(s): 371634.358131
    -- MCMC Step: 01620000 	Time(s): 374090.494352
    -- MCMC Step: 01630000 	Time(s): 376554.090624
    -- MCMC Step: 01640000 	Time(s): 379037.934225
    -- MCMC Step: 01650000 	Time(s): 381505.455089
    -- MCMC Step: 01660000 	Time(s): 383978.768376
    -- MCMC Step: 01670000 	Time(s): 386454.511425
    -- MCMC Step: 01680000 	Time(s): 388928.845870
    -- MCMC Step: 01690000 	Time(s): 391420.616268
    -- MCMC Step: 01700000 	Time(s): 393889.778452
    -- MCMC Step: 01710000 	Time(s): 396370.540607
    -- MCMC Step: 01720000 	Time(s): 398928.229211
    -- MCMC Step: 01730000 	Time(s): 401457.479717
    -- MCMC Step: 01740000 	Time(s): 403958.484043
    -- MCMC Step: 01750000 	Time(s): 406510.286076
    -- MCMC Step: 01760000 	Time(s): 409070.517055
    -- MCMC Step: 01770000 	Time(s): 411617.662317
    -- MCMC Step: 01780000 	Time(s): 414147.057718
    -- MCMC Step: 01790000 	Time(s): 416509.840430
    -- MCMC Step: 01800000 	Time(s): 418873.535070
    -- MCMC Step: 01810000 	Time(s): 421229.799170
    -- MCMC Step: 01820000 	Time(s): 423507.732256
    -- MCMC Step: 01830000 	Time(s): 425696.597647
    -- MCMC Step: 01840000 	Time(s): 427884.484845
    -- MCMC Step: 01850000 	Time(s): 430077.154992
    -- MCMC Step: 01860000 	Time(s): 432271.714007
    -- MCMC Step: 01870000 	Time(s): 434450.474879
    -- MCMC Step: 01880000 	Time(s): 436625.666979
    -- MCMC Step: 01890000 	Time(s): 438806.990375
    -- MCMC Step: 01900000 	Time(s): 440987.803025
    -- MCMC Step: 01910000 	Time(s): 443118.772538
    -- MCMC Step: 01920000 	Time(s): 445067.175986
    -- MCMC Step: 01930000 	Time(s): 447008.980225
    -- MCMC Step: 01940000 	Time(s): 448942.131500
    -- MCMC Step: 01950000 	Time(s): 450886.451253
    -- MCMC Step: 01960000 	Time(s): 452836.585003
    -- MCMC Step: 01970000 	Time(s): 454765.706047
    -- MCMC Step: 01980000 	Time(s): 456675.996687
    -- MCMC Step: 01990000 	Time(s): 458596.262517
    -- MCMC Step: 02000000 	Time(s): 460533.043738
    -- MCMC Step: 02010000 	Time(s): 462483.544303
    -- MCMC Step: 02020000 	Time(s): 464430.856224
    -- MCMC Step: 02030000 	Time(s): 466397.621360
    -- MCMC Step: 02040000 	Time(s): 468197.840619
    -- MCMC Step: 02050000 	Time(s): 469797.266109
    -- MCMC Step: 02060000 	Time(s): 471352.371228
    -- MCMC Step: 02070000 	Time(s): 472912.931504
    -- MCMC Step: 02080000 	Time(s): 474485.119907
    -- MCMC Step: 02090000 	Time(s): 476054.155481
    -- MCMC Step: 02100000 	Time(s): 477668.914926
    -- MCMC Step: 02110000 	Time(s): 479263.081097
    CAUTION: New unstable configuration found! E -1064.826074
    -- MCMC Step: 02120000 	Time(s): 480846.908406
    -- MCMC Step: 02130000 	Time(s): 482408.755231
    -- MCMC Step: 02140000 	Time(s): 483954.376241
    -- MCMC Step: 02150000 	Time(s): 485493.139153
    -- MCMC Step: 02160000 	Time(s): 487085.138658
    -- MCMC Step: 02170000 	Time(s): 488677.957532
    -- MCMC Step: 02180000 	Time(s): 490243.513483
    -- MCMC Step: 02190000 	Time(s): 491829.572376
    -- MCMC Step: 02200000 	Time(s): 493399.484963
    -- MCMC Step: 02210000 	Time(s): 494971.682860
    -- MCMC Step: 02220000 	Time(s): 496552.254197
    -- MCMC Step: 02230000 	Time(s): 498150.305202
    -- MCMC Step: 02240000 	Time(s): 499747.014880
    -- MCMC Step: 02250000 	Time(s): 501354.294829
    -- MCMC Step: 02260000 	Time(s): 502963.102313
    -- MCMC Step: 02270000 	Time(s): 504559.707543
    -- MCMC Step: 02280000 	Time(s): 506156.272505
    -- MCMC Step: 02290000 	Time(s): 507743.482584
    -- MCMC Step: 02300000 	Time(s): 509348.567833
    -- MCMC Step: 02310000 	Time(s): 510939.378348
    -- MCMC Step: 02320000 	Time(s): 512538.264025
    -- MCMC Step: 02330000 	Time(s): 514107.256733
    -- MCMC Step: 02340000 	Time(s): 515700.062891
    -- MCMC Step: 02350000 	Time(s): 517316.335278
    -- MCMC Step: 02360000 	Time(s): 518955.444346
    -- MCMC Step: 02370000 	Time(s): 520599.052752
    -- MCMC Step: 02380000 	Time(s): 522245.558212
    -- MCMC Step: 02390000 	Time(s): 523904.010510
    -- MCMC Step: 02400000 	Time(s): 525589.429001
    -- MCMC Step: 02410000 	Time(s): 527232.833603
    -- MCMC Step: 02420000 	Time(s): 528933.600540
    -- MCMC Step: 02430000 	Time(s): 530630.269581
    -- MCMC Step: 02440000 	Time(s): 532273.978990
    -- MCMC Step: 02450000 	Time(s): 533926.643741
    -- MCMC Step: 02460000 	Time(s): 535587.598277
    -- MCMC Step: 02470000 	Time(s): 537253.744229
    -- MCMC Step: 02480000 	Time(s): 538979.080018
    -- MCMC Step: 02490000 	Time(s): 540691.524341
    -- MCMC Step: 02500000 	Time(s): 542429.400291
    -- MCMC Step: 02510000 	Time(s): 544133.148723
    -- MCMC Step: 02520000 	Time(s): 545835.259856
    -- MCMC Step: 02530000 	Time(s): 547544.979649
    -- MCMC Step: 02540000 	Time(s): 549270.207390
    -- MCMC Step: 02550000 	Time(s): 550943.894209
    -- MCMC Step: 02560000 	Time(s): 552677.251304
    -- MCMC Step: 02570000 	Time(s): 554367.673796
    -- MCMC Step: 02580000 	Time(s): 556024.425718
    -- MCMC Step: 02590000 	Time(s): 557718.615577
    -- MCMC Step: 02600000 	Time(s): 559404.890085
    -- MCMC Step: 02610000 	Time(s): 561068.890818
    -- MCMC Step: 02620000 	Time(s): 562717.552450
    -- MCMC Step: 02630000 	Time(s): 564360.860516
    -- MCMC Step: 02640000 	Time(s): 565971.814939
    -- MCMC Step: 02650000 	Time(s): 567634.154644
    -- MCMC Step: 02660000 	Time(s): 569273.442501
    -- MCMC Step: 02670000 	Time(s): 570912.234725
    -- MCMC Step: 02680000 	Time(s): 572573.605092
    -- MCMC Step: 02690000 	Time(s): 574227.408162
    -- MCMC Step: 02700000 	Time(s): 575889.762103
    -- MCMC Step: 02710000 	Time(s): 577538.564142
    -- MCMC Step: 02720000 	Time(s): 579183.188778
    -- MCMC Step: 02730000 	Time(s): 580878.198415
    -- MCMC Step: 02740000 	Time(s): 582583.432510
    -- MCMC Step: 02750000 	Time(s): 584239.882992
    -- MCMC Step: 02760000 	Time(s): 585909.342316
    -- MCMC Step: 02770000 	Time(s): 587525.940263
    -- MCMC Step: 02780000 	Time(s): 589134.837770
    -- MCMC Step: 02790000 	Time(s): 590742.634919
    -- MCMC Step: 02800000 	Time(s): 592366.967713
    -- MCMC Step: 02810000 	Time(s): 593969.383870
    -- MCMC Step: 02820000 	Time(s): 595562.590803
    -- MCMC Step: 02830000 	Time(s): 597145.584349
    -- MCMC Step: 02840000 	Time(s): 598734.531308
    -- MCMC Step: 02850000 	Time(s): 600312.814118
    -- MCMC Step: 02860000 	Time(s): 601919.628071
    -- MCMC Step: 02870000 	Time(s): 603528.954525
    -- MCMC Step: 02880000 	Time(s): 605159.920014
    -- MCMC Step: 02890000 	Time(s): 606803.542053
    -- MCMC Step: 02900000 	Time(s): 608450.788328
    -- MCMC Step: 02910000 	Time(s): 610119.311437
    -- MCMC Step: 02920000 	Time(s): 611858.384233
    -- MCMC Step: 02930000 	Time(s): 613765.349217
    -- MCMC Step: 02940000 	Time(s): 615782.155624
    -- MCMC Step: 02950000 	Time(s): 617918.412931
    -- MCMC Step: 02960000 	Time(s): 619881.512670
    -- MCMC Step: 02970000 	Time(s): 621780.516820
    -- MCMC Step: 02980000 	Time(s): 624241.774704
    -- MCMC Step: 02990000 	Time(s): 627311.231385
    -- MCMC Step: 03000000 	Time(s): 630385.273391
    -- MCMC Step: 03010000 	Time(s): 633657.454174
    -- MCMC Step: 03020000 	Time(s): 636954.076453
    -- MCMC Step: 03030000 	Time(s): 640147.127862
    -- MCMC Step: 03040000 	Time(s): 643182.047081
    -- MCMC Step: 03050000 	Time(s): 646135.088718
    -- MCMC Step: 03060000 	Time(s): 649163.057599
    -- MCMC Step: 03070000 	Time(s): 652207.894266
    -- MCMC Step: 03080000 	Time(s): 655203.622686
    -- MCMC Step: 03090000 	Time(s): 658146.183438
    -- MCMC Step: 03100000 	Time(s): 661088.865106
    -- MCMC Step: 03110000 	Time(s): 664041.519914
    -- MCMC Step: 03120000 	Time(s): 667047.507624
    -- MCMC Step: 03130000 	Time(s): 670049.472807
    -- MCMC Step: 03140000 	Time(s): 673023.861794
    -- MCMC Step: 03150000 	Time(s): 676026.453025
    -- MCMC Step: 03160000 	Time(s): 679018.674726
    -- MCMC Step: 03170000 	Time(s): 681996.102274
    -- MCMC Step: 03180000 	Time(s): 684965.685581
    -- MCMC Step: 03190000 	Time(s): 687937.698299
    -- MCMC Step: 03200000 	Time(s): 690985.829975
    -- MCMC Step: 03210000 	Time(s): 694149.281055
    -- MCMC Step: 03220000 	Time(s): 697486.629667
    -- MCMC Step: 03230000 	Time(s): 701386.009608
    -- MCMC Step: 03240000 	Time(s): 704992.250838
    -- MCMC Step: 03250000 	Time(s): 708767.539159
    -- MCMC Step: 03260000 	Time(s): 712639.766044
    -- MCMC Step: 03270000 	Time(s): 716526.116500
    -- MCMC Step: 03280000 	Time(s): 720482.266954
    -- MCMC Step: 03290000 	Time(s): 724728.134620
    -- MCMC Step: 03300000 	Time(s): 728938.269922
    -- MCMC Step: 03310000 	Time(s): 733184.452481
    -- MCMC Step: 03320000 	Time(s): 737386.662099
    -- MCMC Step: 03330000 	Time(s): 741545.138034
    -- MCMC Step: 03340000 	Time(s): 745748.426084
    -- MCMC Step: 03350000 	Time(s): 749920.333543
    -- MCMC Step: 03360000 	Time(s): 754077.509009
    -- MCMC Step: 03370000 	Time(s): 758230.815438
    -- MCMC Step: 03380000 	Time(s): 762387.954821
    -- MCMC Step: 03390000 	Time(s): 766533.062077
    -- MCMC Step: 03400000 	Time(s): 770715.171961
    -- MCMC Step: 03410000 	Time(s): 774849.376734
    -- MCMC Step: 03420000 	Time(s): 779047.854858
    -- MCMC Step: 03430000 	Time(s): 783394.110300
    -- MCMC Step: 03440000 	Time(s): 787714.238479
    -- MCMC Step: 03450000 	Time(s): 791900.226403
    -- MCMC Step: 03460000 	Time(s): 795963.088724
    -- MCMC Step: 03470000 	Time(s): 799867.595641
    -- MCMC Step: 03480000 	Time(s): 804097.134591
    -- MCMC Step: 03490000 	Time(s): 808175.619999
    -- MCMC Step: 03500000 	Time(s): 812322.521384
    -- MCMC Step: 03510000 	Time(s): 816550.042070
    -- MCMC Step: 03520000 	Time(s): 820824.766175
    -- MCMC Step: 03530000 	Time(s): 825080.145369
    -- MCMC Step: 03540000 	Time(s): 829340.660811
    -- MCMC Step: 03550000 	Time(s): 833569.720068
    -- MCMC Step: 03560000 	Time(s): 837776.236362
    -- MCMC Step: 03570000 	Time(s): 841956.772475
    -- MCMC Step: 03580000 	Time(s): 846200.266260
    -- MCMC Step: 03590000 	Time(s): 850453.377779
    -- MCMC Step: 03600000 	Time(s): 854683.400522
    -- MCMC Step: 03610000 	Time(s): 858955.394778
    -- MCMC Step: 03620000 	Time(s): 863206.683852
    -- MCMC Step: 03630000 	Time(s): 867567.114340
    -- MCMC Step: 03640000 	Time(s): 871896.779201
    -- MCMC Step: 03650000 	Time(s): 876062.222537
    -- MCMC Step: 03660000 	Time(s): 880080.279167
    -- MCMC Step: 03670000 	Time(s): 884197.340956
    -- MCMC Step: 03680000 	Time(s): 888336.128253
    -- MCMC Step: 03690000 	Time(s): 892496.918430
    -- MCMC Step: 03700000 	Time(s): 896769.728549
    -- MCMC Step: 03710000 	Time(s): 901051.434428
    -- MCMC Step: 03720000 	Time(s): 905296.746878
    -- MCMC Step: 03730000 	Time(s): 909517.138853
    -- MCMC Step: 03740000 	Time(s): 913694.914273
    -- MCMC Step: 03750000 	Time(s): 917882.399243
    -- MCMC Step: 03760000 	Time(s): 922051.042456
    -- MCMC Step: 03770000 	Time(s): 926168.449213
    -- MCMC Step: 03780000 	Time(s): 930341.790343
    -- MCMC Step: 03790000 	Time(s): 934513.151237
    -- MCMC Step: 03800000 	Time(s): 938652.137087
    -- MCMC Step: 03810000 	Time(s): 942811.126194
    -- MCMC Step: 03820000 	Time(s): 946981.982995
    -- MCMC Step: 03830000 	Time(s): 951029.823835
    -- MCMC Step: 03840000 	Time(s): 954941.602246
    -- MCMC Step: 03850000 	Time(s): 958723.051251
    -- MCMC Step: 03860000 	Time(s): 962405.001242
    -- MCMC Step: 03870000 	Time(s): 966000.097385
    -- MCMC Step: 03880000 	Time(s): 969581.286404
    -- MCMC Step: 03890000 	Time(s): 973153.083419
    -- MCMC Step: 03900000 	Time(s): 976737.527498
    -- MCMC Step: 03910000 	Time(s): 980325.423239
    -- MCMC Step: 03920000 	Time(s): 983921.968169
    -- MCMC Step: 03930000 	Time(s): 987536.723181
    -- MCMC Step: 03940000 	Time(s): 991173.167929
    -- MCMC Step: 03950000 	Time(s): 994837.850873
    -- MCMC Step: 03960000 	Time(s): 998426.703337
    -- MCMC Step: 03970000 	Time(s): 1002122.169256
    -- MCMC Step: 03980000 	Time(s): 1005785.663277
    -- MCMC Step: 03990000 	Time(s): 1009479.678569
    -- MCMC Step: 04000000 	Time(s): 1013245.684025
    -- MCMC Step: 04010000 	Time(s): 1017006.936328
    -- MCMC Step: 04020000 	Time(s): 1020741.064798
    -- MCMC Step: 04030000 	Time(s): 1024326.644846
    -- MCMC Step: 04040000 	Time(s): 1027184.302730
    -- MCMC Step: 04050000 	Time(s): 1030094.958459
    -- MCMC Step: 04060000 	Time(s): 1033531.442246
    -- MCMC Step: 04070000 	Time(s): 1037084.366046
    -- MCMC Step: 04080000 	Time(s): 1040657.793970
    -- MCMC Step: 04090000 	Time(s): 1044271.269233
    -- MCMC Step: 04100000 	Time(s): 1047931.731662
    -- MCMC Step: 04110000 	Time(s): 1051783.556904
    -- MCMC Step: 04120000 	Time(s): 1055580.297655
    -- MCMC Step: 04130000 	Time(s): 1059450.153743
    -- MCMC Step: 04140000 	Time(s): 1063297.871179
    -- MCMC Step: 04150000 	Time(s): 1067154.441162
    -- MCMC Step: 04160000 	Time(s): 1071004.930442
    -- MCMC Step: 04170000 	Time(s): 1074831.445970
    -- MCMC Step: 04180000 	Time(s): 1078683.483288
    -- MCMC Step: 04190000 	Time(s): 1082532.869421
    -- MCMC Step: 04200000 	Time(s): 1086353.440953
    -- MCMC Step: 04210000 	Time(s): 1090173.653071
    -- MCMC Step: 04220000 	Time(s): 1093935.166670
    -- MCMC Step: 04230000 	Time(s): 1097763.535339
    -- MCMC Step: 04240000 	Time(s): 1101666.749653
    -- MCMC Step: 04250000 	Time(s): 1105609.616997
    -- MCMC Step: 04260000 	Time(s): 1109447.310869
    -- MCMC Step: 04270000 	Time(s): 1113288.698897
    -- MCMC Step: 04280000 	Time(s): 1117063.136573
    -- MCMC Step: 04290000 	Time(s): 1120889.558472
    -- MCMC Step: 04300000 	Time(s): 1124772.795274
    -- MCMC Step: 04310000 	Time(s): 1128606.865373
    -- MCMC Step: 04320000 	Time(s): 1132467.107753
    -- MCMC Step: 04330000 	Time(s): 1136523.818395
    -- MCMC Step: 04340000 	Time(s): 1140380.849875
    -- MCMC Step: 04350000 	Time(s): 1144306.544551
    -- MCMC Step: 04360000 	Time(s): 1148213.674419
    -- MCMC Step: 04370000 	Time(s): 1152156.424659
    -- MCMC Step: 04380000 	Time(s): 1156120.345315
    -- MCMC Step: 04390000 	Time(s): 1160550.175452
    -- MCMC Step: 04400000 	Time(s): 1165107.145230
    -- MCMC Step: 04410000 	Time(s): 1169645.808504
    -- MCMC Step: 04420000 	Time(s): 1174058.171386
    -- MCMC Step: 04430000 	Time(s): 1178470.314387
    -- MCMC Step: 04440000 	Time(s): 1182819.630121
    -- MCMC Step: 04450000 	Time(s): 1187109.091466
    -- MCMC Step: 04460000 	Time(s): 1191415.833648
    -- MCMC Step: 04470000 	Time(s): 1195757.210020
    -- MCMC Step: 04480000 	Time(s): 1200223.828544
    -- MCMC Step: 04490000 	Time(s): 1204732.069402
    -- MCMC Step: 04500000 	Time(s): 1209356.914945
    -- MCMC Step: 04510000 	Time(s): 1213457.904546
    -- MCMC Step: 04520000 	Time(s): 1217690.957292
    -- MCMC Step: 04530000 	Time(s): 1221727.227308
    -- MCMC Step: 04540000 	Time(s): 1225470.275772
    -- MCMC Step: 04550000 	Time(s): 1229488.787490
    -- MCMC Step: 04560000 	Time(s): 1233439.818519
    -- MCMC Step: 04570000 	Time(s): 1237068.478382
    -- MCMC Step: 04580000 	Time(s): 1241179.041207
    -- MCMC Step: 04590000 	Time(s): 1245309.002151
    -- MCMC Step: 04600000 	Time(s): 1249371.488219
    -- MCMC Step: 04610000 	Time(s): 1253643.135697
    -- MCMC Step: 04620000 	Time(s): 1258036.908554
    -- MCMC Step: 04630000 	Time(s): 1262323.842745
    -- MCMC Step: 04640000 	Time(s): 1266617.091286
    -- MCMC Step: 04650000 	Time(s): 1270895.015229
    -- MCMC Step: 04660000 	Time(s): 1275002.090587
    -- MCMC Step: 04670000 	Time(s): 1278988.462096
    -- MCMC Step: 04680000 	Time(s): 1282909.883021
    -- MCMC Step: 04690000 	Time(s): 1286777.403214
    -- MCMC Step: 04700000 	Time(s): 1290514.607430
    -- MCMC Step: 04710000 	Time(s): 1294154.310668
    -- MCMC Step: 04720000 	Time(s): 1297855.800324
    -- MCMC Step: 04730000 	Time(s): 1301745.436820
    -- MCMC Step: 04740000 	Time(s): 1305800.092515
    -- MCMC Step: 04750000 	Time(s): 1309491.389911
    -- MCMC Step: 04760000 	Time(s): 1313631.018623
    -- MCMC Step: 04770000 	Time(s): 1317692.953159
    -- MCMC Step: 04780000 	Time(s): 1321482.388119
    -- MCMC Step: 04790000 	Time(s): 1325411.241588
    -- MCMC Step: 04800000 	Time(s): 1329386.790649
    -- MCMC Step: 04810000 	Time(s): 1333225.249146
    -- MCMC Step: 04820000 	Time(s): 1337205.774668
    -- MCMC Step: 04830000 	Time(s): 1341573.350395
    -- MCMC Step: 04840000 	Time(s): 1345920.098687
    -- MCMC Step: 04850000 	Time(s): 1350276.508997
    -- MCMC Step: 04860000 	Time(s): 1354368.477963
    -- MCMC Step: 04870000 	Time(s): 1358442.230246
    -- MCMC Step: 04880000 	Time(s): 1362461.642517
    -- MCMC Step: 04890000 	Time(s): 1366214.905062
    -- MCMC Step: 04900000 	Time(s): 1369851.266171
    -- MCMC Step: 04910000 	Time(s): 1373469.030957
    -- MCMC Step: 04920000 	Time(s): 1377136.661565
    -- MCMC Step: 04930000 	Time(s): 1380774.571552
    -- MCMC Step: 04940000 	Time(s): 1384334.764951
    -- MCMC Step: 04950000 	Time(s): 1387935.446074
    -- MCMC Step: 04960000 	Time(s): 1391240.280806
    -- MCMC Step: 04970000 	Time(s): 1394454.786453
    -- MCMC Step: 04980000 	Time(s): 1397866.346474
    -- MCMC Step: 04990000 	Time(s): 1401176.018715
    -- MCMC Step: 05000000 	Time(s): 1404501.324540
    -- MCMC Step: 05010000 	Time(s): 1408027.684816
    -- MCMC Step: 05020000 	Time(s): 1411725.171198
    -- MCMC Step: 05030000 	Time(s): 1415272.573103
    -- MCMC Step: 05040000 	Time(s): 1419027.393378
    -- MCMC Step: 05050000 	Time(s): 1422608.747663
    -- MCMC Step: 05060000 	Time(s): 1426308.662866
    -- MCMC Step: 05070000 	Time(s): 1429846.189173
    -- MCMC Step: 05080000 	Time(s): 1433342.924888
    -- MCMC Step: 05090000 	Time(s): 1436756.610421
    -- MCMC Step: 05100000 	Time(s): 1440195.336183
    -- MCMC Step: 05110000 	Time(s): 1443622.791380
    -- MCMC Step: 05120000 	Time(s): 1447091.643635
    -- MCMC Step: 05130000 	Time(s): 1450572.078095
    -- MCMC Step: 05140000 	Time(s): 1454057.222499
    -- MCMC Step: 05150000 	Time(s): 1457522.812520
    -- MCMC Step: 05160000 	Time(s): 1460990.970775
    -- MCMC Step: 05170000 	Time(s): 1464433.004669
    -- MCMC Step: 05180000 	Time(s): 1467900.891851
    -- MCMC Step: 05190000 	Time(s): 1471359.443838
    -- MCMC Step: 05200000 	Time(s): 1475037.843000
    -- MCMC Step: 05210000 	Time(s): 1478558.756992
    -- MCMC Step: 05220000 	Time(s): 1481409.114119
    -- MCMC Step: 05230000 	Time(s): 1484573.495318
    -- MCMC Step: 05240000 	Time(s): 1487761.952957
    -- MCMC Step: 05250000 	Time(s): 1490878.654209
    -- MCMC Step: 05260000 	Time(s): 1493823.416697
    -- MCMC Step: 05270000 	Time(s): 1496899.098491
    -- MCMC Step: 05280000 	Time(s): 1500019.700464
    -- MCMC Step: 05290000 	Time(s): 1503080.336435
    -- MCMC Step: 05300000 	Time(s): 1506119.435514
    -- MCMC Step: 05310000 	Time(s): 1509269.842513
    -- MCMC Step: 05320000 	Time(s): 1512738.914782
    -- MCMC Step: 05330000 	Time(s): 1516157.230334
    -- MCMC Step: 05340000 	Time(s): 1519633.847790
    -- MCMC Step: 05350000 	Time(s): 1523101.271709
    -- MCMC Step: 05360000 	Time(s): 1526578.008759
    -- MCMC Step: 05370000 	Time(s): 1530000.284980
    -- MCMC Step: 05380000 	Time(s): 1533424.373022
    -- MCMC Step: 05390000 	Time(s): 1536904.910056
    -- MCMC Step: 05400000 	Time(s): 1540392.649612
    -- MCMC Step: 05410000 	Time(s): 1543855.110207
    -- MCMC Step: 05420000 	Time(s): 1547314.632811
    -- MCMC Step: 05430000 	Time(s): 1550793.436610
    -- MCMC Step: 05440000 	Time(s): 1554300.446203
    -- MCMC Step: 05450000 	Time(s): 1557771.324766
    -- MCMC Step: 05460000 	Time(s): 1561223.900592
    -- MCMC Step: 05470000 	Time(s): 1564697.559783
    -- MCMC Step: 05480000 	Time(s): 1568147.592821
    -- MCMC Step: 05490000 	Time(s): 1571584.002525
    -- MCMC Step: 05500000 	Time(s): 1575050.893749
    -- MCMC Step: 05510000 	Time(s): 1578501.281189
    -- MCMC Step: 05520000 	Time(s): 1581938.462531
    -- MCMC Step: 05530000 	Time(s): 1585401.355540
    -- MCMC Step: 05540000 	Time(s): 1588891.978587
    -- MCMC Step: 05550000 	Time(s): 1592379.576606
    -- MCMC Step: 05560000 	Time(s): 1595837.471986
    -- MCMC Step: 05570000 	Time(s): 1599257.391548
    -- MCMC Step: 05580000 	Time(s): 1602689.901359
    -- MCMC Step: 05590000 	Time(s): 1606129.510146
    -- MCMC Step: 05600000 	Time(s): 1609557.072078
    -- MCMC Step: 05610000 	Time(s): 1612997.958060
    -- MCMC Step: 05620000 	Time(s): 1616434.871175
    -- MCMC Step: 05630000 	Time(s): 1619882.733882
    -- MCMC Step: 05640000 	Time(s): 1623380.929340
    -- MCMC Step: 05650000 	Time(s): 1626923.787416
    -- MCMC Step: 05660000 	Time(s): 1630289.190906
    -- MCMC Step: 05670000 	Time(s): 1633483.579378
    -- MCMC Step: 05680000 	Time(s): 1636694.899258
    -- MCMC Step: 05690000 	Time(s): 1639910.602900
    -- MCMC Step: 05700000 	Time(s): 1643111.876997
    -- MCMC Step: 05710000 	Time(s): 1646337.498458
    -- MCMC Step: 05720000 	Time(s): 1649502.125772
    -- MCMC Step: 05730000 	Time(s): 1652586.723428
    -- MCMC Step: 05740000 	Time(s): 1655680.374164
    -- MCMC Step: 05750000 	Time(s): 1658775.846958
    -- MCMC Step: 05760000 	Time(s): 1661869.295887
    -- MCMC Step: 05770000 	Time(s): 1665061.937871
    -- MCMC Step: 05780000 	Time(s): 1668264.215041
    -- MCMC Step: 05790000 	Time(s): 1671471.138717
    -- MCMC Step: 05800000 	Time(s): 1674654.085294
    -- MCMC Step: 05810000 	Time(s): 1677843.298029
    -- MCMC Step: 05820000 	Time(s): 1680999.911601
    -- MCMC Step: 05830000 	Time(s): 1684174.003510
    -- MCMC Step: 05840000 	Time(s): 1687380.578840
    -- MCMC Step: 05850000 	Time(s): 1690561.538350
    -- MCMC Step: 05860000 	Time(s): 1693736.523578
    -- MCMC Step: 05870000 	Time(s): 1696747.683255
    -- MCMC Step: 05880000 	Time(s): 1699660.595562
    -- MCMC Step: 05890000 	Time(s): 1702517.031039
    -- MCMC Step: 05900000 	Time(s): 1705383.950797
    -- MCMC Step: 05910000 	Time(s): 1708257.092273
    -- MCMC Step: 05920000 	Time(s): 1711058.738973
    -- MCMC Step: 05930000 	Time(s): 1713842.982081
    -- MCMC Step: 05940000 	Time(s): 1716615.345051
    -- MCMC Step: 05950000 	Time(s): 1719373.026442
    -- MCMC Step: 05960000 	Time(s): 1722066.319647
    -- MCMC Step: 05970000 	Time(s): 1724760.272816
    -- MCMC Step: 05980000 	Time(s): 1727638.512947
    -- MCMC Step: 05990000 	Time(s): 1730595.130977
    -- MCMC Step: 06000000 	Time(s): 1733458.839433
    -- MCMC Step: 06010000 	Time(s): 1736308.315894
    -- MCMC Step: 06020000 	Time(s): 1739185.259096
    -- MCMC Step: 06030000 	Time(s): 1742044.076831
    -- MCMC Step: 06040000 	Time(s): 1744935.705174
    -- MCMC Step: 06050000 	Time(s): 1747837.947964
    -- MCMC Step: 06060000 	Time(s): 1750710.384504
    -- MCMC Step: 06070000 	Time(s): 1753544.974099
    -- MCMC Step: 06080000 	Time(s): 1756354.904038
    -- MCMC Step: 06090000 	Time(s): 1759142.966581
    -- MCMC Step: 06100000 	Time(s): 1761929.997360
    -- MCMC Step: 06110000 	Time(s): 1764691.083129
    -- MCMC Step: 06120000 	Time(s): 1767464.396219
    -- MCMC Step: 06130000 	Time(s): 1770262.196795
    -- MCMC Step: 06140000 	Time(s): 1773077.145637
    -- MCMC Step: 06150000 	Time(s): 1775852.461652
    -- MCMC Step: 06160000 	Time(s): 1778611.412068
    -- MCMC Step: 06170000 	Time(s): 1781369.054951
    -- MCMC Step: 06180000 	Time(s): 1783978.119365
    -- MCMC Step: 06190000 	Time(s): 1786508.820742
    -- MCMC Step: 06200000 	Time(s): 1788906.818090
    -- MCMC Step: 06210000 	Time(s): 1791236.153027
    -- MCMC Step: 06220000 	Time(s): 1793562.711958
    -- MCMC Step: 06230000 	Time(s): 1795913.140465
    -- MCMC Step: 06240000 	Time(s): 1798252.968151
    -- MCMC Step: 06250000 	Time(s): 1800591.274960
    -- MCMC Step: 06260000 	Time(s): 1802918.141042
    -- MCMC Step: 06270000 	Time(s): 1805238.724751
    -- MCMC Step: 06280000 	Time(s): 1807559.097410
    -- MCMC Step: 06290000 	Time(s): 1810019.860075
    -- MCMC Step: 06300000 	Time(s): 1812528.521639
    -- MCMC Step: 06310000 	Time(s): 1814951.074497
    -- MCMC Step: 06320000 	Time(s): 1817208.013900
    -- MCMC Step: 06330000 	Time(s): 1819490.696285
    -- MCMC Step: 06340000 	Time(s): 1821819.922374
    -- MCMC Step: 06350000 	Time(s): 1824327.644372
    -- MCMC Step: 06360000 	Time(s): 1827010.048928
    -- MCMC Step: 06370000 	Time(s): 1829773.537524
    -- MCMC Step: 06380000 	Time(s): 1832605.830868
    -- MCMC Step: 06390000 	Time(s): 1835587.793069
    -- MCMC Step: 06400000 	Time(s): 1838606.979553
    -- MCMC Step: 06410000 	Time(s): 1841707.528281
    -- MCMC Step: 06420000 	Time(s): 1844807.515720
    -- MCMC Step: 06430000 	Time(s): 1847833.606312
    -- MCMC Step: 06440000 	Time(s): 1850839.292276
    -- MCMC Step: 06450000 	Time(s): 1853959.536533
    -- MCMC Step: 06460000 	Time(s): 1856874.945648
    -- MCMC Step: 06470000 	Time(s): 1859798.821510
    -- MCMC Step: 06480000 	Time(s): 1862694.359344
    -- MCMC Step: 06490000 	Time(s): 1865685.596124
    -- MCMC Step: 06500000 	Time(s): 1868746.412661
    -- MCMC Step: 06510000 	Time(s): 1871788.351822
    -- MCMC Step: 06520000 	Time(s): 1874882.275678
    -- MCMC Step: 06530000 	Time(s): 1877938.279623
    -- MCMC Step: 06540000 	Time(s): 1880972.799979
    -- MCMC Step: 06550000 	Time(s): 1884006.677840
    -- MCMC Step: 06560000 	Time(s): 1887045.407829
    -- MCMC Step: 06570000 	Time(s): 1890090.548884
    -- MCMC Step: 06580000 	Time(s): 1893088.018255
    -- MCMC Step: 06590000 	Time(s): 1896126.359029
    -- MCMC Step: 06600000 	Time(s): 1899171.094329
    -- MCMC Step: 06610000 	Time(s): 1902220.936537
    -- MCMC Step: 06620000 	Time(s): 1905300.137243
    -- MCMC Step: 06630000 	Time(s): 1908296.341553
    -- MCMC Step: 06640000 	Time(s): 1911169.859154
    -- MCMC Step: 06650000 	Time(s): 1913990.087057
    -- MCMC Step: 06660000 	Time(s): 1916860.615494
    -- MCMC Step: 06670000 	Time(s): 1919873.383883
    -- MCMC Step: 06680000 	Time(s): 1923151.809782
    -- MCMC Step: 06690000 	Time(s): 1926728.988425
    -- MCMC Step: 06700000 	Time(s): 1930296.651914
    -- MCMC Step: 06710000 	Time(s): 1934043.139221
    -- MCMC Step: 06720000 	Time(s): 1937778.971196
    -- MCMC Step: 06730000 	Time(s): 1941488.250659
    -- MCMC Step: 06740000 	Time(s): 1945145.780411
    -- MCMC Step: 06750000 	Time(s): 1948772.681065
    -- MCMC Step: 06760000 	Time(s): 1952221.639112
    -- MCMC Step: 06770000 	Time(s): 1955684.495927
    -- MCMC Step: 06780000 	Time(s): 1959324.938340
    -- MCMC Step: 06790000 	Time(s): 1962936.615297
    -- MCMC Step: 06800000 	Time(s): 1966549.666467
    -- MCMC Step: 06810000 	Time(s): 1970211.837393
    -- MCMC Step: 06820000 	Time(s): 1973687.259796
    -- MCMC Step: 06830000 	Time(s): 1977091.838385
    -- MCMC Step: 06840000 	Time(s): 1980517.690802
    -- MCMC Step: 06850000 	Time(s): 1983930.851774
    -- MCMC Step: 06860000 	Time(s): 1987181.611481
    -- MCMC Step: 06870000 	Time(s): 1990423.245360
    -- MCMC Step: 06880000 	Time(s): 1993661.402952
    -- MCMC Step: 06890000 	Time(s): 1997031.769767
    -- MCMC Step: 06900000 	Time(s): 2000336.607015
    -- MCMC Step: 06910000 	Time(s): 2003719.367728
    -- MCMC Step: 06920000 	Time(s): 2007172.431922
    -- MCMC Step: 06930000 	Time(s): 2010560.476064
    -- MCMC Step: 06940000 	Time(s): 2013897.738713
    -- MCMC Step: 06950000 	Time(s): 2017193.085474
    -- MCMC Step: 06960000 	Time(s): 2020776.616892
    -- MCMC Step: 06970000 	Time(s): 2024449.825057
    -- MCMC Step: 06980000 	Time(s): 2028094.932070
    -- MCMC Step: 06990000 	Time(s): 2031789.282219
    -- MCMC Step: 07000000 	Time(s): 2035382.297868
    -- MCMC Step: 07010000 	Time(s): 2038951.956677
    -- MCMC Step: 07020000 	Time(s): 2042500.472788
    -- MCMC Step: 07030000 	Time(s): 2045972.164274
    -- MCMC Step: 07040000 	Time(s): 2049250.094435
    -- MCMC Step: 07050000 	Time(s): 2052424.303905
    -- MCMC Step: 07060000 	Time(s): 2055544.487133
    -- MCMC Step: 07070000 	Time(s): 2058675.145680
    -- MCMC Step: 07080000 	Time(s): 2061785.983503
    -- MCMC Step: 07090000 	Time(s): 2064833.010018
    -- MCMC Step: 07100000 	Time(s): 2067817.104486
    -- MCMC Step: 07110000 	Time(s): 2070811.021737
    -- MCMC Step: 07120000 	Time(s): 2073830.838379
    -- MCMC Step: 07130000 	Time(s): 2076949.168077
    -- MCMC Step: 07140000 	Time(s): 2079842.557538
    -- MCMC Step: 07150000 	Time(s): 2083216.724022
    -- MCMC Step: 07160000 	Time(s): 2087264.807214
    -- MCMC Step: 07170000 	Time(s): 2091442.682479
    -- MCMC Step: 07180000 	Time(s): 2095678.523499
    -- MCMC Step: 07190000 	Time(s): 2099907.187339
    -- MCMC Step: 07200000 	Time(s): 2104025.488234
    -- MCMC Step: 07210000 	Time(s): 2108045.117604
    -- MCMC Step: 07220000 	Time(s): 2112004.037853
    -- MCMC Step: 07230000 	Time(s): 2115849.280128
    -- MCMC Step: 07240000 	Time(s): 2119950.444789
    -- MCMC Step: 07250000 	Time(s): 2124121.969015
    -- MCMC Step: 07260000 	Time(s): 2128295.874815
    -- MCMC Step: 07270000 	Time(s): 2132407.103724
    -- MCMC Step: 07280000 	Time(s): 2136596.797941
    -- MCMC Step: 07290000 	Time(s): 2140743.206753
    -- MCMC Step: 07300000 	Time(s): 2144694.292426
    -- MCMC Step: 07310000 	Time(s): 2148530.144346
    -- MCMC Step: 07320000 	Time(s): 2152254.589113
    -- MCMC Step: 07330000 	Time(s): 2155982.568555
    -- MCMC Step: 07340000 	Time(s): 2159732.072905
    -- MCMC Step: 07350000 	Time(s): 2163225.640407
    -- MCMC Step: 07360000 	Time(s): 2167055.275338
    -- MCMC Step: 07370000 	Time(s): 2170824.777002
    -- MCMC Step: 07380000 	Time(s): 2174630.858356
    -- MCMC Step: 07390000 	Time(s): 2178429.214179
    -- MCMC Step: 07400000 	Time(s): 2182193.716128
    -- MCMC Step: 07410000 	Time(s): 2186021.736612
    -- MCMC Step: 07420000 	Time(s): 2189854.943219
    -- MCMC Step: 07430000 	Time(s): 2193661.708700
    -- MCMC Step: 07440000 	Time(s): 2197513.784486
    -- MCMC Step: 07450000 	Time(s): 2201351.010818
    -- MCMC Step: 07460000 	Time(s): 2205170.929500
    -- MCMC Step: 07470000 	Time(s): 2208969.764284
    -- MCMC Step: 07480000 	Time(s): 2212736.809484
    -- MCMC Step: 07490000 	Time(s): 2216469.559458
    -- MCMC Step: 07500000 	Time(s): 2220249.115767
    -- MCMC Step: 07510000 	Time(s): 2224027.854208
    -- MCMC Step: 07520000 	Time(s): 2227604.752413
    -- MCMC Step: 07530000 	Time(s): 2231182.054512
    -- MCMC Step: 07540000 	Time(s): 2234727.840412
    -- MCMC Step: 07550000 	Time(s): 2238263.640603
    -- MCMC Step: 07560000 	Time(s): 2241791.422493
    -- MCMC Step: 07570000 	Time(s): 2245319.270701
    -- MCMC Step: 07580000 	Time(s): 2248840.423398
    -- MCMC Step: 07590000 	Time(s): 2252414.139843
    -- MCMC Step: 07600000 	Time(s): 2255924.389042
    -- MCMC Step: 07610000 	Time(s): 2259443.472760
    -- MCMC Step: 07620000 	Time(s): 2262945.760377
    -- MCMC Step: 07630000 	Time(s): 2266445.148150
    -- MCMC Step: 07640000 	Time(s): 2270025.471830
    -- MCMC Step: 07650000 	Time(s): 2273600.210827
    -- MCMC Step: 07660000 	Time(s): 2277223.876091
    -- MCMC Step: 07670000 	Time(s): 2280760.163080
    -- MCMC Step: 07680000 	Time(s): 2284235.505663
    -- MCMC Step: 07690000 	Time(s): 2287718.008831
    -- MCMC Step: 07700000 	Time(s): 2291162.261503
    -- MCMC Step: 07710000 	Time(s): 2294618.530397
    -- MCMC Step: 07720000 	Time(s): 2298105.777282
    -- MCMC Step: 07730000 	Time(s): 2301460.979933
    -- MCMC Step: 07740000 	Time(s): 2304814.419863
    -- MCMC Step: 07750000 	Time(s): 2308079.900733
    -- MCMC Step: 07760000 	Time(s): 2311352.983273
    -- MCMC Step: 07770000 	Time(s): 2314579.127350
    -- MCMC Step: 07780000 	Time(s): 2317643.384806
    -- MCMC Step: 07790000 	Time(s): 2320732.375840
    -- MCMC Step: 07800000 	Time(s): 2323529.704224
    -- MCMC Step: 07810000 	Time(s): 2326532.177047
    -- MCMC Step: 07820000 	Time(s): 2329566.384932
    -- MCMC Step: 07830000 	Time(s): 2332589.489468
    -- MCMC Step: 07840000 	Time(s): 2335578.233020
    -- MCMC Step: 07850000 	Time(s): 2338290.953727
    -- MCMC Step: 07860000 	Time(s): 2340947.696179
    -- MCMC Step: 07870000 	Time(s): 2343597.053252
    -- MCMC Step: 07880000 	Time(s): 2346629.062549
    -- MCMC Step: 07890000 	Time(s): 2349681.930559
    -- MCMC Step: 07900000 	Time(s): 2352508.375054
    -- MCMC Step: 07910000 	Time(s): 2355441.697632
    -- MCMC Step: 07920000 	Time(s): 2358382.410139
    -- MCMC Step: 07930000 	Time(s): 2361403.537651
    -- MCMC Step: 07940000 	Time(s): 2364712.521025
    -- MCMC Step: 07950000 	Time(s): 2368214.382855
    -- MCMC Step: 07960000 	Time(s): 2371756.404390
    -- MCMC Step: 07970000 	Time(s): 2375299.997478
    -- MCMC Step: 07980000 	Time(s): 2378934.173511
    -- MCMC Step: 07990000 	Time(s): 2382519.750158
    -- MCMC Step: 08000000 	Time(s): 2386048.223380
    -- MCMC Step: 08010000 	Time(s): 2389664.219389
    -- MCMC Step: 08020000 	Time(s): 2393266.206730
    -- MCMC Step: 08030000 	Time(s): 2396848.215464
    -- MCMC Step: 08040000 	Time(s): 2400443.579922
    -- MCMC Step: 08050000 	Time(s): 2404076.864995
    -- MCMC Step: 08060000 	Time(s): 2407303.815423
    -- MCMC Step: 08070000 	Time(s): 2410177.550709
    -- MCMC Step: 08080000 	Time(s): 2413027.341707
    -- MCMC Step: 08090000 	Time(s): 2415887.692862
    -- MCMC Step: 08100000 	Time(s): 2418770.370568
    -- MCMC Step: 08110000 	Time(s): 2422247.961883
    -- MCMC Step: 08120000 	Time(s): 2425877.534394
    -- MCMC Step: 08130000 	Time(s): 2429286.988548
    -- MCMC Step: 08140000 	Time(s): 2433145.225352
    -- MCMC Step: 08150000 	Time(s): 2436791.022779
    -- MCMC Step: 08160000 	Time(s): 2440674.722118
    -- MCMC Step: 08170000 	Time(s): 2444577.466655
    -- MCMC Step: 08180000 	Time(s): 2448509.218916
    -- MCMC Step: 08190000 	Time(s): 2452496.090948
    -- MCMC Step: 08200000 	Time(s): 2456320.999710
    -- MCMC Step: 08210000 	Time(s): 2460187.557041
    -- MCMC Step: 08220000 	Time(s): 2464104.345706
    -- MCMC Step: 08230000 	Time(s): 2468178.063006
    -- MCMC Step: 08240000 	Time(s): 2472477.107553
    -- MCMC Step: 08250000 	Time(s): 2476521.419250
    -- MCMC Step: 08260000 	Time(s): 2480454.392204
    -- MCMC Step: 08270000 	Time(s): 2484277.091223
    -- MCMC Step: 08280000 	Time(s): 2488114.605147
    -- MCMC Step: 08290000 	Time(s): 2491933.126706
    -- MCMC Step: 08300000 	Time(s): 2495541.017465
    -- MCMC Step: 08310000 	Time(s): 2499141.308266
    -- MCMC Step: 08320000 	Time(s): 2502775.487651
    -- MCMC Step: 08330000 	Time(s): 2506354.223090
    -- MCMC Step: 08340000 	Time(s): 2510153.465689
    -- MCMC Step: 08350000 	Time(s): 2513732.925920
    -- MCMC Step: 08360000 	Time(s): 2517331.840665
    -- MCMC Step: 08370000 	Time(s): 2521119.108260
    -- MCMC Step: 08380000 	Time(s): 2524982.284174
    -- MCMC Step: 08390000 	Time(s): 2528977.399416
    -- MCMC Step: 08400000 	Time(s): 2533054.833415
    -- MCMC Step: 08410000 	Time(s): 2536985.753291
    -- MCMC Step: 08420000 	Time(s): 2540803.039404
    -- MCMC Step: 08430000 	Time(s): 2544609.807392
    -- MCMC Step: 08440000 	Time(s): 2548337.581991
    -- MCMC Step: 08450000 	Time(s): 2552151.415744
    -- MCMC Step: 08460000 	Time(s): 2556199.022686
    -- MCMC Step: 08470000 	Time(s): 2560181.920212
    -- MCMC Step: 08480000 	Time(s): 2564112.009096
    -- MCMC Step: 08490000 	Time(s): 2568058.725708
    -- MCMC Step: 08500000 	Time(s): 2572020.168951
    -- MCMC Step: 08510000 	Time(s): 2575924.768440
    -- MCMC Step: 08520000 	Time(s): 2579833.189773
    -- MCMC Step: 08530000 	Time(s): 2583734.545075
    -- MCMC Step: 08540000 	Time(s): 2587549.019982
    -- MCMC Step: 08550000 	Time(s): 2591371.821251
    -- MCMC Step: 08560000 	Time(s): 2595233.358176
    -- MCMC Step: 08570000 	Time(s): 2599531.726227
    -- MCMC Step: 08580000 	Time(s): 2603635.083061
    -- MCMC Step: 08590000 	Time(s): 2607648.605668
    -- MCMC Step: 08600000 	Time(s): 2611681.970827
    -- MCMC Step: 08610000 	Time(s): 2615693.541007
    -- MCMC Step: 08620000 	Time(s): 2619659.088642
    -- MCMC Step: 08630000 	Time(s): 2623571.396260
    -- MCMC Step: 08640000 	Time(s): 2627643.876698
    -- MCMC Step: 08650000 	Time(s): 2631642.032754
    -- MCMC Step: 08660000 	Time(s): 2635630.800420
    -- MCMC Step: 08670000 	Time(s): 2639691.562073
    -- MCMC Step: 08680000 	Time(s): 2643655.439368
    -- MCMC Step: 08690000 	Time(s): 2647582.246985
    -- MCMC Step: 08700000 	Time(s): 2651241.923366
    -- MCMC Step: 08710000 	Time(s): 2654956.764035
    -- MCMC Step: 08720000 	Time(s): 2658299.491224
    -- MCMC Step: 08730000 	Time(s): 2661629.480705
    -- MCMC Step: 08740000 	Time(s): 2664980.715345
    -- MCMC Step: 08750000 	Time(s): 2667974.857615
    -- MCMC Step: 08760000 	Time(s): 2670957.395929
    -- MCMC Step: 08770000 	Time(s): 2673937.157217
    -- MCMC Step: 08780000 	Time(s): 2677113.954950
    -- MCMC Step: 08790000 	Time(s): 2681058.495552
    -- MCMC Step: 08800000 	Time(s): 2685031.230150
    -- MCMC Step: 08810000 	Time(s): 2689052.730741
    -- MCMC Step: 08820000 	Time(s): 2692856.368704
    -- MCMC Step: 08830000 	Time(s): 2696749.184800
    -- MCMC Step: 08840000 	Time(s): 2700625.791998
    -- MCMC Step: 08850000 	Time(s): 2704549.202965
    -- MCMC Step: 08860000 	Time(s): 2708443.113087
    -- MCMC Step: 08870000 	Time(s): 2712366.408185
    -- MCMC Step: 08880000 	Time(s): 2716335.559814
    -- MCMC Step: 08890000 	Time(s): 2720245.527517
    -- MCMC Step: 08900000 	Time(s): 2724323.591124
    -- MCMC Step: 08910000 	Time(s): 2728342.080000
    -- MCMC Step: 08920000 	Time(s): 2732308.235951
    -- MCMC Step: 08930000 	Time(s): 2736174.042489
    -- MCMC Step: 08940000 	Time(s): 2739921.697219
    -- MCMC Step: 08950000 	Time(s): 2743652.696310
    -- MCMC Step: 08960000 	Time(s): 2747276.072138
    -- MCMC Step: 08970000 	Time(s): 2750887.377712
    -- MCMC Step: 08980000 	Time(s): 2754459.797632
    -- MCMC Step: 08990000 	Time(s): 2758041.223515
    -- MCMC Step: 09000000 	Time(s): 2761609.975864
    -- MCMC Step: 09010000 	Time(s): 2765189.555639
    -- MCMC Step: 09020000 	Time(s): 2768748.834146
    -- MCMC Step: 09030000 	Time(s): 2772297.844218
    -- MCMC Step: 09040000 	Time(s): 2775846.114486
    -- MCMC Step: 09050000 	Time(s): 2779404.517799
    -- MCMC Step: 09060000 	Time(s): 2783003.992285
    -- MCMC Step: 09070000 	Time(s): 2786622.506207
    -- MCMC Step: 09080000 	Time(s): 2790228.307593
    -- MCMC Step: 09090000 	Time(s): 2793727.944748
    -- MCMC Step: 09100000 	Time(s): 2797245.281117
    -- MCMC Step: 09110000 	Time(s): 2800959.873685
    -- MCMC Step: 09120000 	Time(s): 2804822.470895
    -- MCMC Step: 09130000 	Time(s): 2808588.441172
    -- MCMC Step: 09140000 	Time(s): 2812336.375709
    -- MCMC Step: 09150000 	Time(s): 2816100.281966
    -- MCMC Step: 09160000 	Time(s): 2819798.623473
    -- MCMC Step: 09170000 	Time(s): 2823501.629948
    -- MCMC Step: 09180000 	Time(s): 2827063.425483
    -- MCMC Step: 09190000 	Time(s): 2830655.281654
    -- MCMC Step: 09200000 	Time(s): 2834278.618632
    -- MCMC Step: 09210000 	Time(s): 2837954.523863
    -- MCMC Step: 09220000 	Time(s): 2841694.835649
    -- MCMC Step: 09230000 	Time(s): 2845443.503734
    -- MCMC Step: 09240000 	Time(s): 2849217.156767
    -- MCMC Step: 09250000 	Time(s): 2853056.618978
    -- MCMC Step: 09260000 	Time(s): 2856901.077696
    -- MCMC Step: 09270000 	Time(s): 2860706.131286
    -- MCMC Step: 09280000 	Time(s): 2864491.638174
    -- MCMC Step: 09290000 	Time(s): 2868272.516301
    -- MCMC Step: 09300000 	Time(s): 2872016.774130
    -- MCMC Step: 09310000 	Time(s): 2875697.957150
    -- MCMC Step: 09320000 	Time(s): 2879459.692594
    -- MCMC Step: 09330000 	Time(s): 2883260.906488
    -- MCMC Step: 09340000 	Time(s): 2886986.611085
    -- MCMC Step: 09350000 	Time(s): 2890693.555174
    -- MCMC Step: 09360000 	Time(s): 2894417.145418
    -- MCMC Step: 09370000 	Time(s): 2898180.748348
    -- MCMC Step: 09380000 	Time(s): 2901962.288970
    -- MCMC Step: 09390000 	Time(s): 2905691.547791
    -- MCMC Step: 09400000 	Time(s): 2909431.542579
    -- MCMC Step: 09410000 	Time(s): 2913154.962004
    -- MCMC Step: 09420000 	Time(s): 2916881.390439
    -- MCMC Step: 09430000 	Time(s): 2920646.469158
    -- MCMC Step: 09440000 	Time(s): 2924428.950043
    -- MCMC Step: 09450000 	Time(s): 2928171.278072
    -- MCMC Step: 09460000 	Time(s): 2931912.645614
    -- MCMC Step: 09470000 	Time(s): 2935657.278237
    -- MCMC Step: 09480000 	Time(s): 2939386.907878
    -- MCMC Step: 09490000 	Time(s): 2943132.182060
    -- MCMC Step: 09500000 	Time(s): 2946831.247580
    -- MCMC Step: 09510000 	Time(s): 2950687.216748
    -- MCMC Step: 09520000 	Time(s): 2954423.029533
    -- MCMC Step: 09530000 	Time(s): 2958188.643173
    -- MCMC Step: 09540000 	Time(s): 2962016.391095
    -- MCMC Step: 09550000 	Time(s): 2965945.960075
    -- MCMC Step: 09560000 	Time(s): 2969706.299072
    -- MCMC Step: 09570000 	Time(s): 2973445.943428
    -- MCMC Step: 09580000 	Time(s): 2977162.492623
    -- MCMC Step: 09590000 	Time(s): 2980890.230782
    -- MCMC Step: 09600000 	Time(s): 2984497.296253
    -- MCMC Step: 09610000 	Time(s): 2987624.434175
    -- MCMC Step: 09620000 	Time(s): 2990748.852448
    -- MCMC Step: 09630000 	Time(s): 2993860.699038
    -- MCMC Step: 09640000 	Time(s): 2996988.900329
    -- MCMC Step: 09650000 	Time(s): 3000092.693668
    -- MCMC Step: 09660000 	Time(s): 3003218.426431
    -- MCMC Step: 09670000 	Time(s): 3006350.337430
    -- MCMC Step: 09680000 	Time(s): 3009509.372535
    -- MCMC Step: 09690000 	Time(s): 3012665.045668
    -- MCMC Step: 09700000 	Time(s): 3015871.431643
    -- MCMC Step: 09710000 	Time(s): 3019033.597026
    -- MCMC Step: 09720000 	Time(s): 3022207.984182
    -- MCMC Step: 09730000 	Time(s): 3025364.176978
    -- MCMC Step: 09740000 	Time(s): 3028490.879540
    -- MCMC Step: 09750000 	Time(s): 3031611.039128
    -- MCMC Step: 09760000 	Time(s): 3034776.790568
    -- MCMC Step: 09770000 	Time(s): 3037798.705691
    -- MCMC Step: 09780000 	Time(s): 3040635.086803
    -- MCMC Step: 09790000 	Time(s): 3043516.057126
    -- MCMC Step: 09800000 	Time(s): 3046338.369848
    -- MCMC Step: 09810000 	Time(s): 3049262.403627
    -- MCMC Step: 09820000 	Time(s): 3052124.154168
    -- MCMC Step: 09830000 	Time(s): 3055091.876619
    -- MCMC Step: 09840000 	Time(s): 3058007.320130
    -- MCMC Step: 09850000 	Time(s): 3060982.819479
    -- MCMC Step: 09860000 	Time(s): 3063894.408886
    -- MCMC Step: 09870000 	Time(s): 3066771.128391
    -- MCMC Step: 09880000 	Time(s): 3069671.515588
    -- MCMC Step: 09890000 	Time(s): 3072576.608619
    -- MCMC Step: 09900000 	Time(s): 3075518.036370
    -- MCMC Step: 09910000 	Time(s): 3078399.443847
    -- MCMC Step: 09920000 	Time(s): 3081234.527997
    -- MCMC Step: 09930000 	Time(s): 3083949.502979
    -- MCMC Step: 09940000 	Time(s): 3086667.572935
    -- MCMC Step: 09950000 	Time(s): 3089413.135615
    -- MCMC Step: 09960000 	Time(s): 3092139.215219
    -- MCMC Step: 09970000 	Time(s): 3094906.622063
    -- MCMC Step: 09980000 	Time(s): 3097753.198144
    -- MCMC Step: 09990000 	Time(s): 3100595.104303
    -- MCMC Step: 10000000 	Time(s): 3103459.480478
  Saving final MCMC simulation data ...
****************************************
Done successfully!
Cumulative number of energy calculations: 10000002
Elapsed time: 3103463.8661243916 seconds
Finished on: 2023-10-24 21:05:18.209614
