Executed on: 2023-09-28 08:56:33.443213
PFP client version: 1.11.0
Model version: v3.0.0
Calculation mode: CRYSTAL_PLUS_D3
Method type: PFVM
****************************************
Examining NCM622 ...
  Importing initial (known) stable/unstable structures ...
    Supercell size: 5 × 4 × 1
    Number of atoms (perfect): 240
    Cell parameters (a, b, c): 2.873440, 2.877225, 14.130600
    Structural parameter range (min, max): 0.000000, 1.000000
    Number of discrete structural parameters: 120
    Structural parameter spacing: 0.008403
  Importing energies and 1-D DOS from previous WL simlation ...
    Energy range (min, max): -1075.388829, -1064.828767
    Number of energy states: 60
    Energy spacing (eV): 0.178984
  Performing multicanonical Monte Carlo (MCMC) sampling ...
    Number of NNP-neighbors: 11400
    Maximum number of Monte Carlo steps: 10000000
    Trial move style: swap
    -- MCMC Step: 00000000 	Time(s): 0.799530
    -- MCMC Step: 00010000 	Time(s): 4279.054343
    -- MCMC Step: 00020000 	Time(s): 8571.973077
    -- MCMC Step: 00030000 	Time(s): 12792.616034
    -- MCMC Step: 00040000 	Time(s): 17071.105452
    -- MCMC Step: 00050000 	Time(s): 21311.384927
    -- MCMC Step: 00060000 	Time(s): 25534.534579
    -- MCMC Step: 00070000 	Time(s): 29737.059754
    -- MCMC Step: 00080000 	Time(s): 33998.502437
    -- MCMC Step: 00090000 	Time(s): 38226.546168
    -- MCMC Step: 00100000 	Time(s): 42473.754270
    -- MCMC Step: 00110000 	Time(s): 46776.794008
    -- MCMC Step: 00120000 	Time(s): 51041.562382
    -- MCMC Step: 00130000 	Time(s): 55409.072620
    -- MCMC Step: 00140000 	Time(s): 59740.107319
    -- MCMC Step: 00150000 	Time(s): 63807.763674
    -- MCMC Step: 00160000 	Time(s): 67918.600899
    -- MCMC Step: 00170000 	Time(s): 72003.204330
    -- MCMC Step: 00180000 	Time(s): 76218.126065
    -- MCMC Step: 00190000 	Time(s): 80342.962750
    -- MCMC Step: 00200000 	Time(s): 84645.127762
    -- MCMC Step: 00210000 	Time(s): 88920.267501
    -- MCMC Step: 00220000 	Time(s): 93153.124508
    -- MCMC Step: 00230000 	Time(s): 97387.943518
    -- MCMC Step: 00240000 	Time(s): 101559.474723
    -- MCMC Step: 00250000 	Time(s): 105753.485177
    -- MCMC Step: 00260000 	Time(s): 109929.864278
    -- MCMC Step: 00270000 	Time(s): 114088.324224
    -- MCMC Step: 00280000 	Time(s): 118267.167503
    -- MCMC Step: 00290000 	Time(s): 122436.151869
    -- MCMC Step: 00300000 	Time(s): 126592.747566
    -- MCMC Step: 00310000 	Time(s): 130770.758526
    -- MCMC Step: 00320000 	Time(s): 134981.146902
    -- MCMC Step: 00330000 	Time(s): 138966.858537
    -- MCMC Step: 00340000 	Time(s): 142853.906173
    -- MCMC Step: 00350000 	Time(s): 146586.760205
    CAUTION: New unstable configuration found! E -1064.823235
    CAUTION: New unstable configuration found! E -1064.817031
    -- MCMC Step: 00360000 	Time(s): 150254.441925
    -- MCMC Step: 00370000 	Time(s): 153849.029258
    -- MCMC Step: 00380000 	Time(s): 157420.046651
    -- MCMC Step: 00390000 	Time(s): 160984.754193
    -- MCMC Step: 00400000 	Time(s): 164547.506816
    -- MCMC Step: 00410000 	Time(s): 168136.958476
    -- MCMC Step: 00420000 	Time(s): 171753.529564
    -- MCMC Step: 00430000 	Time(s): 175361.350669
    -- MCMC Step: 00440000 	Time(s): 179010.936066
    -- MCMC Step: 00450000 	Time(s): 182659.606924
    -- MCMC Step: 00460000 	Time(s): 186284.670981
    -- MCMC Step: 00470000 	Time(s): 189982.601785
    -- MCMC Step: 00480000 	Time(s): 193626.042486
    -- MCMC Step: 00490000 	Time(s): 197392.596996
    -- MCMC Step: 00500000 	Time(s): 201148.506605
    -- MCMC Step: 00510000 	Time(s): 204948.353165
    -- MCMC Step: 00520000 	Time(s): 208669.428306
    -- MCMC Step: 00530000 	Time(s): 212201.802188
    -- MCMC Step: 00540000 	Time(s): 214511.426609
    -- MCMC Step: 00550000 	Time(s): 217945.413888
    -- MCMC Step: 00560000 	Time(s): 221441.503628
    -- MCMC Step: 00570000 	Time(s): 225022.165627
    -- MCMC Step: 00580000 	Time(s): 228601.561973
    -- MCMC Step: 00590000 	Time(s): 232261.612486
    -- MCMC Step: 00600000 	Time(s): 236033.016116
    -- MCMC Step: 00610000 	Time(s): 239880.998954
    -- MCMC Step: 00620000 	Time(s): 243727.241909
    -- MCMC Step: 00630000 	Time(s): 247610.746201
    -- MCMC Step: 00640000 	Time(s): 251469.465874
    -- MCMC Step: 00650000 	Time(s): 255347.372282
    -- MCMC Step: 00660000 	Time(s): 259175.439197
    -- MCMC Step: 00670000 	Time(s): 263015.880410
    -- MCMC Step: 00680000 	Time(s): 266884.437573
    -- MCMC Step: 00690000 	Time(s): 270727.815499
    -- MCMC Step: 00700000 	Time(s): 274577.173695
    -- MCMC Step: 00710000 	Time(s): 278352.418129
    -- MCMC Step: 00720000 	Time(s): 282130.026732
    -- MCMC Step: 00730000 	Time(s): 286026.659657
    -- MCMC Step: 00740000 	Time(s): 289947.468339
    -- MCMC Step: 00750000 	Time(s): 293842.409672
    -- MCMC Step: 00760000 	Time(s): 297762.568461
    -- MCMC Step: 00770000 	Time(s): 301575.693888
    -- MCMC Step: 00780000 	Time(s): 305367.698498
    -- MCMC Step: 00790000 	Time(s): 309234.230430
    -- MCMC Step: 00800000 	Time(s): 313060.509726
    -- MCMC Step: 00810000 	Time(s): 316947.391490
    -- MCMC Step: 00820000 	Time(s): 320903.079795
    -- MCMC Step: 00830000 	Time(s): 324874.499480
    -- MCMC Step: 00840000 	Time(s): 328766.864894
    -- MCMC Step: 00850000 	Time(s): 332738.391939
    -- MCMC Step: 00860000 	Time(s): 336673.497927
    -- MCMC Step: 00870000 	Time(s): 340572.484317
    -- MCMC Step: 00880000 	Time(s): 344692.918944
    -- MCMC Step: 00890000 	Time(s): 349241.845845
    -- MCMC Step: 00900000 	Time(s): 353823.237236
    -- MCMC Step: 00910000 	Time(s): 358324.769354
    -- MCMC Step: 00920000 	Time(s): 362720.986289
    -- MCMC Step: 00930000 	Time(s): 367140.809323
    -- MCMC Step: 00940000 	Time(s): 371490.368350
    -- MCMC Step: 00950000 	Time(s): 375756.326886
    -- MCMC Step: 00960000 	Time(s): 380096.727054
    -- MCMC Step: 00970000 	Time(s): 384533.075573
    -- MCMC Step: 00980000 	Time(s): 389078.584623
    -- MCMC Step: 00990000 	Time(s): 393558.236455
    -- MCMC Step: 01000000 	Time(s): 397985.664889
    -- MCMC Step: 01010000 	Time(s): 402148.099536
    -- MCMC Step: 01020000 	Time(s): 406367.132383
    -- MCMC Step: 01030000 	Time(s): 410140.401820
    -- MCMC Step: 01040000 	Time(s): 414076.776652
    -- MCMC Step: 01050000 	Time(s): 418179.051007
    -- MCMC Step: 01060000 	Time(s): 421864.743097
    -- MCMC Step: 01070000 	Time(s): 425682.595670
    -- MCMC Step: 01080000 	Time(s): 429899.693455
    -- MCMC Step: 01090000 	Time(s): 433968.791705
    -- MCMC Step: 01100000 	Time(s): 438094.108798
    -- MCMC Step: 01110000 	Time(s): 442487.390223
    -- MCMC Step: 01120000 	Time(s): 446798.189222
    -- MCMC Step: 01130000 	Time(s): 451091.628143
    -- MCMC Step: 01140000 	Time(s): 455397.209159
    -- MCMC Step: 01150000 	Time(s): 459640.955447
    -- MCMC Step: 01160000 	Time(s): 463654.849002
    -- MCMC Step: 01170000 	Time(s): 467626.065552
    -- MCMC Step: 01180000 	Time(s): 471500.286978
    -- MCMC Step: 01190000 	Time(s): 475356.611462
    -- MCMC Step: 01200000 	Time(s): 478957.173036
    -- MCMC Step: 01210000 	Time(s): 482633.128173
    -- MCMC Step: 01220000 	Time(s): 486430.096421
    -- MCMC Step: 01230000 	Time(s): 490410.407409
    -- MCMC Step: 01240000 	Time(s): 494179.576268
    -- MCMC Step: 01250000 	Time(s): 498259.938773
    -- MCMC Step: 01260000 	Time(s): 502339.617370
    -- MCMC Step: 01270000 	Time(s): 506265.669412
    -- MCMC Step: 01280000 	Time(s): 510151.337707
    -- MCMC Step: 01290000 	Time(s): 514098.423545
    -- MCMC Step: 01300000 	Time(s): 518091.152237
    -- MCMC Step: 01310000 	Time(s): 521865.831161
    -- MCMC Step: 01320000 	Time(s): 526058.683200
    -- MCMC Step: 01330000 	Time(s): 530443.053799
    -- MCMC Step: 01340000 	Time(s): 534827.478608
    -- MCMC Step: 01350000 	Time(s): 539066.100071
    -- MCMC Step: 01360000 	Time(s): 543173.948273
    -- MCMC Step: 01370000 	Time(s): 547251.415437
    -- MCMC Step: 01380000 	Time(s): 551140.883590
    -- MCMC Step: 01390000 	Time(s): 554844.165908
    -- MCMC Step: 01400000 	Time(s): 558454.098299
    -- MCMC Step: 01410000 	Time(s): 562080.891404
    -- MCMC Step: 01420000 	Time(s): 565755.072603
    -- MCMC Step: 01430000 	Time(s): 569281.467591
    -- MCMC Step: 01440000 	Time(s): 572939.514765
    -- MCMC Step: 01450000 	Time(s): 576411.581326
    -- MCMC Step: 01460000 	Time(s): 579603.279763
    -- MCMC Step: 01470000 	Time(s): 582959.517405
    -- MCMC Step: 01480000 	Time(s): 586302.225219
    -- MCMC Step: 01490000 	Time(s): 589605.421305
    -- MCMC Step: 01500000 	Time(s): 593075.635913
    -- MCMC Step: 01510000 	Time(s): 596755.032557
    -- MCMC Step: 01520000 	Time(s): 600352.375897
    -- MCMC Step: 01530000 	Time(s): 603979.371605
    -- MCMC Step: 01540000 	Time(s): 607675.908953
    -- MCMC Step: 01550000 	Time(s): 611312.827222
    -- MCMC Step: 01560000 	Time(s): 614925.648691
    -- MCMC Step: 01570000 	Time(s): 618437.560954
    -- MCMC Step: 01580000 	Time(s): 621881.255170
    -- MCMC Step: 01590000 	Time(s): 625274.476170
    -- MCMC Step: 01600000 	Time(s): 628733.891744
    -- MCMC Step: 01610000 	Time(s): 632183.871837
    -- MCMC Step: 01620000 	Time(s): 635659.703742
    -- MCMC Step: 01630000 	Time(s): 639142.451216
    -- MCMC Step: 01640000 	Time(s): 642629.466938
    -- MCMC Step: 01650000 	Time(s): 646102.302596
    -- MCMC Step: 01660000 	Time(s): 649579.120602
    -- MCMC Step: 01670000 	Time(s): 653033.869388
    -- MCMC Step: 01680000 	Time(s): 656514.054792
    -- MCMC Step: 01690000 	Time(s): 660102.826411
    -- MCMC Step: 01700000 	Time(s): 663823.437970
    -- MCMC Step: 01710000 	Time(s): 666884.408459
    -- MCMC Step: 01720000 	Time(s): 669822.210083
    -- MCMC Step: 01730000 	Time(s): 673034.050805
    -- MCMC Step: 01740000 	Time(s): 676197.346258
    -- MCMC Step: 01750000 	Time(s): 679228.248582
    -- MCMC Step: 01760000 	Time(s): 682226.355227
    -- MCMC Step: 01770000 	Time(s): 685380.359094
    -- MCMC Step: 01780000 	Time(s): 688451.052624
    -- MCMC Step: 01790000 	Time(s): 691526.720868
    -- MCMC Step: 01800000 	Time(s): 694546.375910
    -- MCMC Step: 01810000 	Time(s): 697960.894506
    -- MCMC Step: 01820000 	Time(s): 701425.356906
    -- MCMC Step: 01830000 	Time(s): 704883.781837
    -- MCMC Step: 01840000 	Time(s): 708392.448562
    -- MCMC Step: 01850000 	Time(s): 711890.568238
    -- MCMC Step: 01860000 	Time(s): 715339.123313
    -- MCMC Step: 01870000 	Time(s): 718777.011828
    -- MCMC Step: 01880000 	Time(s): 722242.221985
    -- MCMC Step: 01890000 	Time(s): 725757.710716
    -- MCMC Step: 01900000 	Time(s): 729239.225867
    -- MCMC Step: 01910000 	Time(s): 732716.609278
    -- MCMC Step: 01920000 	Time(s): 736219.155533
    -- MCMC Step: 01930000 	Time(s): 739708.720928
    -- MCMC Step: 01940000 	Time(s): 743190.570531
    -- MCMC Step: 01950000 	Time(s): 746669.685247
    -- MCMC Step: 01960000 	Time(s): 750128.864762
    -- MCMC Step: 01970000 	Time(s): 753585.911164
    -- MCMC Step: 01980000 	Time(s): 757055.006590
    -- MCMC Step: 01990000 	Time(s): 760536.973572
    -- MCMC Step: 02000000 	Time(s): 763992.147054
    -- MCMC Step: 02010000 	Time(s): 767455.517108
    -- MCMC Step: 02020000 	Time(s): 770924.498846
    -- MCMC Step: 02030000 	Time(s): 774439.228293
    -- MCMC Step: 02040000 	Time(s): 777959.698987
    -- MCMC Step: 02050000 	Time(s): 781441.261198
    -- MCMC Step: 02060000 	Time(s): 784897.691396
    -- MCMC Step: 02070000 	Time(s): 788323.393930
    -- MCMC Step: 02080000 	Time(s): 791763.568220
    -- MCMC Step: 02090000 	Time(s): 795207.076138
    -- MCMC Step: 02100000 	Time(s): 798641.690738
    -- MCMC Step: 02110000 	Time(s): 802103.699273
    -- MCMC Step: 02120000 	Time(s): 805540.616084
    -- MCMC Step: 02130000 	Time(s): 809020.830273
    -- MCMC Step: 02140000 	Time(s): 812549.669738
    -- MCMC Step: 02150000 	Time(s): 816029.044498
    -- MCMC Step: 02160000 	Time(s): 819246.083279
    -- MCMC Step: 02170000 	Time(s): 822478.581943
    -- MCMC Step: 02180000 	Time(s): 825709.227151
    -- MCMC Step: 02190000 	Time(s): 828922.187969
    -- MCMC Step: 02200000 	Time(s): 832145.993126
    -- MCMC Step: 02210000 	Time(s): 835357.886319
    -- MCMC Step: 02220000 	Time(s): 838453.992977
    -- MCMC Step: 02230000 	Time(s): 841565.507394
    -- MCMC Step: 02240000 	Time(s): 844665.264104
    -- MCMC Step: 02250000 	Time(s): 847753.635262
    -- MCMC Step: 02260000 	Time(s): 850976.955944
    -- MCMC Step: 02270000 	Time(s): 854183.603739
    -- MCMC Step: 02280000 	Time(s): 857398.553203
    -- MCMC Step: 02290000 	Time(s): 860611.186305
    -- MCMC Step: 02300000 	Time(s): 863813.443451
    -- MCMC Step: 02310000 	Time(s): 866999.027151
    -- MCMC Step: 02320000 	Time(s): 870175.864458
    -- MCMC Step: 02330000 	Time(s): 873355.623151
    -- MCMC Step: 02340000 	Time(s): 876541.998216
    -- MCMC Step: 02350000 	Time(s): 879741.295092
    -- MCMC Step: 02360000 	Time(s): 882830.334684
    -- MCMC Step: 02370000 	Time(s): 885788.417197
    -- MCMC Step: 02380000 	Time(s): 888667.537226
    -- MCMC Step: 02390000 	Time(s): 891545.730722
    -- MCMC Step: 02400000 	Time(s): 894407.518769
    -- MCMC Step: 02410000 	Time(s): 897249.279510
    -- MCMC Step: 02420000 	Time(s): 900026.017763
    -- MCMC Step: 02430000 	Time(s): 902792.934238
    -- MCMC Step: 02440000 	Time(s): 905574.152650
    -- MCMC Step: 02450000 	Time(s): 908263.072871
    -- MCMC Step: 02460000 	Time(s): 910950.024094
    -- MCMC Step: 02470000 	Time(s): 913802.050336
    -- MCMC Step: 02480000 	Time(s): 916758.829848
    -- MCMC Step: 02490000 	Time(s): 919660.444872
    -- MCMC Step: 02500000 	Time(s): 922542.567447
    -- MCMC Step: 02510000 	Time(s): 925387.161337
    -- MCMC Step: 02520000 	Time(s): 928262.715507
    -- MCMC Step: 02530000 	Time(s): 931151.616915
    -- MCMC Step: 02540000 	Time(s): 934046.223564
    -- MCMC Step: 02550000 	Time(s): 936904.332487
    -- MCMC Step: 02560000 	Time(s): 939744.258581
    -- MCMC Step: 02570000 	Time(s): 942559.339814
    -- MCMC Step: 02580000 	Time(s): 945347.555646
    -- MCMC Step: 02590000 	Time(s): 948145.980916
    -- MCMC Step: 02600000 	Time(s): 950911.574071
    -- MCMC Step: 02610000 	Time(s): 953683.435369
    -- MCMC Step: 02620000 	Time(s): 956475.036355
    -- MCMC Step: 02630000 	Time(s): 959280.908091
    -- MCMC Step: 02640000 	Time(s): 962059.453912
    -- MCMC Step: 02650000 	Time(s): 964814.029843
    -- MCMC Step: 02660000 	Time(s): 967572.938012
    -- MCMC Step: 02670000 	Time(s): 970220.134006
    -- MCMC Step: 02680000 	Time(s): 972762.399810
    -- MCMC Step: 02690000 	Time(s): 975201.541830
    -- MCMC Step: 02700000 	Time(s): 977524.314058
    -- MCMC Step: 02710000 	Time(s): 979848.229916
    -- MCMC Step: 02720000 	Time(s): 982193.659677
    -- MCMC Step: 02730000 	Time(s): 984535.915314
    -- MCMC Step: 02740000 	Time(s): 986876.464817
    -- MCMC Step: 02750000 	Time(s): 989214.433586
    -- MCMC Step: 02760000 	Time(s): 991537.558547
    -- MCMC Step: 02770000 	Time(s): 993864.286370
    -- MCMC Step: 02780000 	Time(s): 996282.103678
    -- MCMC Step: 02790000 	Time(s): 998809.924174
    -- MCMC Step: 02800000 	Time(s): 1001236.944037
    -- MCMC Step: 02810000 	Time(s): 1003510.160895
    -- MCMC Step: 02820000 	Time(s): 1005775.066310
    -- MCMC Step: 02830000 	Time(s): 1008094.238287
    -- MCMC Step: 02840000 	Time(s): 1010583.150328
    -- MCMC Step: 02850000 	Time(s): 1013249.662493
    -- MCMC Step: 02860000 	Time(s): 1015964.575451
    -- MCMC Step: 02870000 	Time(s): 1018778.023088
    -- MCMC Step: 02880000 	Time(s): 1021749.163591
    -- MCMC Step: 02890000 	Time(s): 1024781.166751
    -- MCMC Step: 02900000 	Time(s): 1027877.650964
    -- MCMC Step: 02910000 	Time(s): 1031014.512220
    -- MCMC Step: 02920000 	Time(s): 1034081.188733
    -- MCMC Step: 02930000 	Time(s): 1037088.785354
    -- MCMC Step: 02940000 	Time(s): 1040216.041501
    -- MCMC Step: 02950000 	Time(s): 1043128.495409
    -- MCMC Step: 02960000 	Time(s): 1046057.224709
    -- MCMC Step: 02970000 	Time(s): 1048939.458554
    -- MCMC Step: 02980000 	Time(s): 1051921.802480
    -- MCMC Step: 02990000 	Time(s): 1054951.926616
    -- MCMC Step: 03000000 	Time(s): 1058007.845677
    -- MCMC Step: 03010000 	Time(s): 1061092.403974
    -- MCMC Step: 03020000 	Time(s): 1064161.877509
    -- MCMC Step: 03030000 	Time(s): 1067226.118959
    -- MCMC Step: 03040000 	Time(s): 1070280.355352
    -- MCMC Step: 03050000 	Time(s): 1073331.126391
    -- MCMC Step: 03060000 	Time(s): 1076386.960004
    -- MCMC Step: 03070000 	Time(s): 1079385.138092
    -- MCMC Step: 03080000 	Time(s): 1082414.601969
    -- MCMC Step: 03090000 	Time(s): 1085471.166476
    -- MCMC Step: 03100000 	Time(s): 1088536.555456
    -- MCMC Step: 03110000 	Time(s): 1091634.509175
    -- MCMC Step: 03120000 	Time(s): 1094659.633808
    -- MCMC Step: 03130000 	Time(s): 1097564.123929
    -- MCMC Step: 03140000 	Time(s): 1100390.683480
    -- MCMC Step: 03150000 	Time(s): 1103254.762245
    -- MCMC Step: 03160000 	Time(s): 1106297.351664
    -- MCMC Step: 03170000 	Time(s): 1109604.870872
    -- MCMC Step: 03180000 	Time(s): 1113220.194105
    -- MCMC Step: 03190000 	Time(s): 1116828.994203
    -- MCMC Step: 03200000 	Time(s): 1120588.983082
    -- MCMC Step: 03210000 	Time(s): 1124336.185943
    -- MCMC Step: 03220000 	Time(s): 1128061.704310
    -- MCMC Step: 03230000 	Time(s): 1131724.926002
    -- MCMC Step: 03240000 	Time(s): 1135336.999723
    -- MCMC Step: 03250000 	Time(s): 1138808.019860
    -- MCMC Step: 03260000 	Time(s): 1142278.099647
    -- MCMC Step: 03270000 	Time(s): 1145933.368574
    -- MCMC Step: 03280000 	Time(s): 1149576.622708
    -- MCMC Step: 03290000 	Time(s): 1153206.592376
    -- MCMC Step: 03300000 	Time(s): 1156857.834809
    -- MCMC Step: 03310000 	Time(s): 1160342.386632
    -- MCMC Step: 03320000 	Time(s): 1163749.708872
    -- MCMC Step: 03330000 	Time(s): 1167165.848164
    -- MCMC Step: 03340000 	Time(s): 1170603.109144
    -- MCMC Step: 03350000 	Time(s): 1173858.544826
    -- MCMC Step: 03360000 	Time(s): 1177110.716106
    -- MCMC Step: 03370000 	Time(s): 1180343.711896
    -- MCMC Step: 03380000 	Time(s): 1183704.695358
    -- MCMC Step: 03390000 	Time(s): 1187042.013869
    -- MCMC Step: 03400000 	Time(s): 1190407.885507
    -- MCMC Step: 03410000 	Time(s): 1193869.658196
    -- MCMC Step: 03420000 	Time(s): 1197271.641348
    -- MCMC Step: 03430000 	Time(s): 1200654.104865
    -- MCMC Step: 03440000 	Time(s): 1203937.004486
    -- MCMC Step: 03450000 	Time(s): 1207536.484481
    -- MCMC Step: 03460000 	Time(s): 1211224.457376
    -- MCMC Step: 03470000 	Time(s): 1214893.042483
    -- MCMC Step: 03480000 	Time(s): 1218588.675838
    -- MCMC Step: 03490000 	Time(s): 1222202.036571
    -- MCMC Step: 03500000 	Time(s): 1225800.447435
    -- MCMC Step: 03510000 	Time(s): 1229360.368124
    -- MCMC Step: 03520000 	Time(s): 1232805.445621
    -- MCMC Step: 03530000 	Time(s): 1236088.372430
    -- MCMC Step: 03540000 	Time(s): 1239271.197373
    -- MCMC Step: 03550000 	Time(s): 1242390.544152
    -- MCMC Step: 03560000 	Time(s): 1245518.881292
    -- MCMC Step: 03570000 	Time(s): 1248632.760442
    -- MCMC Step: 03580000 	Time(s): 1251673.241819
    -- MCMC Step: 03590000 	Time(s): 1254683.919580
    -- MCMC Step: 03600000 	Time(s): 1257687.111556
    -- MCMC Step: 03610000 	Time(s): 1260721.285257
    -- MCMC Step: 03620000 	Time(s): 1263823.317311
    -- MCMC Step: 03630000 	Time(s): 1266762.554325
    -- MCMC Step: 03640000 	Time(s): 1270193.151460
    -- MCMC Step: 03650000 	Time(s): 1274280.773139
    -- MCMC Step: 03660000 	Time(s): 1278516.617586
    -- MCMC Step: 03670000 	Time(s): 1282783.676924
    -- MCMC Step: 03680000 	Time(s): 1287082.399186
    -- MCMC Step: 03690000 	Time(s): 1291211.622244
    -- MCMC Step: 03700000 	Time(s): 1295252.671429
    -- MCMC Step: 03710000 	Time(s): 1299215.545904
    -- MCMC Step: 03720000 	Time(s): 1303127.159766
    -- MCMC Step: 03730000 	Time(s): 1307295.610215
    -- MCMC Step: 03740000 	Time(s): 1311455.281758
    -- MCMC Step: 03750000 	Time(s): 1315638.575003
    -- MCMC Step: 03760000 	Time(s): 1319783.560963
    -- MCMC Step: 03770000 	Time(s): 1323978.415511
    -- MCMC Step: 03780000 	Time(s): 1328168.046703
    -- MCMC Step: 03790000 	Time(s): 1332083.820616
    -- MCMC Step: 03800000 	Time(s): 1335901.865530
    -- MCMC Step: 03810000 	Time(s): 1339612.916959
    -- MCMC Step: 03820000 	Time(s): 1343385.073112
    -- MCMC Step: 03830000 	Time(s): 1347020.317007
    -- MCMC Step: 03840000 	Time(s): 1350663.667957
    -- MCMC Step: 03850000 	Time(s): 1354481.788608
    -- MCMC Step: 03860000 	Time(s): 1358269.701843
    -- MCMC Step: 03870000 	Time(s): 1362091.153876
    -- MCMC Step: 03880000 	Time(s): 1365882.174906
    -- MCMC Step: 03890000 	Time(s): 1369699.302998
    -- MCMC Step: 03900000 	Time(s): 1373562.896850
    -- MCMC Step: 03910000 	Time(s): 1377421.907234
    -- MCMC Step: 03920000 	Time(s): 1381246.545300
    -- MCMC Step: 03930000 	Time(s): 1385105.674899
    -- MCMC Step: 03940000 	Time(s): 1388964.909489
    -- MCMC Step: 03950000 	Time(s): 1392829.252378
    -- MCMC Step: 03960000 	Time(s): 1396628.844073
    -- MCMC Step: 03970000 	Time(s): 1400404.993465
    -- MCMC Step: 03980000 	Time(s): 1404191.467739
    -- MCMC Step: 03990000 	Time(s): 1407984.048862
    -- MCMC Step: 04000000 	Time(s): 1411752.211873
    -- MCMC Step: 04010000 	Time(s): 1415323.114683
    -- MCMC Step: 04020000 	Time(s): 1418930.549545
    -- MCMC Step: 04030000 	Time(s): 1422480.724349
    -- MCMC Step: 04040000 	Time(s): 1425997.792226
    -- MCMC Step: 04050000 	Time(s): 1429554.092019
    -- MCMC Step: 04060000 	Time(s): 1433109.835670
    -- MCMC Step: 04070000 	Time(s): 1436681.049875
    -- MCMC Step: 04080000 	Time(s): 1440279.118841
    -- MCMC Step: 04090000 	Time(s): 1443823.603580
    -- MCMC Step: 04100000 	Time(s): 1447403.415260
    -- MCMC Step: 04110000 	Time(s): 1450887.759601
    -- MCMC Step: 04120000 	Time(s): 1454457.437371
    -- MCMC Step: 04130000 	Time(s): 1458032.777622
    -- MCMC Step: 04140000 	Time(s): 1461611.700294
    -- MCMC Step: 04150000 	Time(s): 1465209.670496
    -- MCMC Step: 04160000 	Time(s): 1468727.316007
    -- MCMC Step: 04170000 	Time(s): 1472213.052076
    -- MCMC Step: 04180000 	Time(s): 1475648.042112
    -- MCMC Step: 04190000 	Time(s): 1479138.396449
    -- MCMC Step: 04200000 	Time(s): 1482637.412706
    -- MCMC Step: 04210000 	Time(s): 1486083.514396
    -- MCMC Step: 04220000 	Time(s): 1489491.040314
    -- MCMC Step: 04230000 	Time(s): 1492817.192350
    -- MCMC Step: 04240000 	Time(s): 1496087.697947
    -- MCMC Step: 04250000 	Time(s): 1499394.018899
    -- MCMC Step: 04260000 	Time(s): 1502591.106793
    -- MCMC Step: 04270000 	Time(s): 1505657.271814
    -- MCMC Step: 04280000 	Time(s): 1508700.696202
    -- MCMC Step: 04290000 	Time(s): 1511495.925108
    -- MCMC Step: 04300000 	Time(s): 1514546.239652
    -- MCMC Step: 04310000 	Time(s): 1517581.941512
    -- MCMC Step: 04320000 	Time(s): 1520568.249464
    -- MCMC Step: 04330000 	Time(s): 1523382.728749
    -- MCMC Step: 04340000 	Time(s): 1526224.541908
    -- MCMC Step: 04350000 	Time(s): 1528693.938367
    -- MCMC Step: 04360000 	Time(s): 1531588.398281
    -- MCMC Step: 04370000 	Time(s): 1534608.250872
    -- MCMC Step: 04380000 	Time(s): 1537582.133363
    -- MCMC Step: 04390000 	Time(s): 1540482.389774
    -- MCMC Step: 04400000 	Time(s): 1543420.395339
    -- MCMC Step: 04410000 	Time(s): 1546397.473317
    -- MCMC Step: 04420000 	Time(s): 1549522.953574
    -- MCMC Step: 04430000 	Time(s): 1552975.856837
    -- MCMC Step: 04440000 	Time(s): 1556517.848158
    -- MCMC Step: 04450000 	Time(s): 1560092.910188
    -- MCMC Step: 04460000 	Time(s): 1563695.536267
    -- MCMC Step: 04470000 	Time(s): 1567306.784804
    -- MCMC Step: 04480000 	Time(s): 1570883.493871
    -- MCMC Step: 04490000 	Time(s): 1574456.170899
    -- MCMC Step: 04500000 	Time(s): 1578085.988476
    -- MCMC Step: 04510000 	Time(s): 1581715.617845
    -- MCMC Step: 04520000 	Time(s): 1585315.641262
    -- MCMC Step: 04530000 	Time(s): 1588956.691375
    -- MCMC Step: 04540000 	Time(s): 1592481.980489
    -- MCMC Step: 04550000 	Time(s): 1595493.171952
    -- MCMC Step: 04560000 	Time(s): 1598372.957282
    -- MCMC Step: 04570000 	Time(s): 1601233.924836
    -- MCMC Step: 04580000 	Time(s): 1604137.516292
    -- MCMC Step: 04590000 	Time(s): 1607223.286145
    -- MCMC Step: 04600000 	Time(s): 1610863.009008
    -- MCMC Step: 04610000 	Time(s): 1614592.279022
    -- MCMC Step: 04620000 	Time(s): 1618209.403650
    -- MCMC Step: 04630000 	Time(s): 1621992.478879
    -- MCMC Step: 04640000 	Time(s): 1625777.154689
    -- MCMC Step: 04650000 	Time(s): 1629665.965785
    -- MCMC Step: 04660000 	Time(s): 1633690.272135
    -- MCMC Step: 04670000 	Time(s): 1637691.052372
    -- MCMC Step: 04680000 	Time(s): 1641558.095087
    -- MCMC Step: 04690000 	Time(s): 1645448.870749
    -- MCMC Step: 04700000 	Time(s): 1649389.432164
    -- MCMC Step: 04710000 	Time(s): 1653394.732580
    -- MCMC Step: 04720000 	Time(s): 1657654.492078
    -- MCMC Step: 04730000 	Time(s): 1661818.960785
    -- MCMC Step: 04740000 	Time(s): 1665812.042590
    -- MCMC Step: 04750000 	Time(s): 1669667.770150
    -- MCMC Step: 04760000 	Time(s): 1673535.226898
    -- MCMC Step: 04770000 	Time(s): 1677410.260562
    -- MCMC Step: 04780000 	Time(s): 1681069.716838
    -- MCMC Step: 04790000 	Time(s): 1684714.621508
    -- MCMC Step: 04800000 	Time(s): 1688350.929685
    -- MCMC Step: 04810000 	Time(s): 1691980.426509
    -- MCMC Step: 04820000 	Time(s): 1695723.304252
    -- MCMC Step: 04830000 	Time(s): 1699463.616538
    -- MCMC Step: 04840000 	Time(s): 1702979.217907
    -- MCMC Step: 04850000 	Time(s): 1706781.364586
    -- MCMC Step: 04860000 	Time(s): 1710635.023843
    -- MCMC Step: 04870000 	Time(s): 1714617.445157
    -- MCMC Step: 04880000 	Time(s): 1718720.047446
    -- MCMC Step: 04890000 	Time(s): 1722757.180395
    -- MCMC Step: 04900000 	Time(s): 1726661.783772
    -- MCMC Step: 04910000 	Time(s): 1730515.030438
    -- MCMC Step: 04920000 	Time(s): 1734269.393047
    -- MCMC Step: 04930000 	Time(s): 1738077.958849
    -- MCMC Step: 04940000 	Time(s): 1742157.086772
    -- MCMC Step: 04950000 	Time(s): 1746220.269258
    -- MCMC Step: 04960000 	Time(s): 1750236.044214
    -- MCMC Step: 04970000 	Time(s): 1754193.435349
    -- MCMC Step: 04980000 	Time(s): 1758159.020558
    -- MCMC Step: 04990000 	Time(s): 1762106.228872
    -- MCMC Step: 05000000 	Time(s): 1766031.292608
    -- MCMC Step: 05010000 	Time(s): 1769970.131912
    -- MCMC Step: 05020000 	Time(s): 1773811.902344
    -- MCMC Step: 05030000 	Time(s): 1777664.016644
    -- MCMC Step: 05040000 	Time(s): 1781546.822176
    -- MCMC Step: 05050000 	Time(s): 1785869.738434
    -- MCMC Step: 05060000 	Time(s): 1790104.968254
    -- MCMC Step: 05070000 	Time(s): 1794157.114438
    -- MCMC Step: 05080000 	Time(s): 1798227.835782
    -- MCMC Step: 05090000 	Time(s): 1802292.337888
    -- MCMC Step: 05100000 	Time(s): 1806349.203981
    -- MCMC Step: 05110000 	Time(s): 1810291.575370
    -- MCMC Step: 05120000 	Time(s): 1814391.112179
    -- MCMC Step: 05130000 	Time(s): 1818402.400785
    -- MCMC Step: 05140000 	Time(s): 1822394.184925
    -- MCMC Step: 05150000 	Time(s): 1826492.799382
    -- MCMC Step: 05160000 	Time(s): 1830520.793192
    -- MCMC Step: 05170000 	Time(s): 1834514.191346
    -- MCMC Step: 05180000 	Time(s): 1838137.666651
    -- MCMC Step: 05190000 	Time(s): 1841864.832284
    -- MCMC Step: 05200000 	Time(s): 1845191.185238
    -- MCMC Step: 05210000 	Time(s): 1848530.971684
    -- MCMC Step: 05220000 	Time(s): 1851859.801120
    -- MCMC Step: 05230000 	Time(s): 1854827.527123
    -- MCMC Step: 05240000 	Time(s): 1857828.220119
    -- MCMC Step: 05250000 	Time(s): 1860819.821277
    -- MCMC Step: 05260000 	Time(s): 1864096.359141
    -- MCMC Step: 05270000 	Time(s): 1868032.903131
    -- MCMC Step: 05280000 	Time(s): 1872038.261982
    -- MCMC Step: 05290000 	Time(s): 1876021.742001
    -- MCMC Step: 05300000 	Time(s): 1879874.173963
    -- MCMC Step: 05310000 	Time(s): 1883858.246318
    -- MCMC Step: 05320000 	Time(s): 1887734.602929
    -- MCMC Step: 05330000 	Time(s): 1891672.821088
    -- MCMC Step: 05340000 	Time(s): 1895581.082500
    -- MCMC Step: 05350000 	Time(s): 1899543.503956
    -- MCMC Step: 05360000 	Time(s): 1903533.729415
    -- MCMC Step: 05370000 	Time(s): 1907500.655143
    -- MCMC Step: 05380000 	Time(s): 1911611.437137
    -- MCMC Step: 05390000 	Time(s): 1915640.779676
    -- MCMC Step: 05400000 	Time(s): 1919625.669486
    -- MCMC Step: 05410000 	Time(s): 1923539.292574
    -- MCMC Step: 05420000 	Time(s): 1927331.798630
    -- MCMC Step: 05430000 	Time(s): 1931045.976253
    -- MCMC Step: 05440000 	Time(s): 1934689.935479
    -- MCMC Step: 05450000 	Time(s): 1938282.350170
    -- MCMC Step: 05460000 	Time(s): 1941860.545716
    -- MCMC Step: 05470000 	Time(s): 1945447.271758
    -- MCMC Step: 05480000 	Time(s): 1949016.967518
    -- MCMC Step: 05490000 	Time(s): 1952628.796533
    -- MCMC Step: 05500000 	Time(s): 1956211.995387
    -- MCMC Step: 05510000 	Time(s): 1959798.021837
    -- MCMC Step: 05520000 	Time(s): 1963391.092782
    -- MCMC Step: 05530000 	Time(s): 1966984.114094
    -- MCMC Step: 05540000 	Time(s): 1970622.354090
    -- MCMC Step: 05550000 	Time(s): 1974269.207041
    -- MCMC Step: 05560000 	Time(s): 1977846.022318
    -- MCMC Step: 05570000 	Time(s): 1981356.980879
    -- MCMC Step: 05580000 	Time(s): 1984904.092023
    -- MCMC Step: 05590000 	Time(s): 1988671.604917
    -- MCMC Step: 05600000 	Time(s): 1992516.415331
    -- MCMC Step: 05610000 	Time(s): 1996291.436078
    -- MCMC Step: 05620000 	Time(s): 2000096.319587
    -- MCMC Step: 05630000 	Time(s): 2003858.608143
    -- MCMC Step: 05640000 	Time(s): 2007593.498654
    -- MCMC Step: 05650000 	Time(s): 2011275.878649
    -- MCMC Step: 05660000 	Time(s): 2014845.513310
    -- MCMC Step: 05670000 	Time(s): 2018502.296593
    -- MCMC Step: 05680000 	Time(s): 2022127.966267
    -- MCMC Step: 05690000 	Time(s): 2025845.976729
    -- MCMC Step: 05700000 	Time(s): 2029619.482248
    -- MCMC Step: 05710000 	Time(s): 2033408.652843
    -- MCMC Step: 05720000 	Time(s): 2037203.789195
    -- MCMC Step: 05730000 	Time(s): 2041010.588154
    -- MCMC Step: 05740000 	Time(s): 2044872.813282
    -- MCMC Step: 05750000 	Time(s): 2048678.659313
    -- MCMC Step: 05760000 	Time(s): 2052509.506666
    -- MCMC Step: 05770000 	Time(s): 2056326.922633
    -- MCMC Step: 05780000 	Time(s): 2060083.450825
    -- MCMC Step: 05790000 	Time(s): 2063807.520148
    -- MCMC Step: 05800000 	Time(s): 2067605.925038
    -- MCMC Step: 05810000 	Time(s): 2071388.434510
    -- MCMC Step: 05820000 	Time(s): 2075135.575943
    -- MCMC Step: 05830000 	Time(s): 2078856.371669
    -- MCMC Step: 05840000 	Time(s): 2082604.454163
    -- MCMC Step: 05850000 	Time(s): 2086383.930310
    -- MCMC Step: 05860000 	Time(s): 2090139.399085
    -- MCMC Step: 05870000 	Time(s): 2093938.054314
    -- MCMC Step: 05880000 	Time(s): 2097686.050310
    -- MCMC Step: 05890000 	Time(s): 2101403.085084
    -- MCMC Step: 05900000 	Time(s): 2105192.163376
    -- MCMC Step: 05910000 	Time(s): 2108985.843679
    -- MCMC Step: 05920000 	Time(s): 2112809.597777
    -- MCMC Step: 05930000 	Time(s): 2116575.614131
    -- MCMC Step: 05940000 	Time(s): 2120371.533126
    -- MCMC Step: 05950000 	Time(s): 2124123.434224
    -- MCMC Step: 05960000 	Time(s): 2127909.461787
    -- MCMC Step: 05970000 	Time(s): 2131598.208496
    -- MCMC Step: 05980000 	Time(s): 2135454.504626
    -- MCMC Step: 05990000 	Time(s): 2139291.827918
    -- MCMC Step: 06000000 	Time(s): 2143003.455608
    -- MCMC Step: 06010000 	Time(s): 2146810.070274
    -- MCMC Step: 06020000 	Time(s): 2150699.307279
    -- MCMC Step: 06030000 	Time(s): 2154557.350567
    -- MCMC Step: 06040000 	Time(s): 2158308.466942
    -- MCMC Step: 06050000 	Time(s): 2162071.613014
    -- MCMC Step: 06060000 	Time(s): 2165811.098406
    -- MCMC Step: 06070000 	Time(s): 2169577.533315
    -- MCMC Step: 06080000 	Time(s): 2172903.118430
    -- MCMC Step: 06090000 	Time(s): 2176068.908434
    -- MCMC Step: 06100000 	Time(s): 2179200.077185
    -- MCMC Step: 06110000 	Time(s): 2182341.984909
    -- MCMC Step: 06120000 	Time(s): 2185470.575353
    -- MCMC Step: 06130000 	Time(s): 2188586.098545
    -- MCMC Step: 06140000 	Time(s): 2191723.130934
    -- MCMC Step: 06150000 	Time(s): 2194861.216455
    -- MCMC Step: 06160000 	Time(s): 2198019.857798
    -- MCMC Step: 06170000 	Time(s): 2201195.164342
    -- MCMC Step: 06180000 	Time(s): 2204366.140362
    -- MCMC Step: 06190000 	Time(s): 2207533.490101
    -- MCMC Step: 06200000 	Time(s): 2210718.206772
    -- MCMC Step: 06210000 	Time(s): 2213861.161915
    -- MCMC Step: 06220000 	Time(s): 2216998.167414
    -- MCMC Step: 06230000 	Time(s): 2220144.042327
    -- MCMC Step: 06240000 	Time(s): 2223326.603826
    -- MCMC Step: 06250000 	Time(s): 2226189.135228
    -- MCMC Step: 06260000 	Time(s): 2229060.131862
    -- MCMC Step: 06270000 	Time(s): 2231912.956492
    -- MCMC Step: 06280000 	Time(s): 2234829.148077
    -- MCMC Step: 06290000 	Time(s): 2237704.708537
    -- MCMC Step: 06300000 	Time(s): 2240629.043374
    -- MCMC Step: 06310000 	Time(s): 2243556.689266
    -- MCMC Step: 06320000 	Time(s): 2246542.882275
    -- MCMC Step: 06330000 	Time(s): 2249471.989229
    -- MCMC Step: 06340000 	Time(s): 2252385.410535
    -- MCMC Step: 06350000 	Time(s): 2255281.993244
    -- MCMC Step: 06360000 	Time(s): 2258203.502269
    -- MCMC Step: 06370000 	Time(s): 2261136.434386
    -- MCMC Step: 06380000 	Time(s): 2264056.127173
    -- MCMC Step: 06390000 	Time(s): 2266916.958617
    -- MCMC Step: 06400000 	Time(s): 2269660.985309
    -- MCMC Step: 06410000 	Time(s): 2272408.201912
    -- MCMC Step: 06420000 	Time(s): 2275157.463539
    -- MCMC Step: 06430000 	Time(s): 2277884.709373
    -- MCMC Step: 06440000 	Time(s): 2280633.926702
    -- MCMC Step: 06450000 	Time(s): 2283513.355002
    -- MCMC Step: 06460000 	Time(s): 2286367.781305
    -- MCMC Step: 06470000 	Time(s): 2289240.428249
    -- MCMC Step: 06480000 	Time(s): 2292005.227150
    -- MCMC Step: 06490000 	Time(s): 2294720.427691
    -- MCMC Step: 06500000 	Time(s): 2297363.903936
    -- MCMC Step: 06510000 	Time(s): 2299835.774096
    -- MCMC Step: 06520000 	Time(s): 2302457.141550
    -- MCMC Step: 06530000 	Time(s): 2305679.409274
    -- MCMC Step: 06540000 	Time(s): 2309174.232202
    -- MCMC Step: 06550000 	Time(s): 2312683.052255
    -- MCMC Step: 06560000 	Time(s): 2316276.498071
    -- MCMC Step: 06570000 	Time(s): 2319884.070794
    -- MCMC Step: 06580000 	Time(s): 2323554.290748
    -- MCMC Step: 06590000 	Time(s): 2327416.359814
    -- MCMC Step: 06600000 	Time(s): 2331382.689567
    -- MCMC Step: 06610000 	Time(s): 2335385.754335
    -- MCMC Step: 06620000 	Time(s): 2339401.694599
    -- MCMC Step: 06630000 	Time(s): 2343607.150381
    -- MCMC Step: 06640000 	Time(s): 2347671.230474
    -- MCMC Step: 06650000 	Time(s): 2351713.275483
    -- MCMC Step: 06660000 	Time(s): 2355737.317344
    -- MCMC Step: 06670000 	Time(s): 2359701.443820
    -- MCMC Step: 06680000 	Time(s): 2363831.472614
    -- MCMC Step: 06690000 	Time(s): 2367943.881399
    -- MCMC Step: 06700000 	Time(s): 2372025.945995
    -- MCMC Step: 06710000 	Time(s): 2376210.508076
    -- MCMC Step: 06720000 	Time(s): 2380463.871216
    -- MCMC Step: 06730000 	Time(s): 2384736.521010
    -- MCMC Step: 06740000 	Time(s): 2388922.961539
    -- MCMC Step: 06750000 	Time(s): 2393173.190633
    -- MCMC Step: 06760000 	Time(s): 2397219.418810
    -- MCMC Step: 06770000 	Time(s): 2401371.383564
    -- MCMC Step: 06780000 	Time(s): 2405103.601297
    -- MCMC Step: 06790000 	Time(s): 2409351.890485
    -- MCMC Step: 06800000 	Time(s): 2413363.089213
    -- MCMC Step: 06810000 	Time(s): 2417306.342662
    -- MCMC Step: 06820000 	Time(s): 2421215.218736
    -- MCMC Step: 06830000 	Time(s): 2425128.792462
    -- MCMC Step: 06840000 	Time(s): 2429115.030457
    -- MCMC Step: 06850000 	Time(s): 2433189.221700
    -- MCMC Step: 06860000 	Time(s): 2437204.292629
    -- MCMC Step: 06870000 	Time(s): 2441259.649387
    -- MCMC Step: 06880000 	Time(s): 2445221.465404
    -- MCMC Step: 06890000 	Time(s): 2449322.629547
    -- MCMC Step: 06900000 	Time(s): 2453358.555475
    -- MCMC Step: 06910000 	Time(s): 2457353.210923
    -- MCMC Step: 06920000 	Time(s): 2461351.063647
    -- MCMC Step: 06930000 	Time(s): 2465334.017208
    -- MCMC Step: 06940000 	Time(s): 2469212.055606
    -- MCMC Step: 06950000 	Time(s): 2472975.067337
    -- MCMC Step: 06960000 	Time(s): 2476795.981941
    -- MCMC Step: 06970000 	Time(s): 2479991.867773
    -- MCMC Step: 06980000 	Time(s): 2483664.761151
    -- MCMC Step: 06990000 	Time(s): 2487298.968881
    -- MCMC Step: 07000000 	Time(s): 2490974.533125
    -- MCMC Step: 07010000 	Time(s): 2494798.051832
    -- MCMC Step: 07020000 	Time(s): 2498505.895053
    -- MCMC Step: 07030000 	Time(s): 2502223.436867
    -- MCMC Step: 07040000 	Time(s): 2505849.538408
    -- MCMC Step: 07050000 	Time(s): 2509674.941334
    -- MCMC Step: 07060000 	Time(s): 2513541.115500
    -- MCMC Step: 07070000 	Time(s): 2517478.268221
    -- MCMC Step: 07080000 	Time(s): 2521425.098522
    -- MCMC Step: 07090000 	Time(s): 2525286.749781
    -- MCMC Step: 07100000 	Time(s): 2529150.526230
    -- MCMC Step: 07110000 	Time(s): 2533164.885337
    -- MCMC Step: 07120000 	Time(s): 2537265.995345
    -- MCMC Step: 07130000 	Time(s): 2541285.003135
    -- MCMC Step: 07140000 	Time(s): 2545271.816599
    -- MCMC Step: 07150000 	Time(s): 2549328.789062
    -- MCMC Step: 07160000 	Time(s): 2553414.901827
    -- MCMC Step: 07170000 	Time(s): 2557468.590345
    -- MCMC Step: 07180000 	Time(s): 2561453.026728
    -- MCMC Step: 07190000 	Time(s): 2565371.949937
    -- MCMC Step: 07200000 	Time(s): 2569325.923822
    -- MCMC Step: 07210000 	Time(s): 2573303.282449
    -- MCMC Step: 07220000 	Time(s): 2577181.573893
    -- MCMC Step: 07230000 	Time(s): 2580975.151383
    -- MCMC Step: 07240000 	Time(s): 2584694.747511
    -- MCMC Step: 07250000 	Time(s): 2588442.969194
    -- MCMC Step: 07260000 	Time(s): 2592147.305896
    -- MCMC Step: 07270000 	Time(s): 2595888.252495
    -- MCMC Step: 07280000 	Time(s): 2599553.444090
    -- MCMC Step: 07290000 	Time(s): 2603321.540614
    -- MCMC Step: 07300000 	Time(s): 2607126.086027
    -- MCMC Step: 07310000 	Time(s): 2610912.892397
    -- MCMC Step: 07320000 	Time(s): 2614553.142160
    -- MCMC Step: 07330000 	Time(s): 2617986.567958
    -- MCMC Step: 07340000 	Time(s): 2621468.541584
    -- MCMC Step: 07350000 	Time(s): 2624786.701712
    -- MCMC Step: 07360000 	Time(s): 2628022.078414
    -- MCMC Step: 07370000 	Time(s): 2631174.479492
    -- MCMC Step: 07380000 	Time(s): 2634366.402567
    -- MCMC Step: 07390000 	Time(s): 2637559.712765
    -- MCMC Step: 07400000 	Time(s): 2640719.561714
    -- MCMC Step: 07410000 	Time(s): 2643940.289380
    -- MCMC Step: 07420000 	Time(s): 2647092.648955
    -- MCMC Step: 07430000 	Time(s): 2650303.966128
    -- MCMC Step: 07440000 	Time(s): 2653361.289378
    -- MCMC Step: 07450000 	Time(s): 2656322.584496
    -- MCMC Step: 07460000 	Time(s): 2659261.035703
    -- MCMC Step: 07470000 	Time(s): 2662138.846113
    -- MCMC Step: 07480000 	Time(s): 2665137.392231
    -- MCMC Step: 07490000 	Time(s): 2668202.666384
    -- MCMC Step: 07500000 	Time(s): 2671330.162440
    -- MCMC Step: 07510000 	Time(s): 2674497.122845
    -- MCMC Step: 07520000 	Time(s): 2677663.026115
    -- MCMC Step: 07530000 	Time(s): 2680851.997438
    -- MCMC Step: 07540000 	Time(s): 2683971.823655
    -- MCMC Step: 07550000 	Time(s): 2687086.218949
    -- MCMC Step: 07560000 	Time(s): 2690260.223508
    -- MCMC Step: 07570000 	Time(s): 2693346.197987
    -- MCMC Step: 07580000 	Time(s): 2696521.626462
    -- MCMC Step: 07590000 	Time(s): 2699662.011369
    -- MCMC Step: 07600000 	Time(s): 2702799.799882
    -- MCMC Step: 07610000 	Time(s): 2705920.200899
    -- MCMC Step: 07620000 	Time(s): 2709013.873742
    -- MCMC Step: 07630000 	Time(s): 2712136.979131
    -- MCMC Step: 07640000 	Time(s): 2715271.491596
    -- MCMC Step: 07650000 	Time(s): 2718510.123712
    -- MCMC Step: 07660000 	Time(s): 2721730.297158
    -- MCMC Step: 07670000 	Time(s): 2724745.125532
    -- MCMC Step: 07680000 	Time(s): 2727618.189192
    -- MCMC Step: 07690000 	Time(s): 2730521.578397
    -- MCMC Step: 07700000 	Time(s): 2733323.437598
    -- MCMC Step: 07710000 	Time(s): 2736252.954751
    -- MCMC Step: 07720000 	Time(s): 2739160.237302
    -- MCMC Step: 07730000 	Time(s): 2742104.730517
    -- MCMC Step: 07740000 	Time(s): 2745110.733747
    -- MCMC Step: 07750000 	Time(s): 2748040.210929
    -- MCMC Step: 07760000 	Time(s): 2750951.901415
    -- MCMC Step: 07770000 	Time(s): 2753959.255274
    -- MCMC Step: 07780000 	Time(s): 2756946.658081
    -- MCMC Step: 07790000 	Time(s): 2759883.318223
    -- MCMC Step: 07800000 	Time(s): 2762887.615981
    -- MCMC Step: 07810000 	Time(s): 2765911.219500
    -- MCMC Step: 07820000 	Time(s): 2768878.565657
    -- MCMC Step: 07830000 	Time(s): 2771748.936450
    -- MCMC Step: 07840000 	Time(s): 2774560.909377
    -- MCMC Step: 07850000 	Time(s): 2777312.749954
    -- MCMC Step: 07860000 	Time(s): 2780116.047855
    -- MCMC Step: 07870000 	Time(s): 2783032.968989
    -- MCMC Step: 07880000 	Time(s): 2786023.696548
    -- MCMC Step: 07890000 	Time(s): 2788993.401615
    -- MCMC Step: 07900000 	Time(s): 2791936.145448
    -- MCMC Step: 07910000 	Time(s): 2794890.978138
    -- MCMC Step: 07920000 	Time(s): 2797881.087539
    -- MCMC Step: 07930000 	Time(s): 2800811.000220
    -- MCMC Step: 07940000 	Time(s): 2803730.302349
    -- MCMC Step: 07950000 	Time(s): 2806628.184859
    -- MCMC Step: 07960000 	Time(s): 2809487.021383
    -- MCMC Step: 07970000 	Time(s): 2812339.435444
    -- MCMC Step: 07980000 	Time(s): 2815250.412214
    -- MCMC Step: 07990000 	Time(s): 2818025.971365
    -- MCMC Step: 08000000 	Time(s): 2820830.158415
    -- MCMC Step: 08010000 	Time(s): 2823599.572325
    -- MCMC Step: 08020000 	Time(s): 2826373.597916
    -- MCMC Step: 08030000 	Time(s): 2829081.620130
    -- MCMC Step: 08040000 	Time(s): 2831841.981447
    -- MCMC Step: 08050000 	Time(s): 2834637.689635
    -- MCMC Step: 08060000 	Time(s): 2837416.530507
    -- MCMC Step: 08070000 	Time(s): 2840199.685817
    -- MCMC Step: 08080000 	Time(s): 2843060.798753
    -- MCMC Step: 08090000 	Time(s): 2846899.459178
    -- MCMC Step: 08100000 	Time(s): 2851839.274481
    -- MCMC Step: 08110000 	Time(s): 2856864.593038
    -- MCMC Step: 08120000 	Time(s): 2861729.363207
    -- MCMC Step: 08130000 	Time(s): 2866499.630044
    -- MCMC Step: 08140000 	Time(s): 2871253.520749
    -- MCMC Step: 08150000 	Time(s): 2875601.235695
    -- MCMC Step: 08160000 	Time(s): 2879631.868377
    -- MCMC Step: 08170000 	Time(s): 2883628.651022
    -- MCMC Step: 08180000 	Time(s): 2887464.112732
    -- MCMC Step: 08190000 	Time(s): 2891071.023218
    -- MCMC Step: 08200000 	Time(s): 2894473.766925
    -- MCMC Step: 08210000 	Time(s): 2897476.759877
    -- MCMC Step: 08220000 	Time(s): 2900335.170149
    -- MCMC Step: 08230000 	Time(s): 2903037.116568
    -- MCMC Step: 08240000 	Time(s): 2905712.352820
    -- MCMC Step: 08250000 	Time(s): 2908374.859050
    -- MCMC Step: 08260000 	Time(s): 2911071.627583
    -- MCMC Step: 08270000 	Time(s): 2914011.500929
    -- MCMC Step: 08280000 	Time(s): 2916693.231848
    -- MCMC Step: 08290000 	Time(s): 2919392.033394
    -- MCMC Step: 08300000 	Time(s): 2922088.851482
    -- MCMC Step: 08310000 	Time(s): 2924619.271580
    -- MCMC Step: 08320000 	Time(s): 2926983.113552
    -- MCMC Step: 08330000 	Time(s): 2929275.980409
    -- MCMC Step: 08340000 	Time(s): 2931599.500217
    -- MCMC Step: 08350000 	Time(s): 2933936.130207
    -- MCMC Step: 08360000 	Time(s): 2936205.130128
    -- MCMC Step: 08370000 	Time(s): 2938500.773958
    -- MCMC Step: 08380000 	Time(s): 2940861.429939
    -- MCMC Step: 08390000 	Time(s): 2943216.095415
    -- MCMC Step: 08400000 	Time(s): 2945565.248287
    -- MCMC Step: 08410000 	Time(s): 2947909.528210
    -- MCMC Step: 08420000 	Time(s): 2950250.432973
    -- MCMC Step: 08430000 	Time(s): 2952629.183429
    -- MCMC Step: 08440000 	Time(s): 2954957.151579
    -- MCMC Step: 08450000 	Time(s): 2957228.943775
    -- MCMC Step: 08460000 	Time(s): 2959511.468289
    -- MCMC Step: 08470000 	Time(s): 2961696.513794
    -- MCMC Step: 08480000 	Time(s): 2963800.543451
    -- MCMC Step: 08490000 	Time(s): 2965857.782317
    -- MCMC Step: 08500000 	Time(s): 2967859.463460
    -- MCMC Step: 08510000 	Time(s): 2969847.333633
    -- MCMC Step: 08520000 	Time(s): 2971776.325341
    -- MCMC Step: 08530000 	Time(s): 2973710.890977
    -- MCMC Step: 08540000 	Time(s): 2975655.737430
    -- MCMC Step: 08550000 	Time(s): 2977595.049650
    -- MCMC Step: 08560000 	Time(s): 2979475.402025
    -- MCMC Step: 08570000 	Time(s): 2981226.762401
    -- MCMC Step: 08580000 	Time(s): 2982902.386923
    -- MCMC Step: 08590000 	Time(s): 2984575.265268
    -- MCMC Step: 08600000 	Time(s): 2986258.814697
    -- MCMC Step: 08610000 	Time(s): 2987932.092263
    -- MCMC Step: 08620000 	Time(s): 2989626.952272
    -- MCMC Step: 08630000 	Time(s): 2991301.781763
    -- MCMC Step: 08640000 	Time(s): 2993254.823266
    -- MCMC Step: 08650000 	Time(s): 2995342.271558
    -- MCMC Step: 08660000 	Time(s): 2997471.380991
    -- MCMC Step: 08670000 	Time(s): 2999618.358871
    -- MCMC Step: 08680000 	Time(s): 3001760.642500
    -- MCMC Step: 08690000 	Time(s): 3003921.180360
    -- MCMC Step: 08700000 	Time(s): 3006076.591128
    -- MCMC Step: 08710000 	Time(s): 3008251.527329
    -- MCMC Step: 08720000 	Time(s): 3010417.855524
    -- MCMC Step: 08730000 	Time(s): 3012589.623639
    -- MCMC Step: 08740000 	Time(s): 3014719.550046
    -- MCMC Step: 08750000 	Time(s): 3016863.524594
    -- MCMC Step: 08760000 	Time(s): 3019009.323490
    -- MCMC Step: 08770000 	Time(s): 3021167.722090
    -- MCMC Step: 08780000 	Time(s): 3023340.201534
    -- MCMC Step: 08790000 	Time(s): 3025370.106881
    -- MCMC Step: 08800000 	Time(s): 3027333.982778
    -- MCMC Step: 08810000 	Time(s): 3029254.182246
    -- MCMC Step: 08820000 	Time(s): 3031177.199183
    -- MCMC Step: 08830000 	Time(s): 3033077.738728
    -- MCMC Step: 08840000 	Time(s): 3035004.939050
    -- MCMC Step: 08850000 	Time(s): 3036919.566256
    -- MCMC Step: 08860000 	Time(s): 3038834.922141
    -- MCMC Step: 08870000 	Time(s): 3040762.913968
    -- MCMC Step: 08880000 	Time(s): 3042699.996754
    -- MCMC Step: 08890000 	Time(s): 3044620.523489
    -- MCMC Step: 08900000 	Time(s): 3046533.160412
    -- MCMC Step: 08910000 	Time(s): 3048459.877965
    -- MCMC Step: 08920000 	Time(s): 3050392.135505
    -- MCMC Step: 08930000 	Time(s): 3052332.092019
    -- MCMC Step: 08940000 	Time(s): 3054220.604911
    -- MCMC Step: 08950000 	Time(s): 3056173.762263
    -- MCMC Step: 08960000 	Time(s): 3058094.928538
    -- MCMC Step: 08970000 	Time(s): 3060035.739657
    -- MCMC Step: 08980000 	Time(s): 3061968.775964
    -- MCMC Step: 08990000 	Time(s): 3063905.900568
    -- MCMC Step: 09000000 	Time(s): 3065858.803199
    -- MCMC Step: 09010000 	Time(s): 3067791.237610
    -- MCMC Step: 09020000 	Time(s): 3069712.798475
    -- MCMC Step: 09030000 	Time(s): 3071638.493623
    -- MCMC Step: 09040000 	Time(s): 3073562.680024
    -- MCMC Step: 09050000 	Time(s): 3075502.350836
    -- MCMC Step: 09060000 	Time(s): 3077444.134672
    -- MCMC Step: 09070000 	Time(s): 3079396.609716
    -- MCMC Step: 09080000 	Time(s): 3081362.208900
    -- MCMC Step: 09090000 	Time(s): 3083271.773326
    -- MCMC Step: 09100000 	Time(s): 3085160.282411
    -- MCMC Step: 09110000 	Time(s): 3087043.385359
    -- MCMC Step: 09120000 	Time(s): 3088933.073263
    -- MCMC Step: 09130000 	Time(s): 3090819.565059
    -- MCMC Step: 09140000 	Time(s): 3092720.184566
    -- MCMC Step: 09150000 	Time(s): 3094628.356227
    -- MCMC Step: 09160000 	Time(s): 3096528.080314
    -- MCMC Step: 09170000 	Time(s): 3098446.618460
    -- MCMC Step: 09180000 	Time(s): 3100361.167303
    -- MCMC Step: 09190000 	Time(s): 3102259.672787
    -- MCMC Step: 09200000 	Time(s): 3104166.487063
    -- MCMC Step: 09210000 	Time(s): 3106085.669618
    -- MCMC Step: 09220000 	Time(s): 3108129.172456
    -- MCMC Step: 09230000 	Time(s): 3110209.166528
    -- MCMC Step: 09240000 	Time(s): 3112166.691882
    -- MCMC Step: 09250000 	Time(s): 3114082.978021
    -- MCMC Step: 09260000 	Time(s): 3116003.454189
    -- MCMC Step: 09270000 	Time(s): 3117936.669631
    -- MCMC Step: 09280000 	Time(s): 3119852.488936
    -- MCMC Step: 09290000 	Time(s): 3121796.507598
    -- MCMC Step: 09300000 	Time(s): 3123709.460620
    -- MCMC Step: 09310000 	Time(s): 3125646.579606
    -- MCMC Step: 09320000 	Time(s): 3127567.643516
    -- MCMC Step: 09330000 	Time(s): 3129497.870835
    -- MCMC Step: 09340000 	Time(s): 3131426.567062
    -- MCMC Step: 09350000 	Time(s): 3133326.233112
    -- MCMC Step: 09360000 	Time(s): 3135273.660760
    -- MCMC Step: 09370000 	Time(s): 3137181.300382
    -- MCMC Step: 09380000 	Time(s): 3139003.399452
    -- MCMC Step: 09390000 	Time(s): 3140749.558538
    -- MCMC Step: 09400000 	Time(s): 3142450.956014
    -- MCMC Step: 09410000 	Time(s): 3144151.171983
    -- MCMC Step: 09420000 	Time(s): 3145845.586673
    -- MCMC Step: 09430000 	Time(s): 3147538.391777
    -- MCMC Step: 09440000 	Time(s): 3149239.639647
    -- MCMC Step: 09450000 	Time(s): 3150931.743580
    -- MCMC Step: 09460000 	Time(s): 3152625.859790
    -- MCMC Step: 09470000 	Time(s): 3154336.280435
    -- MCMC Step: 09480000 	Time(s): 3156034.114664
    -- MCMC Step: 09490000 	Time(s): 3157739.063424
    -- MCMC Step: 09500000 	Time(s): 3159443.330579
    -- MCMC Step: 09510000 	Time(s): 3161145.646282
    -- MCMC Step: 09520000 	Time(s): 3162852.033565
    -- MCMC Step: 09530000 	Time(s): 3164520.326125
    -- MCMC Step: 09540000 	Time(s): 3166196.207239
    -- MCMC Step: 09550000 	Time(s): 3167882.415357
    -- MCMC Step: 09560000 	Time(s): 3169576.931459
    -- MCMC Step: 09570000 	Time(s): 3171262.491038
    -- MCMC Step: 09580000 	Time(s): 3172947.339345
    -- MCMC Step: 09590000 	Time(s): 3174628.888270
    -- MCMC Step: 09600000 	Time(s): 3176303.003380
    -- MCMC Step: 09610000 	Time(s): 3177989.602514
    -- MCMC Step: 09620000 	Time(s): 3179676.096860
    -- MCMC Step: 09630000 	Time(s): 3181358.729899
    -- MCMC Step: 09640000 	Time(s): 3183043.111944
    -- MCMC Step: 09650000 	Time(s): 3184742.669545
    -- MCMC Step: 09660000 	Time(s): 3186425.115849
    -- MCMC Step: 09670000 	Time(s): 3188121.123746
    -- MCMC Step: 09680000 	Time(s): 3189821.304789
    -- MCMC Step: 09690000 	Time(s): 3191506.597551
    -- MCMC Step: 09700000 	Time(s): 3193200.484969
    -- MCMC Step: 09710000 	Time(s): 3194906.506121
    -- MCMC Step: 09720000 	Time(s): 3196527.580168
    -- MCMC Step: 09730000 	Time(s): 3198130.595166
    -- MCMC Step: 09740000 	Time(s): 3199720.532900
    -- MCMC Step: 09750000 	Time(s): 3201309.467708
    -- MCMC Step: 09760000 	Time(s): 3202890.188610
    -- MCMC Step: 09770000 	Time(s): 3204486.099431
    -- MCMC Step: 09780000 	Time(s): 3206074.629520
    -- MCMC Step: 09790000 	Time(s): 3207665.348806
    -- MCMC Step: 09800000 	Time(s): 3209294.248959
    -- MCMC Step: 09810000 	Time(s): 3210965.118202
    -- MCMC Step: 09820000 	Time(s): 3212641.133200
    -- MCMC Step: 09830000 	Time(s): 3214314.100976
    -- MCMC Step: 09840000 	Time(s): 3215992.102268
    -- MCMC Step: 09850000 	Time(s): 3217668.000275
    -- MCMC Step: 09860000 	Time(s): 3219341.934629
    -- MCMC Step: 09870000 	Time(s): 3221032.077633
    -- MCMC Step: 09880000 	Time(s): 3222705.301221
    -- MCMC Step: 09890000 	Time(s): 3224397.192381
    -- MCMC Step: 09900000 	Time(s): 3226036.930071
    -- MCMC Step: 09910000 	Time(s): 3227627.441539
    -- MCMC Step: 09920000 	Time(s): 3229218.083046
    -- MCMC Step: 09930000 	Time(s): 3230805.321189
    -- MCMC Step: 09940000 	Time(s): 3232400.740423
    -- MCMC Step: 09950000 	Time(s): 3234011.090429
    -- MCMC Step: 09960000 	Time(s): 3235610.875427
    -- MCMC Step: 09970000 	Time(s): 3237196.922632
    -- MCMC Step: 09980000 	Time(s): 3238796.021984
    -- MCMC Step: 09990000 	Time(s): 3240485.701598
    -- MCMC Step: 10000000 	Time(s): 3242169.654744
  Saving final MCMC simulation data ...
****************************************
Done successfully!
Cumulative number of energy calculations: 10000002
Elapsed time: 3242175.853724003 seconds
Finished on: 2023-11-04 21:32:49.146358
