Executed on: 2023-09-26 01:06:20.550773
PFP client version: 1.11.0
Model version: v3.0.0
Calculation mode: CRYSTAL_PLUS_D3
Method type: PFVM
****************************************
Examining NCM622 ...
  Importing initial (known) stable/unstable structures ...
    Supercell size: 5 × 4 × 1
    Number of atoms (perfect): 240
    Cell parameters (a, b, c): 2.873440, 2.877225, 14.130600
    Structural parameter range (min, max): 0.000000, 0.500000
    Number of discrete structural parameters: 60
    Structural parameter spacing: 0.008475
  Importing energies and 1-D DOS from previous WL simlation ...
    Energy range (min, max): -1075.388829, -1064.828767
    Number of energy states: 60
    Energy spacing (eV): 0.178984
  Performing multicanonical Monte Carlo (MCMC) sampling ...
    Number of NNP-neighbors: 11400
    Maximum number of Monte Carlo steps: 10000000
    Trial move style: swap
    -- MCMC Step: 00000000 	Time(s): 0.786398
    -- MCMC Step: 00010000 	Time(s): 1939.472728
    -- MCMC Step: 00020000 	Time(s): 4024.350202
    -- MCMC Step: 00030000 	Time(s): 6099.394217
    -- MCMC Step: 00040000 	Time(s): 8075.355439
    -- MCMC Step: 00050000 	Time(s): 9997.924411
    -- MCMC Step: 00060000 	Time(s): 12747.145542
    -- MCMC Step: 00070000 	Time(s): 15814.036360
    -- MCMC Step: 00080000 	Time(s): 18886.538360
    -- MCMC Step: 00090000 	Time(s): 22245.901450
    -- MCMC Step: 00100000 	Time(s): 25547.199848
    -- MCMC Step: 00110000 	Time(s): 28672.222327
    -- MCMC Step: 00120000 	Time(s): 31698.902091
    -- MCMC Step: 00130000 	Time(s): 34679.243205
    -- MCMC Step: 00140000 	Time(s): 37733.661859
    -- MCMC Step: 00150000 	Time(s): 40774.168659
    -- MCMC Step: 00160000 	Time(s): 43782.339687
    -- MCMC Step: 00170000 	Time(s): 46733.435208
    -- MCMC Step: 00180000 	Time(s): 49692.106970
    -- MCMC Step: 00190000 	Time(s): 52696.445353
    -- MCMC Step: 00200000 	Time(s): 55679.990065
    -- MCMC Step: 00210000 	Time(s): 58653.162081
    -- MCMC Step: 00220000 	Time(s): 61646.523013
    -- MCMC Step: 00230000 	Time(s): 64675.113565
    -- MCMC Step: 00240000 	Time(s): 67670.266708
    -- MCMC Step: 00250000 	Time(s): 70657.384928
    -- MCMC Step: 00260000 	Time(s): 73608.574388
    -- MCMC Step: 00270000 	Time(s): 76631.664865
    -- MCMC Step: 00280000 	Time(s): 79709.590067
    -- MCMC Step: 00290000 	Time(s): 82893.738224
    -- MCMC Step: 00300000 	Time(s): 86425.335560
    -- MCMC Step: 00310000 	Time(s): 90302.856083
    -- MCMC Step: 00320000 	Time(s): 93925.514834
    -- MCMC Step: 00330000 	Time(s): 97774.356800
    -- MCMC Step: 00340000 	Time(s): 101706.191628
    -- MCMC Step: 00350000 	Time(s): 105636.156708
    -- MCMC Step: 00360000 	Time(s): 109761.909258
    -- MCMC Step: 00370000 	Time(s): 114007.734008
    -- MCMC Step: 00380000 	Time(s): 118270.756148
    -- MCMC Step: 00390000 	Time(s): 122560.995518
    -- MCMC Step: 00400000 	Time(s): 126791.798419
    -- MCMC Step: 00410000 	Time(s): 130954.933315
    -- MCMC Step: 00420000 	Time(s): 135190.772315
    -- MCMC Step: 00430000 	Time(s): 139386.868562
    -- MCMC Step: 00440000 	Time(s): 143551.784708
    -- MCMC Step: 00450000 	Time(s): 147733.598588
    -- MCMC Step: 00460000 	Time(s): 151932.777679
    -- MCMC Step: 00470000 	Time(s): 156150.372507
    -- MCMC Step: 00480000 	Time(s): 160334.730819
    -- MCMC Step: 00490000 	Time(s): 164529.201477
    -- MCMC Step: 00500000 	Time(s): 168818.026150
    -- MCMC Step: 00510000 	Time(s): 173222.814460
    -- MCMC Step: 00520000 	Time(s): 177502.952165
    -- MCMC Step: 00530000 	Time(s): 181719.281497
    -- MCMC Step: 00540000 	Time(s): 185759.492385
    -- MCMC Step: 00550000 	Time(s): 189775.345976
    -- MCMC Step: 00560000 	Time(s): 193956.529046
    -- MCMC Step: 00570000 	Time(s): 198087.069231
    -- MCMC Step: 00580000 	Time(s): 202278.573652
    -- MCMC Step: 00590000 	Time(s): 206575.923192
    -- MCMC Step: 00600000 	Time(s): 210815.939495
    -- MCMC Step: 00610000 	Time(s): 215076.913950
    -- MCMC Step: 00620000 	Time(s): 219341.124268
    -- MCMC Step: 00630000 	Time(s): 223574.169767
    -- MCMC Step: 00640000 	Time(s): 227790.072507
    -- MCMC Step: 00650000 	Time(s): 232015.653474
    -- MCMC Step: 00660000 	Time(s): 236291.705678
    -- MCMC Step: 00670000 	Time(s): 240527.491552
    -- MCMC Step: 00680000 	Time(s): 244831.554667
    -- MCMC Step: 00690000 	Time(s): 249102.616050
    -- MCMC Step: 00700000 	Time(s): 253394.711034
    -- MCMC Step: 00710000 	Time(s): 257748.714606
    -- MCMC Step: 00720000 	Time(s): 262036.081310
    -- MCMC Step: 00730000 	Time(s): 266012.962482
    -- MCMC Step: 00740000 	Time(s): 270165.246048
    -- MCMC Step: 00750000 	Time(s): 274247.251167
    -- MCMC Step: 00760000 	Time(s): 278489.553828
    -- MCMC Step: 00770000 	Time(s): 282683.064474
    -- MCMC Step: 00780000 	Time(s): 286930.880680
    -- MCMC Step: 00790000 	Time(s): 291201.960149
    -- MCMC Step: 00800000 	Time(s): 295417.879872
    -- MCMC Step: 00810000 	Time(s): 299635.910094
    -- MCMC Step: 00820000 	Time(s): 303808.257387
    -- MCMC Step: 00830000 	Time(s): 307999.293975
    -- MCMC Step: 00840000 	Time(s): 312147.857422
    -- MCMC Step: 00850000 	Time(s): 316284.883113
    -- MCMC Step: 00860000 	Time(s): 320463.716417
    -- MCMC Step: 00870000 	Time(s): 324617.431761
    -- MCMC Step: 00880000 	Time(s): 328762.703997
    -- MCMC Step: 00890000 	Time(s): 332960.345634
    -- MCMC Step: 00900000 	Time(s): 337100.745090
    -- MCMC Step: 00910000 	Time(s): 341036.525397
    -- MCMC Step: 00920000 	Time(s): 344873.199996
    -- MCMC Step: 00930000 	Time(s): 348595.579050
    -- MCMC Step: 00940000 	Time(s): 352213.281481
    -- MCMC Step: 00950000 	Time(s): 355788.131685
    -- MCMC Step: 00960000 	Time(s): 359355.573075
    -- MCMC Step: 00970000 	Time(s): 362921.721288
    -- MCMC Step: 00980000 	Time(s): 366511.102707
    -- MCMC Step: 00990000 	Time(s): 370117.016749
    -- MCMC Step: 01000000 	Time(s): 373715.728946
    -- MCMC Step: 01010000 	Time(s): 377342.417475
    -- MCMC Step: 01020000 	Time(s): 380997.264355
    -- MCMC Step: 01030000 	Time(s): 384630.915528
    -- MCMC Step: 01040000 	Time(s): 388298.622387
    -- MCMC Step: 01050000 	Time(s): 391975.917352
    -- MCMC Step: 01060000 	Time(s): 395652.345908
    -- MCMC Step: 01070000 	Time(s): 399405.399563
    -- MCMC Step: 01080000 	Time(s): 403152.443902
    -- MCMC Step: 01090000 	Time(s): 406910.466496
    -- MCMC Step: 01100000 	Time(s): 410590.463362
    -- MCMC Step: 01110000 	Time(s): 414078.806005
    -- MCMC Step: 01120000 	Time(s): 416413.482810
    -- MCMC Step: 01130000 	Time(s): 419814.732585
    -- MCMC Step: 01140000 	Time(s): 423351.025025
    -- MCMC Step: 01150000 	Time(s): 426922.304538
    -- MCMC Step: 01160000 	Time(s): 430488.347006
    -- MCMC Step: 01170000 	Time(s): 434120.220000
    -- MCMC Step: 01180000 	Time(s): 437942.673221
    -- MCMC Step: 01190000 	Time(s): 441764.328881
    -- MCMC Step: 01200000 	Time(s): 445593.949051
    -- MCMC Step: 01210000 	Time(s): 449455.519946
    -- MCMC Step: 01220000 	Time(s): 453310.817729
    -- MCMC Step: 01230000 	Time(s): 457176.725753
    -- MCMC Step: 01240000 	Time(s): 461036.935298
    -- MCMC Step: 01250000 	Time(s): 464890.121290
    -- MCMC Step: 01260000 	Time(s): 468742.897035
    -- MCMC Step: 01270000 	Time(s): 472586.809691
    -- MCMC Step: 01280000 	Time(s): 476436.701802
    -- MCMC Step: 01290000 	Time(s): 480196.630701
    -- MCMC Step: 01300000 	Time(s): 483989.588791
    -- MCMC Step: 01310000 	Time(s): 487907.992195
    -- MCMC Step: 01320000 	Time(s): 491852.802079
    -- MCMC Step: 01330000 	Time(s): 495737.389556
    -- MCMC Step: 01340000 	Time(s): 499621.755003
    -- MCMC Step: 01350000 	Time(s): 503447.708721
    -- MCMC Step: 01360000 	Time(s): 507246.890942
    -- MCMC Step: 01370000 	Time(s): 511111.787749
    -- MCMC Step: 01380000 	Time(s): 514940.129991
    -- MCMC Step: 01390000 	Time(s): 518811.806487
    -- MCMC Step: 01400000 	Time(s): 522845.778390
    -- MCMC Step: 01410000 	Time(s): 526736.029987
    -- MCMC Step: 01420000 	Time(s): 530646.478688
    -- MCMC Step: 01430000 	Time(s): 534602.764799
    -- MCMC Step: 01440000 	Time(s): 538516.189438
    -- MCMC Step: 01450000 	Time(s): 542447.647418
    -- MCMC Step: 01460000 	Time(s): 546690.203774
    -- MCMC Step: 01470000 	Time(s): 551291.454749
    -- MCMC Step: 01480000 	Time(s): 555848.322511
    -- MCMC Step: 01490000 	Time(s): 560343.384532
    -- MCMC Step: 01500000 	Time(s): 564766.703717
    -- MCMC Step: 01510000 	Time(s): 569134.075025
    -- MCMC Step: 01520000 	Time(s): 573431.238179
    -- MCMC Step: 01530000 	Time(s): 577748.314962
    -- MCMC Step: 01540000 	Time(s): 582119.101159
    -- MCMC Step: 01550000 	Time(s): 586548.972069
    -- MCMC Step: 01560000 	Time(s): 591104.116159
    -- MCMC Step: 01570000 	Time(s): 595809.031657
    -- MCMC Step: 01580000 	Time(s): 599965.501324
    -- MCMC Step: 01590000 	Time(s): 604182.236728
    -- MCMC Step: 01600000 	Time(s): 608324.006820
    -- MCMC Step: 01610000 	Time(s): 612052.483138
    -- MCMC Step: 01620000 	Time(s): 616032.809120
    -- MCMC Step: 01630000 	Time(s): 620109.799997
    -- MCMC Step: 01640000 	Time(s): 623710.915427
    -- MCMC Step: 01650000 	Time(s): 627735.779130
    -- MCMC Step: 01660000 	Time(s): 631902.940032
    -- MCMC Step: 01670000 	Time(s): 635924.017622
    -- MCMC Step: 01680000 	Time(s): 640096.184774
    -- MCMC Step: 01690000 	Time(s): 644510.509540
    -- MCMC Step: 01700000 	Time(s): 648782.601598
    -- MCMC Step: 01710000 	Time(s): 653095.082427
    -- MCMC Step: 01720000 	Time(s): 657384.791977
    -- MCMC Step: 01730000 	Time(s): 661580.737106
    -- MCMC Step: 01740000 	Time(s): 665556.873850
    -- MCMC Step: 01750000 	Time(s): 669514.568307
    -- MCMC Step: 01760000 	Time(s): 673364.703587
    -- MCMC Step: 01770000 	Time(s): 677177.339811
    -- MCMC Step: 01780000 	Time(s): 680803.417215
    -- MCMC Step: 01790000 	Time(s): 684462.575188
    -- MCMC Step: 01800000 	Time(s): 688297.113750
    -- MCMC Step: 01810000 	Time(s): 692340.940794
    -- MCMC Step: 01820000 	Time(s): 696036.793880
    -- MCMC Step: 01830000 	Time(s): 700171.441510
    -- MCMC Step: 01840000 	Time(s): 704285.501089
    -- MCMC Step: 01850000 	Time(s): 708100.706946
    -- MCMC Step: 01860000 	Time(s): 711949.737074
    -- MCMC Step: 01870000 	Time(s): 715948.414520
    -- MCMC Step: 01880000 	Time(s): 719853.131729
    -- MCMC Step: 01890000 	Time(s): 723718.453744
    -- MCMC Step: 01900000 	Time(s): 727969.911722
    -- MCMC Step: 01910000 	Time(s): 732327.187800
    -- MCMC Step: 01920000 	Time(s): 736683.917452
    -- MCMC Step: 01930000 	Time(s): 740871.860527
    -- MCMC Step: 01940000 	Time(s): 744976.568788
    -- MCMC Step: 01950000 	Time(s): 749026.174456
    -- MCMC Step: 01960000 	Time(s): 752849.774060
    -- MCMC Step: 01970000 	Time(s): 756512.588212
    -- MCMC Step: 01980000 	Time(s): 760119.971167
    -- MCMC Step: 01990000 	Time(s): 763741.257048
    -- MCMC Step: 02000000 	Time(s): 767385.029211
    -- MCMC Step: 02010000 	Time(s): 770935.687114
    -- MCMC Step: 02020000 	Time(s): 774603.362158
    -- MCMC Step: 02030000 	Time(s): 778024.213634
    -- MCMC Step: 02040000 	Time(s): 781179.367790
    -- MCMC Step: 02050000 	Time(s): 784579.226055
    -- MCMC Step: 02060000 	Time(s): 787886.969556
    -- MCMC Step: 02070000 	Time(s): 791212.637044
    -- MCMC Step: 02080000 	Time(s): 794713.109385
    -- MCMC Step: 02090000 	Time(s): 798402.737834
    -- MCMC Step: 02100000 	Time(s): 801978.117965
    -- MCMC Step: 02110000 	Time(s): 805656.346034
    -- MCMC Step: 02120000 	Time(s): 809303.887015
    -- MCMC Step: 02130000 	Time(s): 812981.960053
    -- MCMC Step: 02140000 	Time(s): 816572.786485
    -- MCMC Step: 02150000 	Time(s): 820098.346968
    -- MCMC Step: 02160000 	Time(s): 823522.823657
    -- MCMC Step: 02170000 	Time(s): 826937.631855
    -- MCMC Step: 02180000 	Time(s): 830383.009110
    -- MCMC Step: 02190000 	Time(s): 833864.852462
    -- MCMC Step: 02200000 	Time(s): 837364.003024
    -- MCMC Step: 02210000 	Time(s): 840844.501511
    -- MCMC Step: 02220000 	Time(s): 844311.282474
    -- MCMC Step: 02230000 	Time(s): 847794.198067
    -- MCMC Step: 02240000 	Time(s): 851262.251599
    -- MCMC Step: 02250000 	Time(s): 854728.227298
    -- MCMC Step: 02260000 	Time(s): 858168.746603
    -- MCMC Step: 02270000 	Time(s): 861812.770182
    -- MCMC Step: 02280000 	Time(s): 865447.078197
    -- MCMC Step: 02290000 	Time(s): 868412.969728
    -- MCMC Step: 02300000 	Time(s): 871455.515111
    -- MCMC Step: 02310000 	Time(s): 874670.816398
    -- MCMC Step: 02320000 	Time(s): 877793.971133
    -- MCMC Step: 02330000 	Time(s): 880793.111305
    -- MCMC Step: 02340000 	Time(s): 883833.020597
    -- MCMC Step: 02350000 	Time(s): 887004.113531
    -- MCMC Step: 02360000 	Time(s): 890083.342978
    -- MCMC Step: 02370000 	Time(s): 893137.870813
    -- MCMC Step: 02380000 	Time(s): 896187.660739
    -- MCMC Step: 02390000 	Time(s): 899629.378451
    -- MCMC Step: 02400000 	Time(s): 903088.250797
    -- MCMC Step: 02410000 	Time(s): 906556.437166
    -- MCMC Step: 02420000 	Time(s): 910045.770636
    -- MCMC Step: 02430000 	Time(s): 913536.537031
    -- MCMC Step: 02440000 	Time(s): 916972.379575
    -- MCMC Step: 02450000 	Time(s): 920396.319247
    -- MCMC Step: 02460000 	Time(s): 923865.849361
    -- MCMC Step: 02470000 	Time(s): 927342.406015
    -- MCMC Step: 02480000 	Time(s): 930811.203378
    -- MCMC Step: 02490000 	Time(s): 934282.510231
    -- MCMC Step: 02500000 	Time(s): 937777.085221
    -- MCMC Step: 02510000 	Time(s): 941274.489670
    -- MCMC Step: 02520000 	Time(s): 944760.382372
    -- MCMC Step: 02530000 	Time(s): 948242.837025
    -- MCMC Step: 02540000 	Time(s): 951713.010102
    -- MCMC Step: 02550000 	Time(s): 955181.168795
    -- MCMC Step: 02560000 	Time(s): 958652.716273
    -- MCMC Step: 02570000 	Time(s): 962129.338955
    -- MCMC Step: 02580000 	Time(s): 965565.245985
    -- MCMC Step: 02590000 	Time(s): 969002.696475
    -- MCMC Step: 02600000 	Time(s): 972481.786962
    -- MCMC Step: 02610000 	Time(s): 975990.354777
    -- MCMC Step: 02620000 	Time(s): 979466.330961
    -- MCMC Step: 02630000 	Time(s): 982951.736550
    -- MCMC Step: 02640000 	Time(s): 986380.569154
    -- MCMC Step: 02650000 	Time(s): 989810.653896
    -- MCMC Step: 02660000 	Time(s): 993256.784312
    -- MCMC Step: 02670000 	Time(s): 996694.157187
    -- MCMC Step: 02680000 	Time(s): 1000131.557403
    -- MCMC Step: 02690000 	Time(s): 1003597.739026
    -- MCMC Step: 02700000 	Time(s): 1007044.148817
    -- MCMC Step: 02710000 	Time(s): 1010555.009893
    -- MCMC Step: 02720000 	Time(s): 1014108.854401
    -- MCMC Step: 02730000 	Time(s): 1017526.569542
    -- MCMC Step: 02740000 	Time(s): 1020737.933365
    -- MCMC Step: 02750000 	Time(s): 1023936.594723
    -- MCMC Step: 02760000 	Time(s): 1027168.431296
    -- MCMC Step: 02770000 	Time(s): 1030402.760334
    -- MCMC Step: 02780000 	Time(s): 1033627.741335
    -- MCMC Step: 02790000 	Time(s): 1036814.024932
    -- MCMC Step: 02800000 	Time(s): 1039890.044583
    -- MCMC Step: 02810000 	Time(s): 1042987.418545
    -- MCMC Step: 02820000 	Time(s): 1046090.274921
    -- MCMC Step: 02830000 	Time(s): 1049185.977686
    -- MCMC Step: 02840000 	Time(s): 1052393.471086
    -- MCMC Step: 02850000 	Time(s): 1055612.158834
    -- MCMC Step: 02860000 	Time(s): 1058810.343269
    -- MCMC Step: 02870000 	Time(s): 1062027.631353
    -- MCMC Step: 02880000 	Time(s): 1065228.692739
    -- MCMC Step: 02890000 	Time(s): 1068406.509345
    -- MCMC Step: 02900000 	Time(s): 1071586.614993
    -- MCMC Step: 02910000 	Time(s): 1074775.227065
    -- MCMC Step: 02920000 	Time(s): 1077974.369899
    -- MCMC Step: 02930000 	Time(s): 1081156.991309
    -- MCMC Step: 02940000 	Time(s): 1084209.125642
    -- MCMC Step: 02950000 	Time(s): 1087157.459459
    -- MCMC Step: 02960000 	Time(s): 1090056.532057
    -- MCMC Step: 02970000 	Time(s): 1092932.877344
    -- MCMC Step: 02980000 	Time(s): 1095812.740109
    -- MCMC Step: 02990000 	Time(s): 1098623.684949
    -- MCMC Step: 03000000 	Time(s): 1101418.700403
    -- MCMC Step: 03010000 	Time(s): 1104193.087425
    -- MCMC Step: 03020000 	Time(s): 1106944.014899
    -- MCMC Step: 03030000 	Time(s): 1109638.589406
    -- MCMC Step: 03040000 	Time(s): 1112325.116138
    -- MCMC Step: 03050000 	Time(s): 1115187.954379
    -- MCMC Step: 03060000 	Time(s): 1118132.739570
    -- MCMC Step: 03070000 	Time(s): 1121007.842325
    -- MCMC Step: 03080000 	Time(s): 1123859.590439
    -- MCMC Step: 03090000 	Time(s): 1126729.768833
    -- MCMC Step: 03100000 	Time(s): 1129580.147503
    -- MCMC Step: 03110000 	Time(s): 1132466.735659
    -- MCMC Step: 03120000 	Time(s): 1135359.973578
    -- MCMC Step: 03130000 	Time(s): 1138228.212646
    -- MCMC Step: 03140000 	Time(s): 1141057.291114
    -- MCMC Step: 03150000 	Time(s): 1143873.016131
    -- MCMC Step: 03160000 	Time(s): 1146673.699830
    -- MCMC Step: 03170000 	Time(s): 1149457.411996
    -- MCMC Step: 03180000 	Time(s): 1152222.968387
    -- MCMC Step: 03190000 	Time(s): 1154981.803655
    -- MCMC Step: 03200000 	Time(s): 1157786.577492
    -- MCMC Step: 03210000 	Time(s): 1160598.550809
    -- MCMC Step: 03220000 	Time(s): 1163378.792390
    -- MCMC Step: 03230000 	Time(s): 1166120.645842
    -- MCMC Step: 03240000 	Time(s): 1168890.087220
    -- MCMC Step: 03250000 	Time(s): 1171512.161242
    -- MCMC Step: 03260000 	Time(s): 1174037.080075
    -- MCMC Step: 03270000 	Time(s): 1176446.176986
    -- MCMC Step: 03280000 	Time(s): 1178776.420639
    -- MCMC Step: 03290000 	Time(s): 1181095.776637
    -- MCMC Step: 03300000 	Time(s): 1183443.017694
    -- MCMC Step: 03310000 	Time(s): 1185789.874702
    -- MCMC Step: 03320000 	Time(s): 1188142.163942
    -- MCMC Step: 03330000 	Time(s): 1190451.841874
    -- MCMC Step: 03340000 	Time(s): 1192783.594112
    -- MCMC Step: 03350000 	Time(s): 1195082.947295
    -- MCMC Step: 03360000 	Time(s): 1197542.930482
    -- MCMC Step: 03370000 	Time(s): 1200050.753216
    -- MCMC Step: 03380000 	Time(s): 1202469.711545
    -- MCMC Step: 03390000 	Time(s): 1204733.938219
    -- MCMC Step: 03400000 	Time(s): 1207009.840908
    -- MCMC Step: 03410000 	Time(s): 1209328.842151
    -- MCMC Step: 03420000 	Time(s): 1211836.585137
    -- MCMC Step: 03430000 	Time(s): 1214499.022954
    -- MCMC Step: 03440000 	Time(s): 1217232.734382
    -- MCMC Step: 03450000 	Time(s): 1220029.464549
    -- MCMC Step: 03460000 	Time(s): 1223015.868350
    -- MCMC Step: 03470000 	Time(s): 1226059.984960
    -- MCMC Step: 03480000 	Time(s): 1229138.307805
    -- MCMC Step: 03490000 	Time(s): 1232264.895001
    -- MCMC Step: 03500000 	Time(s): 1235315.563782
    -- MCMC Step: 03510000 	Time(s): 1238323.347068
    -- MCMC Step: 03520000 	Time(s): 1241431.308960
    -- MCMC Step: 03530000 	Time(s): 1244364.297560
    -- MCMC Step: 03540000 	Time(s): 1247290.967395
    -- MCMC Step: 03550000 	Time(s): 1250181.903896
    -- MCMC Step: 03560000 	Time(s): 1253159.828124
    -- MCMC Step: 03570000 	Time(s): 1256210.444346
    -- MCMC Step: 03580000 	Time(s): 1259260.881992
    -- MCMC Step: 03590000 	Time(s): 1262365.749112
    -- MCMC Step: 03600000 	Time(s): 1265419.983206
    -- MCMC Step: 03610000 	Time(s): 1268475.660925
    -- MCMC Step: 03620000 	Time(s): 1271521.014171
    -- MCMC Step: 03630000 	Time(s): 1274565.659007
    -- MCMC Step: 03640000 	Time(s): 1277606.804250
    -- MCMC Step: 03650000 	Time(s): 1280604.167037
    -- MCMC Step: 03660000 	Time(s): 1283635.446719
    -- MCMC Step: 03670000 	Time(s): 1286687.302498
    -- MCMC Step: 03680000 	Time(s): 1289731.295177
    -- MCMC Step: 03690000 	Time(s): 1292807.362376
    -- MCMC Step: 03700000 	Time(s): 1295844.164068
    -- MCMC Step: 03710000 	Time(s): 1298735.875472
    -- MCMC Step: 03720000 	Time(s): 1301543.600322
    -- MCMC Step: 03730000 	Time(s): 1304396.728120
    -- MCMC Step: 03740000 	Time(s): 1307419.064573
    -- MCMC Step: 03750000 	Time(s): 1310719.222639
    -- MCMC Step: 03760000 	Time(s): 1314268.395734
    -- MCMC Step: 03770000 	Time(s): 1317822.258895
    -- MCMC Step: 03780000 	Time(s): 1321561.657202
    -- MCMC Step: 03790000 	Time(s): 1325304.501890
    -- MCMC Step: 03800000 	Time(s): 1329001.551212
    -- MCMC Step: 03810000 	Time(s): 1332645.184779
    -- MCMC Step: 03820000 	Time(s): 1336280.630683
    -- MCMC Step: 03830000 	Time(s): 1339751.526322
    -- MCMC Step: 03840000 	Time(s): 1343188.364219
    -- MCMC Step: 03850000 	Time(s): 1346813.689658
    -- MCMC Step: 03860000 	Time(s): 1350439.778734
    -- MCMC Step: 03870000 	Time(s): 1354063.281269
    -- MCMC Step: 03880000 	Time(s): 1357708.932560
    -- MCMC Step: 03890000 	Time(s): 1361197.728907
    -- MCMC Step: 03900000 	Time(s): 1364610.771969
    -- MCMC Step: 03910000 	Time(s): 1368028.890234
    -- MCMC Step: 03920000 	Time(s): 1371455.698817
    -- MCMC Step: 03930000 	Time(s): 1374726.722091
    -- MCMC Step: 03940000 	Time(s): 1377974.726515
    -- MCMC Step: 03950000 	Time(s): 1381189.607246
    -- MCMC Step: 03960000 	Time(s): 1384546.802315
    -- MCMC Step: 03970000 	Time(s): 1387862.092070
    -- MCMC Step: 03980000 	Time(s): 1391224.857321
    -- MCMC Step: 03990000 	Time(s): 1394700.047293
    -- MCMC Step: 04000000 	Time(s): 1398119.714568
    -- MCMC Step: 04010000 	Time(s): 1401478.713324
    -- MCMC Step: 04020000 	Time(s): 1404745.431567
    -- MCMC Step: 04030000 	Time(s): 1408320.960590
    -- MCMC Step: 04040000 	Time(s): 1412013.224260
    -- MCMC Step: 04050000 	Time(s): 1415695.727633
    -- MCMC Step: 04060000 	Time(s): 1419359.868620
    -- MCMC Step: 04070000 	Time(s): 1422960.906185
    -- MCMC Step: 04080000 	Time(s): 1426545.550284
    -- MCMC Step: 04090000 	Time(s): 1430090.133846
    -- MCMC Step: 04100000 	Time(s): 1433563.138495
    -- MCMC Step: 04110000 	Time(s): 1436848.667035
    -- MCMC Step: 04120000 	Time(s): 1440062.931924
    -- MCMC Step: 04130000 	Time(s): 1443179.547022
    -- MCMC Step: 04140000 	Time(s): 1446305.070476
    -- MCMC Step: 04150000 	Time(s): 1449431.114344
    -- MCMC Step: 04160000 	Time(s): 1452464.101517
    -- MCMC Step: 04170000 	Time(s): 1455474.833258
    -- MCMC Step: 04180000 	Time(s): 1458474.242761
    -- MCMC Step: 04190000 	Time(s): 1461488.787641
    -- MCMC Step: 04200000 	Time(s): 1464607.953138
    -- MCMC Step: 04210000 	Time(s): 1467518.713434
    -- MCMC Step: 04220000 	Time(s): 1470877.235622
    -- MCMC Step: 04230000 	Time(s): 1474900.479668
    -- MCMC Step: 04240000 	Time(s): 1479095.164537
    -- MCMC Step: 04250000 	Time(s): 1483393.353878
    -- MCMC Step: 04260000 	Time(s): 1487609.351105
    -- MCMC Step: 04270000 	Time(s): 1491774.540611
    -- MCMC Step: 04280000 	Time(s): 1495808.108279
    -- MCMC Step: 04290000 	Time(s): 1499773.858645
    -- MCMC Step: 04300000 	Time(s): 1503642.852274
    -- MCMC Step: 04310000 	Time(s): 1507777.630358
    -- MCMC Step: 04320000 	Time(s): 1511927.059217
    -- MCMC Step: 04330000 	Time(s): 1516113.896637
    -- MCMC Step: 04340000 	Time(s): 1520227.882363
    -- MCMC Step: 04350000 	Time(s): 1524405.448675
    -- MCMC Step: 04360000 	Time(s): 1528564.814626
    -- MCMC Step: 04370000 	Time(s): 1532505.523370
    -- MCMC Step: 04380000 	Time(s): 1536310.679065
    -- MCMC Step: 04390000 	Time(s): 1540037.935002
    -- MCMC Step: 04400000 	Time(s): 1543763.495071
    -- MCMC Step: 04410000 	Time(s): 1547538.157509
    -- MCMC Step: 04420000 	Time(s): 1551039.566511
    -- MCMC Step: 04430000 	Time(s): 1554861.154025
    -- MCMC Step: 04440000 	Time(s): 1558646.237741
    -- MCMC Step: 04450000 	Time(s): 1562430.542860
    -- MCMC Step: 04460000 	Time(s): 1566239.199283
    -- MCMC Step: 04470000 	Time(s): 1570040.781358
    -- MCMC Step: 04480000 	Time(s): 1573883.691299
    -- MCMC Step: 04490000 	Time(s): 1577693.317213
    -- MCMC Step: 04500000 	Time(s): 1581496.638359
    -- MCMC Step: 04510000 	Time(s): 1585372.040611
    -- MCMC Step: 04520000 	Time(s): 1589199.684725
    -- MCMC Step: 04530000 	Time(s): 1593047.565667
    -- MCMC Step: 04540000 	Time(s): 1596865.126086
    -- MCMC Step: 04550000 	Time(s): 1600639.318198
    -- MCMC Step: 04560000 	Time(s): 1604410.366394
    -- MCMC Step: 04570000 	Time(s): 1608179.417887
    -- MCMC Step: 04580000 	Time(s): 1611976.238006
    -- MCMC Step: 04590000 	Time(s): 1615541.998794
    -- MCMC Step: 04600000 	Time(s): 1619151.589483
    -- MCMC Step: 04610000 	Time(s): 1622686.137494
    -- MCMC Step: 04620000 	Time(s): 1626227.196991
    -- MCMC Step: 04630000 	Time(s): 1629728.710465
    -- MCMC Step: 04640000 	Time(s): 1633309.848256
    -- MCMC Step: 04650000 	Time(s): 1636832.997078
    -- MCMC Step: 04660000 	Time(s): 1640412.391567
    -- MCMC Step: 04670000 	Time(s): 1643978.563148
    -- MCMC Step: 04680000 	Time(s): 1647566.338423
    -- MCMC Step: 04690000 	Time(s): 1651051.057940
    -- MCMC Step: 04700000 	Time(s): 1654587.231896
    -- MCMC Step: 04710000 	Time(s): 1658139.697299
    -- MCMC Step: 04720000 	Time(s): 1661720.789737
    -- MCMC Step: 04730000 	Time(s): 1665304.559886
    -- MCMC Step: 04740000 	Time(s): 1668837.183904
    -- MCMC Step: 04750000 	Time(s): 1672315.674336
    -- MCMC Step: 04760000 	Time(s): 1675722.082087
    -- MCMC Step: 04770000 	Time(s): 1679202.344785
    -- MCMC Step: 04780000 	Time(s): 1682703.016975
    -- MCMC Step: 04790000 	Time(s): 1686160.014612
    -- MCMC Step: 04800000 	Time(s): 1689509.049531
    -- MCMC Step: 04810000 	Time(s): 1692851.215775
    -- MCMC Step: 04820000 	Time(s): 1696119.465827
    -- MCMC Step: 04830000 	Time(s): 1699423.832442
    -- MCMC Step: 04840000 	Time(s): 1702655.508527
    -- MCMC Step: 04850000 	Time(s): 1705694.792980
    -- MCMC Step: 04860000 	Time(s): 1708763.356606
    -- MCMC Step: 04870000 	Time(s): 1711545.136713
    -- MCMC Step: 04880000 	Time(s): 1714553.860312
    -- MCMC Step: 04890000 	Time(s): 1717573.244957
    -- MCMC Step: 04900000 	Time(s): 1720560.947796
    -- MCMC Step: 04910000 	Time(s): 1723530.328832
    -- MCMC Step: 04920000 	Time(s): 1726225.649166
    -- MCMC Step: 04930000 	Time(s): 1728819.943123
    -- MCMC Step: 04940000 	Time(s): 1731526.131290
    -- MCMC Step: 04950000 	Time(s): 1734555.060755
    -- MCMC Step: 04960000 	Time(s): 1737603.623106
    -- MCMC Step: 04970000 	Time(s): 1740445.051734
    -- MCMC Step: 04980000 	Time(s): 1743372.091122
    -- MCMC Step: 04990000 	Time(s): 1746325.813910
    -- MCMC Step: 05000000 	Time(s): 1749325.973830
    -- MCMC Step: 05010000 	Time(s): 1752659.930843
    -- MCMC Step: 05020000 	Time(s): 1756162.666846
    -- MCMC Step: 05030000 	Time(s): 1759703.052362
    -- MCMC Step: 05040000 	Time(s): 1763252.048236
    -- MCMC Step: 05050000 	Time(s): 1766853.120241
    -- MCMC Step: 05060000 	Time(s): 1770403.899657
    -- MCMC Step: 05070000 	Time(s): 1773931.422424
    -- MCMC Step: 05080000 	Time(s): 1777535.185081
    -- MCMC Step: 05090000 	Time(s): 1781154.609783
    -- MCMC Step: 05100000 	Time(s): 1784761.785185
    -- MCMC Step: 05110000 	Time(s): 1788367.206698
    -- MCMC Step: 05120000 	Time(s): 1791981.139702
    -- MCMC Step: 05130000 	Time(s): 1795179.231078
    -- MCMC Step: 05140000 	Time(s): 1798053.336693
    -- MCMC Step: 05150000 	Time(s): 1800913.703784
    -- MCMC Step: 05160000 	Time(s): 1803780.550692
    -- MCMC Step: 05170000 	Time(s): 1806669.440247
    -- MCMC Step: 05180000 	Time(s): 1810169.832375
    -- MCMC Step: 05190000 	Time(s): 1813840.795027
    -- MCMC Step: 05200000 	Time(s): 1817243.414934
    -- MCMC Step: 05210000 	Time(s): 1821078.566492
    -- MCMC Step: 05220000 	Time(s): 1824777.243793
    -- MCMC Step: 05230000 	Time(s): 1828657.389839
    -- MCMC Step: 05240000 	Time(s): 1832587.628497
    -- MCMC Step: 05250000 	Time(s): 1836515.698918
    -- MCMC Step: 05260000 	Time(s): 1840483.962877
    -- MCMC Step: 05270000 	Time(s): 1844293.453091
    -- MCMC Step: 05280000 	Time(s): 1848139.840774
    -- MCMC Step: 05290000 	Time(s): 1852067.810832
    -- MCMC Step: 05300000 	Time(s): 1856148.028635
    -- MCMC Step: 05310000 	Time(s): 1860463.576659
    -- MCMC Step: 05320000 	Time(s): 1864425.710921
    -- MCMC Step: 05330000 	Time(s): 1868350.933161
    -- MCMC Step: 05340000 	Time(s): 1872214.780349
    -- MCMC Step: 05350000 	Time(s): 1876056.072060
    -- MCMC Step: 05360000 	Time(s): 1879869.594410
    -- MCMC Step: 05370000 	Time(s): 1883491.236972
    -- MCMC Step: 05380000 	Time(s): 1887108.743855
    -- MCMC Step: 05390000 	Time(s): 1890750.137807
    -- MCMC Step: 05400000 	Time(s): 1894352.748692
    -- MCMC Step: 05410000 	Time(s): 1898120.071237
    -- MCMC Step: 05420000 	Time(s): 1901714.018952
    -- MCMC Step: 05430000 	Time(s): 1905346.465292
    -- MCMC Step: 05440000 	Time(s): 1909135.268066
    -- MCMC Step: 05450000 	Time(s): 1913019.343263
    -- MCMC Step: 05460000 	Time(s): 1917023.827350
    -- MCMC Step: 05470000 	Time(s): 1921097.382808
    -- MCMC Step: 05480000 	Time(s): 1924989.134458
    -- MCMC Step: 05490000 	Time(s): 1928833.606358
    -- MCMC Step: 05500000 	Time(s): 1932607.544891
    -- MCMC Step: 05510000 	Time(s): 1936311.361178
    -- MCMC Step: 05520000 	Time(s): 1940157.320926
    -- MCMC Step: 05530000 	Time(s): 1944213.080046
    -- MCMC Step: 05540000 	Time(s): 1948231.222524
    -- MCMC Step: 05550000 	Time(s): 1952130.718539
    -- MCMC Step: 05560000 	Time(s): 1956027.809804
    -- MCMC Step: 05570000 	Time(s): 1959963.007600
    -- MCMC Step: 05580000 	Time(s): 1963875.957263
    -- MCMC Step: 05590000 	Time(s): 1967778.778840
    -- MCMC Step: 05600000 	Time(s): 1971688.984586
    -- MCMC Step: 05610000 	Time(s): 1975516.467957
    -- MCMC Step: 05620000 	Time(s): 1979351.988388
    -- MCMC Step: 05630000 	Time(s): 1983316.580745
    -- MCMC Step: 05640000 	Time(s): 1987641.738928
    -- MCMC Step: 05650000 	Time(s): 1991750.263926
    -- MCMC Step: 05660000 	Time(s): 1995795.771598
    -- MCMC Step: 05670000 	Time(s): 1999811.310192
    -- MCMC Step: 05680000 	Time(s): 2003860.844295
    -- MCMC Step: 05690000 	Time(s): 2007820.337191
    -- MCMC Step: 05700000 	Time(s): 2011765.534992
    -- MCMC Step: 05710000 	Time(s): 2015769.400434
    -- MCMC Step: 05720000 	Time(s): 2019753.583051
    -- MCMC Step: 05730000 	Time(s): 2023777.994058
    -- MCMC Step: 05740000 	Time(s): 2027846.463951
    -- MCMC Step: 05750000 	Time(s): 2031846.757602
    -- MCMC Step: 05760000 	Time(s): 2035823.715137
    -- MCMC Step: 05770000 	Time(s): 2039435.485610
    -- MCMC Step: 05780000 	Time(s): 2043111.509082
    -- MCMC Step: 05790000 	Time(s): 2046394.922345
    -- MCMC Step: 05800000 	Time(s): 2049738.359457
    -- MCMC Step: 05810000 	Time(s): 2053045.612194
    -- MCMC Step: 05820000 	Time(s): 2056005.742480
    -- MCMC Step: 05830000 	Time(s): 2059001.193385
    -- MCMC Step: 05840000 	Time(s): 2061961.545381
    -- MCMC Step: 05850000 	Time(s): 2065297.667434
    -- MCMC Step: 05860000 	Time(s): 2069240.646992
    -- MCMC Step: 05870000 	Time(s): 2073276.205752
    -- MCMC Step: 05880000 	Time(s): 2077241.186325
    -- MCMC Step: 05890000 	Time(s): 2081090.809676
    -- MCMC Step: 05900000 	Time(s): 2085065.607237
    -- MCMC Step: 05910000 	Time(s): 2088921.009651
    -- MCMC Step: 05920000 	Time(s): 2092848.701455
    -- MCMC Step: 05930000 	Time(s): 2096706.444764
    -- MCMC Step: 05940000 	Time(s): 2100639.297792
    -- MCMC Step: 05950000 	Time(s): 2104576.134273
    -- MCMC Step: 05960000 	Time(s): 2108505.620247
    -- MCMC Step: 05970000 	Time(s): 2112572.464504
    -- MCMC Step: 05980000 	Time(s): 2116568.463278
    -- MCMC Step: 05990000 	Time(s): 2120524.698808
    -- MCMC Step: 06000000 	Time(s): 2124386.729824
    -- MCMC Step: 06010000 	Time(s): 2128173.709649
    -- MCMC Step: 06020000 	Time(s): 2131858.768314
    -- MCMC Step: 06030000 	Time(s): 2135481.231105
    -- MCMC Step: 06040000 	Time(s): 2139070.239093
    -- MCMC Step: 06050000 	Time(s): 2142634.109039
    -- MCMC Step: 06060000 	Time(s): 2146221.458540
    -- MCMC Step: 06070000 	Time(s): 2149774.910094
    -- MCMC Step: 06080000 	Time(s): 2153369.634866
    -- MCMC Step: 06090000 	Time(s): 2156963.937588
    -- MCMC Step: 06100000 	Time(s): 2160544.921502
    -- MCMC Step: 06110000 	Time(s): 2164123.968308
    -- MCMC Step: 06120000 	Time(s): 2167693.835458
    -- MCMC Step: 06130000 	Time(s): 2171304.894676
    -- MCMC Step: 06140000 	Time(s): 2174923.937875
    -- MCMC Step: 06150000 	Time(s): 2178499.240804
    -- MCMC Step: 06160000 	Time(s): 2182001.376810
    -- MCMC Step: 06170000 	Time(s): 2185520.876088
    -- MCMC Step: 06180000 	Time(s): 2189284.698046
    -- MCMC Step: 06190000 	Time(s): 2193132.828676
    -- MCMC Step: 06200000 	Time(s): 2196872.288394
    -- MCMC Step: 06210000 	Time(s): 2200662.253181
    -- MCMC Step: 06220000 	Time(s): 2204418.638245
    -- MCMC Step: 06230000 	Time(s): 2208117.143439
    -- MCMC Step: 06240000 	Time(s): 2211795.182285
    -- MCMC Step: 06250000 	Time(s): 2215359.134581
    -- MCMC Step: 06260000 	Time(s): 2219010.150628
    -- MCMC Step: 06270000 	Time(s): 2222659.818528
    -- MCMC Step: 06280000 	Time(s): 2226334.890774
    -- MCMC Step: 06290000 	Time(s): 2230115.123173
    -- MCMC Step: 06300000 	Time(s): 2233912.046940
    -- MCMC Step: 06310000 	Time(s): 2237673.936589
    -- MCMC Step: 06320000 	Time(s): 2241447.713255
    -- MCMC Step: 06330000 	Time(s): 2245254.630125
    -- MCMC Step: 06340000 	Time(s): 2249052.804757
    -- MCMC Step: 06350000 	Time(s): 2252868.276997
    -- MCMC Step: 06360000 	Time(s): 2256685.328900
    -- MCMC Step: 06370000 	Time(s): 2260455.807099
    -- MCMC Step: 06380000 	Time(s): 2264157.532900
    -- MCMC Step: 06390000 	Time(s): 2267923.453123
    -- MCMC Step: 06400000 	Time(s): 2271690.072579
    -- MCMC Step: 06410000 	Time(s): 2275436.305863
    -- MCMC Step: 06420000 	Time(s): 2279153.854415
    -- MCMC Step: 06430000 	Time(s): 2282871.952655
    -- MCMC Step: 06440000 	Time(s): 2286639.711571
    -- MCMC Step: 06450000 	Time(s): 2290361.533192
    -- MCMC Step: 06460000 	Time(s): 2294154.124485
    -- MCMC Step: 06470000 	Time(s): 2297922.125808
    -- MCMC Step: 06480000 	Time(s): 2301634.157217
    -- MCMC Step: 06490000 	Time(s): 2305397.640378
    -- MCMC Step: 06500000 	Time(s): 2309181.796728
    -- MCMC Step: 06510000 	Time(s): 2313007.278430
    -- MCMC Step: 06520000 	Time(s): 2316747.209471
    -- MCMC Step: 06530000 	Time(s): 2320497.422676
    -- MCMC Step: 06540000 	Time(s): 2324256.933879
    -- MCMC Step: 06550000 	Time(s): 2328007.242893
    -- MCMC Step: 06560000 	Time(s): 2331741.105842
    -- MCMC Step: 06570000 	Time(s): 2335482.119043
    -- MCMC Step: 06580000 	Time(s): 2339321.841003
    -- MCMC Step: 06590000 	Time(s): 2343070.205438
    -- MCMC Step: 06600000 	Time(s): 2346868.344783
    -- MCMC Step: 06610000 	Time(s): 2350726.623553
    -- MCMC Step: 06620000 	Time(s): 2354634.813168
    -- MCMC Step: 06630000 	Time(s): 2358417.617017
    -- MCMC Step: 06640000 	Time(s): 2362149.423684
    -- MCMC Step: 06650000 	Time(s): 2365898.769400
    -- MCMC Step: 06660000 	Time(s): 2369622.057532
    -- MCMC Step: 06670000 	Time(s): 2373113.096726
    -- MCMC Step: 06680000 	Time(s): 2376256.395017
    -- MCMC Step: 06690000 	Time(s): 2379390.907588
    -- MCMC Step: 06700000 	Time(s): 2382493.575125
    -- MCMC Step: 06710000 	Time(s): 2385590.741811
    -- MCMC Step: 06720000 	Time(s): 2388695.150463
    -- MCMC Step: 06730000 	Time(s): 2391809.205652
    -- MCMC Step: 06740000 	Time(s): 2394947.962291
    -- MCMC Step: 06750000 	Time(s): 2398119.214578
    -- MCMC Step: 06760000 	Time(s): 2401264.271559
    -- MCMC Step: 06770000 	Time(s): 2404454.234308
    -- MCMC Step: 06780000 	Time(s): 2407588.010688
    -- MCMC Step: 06790000 	Time(s): 2410768.814913
    -- MCMC Step: 06800000 	Time(s): 2413895.839533
    -- MCMC Step: 06810000 	Time(s): 2417027.331048
    -- MCMC Step: 06820000 	Time(s): 2420150.611936
    -- MCMC Step: 06830000 	Time(s): 2423393.294776
    -- MCMC Step: 06840000 	Time(s): 2426317.085610
    -- MCMC Step: 06850000 	Time(s): 2429167.544009
    -- MCMC Step: 06860000 	Time(s): 2432046.740689
    -- MCMC Step: 06870000 	Time(s): 2434935.569812
    -- MCMC Step: 06880000 	Time(s): 2437794.649294
    -- MCMC Step: 06890000 	Time(s): 2440664.970941
    -- MCMC Step: 06900000 	Time(s): 2443636.236910
    -- MCMC Step: 06910000 	Time(s): 2446569.443617
    -- MCMC Step: 06920000 	Time(s): 2449504.148491
    -- MCMC Step: 06930000 	Time(s): 2452419.181566
    -- MCMC Step: 06940000 	Time(s): 2455287.056291
    -- MCMC Step: 06950000 	Time(s): 2458216.902882
    -- MCMC Step: 06960000 	Time(s): 2461125.799421
    -- MCMC Step: 06970000 	Time(s): 2464056.077418
    -- MCMC Step: 06980000 	Time(s): 2466946.464424
    -- MCMC Step: 06990000 	Time(s): 2469744.705727
    -- MCMC Step: 07000000 	Time(s): 2472476.188122
    -- MCMC Step: 07010000 	Time(s): 2475190.647923
    -- MCMC Step: 07020000 	Time(s): 2477910.909253
    -- MCMC Step: 07030000 	Time(s): 2480648.243960
    -- MCMC Step: 07040000 	Time(s): 2483454.780853
    -- MCMC Step: 07050000 	Time(s): 2486298.715405
    -- MCMC Step: 07060000 	Time(s): 2489145.413073
    -- MCMC Step: 07070000 	Time(s): 2491950.253603
    -- MCMC Step: 07080000 	Time(s): 2494670.930929
    -- MCMC Step: 07090000 	Time(s): 2497363.574213
    -- MCMC Step: 07100000 	Time(s): 2499851.654288
    -- MCMC Step: 07110000 	Time(s): 2502380.745137
    -- MCMC Step: 07120000 	Time(s): 2505262.904621
    -- MCMC Step: 07130000 	Time(s): 2508744.262689
    -- MCMC Step: 07140000 	Time(s): 2512211.754169
    -- MCMC Step: 07150000 	Time(s): 2515775.436373
    -- MCMC Step: 07160000 	Time(s): 2519386.632445
    -- MCMC Step: 07170000 	Time(s): 2522966.581950
    -- MCMC Step: 07180000 	Time(s): 2526780.712694
    -- MCMC Step: 07190000 	Time(s): 2530633.950531
    -- MCMC Step: 07200000 	Time(s): 2534601.178337
    -- MCMC Step: 07210000 	Time(s): 2538568.876952
    -- MCMC Step: 07220000 	Time(s): 2542697.266035
    -- MCMC Step: 07230000 	Time(s): 2546827.147284
    -- MCMC Step: 07240000 	Time(s): 2550837.553802
    -- MCMC Step: 07250000 	Time(s): 2554903.304649
    -- MCMC Step: 07260000 	Time(s): 2558870.100382
    -- MCMC Step: 07270000 	Time(s): 2562870.449711
    -- MCMC Step: 07280000 	Time(s): 2566960.595880
    -- MCMC Step: 07290000 	Time(s): 2571056.504708
    -- MCMC Step: 07300000 	Time(s): 2575133.866804
    -- MCMC Step: 07310000 	Time(s): 2579361.835428
    -- MCMC Step: 07320000 	Time(s): 2583625.969069
    -- MCMC Step: 07330000 	Time(s): 2587811.340965
    -- MCMC Step: 07340000 	Time(s): 2592064.642177
    -- MCMC Step: 07350000 	Time(s): 2596177.974952
    -- MCMC Step: 07360000 	Time(s): 2600203.130629
    -- MCMC Step: 07370000 	Time(s): 2603981.100999
    -- MCMC Step: 07380000 	Time(s): 2608076.575014
    -- MCMC Step: 07390000 	Time(s): 2612256.246416
    -- MCMC Step: 07400000 	Time(s): 2616164.862051
    -- MCMC Step: 07410000 	Time(s): 2620070.881327
    -- MCMC Step: 07420000 	Time(s): 2623937.185748
    -- MCMC Step: 07430000 	Time(s): 2627866.340881
    -- MCMC Step: 07440000 	Time(s): 2631832.424742
    -- MCMC Step: 07450000 	Time(s): 2635869.139287
    -- MCMC Step: 07460000 	Time(s): 2639858.588528
    -- MCMC Step: 07470000 	Time(s): 2643841.170552
    -- MCMC Step: 07480000 	Time(s): 2647865.379847
    -- MCMC Step: 07490000 	Time(s): 2651897.724327
    -- MCMC Step: 07500000 	Time(s): 2655910.754746
    -- MCMC Step: 07510000 	Time(s): 2659858.574915
    -- MCMC Step: 07520000 	Time(s): 2663820.616327
    -- MCMC Step: 07530000 	Time(s): 2667759.811055
    -- MCMC Step: 07540000 	Time(s): 2671565.136732
    -- MCMC Step: 07550000 	Time(s): 2675267.067806
    -- MCMC Step: 07560000 	Time(s): 2678867.252105
    -- MCMC Step: 07570000 	Time(s): 2682200.589529
    -- MCMC Step: 07580000 	Time(s): 2685874.829243
    -- MCMC Step: 07590000 	Time(s): 2689479.941983
    -- MCMC Step: 07600000 	Time(s): 2693190.099045
    -- MCMC Step: 07610000 	Time(s): 2696954.365443
    -- MCMC Step: 07620000 	Time(s): 2700627.955676
    -- MCMC Step: 07630000 	Time(s): 2704219.059579
    -- MCMC Step: 07640000 	Time(s): 2707943.907523
    -- MCMC Step: 07650000 	Time(s): 2711679.027794
    -- MCMC Step: 07660000 	Time(s): 2715494.310501
    -- MCMC Step: 07670000 	Time(s): 2719433.833394
    -- MCMC Step: 07680000 	Time(s): 2723266.448611
    -- MCMC Step: 07690000 	Time(s): 2727054.614962
    -- MCMC Step: 07700000 	Time(s): 2730855.232395
    -- MCMC Step: 07710000 	Time(s): 2734781.743295
    -- MCMC Step: 07720000 	Time(s): 2738795.100329
    -- MCMC Step: 07730000 	Time(s): 2742755.806716
    -- MCMC Step: 07740000 	Time(s): 2746665.130957
    -- MCMC Step: 07750000 	Time(s): 2750623.060313
    -- MCMC Step: 07760000 	Time(s): 2754642.242988
    -- MCMC Step: 07770000 	Time(s): 2758614.165502
    -- MCMC Step: 07780000 	Time(s): 2762517.547097
    -- MCMC Step: 07790000 	Time(s): 2766372.858304
    -- MCMC Step: 07800000 	Time(s): 2770233.548499
    -- MCMC Step: 07810000 	Time(s): 2774106.044572
    -- MCMC Step: 07820000 	Time(s): 2777935.971200
    -- MCMC Step: 07830000 	Time(s): 2781659.236936
    -- MCMC Step: 07840000 	Time(s): 2785307.429880
    -- MCMC Step: 07850000 	Time(s): 2788997.477880
    -- MCMC Step: 07860000 	Time(s): 2792627.994348
    -- MCMC Step: 07870000 	Time(s): 2796314.162686
    -- MCMC Step: 07880000 	Time(s): 2799909.736367
    -- MCMC Step: 07890000 	Time(s): 2803582.186021
    -- MCMC Step: 07900000 	Time(s): 2807316.210624
    -- MCMC Step: 07910000 	Time(s): 2811071.002277
    -- MCMC Step: 07920000 	Time(s): 2814689.610622
    -- MCMC Step: 07930000 	Time(s): 2818178.317526
    -- MCMC Step: 07940000 	Time(s): 2821560.717677
    -- MCMC Step: 07950000 	Time(s): 2824915.459419
    -- MCMC Step: 07960000 	Time(s): 2828175.735587
    -- MCMC Step: 07970000 	Time(s): 2831294.877267
    -- MCMC Step: 07980000 	Time(s): 2834461.638231
    -- MCMC Step: 07990000 	Time(s): 2837633.358607
    -- MCMC Step: 08000000 	Time(s): 2840795.835770
    -- MCMC Step: 08010000 	Time(s): 2843971.314953
    -- MCMC Step: 08020000 	Time(s): 2847147.807915
    -- MCMC Step: 08030000 	Time(s): 2850294.884392
    -- MCMC Step: 08040000 	Time(s): 2853427.449449
    -- MCMC Step: 08050000 	Time(s): 2856331.806852
    -- MCMC Step: 08060000 	Time(s): 2859247.900342
    -- MCMC Step: 08070000 	Time(s): 2862091.615450
    -- MCMC Step: 08080000 	Time(s): 2865026.962957
    -- MCMC Step: 08090000 	Time(s): 2868020.040407
    -- MCMC Step: 08100000 	Time(s): 2871053.294333
    -- MCMC Step: 08110000 	Time(s): 2874203.767705
    -- MCMC Step: 08120000 	Time(s): 2877292.563196
    -- MCMC Step: 08130000 	Time(s): 2880453.726130
    -- MCMC Step: 08140000 	Time(s): 2883609.885959
    -- MCMC Step: 08150000 	Time(s): 2886703.832729
    -- MCMC Step: 08160000 	Time(s): 2889861.226049
    -- MCMC Step: 08170000 	Time(s): 2892948.558237
    -- MCMC Step: 08180000 	Time(s): 2896039.375932
    -- MCMC Step: 08190000 	Time(s): 2899175.775661
    -- MCMC Step: 08200000 	Time(s): 2902275.647055
    -- MCMC Step: 08210000 	Time(s): 2905360.156109
    -- MCMC Step: 08220000 	Time(s): 2908460.371391
    -- MCMC Step: 08230000 	Time(s): 2911538.725874
    -- MCMC Step: 08240000 	Time(s): 2914679.848112
    -- MCMC Step: 08250000 	Time(s): 2917841.552948
    -- MCMC Step: 08260000 	Time(s): 2921033.087111
    -- MCMC Step: 08270000 	Time(s): 2924159.534346
    -- MCMC Step: 08280000 	Time(s): 2927056.859117
    -- MCMC Step: 08290000 	Time(s): 2929944.555650
    -- MCMC Step: 08300000 	Time(s): 2932740.640632
    -- MCMC Step: 08310000 	Time(s): 2935584.591510
    -- MCMC Step: 08320000 	Time(s): 2938446.108767
    -- MCMC Step: 08330000 	Time(s): 2941367.018378
    -- MCMC Step: 08340000 	Time(s): 2944300.093729
    -- MCMC Step: 08350000 	Time(s): 2947253.413933
    -- MCMC Step: 08360000 	Time(s): 2950135.382124
    -- MCMC Step: 08370000 	Time(s): 2953047.468056
    -- MCMC Step: 08380000 	Time(s): 2956008.503828
    -- MCMC Step: 08390000 	Time(s): 2958959.362289
    -- MCMC Step: 08400000 	Time(s): 2961899.453138
    -- MCMC Step: 08410000 	Time(s): 2964902.341357
    -- MCMC Step: 08420000 	Time(s): 2967902.381737
    -- MCMC Step: 08430000 	Time(s): 2970800.634194
    -- MCMC Step: 08440000 	Time(s): 2973606.236375
    -- MCMC Step: 08450000 	Time(s): 2976392.272594
    -- MCMC Step: 08460000 	Time(s): 2979138.681592
    -- MCMC Step: 08470000 	Time(s): 2981946.547220
    -- MCMC Step: 08480000 	Time(s): 2984889.721303
    -- MCMC Step: 08490000 	Time(s): 2987851.258279
    -- MCMC Step: 08500000 	Time(s): 2990778.161015
    -- MCMC Step: 08510000 	Time(s): 2993709.628854
    -- MCMC Step: 08520000 	Time(s): 2996659.037395
    -- MCMC Step: 08530000 	Time(s): 2999600.762930
    -- MCMC Step: 08540000 	Time(s): 3002513.465242
    -- MCMC Step: 08550000 	Time(s): 3005419.137838
    -- MCMC Step: 08560000 	Time(s): 3008300.870488
    -- MCMC Step: 08570000 	Time(s): 3011143.593607
    -- MCMC Step: 08580000 	Time(s): 3013984.257224
    -- MCMC Step: 08590000 	Time(s): 3016886.359199
    -- MCMC Step: 08600000 	Time(s): 3019644.220412
    -- MCMC Step: 08610000 	Time(s): 3022424.962016
    -- MCMC Step: 08620000 	Time(s): 3025192.992932
    -- MCMC Step: 08630000 	Time(s): 3027914.095315
    -- MCMC Step: 08640000 	Time(s): 3030603.049544
    -- MCMC Step: 08650000 	Time(s): 3033352.057823
    -- MCMC Step: 08660000 	Time(s): 3036110.753703
    -- MCMC Step: 08670000 	Time(s): 3038864.698874
    -- MCMC Step: 08680000 	Time(s): 3041632.372899
    -- MCMC Step: 08690000 	Time(s): 3044522.171884
    -- MCMC Step: 08700000 	Time(s): 3048581.199625
    -- MCMC Step: 08710000 	Time(s): 3053495.038054
    -- MCMC Step: 08720000 	Time(s): 3058495.851848
    -- MCMC Step: 08730000 	Time(s): 3063322.414112
    -- MCMC Step: 08740000 	Time(s): 3068057.768639
    -- MCMC Step: 08750000 	Time(s): 3072815.406979
    -- MCMC Step: 08760000 	Time(s): 3077078.343628
    -- MCMC Step: 08770000 	Time(s): 3081082.425106
    -- MCMC Step: 08780000 	Time(s): 3085091.941410
    -- MCMC Step: 08790000 	Time(s): 3088899.198316
    -- MCMC Step: 08800000 	Time(s): 3092440.088011
    -- MCMC Step: 08810000 	Time(s): 3095810.596726
    -- MCMC Step: 08820000 	Time(s): 3098783.391265
    -- MCMC Step: 08830000 	Time(s): 3101595.289697
    -- MCMC Step: 08840000 	Time(s): 3104265.204514
    -- MCMC Step: 08850000 	Time(s): 3106951.526779
    -- MCMC Step: 08860000 	Time(s): 3109563.484046
    -- MCMC Step: 08870000 	Time(s): 3112251.714815
    -- MCMC Step: 08880000 	Time(s): 3115170.985461
    -- MCMC Step: 08890000 	Time(s): 3117824.699792
    -- MCMC Step: 08900000 	Time(s): 3120519.158595
    -- MCMC Step: 08910000 	Time(s): 3123186.060444
    -- MCMC Step: 08920000 	Time(s): 3125683.360194
    -- MCMC Step: 08930000 	Time(s): 3128029.443683
    -- MCMC Step: 08940000 	Time(s): 3130328.040499
    -- MCMC Step: 08950000 	Time(s): 3132631.672675
    -- MCMC Step: 08960000 	Time(s): 3134963.753504
    -- MCMC Step: 08970000 	Time(s): 3137220.870910
    -- MCMC Step: 08980000 	Time(s): 3139516.373934
    -- MCMC Step: 08990000 	Time(s): 3141867.710168
    -- MCMC Step: 09000000 	Time(s): 3144203.623099
    -- MCMC Step: 09010000 	Time(s): 3146532.405308
    -- MCMC Step: 09020000 	Time(s): 3148855.654758
    -- MCMC Step: 09030000 	Time(s): 3151173.194075
    -- MCMC Step: 09040000 	Time(s): 3153521.058040
    -- MCMC Step: 09050000 	Time(s): 3155845.561573
    -- MCMC Step: 09060000 	Time(s): 3158108.358079
    -- MCMC Step: 09070000 	Time(s): 3160370.378834
    -- MCMC Step: 09080000 	Time(s): 3162552.199101
    -- MCMC Step: 09090000 	Time(s): 3164652.536899
    -- MCMC Step: 09100000 	Time(s): 3166723.297308
    -- MCMC Step: 09110000 	Time(s): 3168715.279064
    -- MCMC Step: 09120000 	Time(s): 3170711.779469
    -- MCMC Step: 09130000 	Time(s): 3172630.525928
    -- MCMC Step: 09140000 	Time(s): 3174550.376934
    -- MCMC Step: 09150000 	Time(s): 3176483.850734
    -- MCMC Step: 09160000 	Time(s): 3178419.046813
    -- MCMC Step: 09170000 	Time(s): 3180320.746216
    -- MCMC Step: 09180000 	Time(s): 3182086.013175
    -- MCMC Step: 09190000 	Time(s): 3183761.035861
    -- MCMC Step: 09200000 	Time(s): 3185428.692560
    -- MCMC Step: 09210000 	Time(s): 3187109.110180
    -- MCMC Step: 09220000 	Time(s): 3188782.890081
    -- MCMC Step: 09230000 	Time(s): 3190460.165945
    -- MCMC Step: 09240000 	Time(s): 3192129.565154
    -- MCMC Step: 09250000 	Time(s): 3194041.726363
    -- MCMC Step: 09260000 	Time(s): 3196108.016963
    -- MCMC Step: 09270000 	Time(s): 3198240.860373
    -- MCMC Step: 09280000 	Time(s): 3200380.967032
    -- MCMC Step: 09290000 	Time(s): 3202517.420095
    -- MCMC Step: 09300000 	Time(s): 3204664.940067
    -- MCMC Step: 09310000 	Time(s): 3206816.628046
    -- MCMC Step: 09320000 	Time(s): 3208978.365658
    -- MCMC Step: 09330000 	Time(s): 3211145.226149
    -- MCMC Step: 09340000 	Time(s): 3213284.960399
    -- MCMC Step: 09350000 	Time(s): 3215422.267718
    -- MCMC Step: 09360000 	Time(s): 3217567.678835
    -- MCMC Step: 09370000 	Time(s): 3219717.287520
    -- MCMC Step: 09380000 	Time(s): 3221860.254310
    -- MCMC Step: 09390000 	Time(s): 3224002.056285
    -- MCMC Step: 09400000 	Time(s): 3226073.587127
    -- MCMC Step: 09410000 	Time(s): 3228030.462620
    -- MCMC Step: 09420000 	Time(s): 3229936.707486
    -- MCMC Step: 09430000 	Time(s): 3231857.224149
    -- MCMC Step: 09440000 	Time(s): 3233731.694579
    -- MCMC Step: 09450000 	Time(s): 3235658.970408
    -- MCMC Step: 09460000 	Time(s): 3237562.999163
    -- MCMC Step: 09470000 	Time(s): 3239460.925625
    -- MCMC Step: 09480000 	Time(s): 3241364.073661
    -- MCMC Step: 09490000 	Time(s): 3243285.583904
    -- MCMC Step: 09500000 	Time(s): 3245194.397233
    -- MCMC Step: 09510000 	Time(s): 3247097.415951
    -- MCMC Step: 09520000 	Time(s): 3249010.093086
    -- MCMC Step: 09530000 	Time(s): 3250925.941159
    -- MCMC Step: 09540000 	Time(s): 3252855.610765
    -- MCMC Step: 09550000 	Time(s): 3254730.653218
    -- MCMC Step: 09560000 	Time(s): 3256685.637788
    -- MCMC Step: 09570000 	Time(s): 3258601.238738
    -- MCMC Step: 09580000 	Time(s): 3260547.289293
    -- MCMC Step: 09590000 	Time(s): 3262462.377666
    -- MCMC Step: 09600000 	Time(s): 3264389.070678
    -- MCMC Step: 09610000 	Time(s): 3266318.721498
    -- MCMC Step: 09620000 	Time(s): 3268231.121551
    -- MCMC Step: 09630000 	Time(s): 3270142.639480
    -- MCMC Step: 09640000 	Time(s): 3272049.485859
    -- MCMC Step: 09650000 	Time(s): 3273956.167803
    -- MCMC Step: 09660000 	Time(s): 3275877.393569
    -- MCMC Step: 09670000 	Time(s): 3277808.904453
    -- MCMC Step: 09680000 	Time(s): 3279744.992827
    -- MCMC Step: 09690000 	Time(s): 3281711.609156
    -- MCMC Step: 09700000 	Time(s): 3283633.765527
    -- MCMC Step: 09710000 	Time(s): 3285498.333904
    -- MCMC Step: 09720000 	Time(s): 3287380.903386
    -- MCMC Step: 09730000 	Time(s): 3289266.965895
    -- MCMC Step: 09740000 	Time(s): 3291160.047580
    -- MCMC Step: 09750000 	Time(s): 3293053.207189
    -- MCMC Step: 09760000 	Time(s): 3294931.321486
    -- MCMC Step: 09770000 	Time(s): 3296825.264525
    -- MCMC Step: 09780000 	Time(s): 3298723.823254
    -- MCMC Step: 09790000 	Time(s): 3300621.193791
    -- MCMC Step: 09800000 	Time(s): 3302512.299913
    -- MCMC Step: 09810000 	Time(s): 3304414.175001
    -- MCMC Step: 09820000 	Time(s): 3306329.751893
    -- MCMC Step: 09830000 	Time(s): 3308295.768751
    -- MCMC Step: 09840000 	Time(s): 3310381.737896
    -- MCMC Step: 09850000 	Time(s): 3312380.432021
    -- MCMC Step: 09860000 	Time(s): 3314282.529848
    -- MCMC Step: 09870000 	Time(s): 3316188.693147
    -- MCMC Step: 09880000 	Time(s): 3318101.360161
    -- MCMC Step: 09890000 	Time(s): 3320017.083981
    -- MCMC Step: 09900000 	Time(s): 3321935.846016
    -- MCMC Step: 09910000 	Time(s): 3323855.530618
    -- MCMC Step: 09920000 	Time(s): 3325775.535085
    -- MCMC Step: 09930000 	Time(s): 3327701.402380
    -- MCMC Step: 09940000 	Time(s): 3329612.471484
    -- MCMC Step: 09950000 	Time(s): 3331521.218727
    -- MCMC Step: 09960000 	Time(s): 3333425.442353
    -- MCMC Step: 09970000 	Time(s): 3335350.866083
    -- MCMC Step: 09980000 	Time(s): 3337255.159423
    -- MCMC Step: 09990000 	Time(s): 3339126.918523
    -- MCMC Step: 10000000 	Time(s): 3340931.332424
  Saving final MCMC simulation data ...
****************************************
Done successfully!
Cumulative number of energy calculations: 10000002
Elapsed time: 3340935.0140736103 seconds
Finished on: 2023-11-03 17:08:35.540088
