Executed on: 2023-09-26 01:09:45.215259
PFP client version: 1.11.0
Model version: v3.0.0
Calculation mode: CRYSTAL_PLUS_D3
Method type: PFVM
****************************************
Examining NCM622 ...
  Importing initial (known) stable/unstable structures ...
    Supercell size: 5 × 4 × 1
    Number of atoms (perfect): 240
    Cell parameters (a, b, c): 2.873440, 2.877225, 14.130600
    Structural parameter range (min, max): 0.000000, 0.500000
    Number of discrete structural parameters: 60
    Structural parameter spacing: 0.008475
  Importing energies and 1-D DOS from previous WL simlation ...
    Energy range (min, max): -1075.388829, -1064.828767
    Number of energy states: 60
    Energy spacing (eV): 0.178984
  Performing multicanonical Monte Carlo (MCMC) sampling ...
    Number of NNP-neighbors: 11400
    Maximum number of Monte Carlo steps: 10000000
    Trial move style: swap
    -- MCMC Step: 00000000 	Time(s): 0.906747
    -- MCMC Step: 00010000 	Time(s): 1950.475949
    -- MCMC Step: 00020000 	Time(s): 4066.186449
    -- MCMC Step: 00030000 	Time(s): 6094.308533
    -- MCMC Step: 00040000 	Time(s): 8053.621506
    -- MCMC Step: 00050000 	Time(s): 9995.894320
    -- MCMC Step: 00060000 	Time(s): 12836.381910
    -- MCMC Step: 00070000 	Time(s): 15943.534633
    -- MCMC Step: 00080000 	Time(s): 19031.604024
    -- MCMC Step: 00090000 	Time(s): 22422.836855
    -- MCMC Step: 00100000 	Time(s): 25700.329897
    -- MCMC Step: 00110000 	Time(s): 28786.954432
    -- MCMC Step: 00120000 	Time(s): 31811.189655
    -- MCMC Step: 00130000 	Time(s): 34792.527606
    -- MCMC Step: 00140000 	Time(s): 37804.960645
    -- MCMC Step: 00150000 	Time(s): 40843.000302
    -- MCMC Step: 00160000 	Time(s): 43826.339520
    -- MCMC Step: 00170000 	Time(s): 46749.914365
    -- MCMC Step: 00180000 	Time(s): 49696.173594
    -- MCMC Step: 00190000 	Time(s): 52694.144368
    -- MCMC Step: 00200000 	Time(s): 55679.904704
    -- MCMC Step: 00210000 	Time(s): 58649.683576
    -- MCMC Step: 00220000 	Time(s): 61625.774179
    -- MCMC Step: 00230000 	Time(s): 64625.404099
    -- MCMC Step: 00240000 	Time(s): 67608.982080
    -- MCMC Step: 00250000 	Time(s): 70584.830942
    -- MCMC Step: 00260000 	Time(s): 73542.809000
    -- MCMC Step: 00270000 	Time(s): 76577.371433
    -- MCMC Step: 00280000 	Time(s): 79698.966696
    -- MCMC Step: 00290000 	Time(s): 82903.570790
    -- MCMC Step: 00300000 	Time(s): 86490.046226
    -- MCMC Step: 00310000 	Time(s): 90311.125652
    -- MCMC Step: 00320000 	Time(s): 93936.509855
    -- MCMC Step: 00330000 	Time(s): 97752.562989
    -- MCMC Step: 00340000 	Time(s): 101668.986536
    -- MCMC Step: 00350000 	Time(s): 105562.647573
    -- MCMC Step: 00360000 	Time(s): 109675.034534
    -- MCMC Step: 00370000 	Time(s): 113883.975235
    -- MCMC Step: 00380000 	Time(s): 118093.134143
    -- MCMC Step: 00390000 	Time(s): 122331.636935
    -- MCMC Step: 00400000 	Time(s): 126553.202105
    -- MCMC Step: 00410000 	Time(s): 130717.861753
    -- MCMC Step: 00420000 	Time(s): 134913.066608
    -- MCMC Step: 00430000 	Time(s): 139052.953303
    -- MCMC Step: 00440000 	Time(s): 143214.256158
    -- MCMC Step: 00450000 	Time(s): 147348.524590
    -- MCMC Step: 00460000 	Time(s): 151531.163688
    -- MCMC Step: 00470000 	Time(s): 155684.651563
    -- MCMC Step: 00480000 	Time(s): 159837.738266
    -- MCMC Step: 00490000 	Time(s): 163969.715330
    -- MCMC Step: 00500000 	Time(s): 168231.393264
    -- MCMC Step: 00510000 	Time(s): 172607.673039
    -- MCMC Step: 00520000 	Time(s): 176847.434314
    -- MCMC Step: 00530000 	Time(s): 180979.029485
    -- MCMC Step: 00540000 	Time(s): 185002.192288
    -- MCMC Step: 00550000 	Time(s): 188949.961869
    -- MCMC Step: 00560000 	Time(s): 193132.961106
    -- MCMC Step: 00570000 	Time(s): 197228.057525
    -- MCMC Step: 00580000 	Time(s): 201408.039485
    -- MCMC Step: 00590000 	Time(s): 205702.194561
    -- MCMC Step: 00600000 	Time(s): 209959.224930
    -- MCMC Step: 00610000 	Time(s): 214201.594218
    -- MCMC Step: 00620000 	Time(s): 218453.769870
    -- MCMC Step: 00630000 	Time(s): 222691.889083
    -- MCMC Step: 00640000 	Time(s): 226909.196915
    -- MCMC Step: 00650000 	Time(s): 231114.419900
    -- MCMC Step: 00660000 	Time(s): 235372.049219
    -- MCMC Step: 00670000 	Time(s): 239570.197253
    -- MCMC Step: 00680000 	Time(s): 243839.299035
    -- MCMC Step: 00690000 	Time(s): 248097.272248
    -- MCMC Step: 00700000 	Time(s): 252370.966868
    -- MCMC Step: 00710000 	Time(s): 256732.805897
    -- MCMC Step: 00720000 	Time(s): 261037.721184
    -- MCMC Step: 00730000 	Time(s): 265040.163264
    -- MCMC Step: 00740000 	Time(s): 269187.216358
    -- MCMC Step: 00750000 	Time(s): 273264.491372
    -- MCMC Step: 00760000 	Time(s): 277460.887719
    -- MCMC Step: 00770000 	Time(s): 281626.094531
    -- MCMC Step: 00780000 	Time(s): 285918.406087
    -- MCMC Step: 00790000 	Time(s): 290180.153631
    -- MCMC Step: 00800000 	Time(s): 294425.911327
    -- MCMC Step: 00810000 	Time(s): 298652.764333
    -- MCMC Step: 00820000 	Time(s): 302804.897828
    -- MCMC Step: 00830000 	Time(s): 307015.592206
    -- MCMC Step: 00840000 	Time(s): 311176.712005
    -- MCMC Step: 00850000 	Time(s): 315334.350642
    -- MCMC Step: 00860000 	Time(s): 319520.164058
    -- MCMC Step: 00870000 	Time(s): 323697.523061
    -- MCMC Step: 00880000 	Time(s): 327825.447314
    -- MCMC Step: 00890000 	Time(s): 332029.905841
    -- MCMC Step: 00900000 	Time(s): 336190.835708
    -- MCMC Step: 00910000 	Time(s): 340139.815818
    -- MCMC Step: 00920000 	Time(s): 344009.309293
    -- MCMC Step: 00930000 	Time(s): 347739.272079
    -- MCMC Step: 00940000 	Time(s): 351383.536511
    -- MCMC Step: 00950000 	Time(s): 354951.217768
    -- MCMC Step: 00960000 	Time(s): 358527.511877
    -- MCMC Step: 00970000 	Time(s): 362095.558996
    -- MCMC Step: 00980000 	Time(s): 365672.053213
    -- MCMC Step: 00990000 	Time(s): 369250.024791
    -- MCMC Step: 01000000 	Time(s): 372857.042528
    -- MCMC Step: 01010000 	Time(s): 376452.712070
    -- MCMC Step: 01020000 	Time(s): 380108.697161
    -- MCMC Step: 01030000 	Time(s): 383782.283256
    -- MCMC Step: 01040000 	Time(s): 387427.032554
    -- MCMC Step: 01050000 	Time(s): 391106.855008
    -- MCMC Step: 01060000 	Time(s): 394751.986078
    -- MCMC Step: 01070000 	Time(s): 398525.995452
    -- MCMC Step: 01080000 	Time(s): 402256.399802
    -- MCMC Step: 01090000 	Time(s): 406039.265674
    -- MCMC Step: 01100000 	Time(s): 409716.823345
    -- MCMC Step: 01110000 	Time(s): 413269.037273
    -- MCMC Step: 01120000 	Time(s): 415554.787333
    -- MCMC Step: 01130000 	Time(s): 418980.265246
    -- MCMC Step: 01140000 	Time(s): 422486.918113
    -- MCMC Step: 01150000 	Time(s): 426085.216556
    -- MCMC Step: 01160000 	Time(s): 429623.911082
    -- MCMC Step: 01170000 	Time(s): 433258.479562
    -- MCMC Step: 01180000 	Time(s): 437038.521153
    -- MCMC Step: 01190000 	Time(s): 440843.000931
    -- MCMC Step: 01200000 	Time(s): 444666.821963
    -- MCMC Step: 01210000 	Time(s): 448544.169241
    -- MCMC Step: 01220000 	Time(s): 452378.256338
    -- MCMC Step: 01230000 	Time(s): 456227.797163
    -- MCMC Step: 01240000 	Time(s): 460080.021230
    -- MCMC Step: 01250000 	Time(s): 463946.629444
    -- MCMC Step: 01260000 	Time(s): 467789.829059
    -- MCMC Step: 01270000 	Time(s): 471651.150956
    -- MCMC Step: 01280000 	Time(s): 475496.469651
    -- MCMC Step: 01290000 	Time(s): 479262.617114
    -- MCMC Step: 01300000 	Time(s): 483046.014452
    -- MCMC Step: 01310000 	Time(s): 486948.284755
    -- MCMC Step: 01320000 	Time(s): 490878.965350
    -- MCMC Step: 01330000 	Time(s): 494781.094827
    -- MCMC Step: 01340000 	Time(s): 498689.181222
    -- MCMC Step: 01350000 	Time(s): 502532.403553
    -- MCMC Step: 01360000 	Time(s): 506294.705969
    -- MCMC Step: 01370000 	Time(s): 510150.573745
    -- MCMC Step: 01380000 	Time(s): 513983.039717
    -- MCMC Step: 01390000 	Time(s): 517874.759446
    -- MCMC Step: 01400000 	Time(s): 521821.369345
    -- MCMC Step: 01410000 	Time(s): 525759.130381
    -- MCMC Step: 01420000 	Time(s): 529626.824066
    -- MCMC Step: 01430000 	Time(s): 533576.626308
    -- MCMC Step: 01440000 	Time(s): 537522.065377
    -- MCMC Step: 01450000 	Time(s): 541429.382332
    -- MCMC Step: 01460000 	Time(s): 545584.917288
    -- MCMC Step: 01470000 	Time(s): 550120.477669
    -- MCMC Step: 01480000 	Time(s): 554679.655272
    -- MCMC Step: 01490000 	Time(s): 559153.634482
    -- MCMC Step: 01500000 	Time(s): 563553.616703
    -- MCMC Step: 01510000 	Time(s): 567947.743385
    -- MCMC Step: 01520000 	Time(s): 572268.512963
    -- MCMC Step: 01530000 	Time(s): 576544.270863
    -- MCMC Step: 01540000 	Time(s): 580864.995977
    -- MCMC Step: 01550000 	Time(s): 585263.996230
    -- MCMC Step: 01560000 	Time(s): 589827.398937
    -- MCMC Step: 01570000 	Time(s): 594309.166181
    -- MCMC Step: 01580000 	Time(s): 598757.340406
    -- MCMC Step: 01590000 	Time(s): 602929.542570
    -- MCMC Step: 01600000 	Time(s): 607138.590636
    -- MCMC Step: 01610000 	Time(s): 610897.959129
    -- MCMC Step: 01620000 	Time(s): 614826.086536
    -- MCMC Step: 01630000 	Time(s): 618922.758393
    -- MCMC Step: 01640000 	Time(s): 622624.968668
    -- MCMC Step: 01650000 	Time(s): 626423.289077
    -- MCMC Step: 01660000 	Time(s): 630640.300780
    -- MCMC Step: 01670000 	Time(s): 634693.168436
    -- MCMC Step: 01680000 	Time(s): 638824.265634
    -- MCMC Step: 01690000 	Time(s): 643208.371588
    -- MCMC Step: 01700000 	Time(s): 647529.599356
    -- MCMC Step: 01710000 	Time(s): 651813.785288
    -- MCMC Step: 01720000 	Time(s): 656128.087173
    -- MCMC Step: 01730000 	Time(s): 660353.749970
    -- MCMC Step: 01740000 	Time(s): 664361.983625
    -- MCMC Step: 01750000 	Time(s): 668320.696068
    -- MCMC Step: 01760000 	Time(s): 672189.779260
    -- MCMC Step: 01770000 	Time(s): 676034.440165
    -- MCMC Step: 01780000 	Time(s): 679672.007519
    -- MCMC Step: 01790000 	Time(s): 683350.547571
    -- MCMC Step: 01800000 	Time(s): 687133.312372
    -- MCMC Step: 01810000 	Time(s): 691082.062920
    -- MCMC Step: 01820000 	Time(s): 694871.234894
    -- MCMC Step: 01830000 	Time(s): 698938.293255
    -- MCMC Step: 01840000 	Time(s): 702988.165472
    -- MCMC Step: 01850000 	Time(s): 706926.159947
    -- MCMC Step: 01860000 	Time(s): 710798.965248
    -- MCMC Step: 01870000 	Time(s): 714726.253657
    -- MCMC Step: 01880000 	Time(s): 718725.432453
    -- MCMC Step: 01890000 	Time(s): 722485.472777
    -- MCMC Step: 01900000 	Time(s): 726655.867183
    -- MCMC Step: 01910000 	Time(s): 731057.057420
    -- MCMC Step: 01920000 	Time(s): 735395.969410
    -- MCMC Step: 01930000 	Time(s): 739657.298980
    -- MCMC Step: 01940000 	Time(s): 743724.919220
    -- MCMC Step: 01950000 	Time(s): 747780.481023
    -- MCMC Step: 01960000 	Time(s): 751677.336471
    -- MCMC Step: 01970000 	Time(s): 755380.360252
    -- MCMC Step: 01980000 	Time(s): 758975.274462
    -- MCMC Step: 01990000 	Time(s): 762590.426601
    -- MCMC Step: 02000000 	Time(s): 766223.155154
    -- MCMC Step: 02010000 	Time(s): 769773.090748
    -- MCMC Step: 02020000 	Time(s): 773430.836785
    -- MCMC Step: 02030000 	Time(s): 776914.667885
    -- MCMC Step: 02040000 	Time(s): 780116.400692
    -- MCMC Step: 02050000 	Time(s): 783437.698109
    -- MCMC Step: 02060000 	Time(s): 786763.821562
    -- MCMC Step: 02070000 	Time(s): 790044.850216
    -- MCMC Step: 02080000 	Time(s): 793453.670592
    -- MCMC Step: 02090000 	Time(s): 797082.574693
    -- MCMC Step: 02100000 	Time(s): 800715.360196
    -- MCMC Step: 02110000 	Time(s): 804324.651214
    -- MCMC Step: 02120000 	Time(s): 808021.284319
    -- MCMC Step: 02130000 	Time(s): 811649.870240
    -- MCMC Step: 02140000 	Time(s): 815281.959104
    -- MCMC Step: 02150000 	Time(s): 818803.806729
    -- MCMC Step: 02160000 	Time(s): 822241.280361
    -- MCMC Step: 02170000 	Time(s): 825638.825988
    -- MCMC Step: 02180000 	Time(s): 829090.080532
    -- MCMC Step: 02190000 	Time(s): 832565.920972
    -- MCMC Step: 02200000 	Time(s): 836041.065584
    -- MCMC Step: 02210000 	Time(s): 839511.759674
    -- MCMC Step: 02220000 	Time(s): 842991.066499
    -- MCMC Step: 02230000 	Time(s): 846440.476430
    -- MCMC Step: 02240000 	Time(s): 849907.902205
    -- MCMC Step: 02250000 	Time(s): 853336.044208
    -- MCMC Step: 02260000 	Time(s): 856776.453752
    -- MCMC Step: 02270000 	Time(s): 860322.905438
    -- MCMC Step: 02280000 	Time(s): 864056.758691
    -- MCMC Step: 02290000 	Time(s): 867194.549557
    -- MCMC Step: 02300000 	Time(s): 870026.365463
    -- MCMC Step: 02310000 	Time(s): 873331.456070
    -- MCMC Step: 02320000 	Time(s): 876482.553361
    -- MCMC Step: 02330000 	Time(s): 879512.295141
    -- MCMC Step: 02340000 	Time(s): 882461.451883
    -- MCMC Step: 02350000 	Time(s): 885618.327863
    -- MCMC Step: 02360000 	Time(s): 888699.245171
    -- MCMC Step: 02370000 	Time(s): 891793.735068
    -- MCMC Step: 02380000 	Time(s): 894808.924783
    -- MCMC Step: 02390000 	Time(s): 898143.793483
    -- MCMC Step: 02400000 	Time(s): 901602.394514
    -- MCMC Step: 02410000 	Time(s): 905031.095729
    -- MCMC Step: 02420000 	Time(s): 908514.560606
    -- MCMC Step: 02430000 	Time(s): 911990.233082
    -- MCMC Step: 02440000 	Time(s): 915435.533240
    -- MCMC Step: 02450000 	Time(s): 918878.028167
    -- MCMC Step: 02460000 	Time(s): 922325.266660
    -- MCMC Step: 02470000 	Time(s): 925837.080540
    -- MCMC Step: 02480000 	Time(s): 929302.865648
    -- MCMC Step: 02490000 	Time(s): 932763.907269
    -- MCMC Step: 02500000 	Time(s): 936240.615587
    -- MCMC Step: 02510000 	Time(s): 939721.508607
    -- MCMC Step: 02520000 	Time(s): 943215.739917
    -- MCMC Step: 02530000 	Time(s): 946687.117326
    -- MCMC Step: 02540000 	Time(s): 950137.834933
    -- MCMC Step: 02550000 	Time(s): 953595.478086
    -- MCMC Step: 02560000 	Time(s): 957048.178181
    -- MCMC Step: 02570000 	Time(s): 960511.650339
    -- MCMC Step: 02580000 	Time(s): 963965.442333
    -- MCMC Step: 02590000 	Time(s): 967421.060308
    -- MCMC Step: 02600000 	Time(s): 970866.569494
    -- MCMC Step: 02610000 	Time(s): 974361.548157
    -- MCMC Step: 02620000 	Time(s): 977833.162310
    -- MCMC Step: 02630000 	Time(s): 981298.921142
    -- MCMC Step: 02640000 	Time(s): 984762.865366
    -- MCMC Step: 02650000 	Time(s): 988189.510609
    -- MCMC Step: 02660000 	Time(s): 991622.328257
    -- MCMC Step: 02670000 	Time(s): 995064.096262
    -- MCMC Step: 02680000 	Time(s): 998511.905619
    -- MCMC Step: 02690000 	Time(s): 1001943.923972
    -- MCMC Step: 02700000 	Time(s): 1005376.193652
    -- MCMC Step: 02710000 	Time(s): 1008824.161944
    -- MCMC Step: 02720000 	Time(s): 1012375.311641
    -- MCMC Step: 02730000 	Time(s): 1015932.672333
    -- MCMC Step: 02740000 	Time(s): 1019136.332042
    -- MCMC Step: 02750000 	Time(s): 1022366.905736
    -- MCMC Step: 02760000 	Time(s): 1025595.822397
    -- MCMC Step: 02770000 	Time(s): 1028816.070110
    -- MCMC Step: 02780000 	Time(s): 1032025.463223
    -- MCMC Step: 02790000 	Time(s): 1035246.071929
    -- MCMC Step: 02800000 	Time(s): 1038361.219544
    -- MCMC Step: 02810000 	Time(s): 1041443.654954
    -- MCMC Step: 02820000 	Time(s): 1044525.431781
    -- MCMC Step: 02830000 	Time(s): 1047601.500682
    -- MCMC Step: 02840000 	Time(s): 1050755.337585
    -- MCMC Step: 02850000 	Time(s): 1053954.885262
    -- MCMC Step: 02860000 	Time(s): 1057159.561131
    -- MCMC Step: 02870000 	Time(s): 1060348.532874
    -- MCMC Step: 02880000 	Time(s): 1063508.098583
    -- MCMC Step: 02890000 	Time(s): 1066689.871857
    -- MCMC Step: 02900000 	Time(s): 1069848.224538
    -- MCMC Step: 02910000 	Time(s): 1073009.754519
    -- MCMC Step: 02920000 	Time(s): 1076206.602913
    -- MCMC Step: 02930000 	Time(s): 1079374.785954
    -- MCMC Step: 02940000 	Time(s): 1082488.455504
    -- MCMC Step: 02950000 	Time(s): 1085477.998730
    -- MCMC Step: 02960000 	Time(s): 1088374.093741
    -- MCMC Step: 02970000 	Time(s): 1091220.464684
    -- MCMC Step: 02980000 	Time(s): 1094078.915637
    -- MCMC Step: 02990000 	Time(s): 1096945.994448
    -- MCMC Step: 03000000 	Time(s): 1099745.720943
    -- MCMC Step: 03010000 	Time(s): 1102521.553626
    -- MCMC Step: 03020000 	Time(s): 1105317.849466
    -- MCMC Step: 03030000 	Time(s): 1108013.306583
    -- MCMC Step: 03040000 	Time(s): 1110699.949447
    -- MCMC Step: 03050000 	Time(s): 1113437.743623
    -- MCMC Step: 03060000 	Time(s): 1116377.595285
    -- MCMC Step: 03070000 	Time(s): 1119321.488510
    -- MCMC Step: 03080000 	Time(s): 1122184.694326
    -- MCMC Step: 03090000 	Time(s): 1124998.189322
    -- MCMC Step: 03100000 	Time(s): 1127875.489479
    -- MCMC Step: 03110000 	Time(s): 1130744.299432
    -- MCMC Step: 03120000 	Time(s): 1133630.319010
    -- MCMC Step: 03130000 	Time(s): 1136522.924776
    -- MCMC Step: 03140000 	Time(s): 1139375.710084
    -- MCMC Step: 03150000 	Time(s): 1142182.830639
    -- MCMC Step: 03160000 	Time(s): 1144983.675034
    -- MCMC Step: 03170000 	Time(s): 1147772.943606
    -- MCMC Step: 03180000 	Time(s): 1150558.272454
    -- MCMC Step: 03190000 	Time(s): 1153320.768975
    -- MCMC Step: 03200000 	Time(s): 1156082.425190
    -- MCMC Step: 03210000 	Time(s): 1158877.191433
    -- MCMC Step: 03220000 	Time(s): 1161687.905056
    -- MCMC Step: 03230000 	Time(s): 1164463.892248
    -- MCMC Step: 03240000 	Time(s): 1167218.047302
    -- MCMC Step: 03250000 	Time(s): 1169946.119445
    -- MCMC Step: 03260000 	Time(s): 1172520.004920
    -- MCMC Step: 03270000 	Time(s): 1174997.900170
    -- MCMC Step: 03280000 	Time(s): 1177369.365558
    -- MCMC Step: 03290000 	Time(s): 1179684.640953
    -- MCMC Step: 03300000 	Time(s): 1182022.136938
    -- MCMC Step: 03310000 	Time(s): 1184354.928622
    -- MCMC Step: 03320000 	Time(s): 1186703.560302
    -- MCMC Step: 03330000 	Time(s): 1189027.809366
    -- MCMC Step: 03340000 	Time(s): 1191349.708313
    -- MCMC Step: 03350000 	Time(s): 1193668.693658
    -- MCMC Step: 03360000 	Time(s): 1196001.851992
    -- MCMC Step: 03370000 	Time(s): 1198543.478595
    -- MCMC Step: 03380000 	Time(s): 1200989.968774
    -- MCMC Step: 03390000 	Time(s): 1203384.982957
    -- MCMC Step: 03400000 	Time(s): 1205601.575753
    -- MCMC Step: 03410000 	Time(s): 1207907.589951
    -- MCMC Step: 03420000 	Time(s): 1210293.679721
    -- MCMC Step: 03430000 	Time(s): 1212901.266950
    -- MCMC Step: 03440000 	Time(s): 1215594.293199
    -- MCMC Step: 03450000 	Time(s): 1218392.849074
    CAUTION: New unstable configuration found! E -1064.813251
    -- MCMC Step: 03460000 	Time(s): 1221288.284458
    -- MCMC Step: 03470000 	Time(s): 1224273.321256
    -- MCMC Step: 03480000 	Time(s): 1227318.623518
    -- MCMC Step: 03490000 	Time(s): 1230490.886256
    -- MCMC Step: 03500000 	Time(s): 1233510.830204
    -- MCMC Step: 03510000 	Time(s): 1236547.215659
    -- MCMC Step: 03520000 	Time(s): 1239634.434638
    -- MCMC Step: 03530000 	Time(s): 1242630.249320
    -- MCMC Step: 03540000 	Time(s): 1245544.342795
    -- MCMC Step: 03550000 	Time(s): 1248398.504760
    -- MCMC Step: 03560000 	Time(s): 1251398.235122
    -- MCMC Step: 03570000 	Time(s): 1254403.318366
    -- MCMC Step: 03580000 	Time(s): 1257435.302156
    -- MCMC Step: 03590000 	Time(s): 1260496.995834
    -- MCMC Step: 03600000 	Time(s): 1263583.092874
    -- MCMC Step: 03610000 	Time(s): 1266645.104938
    -- MCMC Step: 03620000 	Time(s): 1269692.348595
    -- MCMC Step: 03630000 	Time(s): 1272726.606139
    -- MCMC Step: 03640000 	Time(s): 1275778.939442
    -- MCMC Step: 03650000 	Time(s): 1278791.450501
    -- MCMC Step: 03660000 	Time(s): 1281793.344369
    -- MCMC Step: 03670000 	Time(s): 1284856.897645
    -- MCMC Step: 03680000 	Time(s): 1287896.770537
    -- MCMC Step: 03690000 	Time(s): 1290969.207627
    -- MCMC Step: 03700000 	Time(s): 1294041.417515
    -- MCMC Step: 03710000 	Time(s): 1296997.814479
    -- MCMC Step: 03720000 	Time(s): 1299844.200313
    -- MCMC Step: 03730000 	Time(s): 1302584.436016
    -- MCMC Step: 03740000 	Time(s): 1305564.402172
    -- MCMC Step: 03750000 	Time(s): 1308628.240384
    -- MCMC Step: 03760000 	Time(s): 1312147.942629
    -- MCMC Step: 03770000 	Time(s): 1315726.257395
    -- MCMC Step: 03780000 	Time(s): 1319392.445240
    -- MCMC Step: 03790000 	Time(s): 1323116.464177
    -- MCMC Step: 03800000 	Time(s): 1326853.003371
    -- MCMC Step: 03810000 	Time(s): 1330529.610465
    -- MCMC Step: 03820000 	Time(s): 1334148.824857
    -- MCMC Step: 03830000 	Time(s): 1337747.512348
    -- MCMC Step: 03840000 	Time(s): 1341152.749974
    -- MCMC Step: 03850000 	Time(s): 1344719.254568
    -- MCMC Step: 03860000 	Time(s): 1348361.904730
    -- MCMC Step: 03870000 	Time(s): 1351955.978201
    -- MCMC Step: 03880000 	Time(s): 1355582.810993
    -- MCMC Step: 03890000 	Time(s): 1359161.723046
    -- MCMC Step: 03900000 	Time(s): 1362632.591811
    -- MCMC Step: 03910000 	Time(s): 1366047.783889
    -- MCMC Step: 03920000 	Time(s): 1369459.680886
    -- MCMC Step: 03930000 	Time(s): 1372812.018022
    -- MCMC Step: 03940000 	Time(s): 1376055.014190
    -- MCMC Step: 03950000 	Time(s): 1379174.269197
    -- MCMC Step: 03960000 	Time(s): 1382592.389401
    -- MCMC Step: 03970000 	Time(s): 1385873.978681
    -- MCMC Step: 03980000 	Time(s): 1389216.728898
    -- MCMC Step: 03990000 	Time(s): 1392568.009029
    -- MCMC Step: 04000000 	Time(s): 1396013.679081
    -- MCMC Step: 04010000 	Time(s): 1399444.156959
    -- MCMC Step: 04020000 	Time(s): 1402754.022375
    -- MCMC Step: 04030000 	Time(s): 1406126.809445
    -- MCMC Step: 04040000 	Time(s): 1409777.051262
    -- MCMC Step: 04050000 	Time(s): 1413395.325124
    -- MCMC Step: 04060000 	Time(s): 1417038.931148
    -- MCMC Step: 04070000 	Time(s): 1420678.974857
    -- MCMC Step: 04080000 	Time(s): 1424220.444400
    -- MCMC Step: 04090000 	Time(s): 1427831.780348
    -- MCMC Step: 04100000 	Time(s): 1431422.994663
    -- MCMC Step: 04110000 	Time(s): 1434760.545740
    -- MCMC Step: 04120000 	Time(s): 1438056.895110
    -- MCMC Step: 04130000 	Time(s): 1441175.717848
    -- MCMC Step: 04140000 	Time(s): 1444303.783738
    -- MCMC Step: 04150000 	Time(s): 1447416.722078
    -- MCMC Step: 04160000 	Time(s): 1450497.729560
    -- MCMC Step: 04170000 	Time(s): 1453491.355891
    -- MCMC Step: 04180000 	Time(s): 1456490.371900
    -- MCMC Step: 04190000 	Time(s): 1459494.380146
    -- MCMC Step: 04200000 	Time(s): 1462541.939276
    -- MCMC Step: 04210000 	Time(s): 1465479.922339
    -- MCMC Step: 04220000 	Time(s): 1468631.525506
    -- MCMC Step: 04230000 	Time(s): 1472296.994489
    -- MCMC Step: 04240000 	Time(s): 1476337.116300
    -- MCMC Step: 04250000 	Time(s): 1480568.048698
    -- MCMC Step: 04260000 	Time(s): 1484748.950237
    -- MCMC Step: 04270000 	Time(s): 1489055.946877
    -- MCMC Step: 04280000 	Time(s): 1493111.724009
    -- MCMC Step: 04290000 	Time(s): 1497109.928311
    -- MCMC Step: 04300000 	Time(s): 1501017.247908
    -- MCMC Step: 04310000 	Time(s): 1504961.379735
    -- MCMC Step: 04320000 	Time(s): 1509084.723271
    -- MCMC Step: 04330000 	Time(s): 1513240.466051
    -- MCMC Step: 04340000 	Time(s): 1517381.813206
    -- MCMC Step: 04350000 	Time(s): 1521494.273487
    -- MCMC Step: 04360000 	Time(s): 1525637.533384
    -- MCMC Step: 04370000 	Time(s): 1529740.704611
    -- MCMC Step: 04380000 	Time(s): 1533651.963352
    -- MCMC Step: 04390000 	Time(s): 1537398.809696
    -- MCMC Step: 04400000 	Time(s): 1541113.124731
    -- MCMC Step: 04410000 	Time(s): 1544875.365601
    -- MCMC Step: 04420000 	Time(s): 1548391.047172
    -- MCMC Step: 04430000 	Time(s): 1552098.498925
    -- MCMC Step: 04440000 	Time(s): 1555895.004952
    -- MCMC Step: 04450000 	Time(s): 1559651.996886
    -- MCMC Step: 04460000 	Time(s): 1563458.465635
    -- MCMC Step: 04470000 	Time(s): 1567246.810974
    -- MCMC Step: 04480000 	Time(s): 1571029.268547
    -- MCMC Step: 04490000 	Time(s): 1574856.644165
    -- MCMC Step: 04500000 	Time(s): 1578685.675586
    -- MCMC Step: 04510000 	Time(s): 1582488.198029
    -- MCMC Step: 04520000 	Time(s): 1586324.062151
    -- MCMC Step: 04530000 	Time(s): 1590152.419917
    -- MCMC Step: 04540000 	Time(s): 1593994.562274
    -- MCMC Step: 04550000 	Time(s): 1597798.714052
    -- MCMC Step: 04560000 	Time(s): 1601538.074057
    -- MCMC Step: 04570000 	Time(s): 1605321.187927
    -- MCMC Step: 04580000 	Time(s): 1609123.709252
    -- MCMC Step: 04590000 	Time(s): 1612831.950276
    -- MCMC Step: 04600000 	Time(s): 1616371.864946
    -- MCMC Step: 04610000 	Time(s): 1619939.853258
    -- MCMC Step: 04620000 	Time(s): 1623465.550826
    -- MCMC Step: 04630000 	Time(s): 1626979.687536
    -- MCMC Step: 04640000 	Time(s): 1630499.530572
    -- MCMC Step: 04650000 	Time(s): 1634030.410339
    -- MCMC Step: 04660000 	Time(s): 1637554.844133
    -- MCMC Step: 04670000 	Time(s): 1641072.616583
    -- MCMC Step: 04680000 	Time(s): 1644596.331072
    -- MCMC Step: 04690000 	Time(s): 1648157.423831
    -- MCMC Step: 04700000 	Time(s): 1651641.255583
    -- MCMC Step: 04710000 	Time(s): 1655183.905126
    -- MCMC Step: 04720000 	Time(s): 1658743.139625
    -- MCMC Step: 04730000 	Time(s): 1662300.001887
    -- MCMC Step: 04740000 	Time(s): 1665882.871190
    -- MCMC Step: 04750000 	Time(s): 1669407.041964
    -- MCMC Step: 04760000 	Time(s): 1672918.685885
    -- MCMC Step: 04770000 	Time(s): 1676347.597986
    -- MCMC Step: 04780000 	Time(s): 1679797.588512
    -- MCMC Step: 04790000 	Time(s): 1683274.649060
    -- MCMC Step: 04800000 	Time(s): 1686704.494012
    -- MCMC Step: 04810000 	Time(s): 1690067.248090
    -- MCMC Step: 04820000 	Time(s): 1693381.270652
    -- MCMC Step: 04830000 	Time(s): 1696663.713172
    -- MCMC Step: 04840000 	Time(s): 1699948.124737
    -- MCMC Step: 04850000 	Time(s): 1703182.732219
    -- MCMC Step: 04860000 	Time(s): 1706227.718470
    -- MCMC Step: 04870000 	Time(s): 1709271.726376
    -- MCMC Step: 04880000 	Time(s): 1712046.327387
    -- MCMC Step: 04890000 	Time(s): 1715057.325081
    -- MCMC Step: 04900000 	Time(s): 1718074.060947
    -- MCMC Step: 04910000 	Time(s): 1721059.220479
    -- MCMC Step: 04920000 	Time(s): 1723925.791715
    -- MCMC Step: 04930000 	Time(s): 1726730.105475
    -- MCMC Step: 04940000 	Time(s): 1729225.059884
    -- MCMC Step: 04950000 	Time(s): 1732034.658579
    -- MCMC Step: 04960000 	Time(s): 1735050.160349
    -- MCMC Step: 04970000 	Time(s): 1738021.915734
    -- MCMC Step: 04980000 	Time(s): 1740889.614217
    -- MCMC Step: 04990000 	Time(s): 1743839.199073
    -- MCMC Step: 05000000 	Time(s): 1746746.756954
    -- MCMC Step: 05010000 	Time(s): 1749810.197212
    -- MCMC Step: 05020000 	Time(s): 1753210.923485
    -- MCMC Step: 05030000 	Time(s): 1756730.839927
    -- MCMC Step: 05040000 	Time(s): 1760210.760656
    -- MCMC Step: 05050000 	Time(s): 1763792.802352
    -- MCMC Step: 05060000 	Time(s): 1767389.543903
    -- MCMC Step: 05070000 	Time(s): 1770953.676001
    -- MCMC Step: 05080000 	Time(s): 1774511.569133
    -- MCMC Step: 05090000 	Time(s): 1778141.235857
    -- MCMC Step: 05100000 	Time(s): 1781728.365485
    -- MCMC Step: 05110000 	Time(s): 1785312.383338
    -- MCMC Step: 05120000 	Time(s): 1788898.153584
    -- MCMC Step: 05130000 	Time(s): 1792501.567777
    -- MCMC Step: 05140000 	Time(s): 1795569.139931
    -- MCMC Step: 05150000 	Time(s): 1798398.919637
    -- MCMC Step: 05160000 	Time(s): 1801267.699528
    -- MCMC Step: 05170000 	Time(s): 1804126.054646
    -- MCMC Step: 05180000 	Time(s): 1807013.989717
    -- MCMC Step: 05190000 	Time(s): 1810603.235126
    -- MCMC Step: 05200000 	Time(s): 1814338.491567
    -- MCMC Step: 05210000 	Time(s): 1817730.962600
    -- MCMC Step: 05220000 	Time(s): 1821534.012179
    -- MCMC Step: 05230000 	Time(s): 1825232.784321
    -- MCMC Step: 05240000 	Time(s): 1829133.584311
    -- MCMC Step: 05250000 	Time(s): 1833076.837052
    -- MCMC Step: 05260000 	Time(s): 1836987.971705
    -- MCMC Step: 05270000 	Time(s): 1840942.040935
    -- MCMC Step: 05280000 	Time(s): 1844759.573646
    -- MCMC Step: 05290000 	Time(s): 1848631.551875
    -- MCMC Step: 05300000 	Time(s): 1852564.683956
    -- MCMC Step: 05310000 	Time(s): 1856704.633354
    -- MCMC Step: 05320000 	Time(s): 1860964.066006
    -- MCMC Step: 05330000 	Time(s): 1864927.237341
    -- MCMC Step: 05340000 	Time(s): 1868790.020925
    -- MCMC Step: 05350000 	Time(s): 1872628.296422
    -- MCMC Step: 05360000 	Time(s): 1876473.758838
    -- MCMC Step: 05370000 	Time(s): 1880245.050508
    -- MCMC Step: 05380000 	Time(s): 1883857.080233
    -- MCMC Step: 05390000 	Time(s): 1887509.947577
    -- MCMC Step: 05400000 	Time(s): 1891113.216365
    -- MCMC Step: 05410000 	Time(s): 1894745.134782
    -- MCMC Step: 05420000 	Time(s): 1898556.453613
    -- MCMC Step: 05430000 	Time(s): 1902096.915154
    -- MCMC Step: 05440000 	Time(s): 1905756.119392
    -- MCMC Step: 05450000 	Time(s): 1909554.262430
    -- MCMC Step: 05460000 	Time(s): 1913467.114166
    -- MCMC Step: 05470000 	Time(s): 1917446.369688
    -- MCMC Step: 05480000 	Time(s): 1921494.950899
    -- MCMC Step: 05490000 	Time(s): 1925407.384369
    -- MCMC Step: 05500000 	Time(s): 1929254.327963
    -- MCMC Step: 05510000 	Time(s): 1932996.614720
    -- MCMC Step: 05520000 	Time(s): 1936707.756684
    -- MCMC Step: 05530000 	Time(s): 1940574.414910
    -- MCMC Step: 05540000 	Time(s): 1944597.680074
    -- MCMC Step: 05550000 	Time(s): 1948585.370566
    -- MCMC Step: 05560000 	Time(s): 1952537.422191
    -- MCMC Step: 05570000 	Time(s): 1956470.052968
    -- MCMC Step: 05580000 	Time(s): 1960405.080856
    -- MCMC Step: 05590000 	Time(s): 1964302.522223
    -- MCMC Step: 05600000 	Time(s): 1968174.779958
    -- MCMC Step: 05610000 	Time(s): 1972072.185890
    -- MCMC Step: 05620000 	Time(s): 1975909.260776
    -- MCMC Step: 05630000 	Time(s): 1979712.568463
    -- MCMC Step: 05640000 	Time(s): 1983759.855161
    -- MCMC Step: 05650000 	Time(s): 1988036.358833
    -- MCMC Step: 05660000 	Time(s): 1992128.849207
    -- MCMC Step: 05670000 	Time(s): 1996174.052757
    -- MCMC Step: 05680000 	Time(s): 2000164.336969
    -- MCMC Step: 05690000 	Time(s): 2004215.759843
    -- MCMC Step: 05700000 	Time(s): 2008184.864993
    -- MCMC Step: 05710000 	Time(s): 2012088.242529
    -- MCMC Step: 05720000 	Time(s): 2016176.030212
    -- MCMC Step: 05730000 	Time(s): 2020192.986258
    -- MCMC Step: 05740000 	Time(s): 2024214.590584
    -- MCMC Step: 05750000 	Time(s): 2028195.891448
    -- MCMC Step: 05760000 	Time(s): 2032189.742667
    -- MCMC Step: 05770000 	Time(s): 2036106.942758
    -- MCMC Step: 05780000 	Time(s): 2039702.762153
    -- MCMC Step: 05790000 	Time(s): 2043324.990312
    -- MCMC Step: 05800000 	Time(s): 2046614.898810
    -- MCMC Step: 05810000 	Time(s): 2049969.589465
    -- MCMC Step: 05820000 	Time(s): 2053240.096631
    -- MCMC Step: 05830000 	Time(s): 2056229.184229
    -- MCMC Step: 05840000 	Time(s): 2059181.050637
    -- MCMC Step: 05850000 	Time(s): 2062127.612964
    -- MCMC Step: 05860000 	Time(s): 2065517.522025
    -- MCMC Step: 05870000 	Time(s): 2069411.924131
    -- MCMC Step: 05880000 	Time(s): 2073542.586735
    -- MCMC Step: 05890000 	Time(s): 2077464.948315
    -- MCMC Step: 05900000 	Time(s): 2081295.950682
    -- MCMC Step: 05910000 	Time(s): 2085218.087868
    -- MCMC Step: 05920000 	Time(s): 2089072.333959
    -- MCMC Step: 05930000 	Time(s): 2092950.599113
    -- MCMC Step: 05940000 	Time(s): 2096841.525476
    -- MCMC Step: 05950000 	Time(s): 2100774.249636
    -- MCMC Step: 05960000 	Time(s): 2104739.785891
    -- MCMC Step: 05970000 	Time(s): 2108685.570722
    -- MCMC Step: 05980000 	Time(s): 2112765.906392
    -- MCMC Step: 05990000 	Time(s): 2116749.108623
    -- MCMC Step: 06000000 	Time(s): 2120663.114965
    -- MCMC Step: 06010000 	Time(s): 2124523.017270
    -- MCMC Step: 06020000 	Time(s): 2128282.164108
    -- MCMC Step: 06030000 	Time(s): 2131967.752919
    -- MCMC Step: 06040000 	Time(s): 2135576.051545
    -- MCMC Step: 06050000 	Time(s): 2139168.002819
    -- MCMC Step: 06060000 	Time(s): 2142751.770798
    -- MCMC Step: 06070000 	Time(s): 2146300.452069
    -- MCMC Step: 06080000 	Time(s): 2149849.600949
    -- MCMC Step: 06090000 	Time(s): 2153440.212584
    -- MCMC Step: 06100000 	Time(s): 2156989.364636
    -- MCMC Step: 06110000 	Time(s): 2160568.030109
    -- MCMC Step: 06120000 	Time(s): 2164127.937246
    -- MCMC Step: 06130000 	Time(s): 2167720.588226
    -- MCMC Step: 06140000 	Time(s): 2171313.298177
    -- MCMC Step: 06150000 	Time(s): 2174949.933767
    -- MCMC Step: 06160000 	Time(s): 2178533.755036
    -- MCMC Step: 06170000 	Time(s): 2182011.746794
    -- MCMC Step: 06180000 	Time(s): 2185516.036870
    -- MCMC Step: 06190000 	Time(s): 2189290.199844
    -- MCMC Step: 06200000 	Time(s): 2193124.453862
    -- MCMC Step: 06210000 	Time(s): 2196879.430734
    -- MCMC Step: 06220000 	Time(s): 2200649.099208
    -- MCMC Step: 06230000 	Time(s): 2204405.373491
    -- MCMC Step: 06240000 	Time(s): 2208107.880407
    -- MCMC Step: 06250000 	Time(s): 2211800.298639
    -- MCMC Step: 06260000 	Time(s): 2215334.015865
    -- MCMC Step: 06270000 	Time(s): 2218940.316635
    -- MCMC Step: 06280000 	Time(s): 2222560.608129
    -- MCMC Step: 06290000 	Time(s): 2226257.659093
    -- MCMC Step: 06300000 	Time(s): 2229988.940420
    -- MCMC Step: 06310000 	Time(s): 2233762.766060
    -- MCMC Step: 06320000 	Time(s): 2237571.910396
    -- MCMC Step: 06330000 	Time(s): 2241383.710905
    -- MCMC Step: 06340000 	Time(s): 2245226.533455
    -- MCMC Step: 06350000 	Time(s): 2249020.844352
    -- MCMC Step: 06360000 	Time(s): 2252799.210253
    -- MCMC Step: 06370000 	Time(s): 2256598.577499
    -- MCMC Step: 06380000 	Time(s): 2260366.178385
    -- MCMC Step: 06390000 	Time(s): 2264061.356183
    -- MCMC Step: 06400000 	Time(s): 2267820.597826
    -- MCMC Step: 06410000 	Time(s): 2271573.962931
    -- MCMC Step: 06420000 	Time(s): 2275295.935061
    -- MCMC Step: 06430000 	Time(s): 2278966.797507
    -- MCMC Step: 06440000 	Time(s): 2282700.425445
    -- MCMC Step: 06450000 	Time(s): 2286465.315933
    -- MCMC Step: 06460000 	Time(s): 2290226.848552
    -- MCMC Step: 06470000 	Time(s): 2293997.588313
    -- MCMC Step: 06480000 	Time(s): 2297736.464510
    -- MCMC Step: 06490000 	Time(s): 2301421.174687
    -- MCMC Step: 06500000 	Time(s): 2305190.273062
    -- MCMC Step: 06510000 	Time(s): 2308966.160102
    -- MCMC Step: 06520000 	Time(s): 2312761.486886
    -- MCMC Step: 06530000 	Time(s): 2316474.450559
    -- MCMC Step: 06540000 	Time(s): 2320189.836039
    -- MCMC Step: 06550000 	Time(s): 2323930.444624
    -- MCMC Step: 06560000 	Time(s): 2327669.909029
    -- MCMC Step: 06570000 	Time(s): 2331395.156892
    -- MCMC Step: 06580000 	Time(s): 2335127.081468
    -- MCMC Step: 06590000 	Time(s): 2338977.795269
    -- MCMC Step: 06600000 	Time(s): 2342653.517603
    -- MCMC Step: 06610000 	Time(s): 2346441.153138
    -- MCMC Step: 06620000 	Time(s): 2350260.723030
    -- MCMC Step: 06630000 	Time(s): 2354163.873205
    -- MCMC Step: 06640000 	Time(s): 2357945.632306
    -- MCMC Step: 06650000 	Time(s): 2361691.807952
    -- MCMC Step: 06660000 	Time(s): 2365414.758668
    -- MCMC Step: 06670000 	Time(s): 2369126.768055
    -- MCMC Step: 06680000 	Time(s): 2372659.819068
    -- MCMC Step: 06690000 	Time(s): 2375786.234618
    -- MCMC Step: 06700000 	Time(s): 2378901.104943
    -- MCMC Step: 06710000 	Time(s): 2382021.761590
    -- MCMC Step: 06720000 	Time(s): 2385127.947829
    -- MCMC Step: 06730000 	Time(s): 2388225.878988
    -- MCMC Step: 06740000 	Time(s): 2391341.252869
    -- MCMC Step: 06750000 	Time(s): 2394488.559702
    -- MCMC Step: 06760000 	Time(s): 2397635.239741
    -- MCMC Step: 06770000 	Time(s): 2400806.647727
    -- MCMC Step: 06780000 	Time(s): 2404005.559382
    -- MCMC Step: 06790000 	Time(s): 2407162.370813
    -- MCMC Step: 06800000 	Time(s): 2410333.155319
    -- MCMC Step: 06810000 	Time(s): 2413491.075032
    -- MCMC Step: 06820000 	Time(s): 2416624.946290
    -- MCMC Step: 06830000 	Time(s): 2419726.993677
    -- MCMC Step: 06840000 	Time(s): 2422979.292490
    -- MCMC Step: 06850000 	Time(s): 2425912.408315
    -- MCMC Step: 06860000 	Time(s): 2428723.437315
    -- MCMC Step: 06870000 	Time(s): 2431607.886708
    -- MCMC Step: 06880000 	Time(s): 2434502.206080
    -- MCMC Step: 06890000 	Time(s): 2437371.813863
    -- MCMC Step: 06900000 	Time(s): 2440230.021146
    -- MCMC Step: 06910000 	Time(s): 2443176.791648
    -- MCMC Step: 06920000 	Time(s): 2446121.724001
    -- MCMC Step: 06930000 	Time(s): 2449069.155819
    -- MCMC Step: 06940000 	Time(s): 2451998.812196
    -- MCMC Step: 06950000 	Time(s): 2454864.979210
    -- MCMC Step: 06960000 	Time(s): 2457777.155568
    -- MCMC Step: 06970000 	Time(s): 2460703.905731
    -- MCMC Step: 06980000 	Time(s): 2463642.370785
    -- MCMC Step: 06990000 	Time(s): 2466528.241365
    -- MCMC Step: 07000000 	Time(s): 2469329.052387
    -- MCMC Step: 07010000 	Time(s): 2472069.626869
    -- MCMC Step: 07020000 	Time(s): 2474793.720886
    -- MCMC Step: 07030000 	Time(s): 2477510.313061
    -- MCMC Step: 07040000 	Time(s): 2480229.969377
    -- MCMC Step: 07050000 	Time(s): 2483025.031171
    -- MCMC Step: 07060000 	Time(s): 2485868.252561
    -- MCMC Step: 07070000 	Time(s): 2488720.853282
    -- MCMC Step: 07080000 	Time(s): 2491544.988882
    -- MCMC Step: 07090000 	Time(s): 2494262.977513
    -- MCMC Step: 07100000 	Time(s): 2496970.189733
    -- MCMC Step: 07110000 	Time(s): 2499483.271335
    -- MCMC Step: 07120000 	Time(s): 2502003.461666
    -- MCMC Step: 07130000 	Time(s): 2504811.598857
    -- MCMC Step: 07140000 	Time(s): 2508315.103354
    -- MCMC Step: 07150000 	Time(s): 2511744.838169
    -- MCMC Step: 07160000 	Time(s): 2515289.002687
    -- MCMC Step: 07170000 	Time(s): 2518823.419525
    -- MCMC Step: 07180000 	Time(s): 2522392.694186
    -- MCMC Step: 07190000 	Time(s): 2526158.947385
    -- MCMC Step: 07200000 	Time(s): 2530023.911749
    -- MCMC Step: 07210000 	Time(s): 2533987.033549
    -- MCMC Step: 07220000 	Time(s): 2537970.131625
    -- MCMC Step: 07230000 	Time(s): 2542071.668788
    -- MCMC Step: 07240000 	Time(s): 2546212.965186
    -- MCMC Step: 07250000 	Time(s): 2550203.833102
    -- MCMC Step: 07260000 	Time(s): 2554247.357544
    -- MCMC Step: 07270000 	Time(s): 2558201.034474
    -- MCMC Step: 07280000 	Time(s): 2562170.077395
    -- MCMC Step: 07290000 	Time(s): 2566243.339427
    -- MCMC Step: 07300000 	Time(s): 2570357.490943
    -- MCMC Step: 07310000 	Time(s): 2574404.446424
    -- MCMC Step: 07320000 	Time(s): 2578592.867472
    -- MCMC Step: 07330000 	Time(s): 2582829.936118
    -- MCMC Step: 07340000 	Time(s): 2587008.455142
    -- MCMC Step: 07350000 	Time(s): 2591213.202887
    -- MCMC Step: 07360000 	Time(s): 2595358.322638
    -- MCMC Step: 07370000 	Time(s): 2599358.195208
    -- MCMC Step: 07380000 	Time(s): 2603197.071944
    -- MCMC Step: 07390000 	Time(s): 2607231.315116
    -- MCMC Step: 07400000 	Time(s): 2611421.199122
    -- MCMC Step: 07410000 	Time(s): 2615319.531657
    -- MCMC Step: 07420000 	Time(s): 2619202.812119
    -- MCMC Step: 07430000 	Time(s): 2623089.499448
    -- MCMC Step: 07440000 	Time(s): 2627017.862418
    -- MCMC Step: 07450000 	Time(s): 2630968.455296
    -- MCMC Step: 07460000 	Time(s): 2635025.792650
    -- MCMC Step: 07470000 	Time(s): 2639007.010478
    -- MCMC Step: 07480000 	Time(s): 2643000.809954
    -- MCMC Step: 07490000 	Time(s): 2646964.320347
    -- MCMC Step: 07500000 	Time(s): 2651015.980150
    -- MCMC Step: 07510000 	Time(s): 2655058.031100
    -- MCMC Step: 07520000 	Time(s): 2659027.170886
    -- MCMC Step: 07530000 	Time(s): 2662972.729163
    -- MCMC Step: 07540000 	Time(s): 2666929.243362
    -- MCMC Step: 07550000 	Time(s): 2670761.982725
    -- MCMC Step: 07560000 	Time(s): 2674488.150751
    -- MCMC Step: 07570000 	Time(s): 2678366.262076
    -- MCMC Step: 07580000 	Time(s): 2681377.178677
    -- MCMC Step: 07590000 	Time(s): 2685041.764394
    -- MCMC Step: 07600000 	Time(s): 2688670.145336
    -- MCMC Step: 07610000 	Time(s): 2692328.757243
    -- MCMC Step: 07620000 	Time(s): 2696107.192332
    -- MCMC Step: 07630000 	Time(s): 2699788.624475
    -- MCMC Step: 07640000 	Time(s): 2703450.601128
    -- MCMC Step: 07650000 	Time(s): 2707048.805765
    -- MCMC Step: 07660000 	Time(s): 2710801.385131
    -- MCMC Step: 07670000 	Time(s): 2714587.633091
    -- MCMC Step: 07680000 	Time(s): 2718467.900664
    -- MCMC Step: 07690000 	Time(s): 2722315.636151
    -- MCMC Step: 07700000 	Time(s): 2726068.966651
    -- MCMC Step: 07710000 	Time(s): 2729858.770156
    -- MCMC Step: 07720000 	Time(s): 2733774.977530
    -- MCMC Step: 07730000 	Time(s): 2737791.326684
    -- MCMC Step: 07740000 	Time(s): 2741762.557257
    -- MCMC Step: 07750000 	Time(s): 2745653.616898
    -- MCMC Step: 07760000 	Time(s): 2749607.911408
    -- MCMC Step: 07770000 	Time(s): 2753625.971151
    -- MCMC Step: 07780000 	Time(s): 2757615.598310
    -- MCMC Step: 07790000 	Time(s): 2761516.934923
    -- MCMC Step: 07800000 	Time(s): 2765364.108923
    -- MCMC Step: 07810000 	Time(s): 2769196.210426
    -- MCMC Step: 07820000 	Time(s): 2773081.973963
    -- MCMC Step: 07830000 	Time(s): 2776901.726503
    -- MCMC Step: 07840000 	Time(s): 2780665.444534
    -- MCMC Step: 07850000 	Time(s): 2784303.403398
    -- MCMC Step: 07860000 	Time(s): 2788017.814289
    -- MCMC Step: 07870000 	Time(s): 2791695.924811
    -- MCMC Step: 07880000 	Time(s): 2795344.305335
    -- MCMC Step: 07890000 	Time(s): 2798950.531017
    -- MCMC Step: 07900000 	Time(s): 2802591.562423
    -- MCMC Step: 07910000 	Time(s): 2806298.143311
    -- MCMC Step: 07920000 	Time(s): 2809989.427119
    -- MCMC Step: 07930000 	Time(s): 2813626.111822
    -- MCMC Step: 07940000 	Time(s): 2817221.086834
    -- MCMC Step: 07950000 	Time(s): 2820515.311426
    -- MCMC Step: 07960000 	Time(s): 2823937.894704
    -- MCMC Step: 07970000 	Time(s): 2827230.591102
    -- MCMC Step: 07980000 	Time(s): 2830344.788446
    -- MCMC Step: 07990000 	Time(s): 2833518.351453
    -- MCMC Step: 08000000 	Time(s): 2836706.731031
    -- MCMC Step: 08010000 	Time(s): 2839860.807793
    -- MCMC Step: 08020000 	Time(s): 2843013.659700
    -- MCMC Step: 08030000 	Time(s): 2846200.454831
    -- MCMC Step: 08040000 	Time(s): 2849338.521069
    -- MCMC Step: 08050000 	Time(s): 2852545.500839
    -- MCMC Step: 08060000 	Time(s): 2855444.817528
    -- MCMC Step: 08070000 	Time(s): 2858358.031926
    -- MCMC Step: 08080000 	Time(s): 2861226.553479
    -- MCMC Step: 08090000 	Time(s): 2864129.121213
    -- MCMC Step: 08100000 	Time(s): 2867135.964230
    -- MCMC Step: 08110000 	Time(s): 2870178.815892
    -- MCMC Step: 08120000 	Time(s): 2873328.822721
    -- MCMC Step: 08130000 	Time(s): 2876429.991154
    -- MCMC Step: 08140000 	Time(s): 2879564.545510
    -- MCMC Step: 08150000 	Time(s): 2882720.550107
    -- MCMC Step: 08160000 	Time(s): 2885824.983113
    -- MCMC Step: 08170000 	Time(s): 2888932.430239
    -- MCMC Step: 08180000 	Time(s): 2892044.414308
    -- MCMC Step: 08190000 	Time(s): 2895099.197410
    -- MCMC Step: 08200000 	Time(s): 2898247.433951
    -- MCMC Step: 08210000 	Time(s): 2901320.509315
    -- MCMC Step: 08220000 	Time(s): 2904437.384689
    -- MCMC Step: 08230000 	Time(s): 2907541.349630
    -- MCMC Step: 08240000 	Time(s): 2910609.845917
    -- MCMC Step: 08250000 	Time(s): 2913724.127402
    -- MCMC Step: 08260000 	Time(s): 2916847.470763
    -- MCMC Step: 08270000 	Time(s): 2920081.470863
    -- MCMC Step: 08280000 	Time(s): 2923238.529488
    -- MCMC Step: 08290000 	Time(s): 2926194.186430
    -- MCMC Step: 08300000 	Time(s): 2929082.125510
    -- MCMC Step: 08310000 	Time(s): 2931894.612796
    -- MCMC Step: 08320000 	Time(s): 2934674.608134
    -- MCMC Step: 08330000 	Time(s): 2937571.877626
    -- MCMC Step: 08340000 	Time(s): 2940469.020498
    -- MCMC Step: 08350000 	Time(s): 2943396.166494
    -- MCMC Step: 08360000 	Time(s): 2946354.638435
    -- MCMC Step: 08370000 	Time(s): 2949257.105051
    -- MCMC Step: 08380000 	Time(s): 2952124.277109
    -- MCMC Step: 08390000 	Time(s): 2955097.835965
    -- MCMC Step: 08400000 	Time(s): 2958059.373866
    -- MCMC Step: 08410000 	Time(s): 2960982.423009
    -- MCMC Step: 08420000 	Time(s): 2963953.988417
    -- MCMC Step: 08430000 	Time(s): 2966965.492050
    -- MCMC Step: 08440000 	Time(s): 2969898.053928
    -- MCMC Step: 08450000 	Time(s): 2972722.249744
    -- MCMC Step: 08460000 	Time(s): 2975522.571428
    -- MCMC Step: 08470000 	Time(s): 2978254.810594
    -- MCMC Step: 08480000 	Time(s): 2981036.547398
    -- MCMC Step: 08490000 	Time(s): 2983935.059993
    -- MCMC Step: 08500000 	Time(s): 2986901.771673
    -- MCMC Step: 08510000 	Time(s): 2989836.506183
    -- MCMC Step: 08520000 	Time(s): 2992758.365050
    -- MCMC Step: 08530000 	Time(s): 2995681.283861
    -- MCMC Step: 08540000 	Time(s): 2998655.471792
    -- MCMC Step: 08550000 	Time(s): 3001564.279219
    -- MCMC Step: 08560000 	Time(s): 3004489.567088
    -- MCMC Step: 08570000 	Time(s): 3007378.258834
    -- MCMC Step: 08580000 	Time(s): 3010231.689214
    -- MCMC Step: 08590000 	Time(s): 3013073.330351
    -- MCMC Step: 08600000 	Time(s): 3015974.971563
    -- MCMC Step: 08610000 	Time(s): 3018723.060767
    -- MCMC Step: 08620000 	Time(s): 3021524.789856
    -- MCMC Step: 08630000 	Time(s): 3024270.758560
    -- MCMC Step: 08640000 	Time(s): 3027012.928774
    -- MCMC Step: 08650000 	Time(s): 3029685.458646
    -- MCMC Step: 08660000 	Time(s): 3032416.742662
    -- MCMC Step: 08670000 	Time(s): 3035166.790400
    -- MCMC Step: 08680000 	Time(s): 3037916.504618
    -- MCMC Step: 08690000 	Time(s): 3040685.644862
    -- MCMC Step: 08700000 	Time(s): 3043507.070731
    -- MCMC Step: 08710000 	Time(s): 3047048.557239
    -- MCMC Step: 08720000 	Time(s): 3051928.829477
    -- MCMC Step: 08730000 	Time(s): 3056916.228800
    -- MCMC Step: 08740000 	Time(s): 3061778.603447
    -- MCMC Step: 08750000 	Time(s): 3066508.818118
    -- MCMC Step: 08760000 	Time(s): 3071274.820288
    -- MCMC Step: 08770000 	Time(s): 3075696.573442
    -- MCMC Step: 08780000 	Time(s): 3079759.963655
    -- MCMC Step: 08790000 	Time(s): 3083775.537433
    -- MCMC Step: 08800000 	Time(s): 3087622.973463
    -- MCMC Step: 08810000 	Time(s): 3091272.364439
    -- MCMC Step: 08820000 	Time(s): 3094728.826992
    -- MCMC Step: 08830000 	Time(s): 3097769.835119
    -- MCMC Step: 08840000 	Time(s): 3100653.556376
    -- MCMC Step: 08850000 	Time(s): 3103387.389444
    -- MCMC Step: 08860000 	Time(s): 3106030.017661
    -- MCMC Step: 08870000 	Time(s): 3108687.676267
    -- MCMC Step: 08880000 	Time(s): 3111342.860480
    -- MCMC Step: 08890000 	Time(s): 3114238.194025
    -- MCMC Step: 08900000 	Time(s): 3116915.985924
    -- MCMC Step: 08910000 	Time(s): 3119587.453711
    -- MCMC Step: 08920000 	Time(s): 3122281.455137
    -- MCMC Step: 08930000 	Time(s): 3124856.763076
    -- MCMC Step: 08940000 	Time(s): 3127215.471192
    -- MCMC Step: 08950000 	Time(s): 3129505.778510
    -- MCMC Step: 08960000 	Time(s): 3131807.553382
    -- MCMC Step: 08970000 	Time(s): 3134159.783286
    -- MCMC Step: 08980000 	Time(s): 3136411.766668
    -- MCMC Step: 08990000 	Time(s): 3138696.559579
    -- MCMC Step: 09000000 	Time(s): 3141045.144054
    -- MCMC Step: 09010000 	Time(s): 3143386.879720
    -- MCMC Step: 09020000 	Time(s): 3145711.975554
    -- MCMC Step: 09030000 	Time(s): 3148036.334940
    -- MCMC Step: 09040000 	Time(s): 3150363.242550
    -- MCMC Step: 09050000 	Time(s): 3152715.785733
    -- MCMC Step: 09060000 	Time(s): 3155054.675962
    -- MCMC Step: 09070000 	Time(s): 3157307.525277
    -- MCMC Step: 09080000 	Time(s): 3159579.335436
    -- MCMC Step: 09090000 	Time(s): 3161769.686492
    -- MCMC Step: 09100000 	Time(s): 3163909.861699
    -- MCMC Step: 09110000 	Time(s): 3166002.487251
    -- MCMC Step: 09120000 	Time(s): 3168005.282691
    -- MCMC Step: 09130000 	Time(s): 3170012.356542
    -- MCMC Step: 09140000 	Time(s): 3171928.762012
    -- MCMC Step: 09150000 	Time(s): 3173850.120215
    -- MCMC Step: 09160000 	Time(s): 3175793.744840
    -- MCMC Step: 09170000 	Time(s): 3177722.142341
    -- MCMC Step: 09180000 	Time(s): 3179645.518338
    -- MCMC Step: 09190000 	Time(s): 3181437.922743
    -- MCMC Step: 09200000 	Time(s): 3183106.434288
    -- MCMC Step: 09210000 	Time(s): 3184786.625507
    -- MCMC Step: 09220000 	Time(s): 3186460.983481
    -- MCMC Step: 09230000 	Time(s): 3188137.131547
    -- MCMC Step: 09240000 	Time(s): 3189816.810382
    -- MCMC Step: 09250000 	Time(s): 3191502.447294
    -- MCMC Step: 09260000 	Time(s): 3193302.781026
    -- MCMC Step: 09270000 	Time(s): 3195366.966780
    -- MCMC Step: 09280000 	Time(s): 3197499.295612
    -- MCMC Step: 09290000 	Time(s): 3199619.348788
    -- MCMC Step: 09300000 	Time(s): 3201748.123383
    -- MCMC Step: 09310000 	Time(s): 3203884.876698
    -- MCMC Step: 09320000 	Time(s): 3206033.137481
    -- MCMC Step: 09330000 	Time(s): 3208191.337427
    -- MCMC Step: 09340000 	Time(s): 3210378.534340
    -- MCMC Step: 09350000 	Time(s): 3212498.975419
    -- MCMC Step: 09360000 	Time(s): 3214670.249199
    -- MCMC Step: 09370000 	Time(s): 3216798.289682
    -- MCMC Step: 09380000 	Time(s): 3218947.013763
    -- MCMC Step: 09390000 	Time(s): 3221077.315966
    -- MCMC Step: 09400000 	Time(s): 3223222.193422
    -- MCMC Step: 09410000 	Time(s): 3225339.820555
    -- MCMC Step: 09420000 	Time(s): 3227303.003051
    -- MCMC Step: 09430000 	Time(s): 3229219.969168
    -- MCMC Step: 09440000 	Time(s): 3231141.604209
    -- MCMC Step: 09450000 	Time(s): 3233014.764052
    -- MCMC Step: 09460000 	Time(s): 3234951.511766
    -- MCMC Step: 09470000 	Time(s): 3236857.241251
    -- MCMC Step: 09480000 	Time(s): 3238756.414243
    -- MCMC Step: 09490000 	Time(s): 3240662.854007
    -- MCMC Step: 09500000 	Time(s): 3242581.105124
    -- MCMC Step: 09510000 	Time(s): 3244489.395905
    -- MCMC Step: 09520000 	Time(s): 3246404.059582
    -- MCMC Step: 09530000 	Time(s): 3248310.031595
    -- MCMC Step: 09540000 	Time(s): 3250230.588789
    -- MCMC Step: 09550000 	Time(s): 3252148.735686
    -- MCMC Step: 09560000 	Time(s): 3254015.894063
    -- MCMC Step: 09570000 	Time(s): 3255977.500381
    -- MCMC Step: 09580000 	Time(s): 3257892.032779
    -- MCMC Step: 09590000 	Time(s): 3259842.994913
    -- MCMC Step: 09600000 	Time(s): 3261764.008738
    -- MCMC Step: 09610000 	Time(s): 3263684.621686
    -- MCMC Step: 09620000 	Time(s): 3265618.843742
    -- MCMC Step: 09630000 	Time(s): 3267544.308362
    -- MCMC Step: 09640000 	Time(s): 3269456.461196
    -- MCMC Step: 09650000 	Time(s): 3271374.184327
    -- MCMC Step: 09660000 	Time(s): 3273278.502125
    -- MCMC Step: 09670000 	Time(s): 3275203.160580
    -- MCMC Step: 09680000 	Time(s): 3277122.378289
    -- MCMC Step: 09690000 	Time(s): 3279038.241423
    -- MCMC Step: 09700000 	Time(s): 3280988.408433
    -- MCMC Step: 09710000 	Time(s): 3282952.359382
    -- MCMC Step: 09720000 	Time(s): 3284822.241833
    -- MCMC Step: 09730000 	Time(s): 3286697.894064
    -- MCMC Step: 09740000 	Time(s): 3288585.978449
    -- MCMC Step: 09750000 	Time(s): 3290470.402566
    -- MCMC Step: 09760000 	Time(s): 3292352.860553
    -- MCMC Step: 09770000 	Time(s): 3294243.629754
    -- MCMC Step: 09780000 	Time(s): 3296134.195273
    -- MCMC Step: 09790000 	Time(s): 3298028.770954
    -- MCMC Step: 09800000 	Time(s): 3299924.433330
    -- MCMC Step: 09810000 	Time(s): 3301825.890311
    -- MCMC Step: 09820000 	Time(s): 3303725.610928
    -- MCMC Step: 09830000 	Time(s): 3305626.235472
    -- MCMC Step: 09840000 	Time(s): 3307558.822566
    -- MCMC Step: 09850000 	Time(s): 3309641.835329
    -- MCMC Step: 09860000 	Time(s): 3311681.598576
    -- MCMC Step: 09870000 	Time(s): 3313596.573137
    -- MCMC Step: 09880000 	Time(s): 3315510.491197
    -- MCMC Step: 09890000 	Time(s): 3317428.107352
    -- MCMC Step: 09900000 	Time(s): 3319342.402137
    -- MCMC Step: 09910000 	Time(s): 3321258.960573
    -- MCMC Step: 09920000 	Time(s): 3323186.972489
    -- MCMC Step: 09930000 	Time(s): 3325093.209969
    -- MCMC Step: 09940000 	Time(s): 3327017.574778
    -- MCMC Step: 09950000 	Time(s): 3328935.900643
    -- MCMC Step: 09960000 	Time(s): 3330850.074933
    -- MCMC Step: 09970000 	Time(s): 3332774.317528
    -- MCMC Step: 09980000 	Time(s): 3334676.903790
    -- MCMC Step: 09990000 	Time(s): 3336583.908901
    -- MCMC Step: 10000000 	Time(s): 3338489.765450
  Saving final MCMC simulation data ...
****************************************
Done successfully!
Cumulative number of energy calculations: 10000002
Elapsed time: 3338493.313697815 seconds
Finished on: 2023-11-03 16:31:18.497248
