Executed on: 2023-09-21 02:33:35.750182
PFP client version: 1.11.0
Model version: v3.0.0
Calculation mode: CRYSTAL_PLUS_D3
Method type: PFVM
****************************************
Examining NCM622 ...
  Importing initial (known) stable/unstable structures ...
    Supercell size: 5 × 4 × 1
    Number of atoms (perfect): 240
    Cell parameters (a, b, c): 2.873440, 2.877225, 14.130600
    Structural parameter range (min, max): 0.000000, 0.500000
    Number of discrete structural parameters: 60
    Structural parameter spacing: 0.008475
  Importing energies and 1-D DOS from previous WL simlation ...
    Energy range (min, max): -1075.388829, -1064.828767
    Number of energy states: 60
    Energy spacing (eV): 0.178984
  Performing multicanonical Monte Carlo (MCMC) sampling ...
    Number of NNP-neighbors: 11400
    Maximum number of Monte Carlo steps: 10000000
    Trial move style: swap
    -- MCMC Step: 00000000 	Time(s): 0.565722
    -- MCMC Step: 00010000 	Time(s): 2250.645637
    -- MCMC Step: 00020000 	Time(s): 4578.246519
    -- MCMC Step: 00030000 	Time(s): 6655.168376
    -- MCMC Step: 00040000 	Time(s): 8772.225511
    -- MCMC Step: 00050000 	Time(s): 11023.768721
    -- MCMC Step: 00060000 	Time(s): 13227.213860
    -- MCMC Step: 00070000 	Time(s): 15417.950326
    -- MCMC Step: 00080000 	Time(s): 17691.243953
    -- MCMC Step: 00090000 	Time(s): 19917.336011
    -- MCMC Step: 00100000 	Time(s): 22208.703800
    -- MCMC Step: 00110000 	Time(s): 24505.977098
    -- MCMC Step: 00120000 	Time(s): 27045.823007
    -- MCMC Step: 00130000 	Time(s): 29577.378741
    -- MCMC Step: 00140000 	Time(s): 32004.431325
    -- MCMC Step: 00150000 	Time(s): 34401.310952
    -- MCMC Step: 00160000 	Time(s): 36808.092053
    -- MCMC Step: 00170000 	Time(s): 39179.169031
    -- MCMC Step: 00180000 	Time(s): 41543.818487
    -- MCMC Step: 00190000 	Time(s): 43903.164537
    -- MCMC Step: 00200000 	Time(s): 46310.663868
    -- MCMC Step: 00210000 	Time(s): 48721.668223
    -- MCMC Step: 00220000 	Time(s): 51158.338317
    -- MCMC Step: 00230000 	Time(s): 53572.203659
    -- MCMC Step: 00240000 	Time(s): 56010.639640
    -- MCMC Step: 00250000 	Time(s): 58418.835082
    -- MCMC Step: 00260000 	Time(s): 60831.302490
    -- MCMC Step: 00270000 	Time(s): 63226.590382
    -- MCMC Step: 00280000 	Time(s): 65612.268885
    -- MCMC Step: 00290000 	Time(s): 68010.053714
    -- MCMC Step: 00300000 	Time(s): 70428.680392
    -- MCMC Step: 00310000 	Time(s): 72854.596847
    -- MCMC Step: 00320000 	Time(s): 75301.651248
    -- MCMC Step: 00330000 	Time(s): 77754.534857
    -- MCMC Step: 00340000 	Time(s): 80245.811954
    -- MCMC Step: 00350000 	Time(s): 82760.427576
    -- MCMC Step: 00360000 	Time(s): 85311.357757
    -- MCMC Step: 00370000 	Time(s): 87733.649809
    -- MCMC Step: 00380000 	Time(s): 89695.922877
    -- MCMC Step: 00390000 	Time(s): 91877.885188
    -- MCMC Step: 00400000 	Time(s): 94174.768768
    -- MCMC Step: 00410000 	Time(s): 96710.704647
    -- MCMC Step: 00420000 	Time(s): 99514.333898
    -- MCMC Step: 00430000 	Time(s): 102303.550799
    -- MCMC Step: 00440000 	Time(s): 104981.544880
    -- MCMC Step: 00450000 	Time(s): 107588.689718
    -- MCMC Step: 00460000 	Time(s): 110231.078991
    -- MCMC Step: 00470000 	Time(s): 112926.679271
    -- MCMC Step: 00480000 	Time(s): 115630.498763
    -- MCMC Step: 00490000 	Time(s): 118323.852395
    -- MCMC Step: 00500000 	Time(s): 121020.462717
    -- MCMC Step: 00510000 	Time(s): 123702.160948
    -- MCMC Step: 00520000 	Time(s): 126328.699085
    -- MCMC Step: 00530000 	Time(s): 128963.260551
    -- MCMC Step: 00540000 	Time(s): 131663.124561
    -- MCMC Step: 00550000 	Time(s): 134335.936051
    -- MCMC Step: 00560000 	Time(s): 137074.067517
    -- MCMC Step: 00570000 	Time(s): 139798.135758
    -- MCMC Step: 00580000 	Time(s): 142523.989203
    -- MCMC Step: 00590000 	Time(s): 145263.102819
    -- MCMC Step: 00600000 	Time(s): 148000.668523
    -- MCMC Step: 00610000 	Time(s): 150663.073794
    -- MCMC Step: 00620000 	Time(s): 153314.420057
    -- MCMC Step: 00630000 	Time(s): 155955.605103
    -- MCMC Step: 00640000 	Time(s): 158598.430481
    -- MCMC Step: 00650000 	Time(s): 161250.510745
    -- MCMC Step: 00660000 	Time(s): 163777.050493
    -- MCMC Step: 00670000 	Time(s): 166293.172483
    -- MCMC Step: 00680000 	Time(s): 168804.969952
    -- MCMC Step: 00690000 	Time(s): 171304.845700
    -- MCMC Step: 00700000 	Time(s): 173789.031411
    -- MCMC Step: 00710000 	Time(s): 176275.248178
    -- MCMC Step: 00720000 	Time(s): 178736.095303
    -- MCMC Step: 00730000 	Time(s): 181205.067299
    -- MCMC Step: 00740000 	Time(s): 183679.670542
    -- MCMC Step: 00750000 	Time(s): 186169.463616
    -- MCMC Step: 00760000 	Time(s): 188658.842968
    -- MCMC Step: 00770000 	Time(s): 191148.941354
    -- MCMC Step: 00780000 	Time(s): 193645.042644
    -- MCMC Step: 00790000 	Time(s): 196136.584196
    -- MCMC Step: 00800000 	Time(s): 198626.672498
    -- MCMC Step: 00810000 	Time(s): 201135.243173
    -- MCMC Step: 00820000 	Time(s): 203635.843715
    -- MCMC Step: 00830000 	Time(s): 206151.491480
    -- MCMC Step: 00840000 	Time(s): 208651.047305
    -- MCMC Step: 00850000 	Time(s): 211182.649703
    -- MCMC Step: 00860000 	Time(s): 213755.535311
    -- MCMC Step: 00870000 	Time(s): 216314.584731
    -- MCMC Step: 00880000 	Time(s): 218847.199644
    -- MCMC Step: 00890000 	Time(s): 221408.915525
    -- MCMC Step: 00900000 	Time(s): 223986.478394
    -- MCMC Step: 00910000 	Time(s): 226526.912671
    -- MCMC Step: 00920000 	Time(s): 229024.374549
    -- MCMC Step: 00930000 	Time(s): 231410.859399
    -- MCMC Step: 00940000 	Time(s): 233782.509780
    -- MCMC Step: 00950000 	Time(s): 236152.018376
    -- MCMC Step: 00960000 	Time(s): 238405.224068
    -- MCMC Step: 00970000 	Time(s): 240622.174984
    -- MCMC Step: 00980000 	Time(s): 242837.292961
    -- MCMC Step: 00990000 	Time(s): 245046.937683
    -- MCMC Step: 01000000 	Time(s): 247239.959247
    -- MCMC Step: 01010000 	Time(s): 249425.686142
    -- MCMC Step: 01020000 	Time(s): 251609.043229
    -- MCMC Step: 01030000 	Time(s): 253807.544602
    -- MCMC Step: 01040000 	Time(s): 256000.261091
    -- MCMC Step: 01050000 	Time(s): 258064.187325
    -- MCMC Step: 01060000 	Time(s): 260023.993801
    -- MCMC Step: 01070000 	Time(s): 261969.988587
    -- MCMC Step: 01080000 	Time(s): 263925.153455
    -- MCMC Step: 01090000 	Time(s): 265873.163650
    -- MCMC Step: 01100000 	Time(s): 267843.460310
    -- MCMC Step: 01110000 	Time(s): 269781.785746
    -- MCMC Step: 01120000 	Time(s): 271710.024158
    -- MCMC Step: 01130000 	Time(s): 273641.728480
    -- MCMC Step: 01140000 	Time(s): 275598.239720
    -- MCMC Step: 01150000 	Time(s): 277565.376287
    -- MCMC Step: 01160000 	Time(s): 279526.894796
    -- MCMC Step: 01170000 	Time(s): 281499.373253
    -- MCMC Step: 01180000 	Time(s): 283227.236343
    -- MCMC Step: 01190000 	Time(s): 284766.210476
    -- MCMC Step: 01200000 	Time(s): 286329.719863
    -- MCMC Step: 01210000 	Time(s): 287899.943135
    -- MCMC Step: 01220000 	Time(s): 289484.416461
    -- MCMC Step: 01230000 	Time(s): 291076.221916
    -- MCMC Step: 01240000 	Time(s): 292684.107146
    -- MCMC Step: 01250000 	Time(s): 294275.594181
    -- MCMC Step: 01260000 	Time(s): 295860.683282
    -- MCMC Step: 01270000 	Time(s): 297411.466625
    -- MCMC Step: 01280000 	Time(s): 298961.209383
    -- MCMC Step: 01290000 	Time(s): 300518.351595
    -- MCMC Step: 01300000 	Time(s): 302144.799595
    -- MCMC Step: 01310000 	Time(s): 303720.858785
    -- MCMC Step: 01320000 	Time(s): 305301.712459
    -- MCMC Step: 01330000 	Time(s): 306887.855803
    -- MCMC Step: 01340000 	Time(s): 308458.685723
    -- MCMC Step: 01350000 	Time(s): 310043.373501
    -- MCMC Step: 01360000 	Time(s): 311626.151112
    -- MCMC Step: 01370000 	Time(s): 313222.776459
    -- MCMC Step: 01380000 	Time(s): 314822.797662
    -- MCMC Step: 01390000 	Time(s): 316434.035815
    -- MCMC Step: 01400000 	Time(s): 318030.120927
    -- MCMC Step: 01410000 	Time(s): 319626.589444
    -- MCMC Step: 01420000 	Time(s): 321223.371334
    -- MCMC Step: 01430000 	Time(s): 322812.210676
    -- MCMC Step: 01440000 	Time(s): 324414.418785
    -- MCMC Step: 01450000 	Time(s): 326017.641157
    -- MCMC Step: 01460000 	Time(s): 327615.893259
    -- MCMC Step: 01470000 	Time(s): 329176.351781
    -- MCMC Step: 01480000 	Time(s): 330801.652531
    -- MCMC Step: 01490000 	Time(s): 332413.185697
    -- MCMC Step: 01500000 	Time(s): 334063.531366
    -- MCMC Step: 01510000 	Time(s): 335709.749267
    -- MCMC Step: 01520000 	Time(s): 337359.761466
    -- MCMC Step: 01530000 	Time(s): 339021.762540
    -- MCMC Step: 01540000 	Time(s): 340688.540745
    -- MCMC Step: 01550000 	Time(s): 342410.214907
    -- MCMC Step: 01560000 	Time(s): 344064.314927
    -- MCMC Step: 01570000 	Time(s): 345763.167513
    -- MCMC Step: 01580000 	Time(s): 347391.864568
    -- MCMC Step: 01590000 	Time(s): 349054.868962
    -- MCMC Step: 01600000 	Time(s): 350691.885709
    -- MCMC Step: 01610000 	Time(s): 352404.598713
    -- MCMC Step: 01620000 	Time(s): 354128.814535
    -- MCMC Step: 01630000 	Time(s): 355852.939180
    -- MCMC Step: 01640000 	Time(s): 357564.066044
    -- MCMC Step: 01650000 	Time(s): 359272.726619
    -- MCMC Step: 01660000 	Time(s): 360976.045444
    -- MCMC Step: 01670000 	Time(s): 362703.400230
    -- MCMC Step: 01680000 	Time(s): 364404.069905
    -- MCMC Step: 01690000 	Time(s): 366079.388685
    -- MCMC Step: 01700000 	Time(s): 367840.328150
    -- MCMC Step: 01710000 	Time(s): 369475.235726
    -- MCMC Step: 01720000 	Time(s): 371128.930376
    -- MCMC Step: 01730000 	Time(s): 372854.275975
    -- MCMC Step: 01740000 	Time(s): 374526.388248
    -- MCMC Step: 01750000 	Time(s): 376181.719240
    -- MCMC Step: 01760000 	Time(s): 377827.141298
    -- MCMC Step: 01770000 	Time(s): 379455.770556
    -- MCMC Step: 01780000 	Time(s): 381082.125891
    -- MCMC Step: 01790000 	Time(s): 382736.224940
    -- MCMC Step: 01800000 	Time(s): 384380.000362
    -- MCMC Step: 01810000 	Time(s): 386028.722434
    -- MCMC Step: 01820000 	Time(s): 387698.886113
    -- MCMC Step: 01830000 	Time(s): 389356.325679
    -- MCMC Step: 01840000 	Time(s): 391036.914128
    -- MCMC Step: 01850000 	Time(s): 392655.970452
    -- MCMC Step: 01860000 	Time(s): 394317.753814
    -- MCMC Step: 01870000 	Time(s): 396007.253073
    -- MCMC Step: 01880000 	Time(s): 397700.131468
    -- MCMC Step: 01890000 	Time(s): 399354.115499
    -- MCMC Step: 01900000 	Time(s): 401006.904979
    -- MCMC Step: 01910000 	Time(s): 402606.963196
    -- MCMC Step: 01920000 	Time(s): 404219.211627
    -- MCMC Step: 01930000 	Time(s): 405838.352773
    -- MCMC Step: 01940000 	Time(s): 407459.328164
    -- MCMC Step: 01950000 	Time(s): 409066.128344
    -- MCMC Step: 01960000 	Time(s): 410654.713017
    -- MCMC Step: 01970000 	Time(s): 412238.666722
    -- MCMC Step: 01980000 	Time(s): 413817.297854
    -- MCMC Step: 01990000 	Time(s): 415398.030200
    -- MCMC Step: 02000000 	Time(s): 417027.153401
    -- MCMC Step: 02010000 	Time(s): 418651.032499
    -- MCMC Step: 02020000 	Time(s): 420298.370223
    -- MCMC Step: 02030000 	Time(s): 421943.292864
    -- MCMC Step: 02040000 	Time(s): 423602.887401
    -- MCMC Step: 02050000 	Time(s): 425296.189826
    -- MCMC Step: 02060000 	Time(s): 427118.481004
    -- MCMC Step: 02070000 	Time(s): 429059.966727
    -- MCMC Step: 02080000 	Time(s): 431210.980786
    -- MCMC Step: 02090000 	Time(s): 433223.667606
    -- MCMC Step: 02100000 	Time(s): 435184.873831
    -- MCMC Step: 02110000 	Time(s): 437150.603218
    -- MCMC Step: 02120000 	Time(s): 440097.986456
    -- MCMC Step: 02130000 	Time(s): 443166.955958
    -- MCMC Step: 02140000 	Time(s): 446277.497640
    -- MCMC Step: 02150000 	Time(s): 449648.047188
    -- MCMC Step: 02160000 	Time(s): 452929.133721
    -- MCMC Step: 02170000 	Time(s): 455998.016741
    -- MCMC Step: 02180000 	Time(s): 459014.631561
    -- MCMC Step: 02190000 	Time(s): 462016.698378
    -- MCMC Step: 02200000 	Time(s): 465055.435317
    -- MCMC Step: 02210000 	Time(s): 468099.406267
    -- MCMC Step: 02220000 	Time(s): 471067.023211
    -- MCMC Step: 02230000 	Time(s): 473994.260777
    -- MCMC Step: 02240000 	Time(s): 476949.540647
    -- MCMC Step: 02250000 	Time(s): 479942.835036
    -- MCMC Step: 02260000 	Time(s): 482940.317647
    -- MCMC Step: 02270000 	Time(s): 485930.601248
    -- MCMC Step: 02280000 	Time(s): 488896.168862
    -- MCMC Step: 02290000 	Time(s): 491906.740149
    -- MCMC Step: 02300000 	Time(s): 494886.626058
    -- MCMC Step: 02310000 	Time(s): 497880.520371
    -- MCMC Step: 02320000 	Time(s): 500856.482837
    -- MCMC Step: 02330000 	Time(s): 503870.549635
    -- MCMC Step: 02340000 	Time(s): 506983.724716
    -- MCMC Step: 02350000 	Time(s): 510183.827832
    -- MCMC Step: 02360000 	Time(s): 513831.125407
    -- MCMC Step: 02370000 	Time(s): 517650.156182
    -- MCMC Step: 02380000 	Time(s): 521324.993114
    -- MCMC Step: 02390000 	Time(s): 525150.570183
    -- MCMC Step: 02400000 	Time(s): 529070.285021
    -- MCMC Step: 02410000 	Time(s): 532993.618599
    -- MCMC Step: 02420000 	Time(s): 537165.266997
    -- MCMC Step: 02430000 	Time(s): 541359.968472
    -- MCMC Step: 02440000 	Time(s): 545624.288713
    -- MCMC Step: 02450000 	Time(s): 549877.879539
    -- MCMC Step: 02460000 	Time(s): 554079.076210
    -- MCMC Step: 02470000 	Time(s): 558269.995061
    -- MCMC Step: 02480000 	Time(s): 562488.587279
    -- MCMC Step: 02490000 	Time(s): 566683.489292
    -- MCMC Step: 02500000 	Time(s): 570855.511631
    -- MCMC Step: 02510000 	Time(s): 575039.406012
    -- MCMC Step: 02520000 	Time(s): 579206.994220
    -- MCMC Step: 02530000 	Time(s): 583421.065919
    -- MCMC Step: 02540000 	Time(s): 587598.303292
    -- MCMC Step: 02550000 	Time(s): 591808.812897
    -- MCMC Step: 02560000 	Time(s): 596103.452367
    -- MCMC Step: 02570000 	Time(s): 600487.935739
    -- MCMC Step: 02580000 	Time(s): 604737.027180
    -- MCMC Step: 02590000 	Time(s): 608937.420934
    -- MCMC Step: 02600000 	Time(s): 612946.470696
    -- MCMC Step: 02610000 	Time(s): 617014.734567
    -- MCMC Step: 02620000 	Time(s): 621172.393707
    -- MCMC Step: 02630000 	Time(s): 625280.160988
    -- MCMC Step: 02640000 	Time(s): 629491.833673
    -- MCMC Step: 02650000 	Time(s): 633772.231536
    -- MCMC Step: 02660000 	Time(s): 638005.165862
    -- MCMC Step: 02670000 	Time(s): 642239.179153
    -- MCMC Step: 02680000 	Time(s): 646482.051037
    -- MCMC Step: 02690000 	Time(s): 650721.751792
    -- MCMC Step: 02700000 	Time(s): 654943.667883
    -- MCMC Step: 02710000 	Time(s): 659138.458431
    -- MCMC Step: 02720000 	Time(s): 663396.293221
    -- MCMC Step: 02730000 	Time(s): 667622.885436
    -- MCMC Step: 02740000 	Time(s): 671911.792461
    -- MCMC Step: 02750000 	Time(s): 676172.265536
    -- MCMC Step: 02760000 	Time(s): 680448.811680
    -- MCMC Step: 02770000 	Time(s): 684809.477516
    -- MCMC Step: 02780000 	Time(s): 689086.755348
    -- MCMC Step: 02790000 	Time(s): 693080.591795
    -- MCMC Step: 02800000 	Time(s): 697208.835504
    -- MCMC Step: 02810000 	Time(s): 701323.119638
    -- MCMC Step: 02820000 	Time(s): 705518.881440
    -- MCMC Step: 02830000 	Time(s): 709734.542115
    -- MCMC Step: 02840000 	Time(s): 713996.592931
    -- MCMC Step: 02850000 	Time(s): 718241.353973
    -- MCMC Step: 02860000 	Time(s): 722462.612977
    -- MCMC Step: 02870000 	Time(s): 726674.199668
    -- MCMC Step: 02880000 	Time(s): 730835.745248
    -- MCMC Step: 02890000 	Time(s): 735030.351814
    -- MCMC Step: 02900000 	Time(s): 739170.829903
    -- MCMC Step: 02910000 	Time(s): 743307.545197
    -- MCMC Step: 02920000 	Time(s): 747489.913532
    -- MCMC Step: 02930000 	Time(s): 751640.077496
    -- MCMC Step: 02940000 	Time(s): 755812.495265
    -- MCMC Step: 02950000 	Time(s): 759994.858449
    -- MCMC Step: 02960000 	Time(s): 764126.776717
    -- MCMC Step: 02970000 	Time(s): 768051.423367
    -- MCMC Step: 02980000 	Time(s): 771901.374774
    -- MCMC Step: 02990000 	Time(s): 775621.711259
    -- MCMC Step: 03000000 	Time(s): 779254.076769
    -- MCMC Step: 03010000 	Time(s): 782823.009588
    -- MCMC Step: 03020000 	Time(s): 786377.508741
    -- MCMC Step: 03030000 	Time(s): 789938.834274
    -- MCMC Step: 03040000 	Time(s): 793521.474389
    -- MCMC Step: 03050000 	Time(s): 797109.813392
    -- MCMC Step: 03060000 	Time(s): 800702.806511
    -- MCMC Step: 03070000 	Time(s): 804304.029426
    -- MCMC Step: 03080000 	Time(s): 807975.136686
    -- MCMC Step: 03090000 	Time(s): 811607.217981
    -- MCMC Step: 03100000 	Time(s): 815286.953227
    -- MCMC Step: 03110000 	Time(s): 818967.511072
    -- MCMC Step: 03120000 	Time(s): 822635.509042
    -- MCMC Step: 03130000 	Time(s): 826391.828058
    -- MCMC Step: 03140000 	Time(s): 830158.730756
    -- MCMC Step: 03150000 	Time(s): 833951.652590
    -- MCMC Step: 03160000 	Time(s): 837610.447709
    -- MCMC Step: 03170000 	Time(s): 840987.002677
    -- MCMC Step: 03180000 	Time(s): 843510.583257
    -- MCMC Step: 03190000 	Time(s): 846916.147305
    -- MCMC Step: 03200000 	Time(s): 850466.355070
    -- MCMC Step: 03210000 	Time(s): 854051.050722
    -- MCMC Step: 03220000 	Time(s): 857645.353197
    -- MCMC Step: 03230000 	Time(s): 861246.257215
    -- MCMC Step: 03240000 	Time(s): 865090.396399
    -- MCMC Step: 03250000 	Time(s): 868904.429215
    -- MCMC Step: 03260000 	Time(s): 872732.650621
    -- MCMC Step: 03270000 	Time(s): 876588.962616
    -- MCMC Step: 03280000 	Time(s): 880457.883347
    -- MCMC Step: 03290000 	Time(s): 884296.097613
    -- MCMC Step: 03300000 	Time(s): 888138.529480
    -- MCMC Step: 03310000 	Time(s): 892007.541369
    -- MCMC Step: 03320000 	Time(s): 895881.383720
    -- MCMC Step: 03330000 	Time(s): 899746.843751
    -- MCMC Step: 03340000 	Time(s): 903606.443842
    -- MCMC Step: 03350000 	Time(s): 907371.690501
    -- MCMC Step: 03360000 	Time(s): 911175.670131
    -- MCMC Step: 03370000 	Time(s): 915062.651351
    -- MCMC Step: 03380000 	Time(s): 918991.194025
    -- MCMC Step: 03390000 	Time(s): 922876.637499
    -- MCMC Step: 03400000 	Time(s): 926746.905857
    -- MCMC Step: 03410000 	Time(s): 930554.853801
    -- MCMC Step: 03420000 	Time(s): 934365.042723
    -- MCMC Step: 03430000 	Time(s): 938249.337454
    -- MCMC Step: 03440000 	Time(s): 942059.515928
    -- MCMC Step: 03450000 	Time(s): 945921.979225
    -- MCMC Step: 03460000 	Time(s): 950010.516902
    -- MCMC Step: 03470000 	Time(s): 953835.578084
    -- MCMC Step: 03480000 	Time(s): 957731.232602
    -- MCMC Step: 03490000 	Time(s): 961666.200090
    -- MCMC Step: 03500000 	Time(s): 965607.533416
    -- MCMC Step: 03510000 	Time(s): 969496.931580
    -- MCMC Step: 03520000 	Time(s): 973795.180993
    -- MCMC Step: 03530000 	Time(s): 978372.155981
    -- MCMC Step: 03540000 	Time(s): 982895.163464
    -- MCMC Step: 03550000 	Time(s): 987370.812992
    -- MCMC Step: 03560000 	Time(s): 991765.664884
    -- MCMC Step: 03570000 	Time(s): 996103.469788
    -- MCMC Step: 03580000 	Time(s): 1000414.318852
    -- MCMC Step: 03590000 	Time(s): 1004724.015983
    -- MCMC Step: 03600000 	Time(s): 1009081.630261
    -- MCMC Step: 03610000 	Time(s): 1013523.206744
    -- MCMC Step: 03620000 	Time(s): 1018067.995184
    -- MCMC Step: 03630000 	Time(s): 1022773.113516
    -- MCMC Step: 03640000 	Time(s): 1026926.769859
    -- MCMC Step: 03650000 	Time(s): 1031188.648592
    -- MCMC Step: 03660000 	Time(s): 1035336.704561
    -- MCMC Step: 03670000 	Time(s): 1039054.659286
    -- MCMC Step: 03680000 	Time(s): 1043029.632100
    -- MCMC Step: 03690000 	Time(s): 1047067.970059
    -- MCMC Step: 03700000 	Time(s): 1050649.445002
    -- MCMC Step: 03710000 	Time(s): 1054723.047550
    -- MCMC Step: 03720000 	Time(s): 1058859.695064
    -- MCMC Step: 03730000 	Time(s): 1062916.755428
    -- MCMC Step: 03740000 	Time(s): 1067108.186857
    -- MCMC Step: 03750000 	Time(s): 1071504.839949
    -- MCMC Step: 03760000 	Time(s): 1075791.280687
    -- MCMC Step: 03770000 	Time(s): 1080101.539804
    -- MCMC Step: 03780000 	Time(s): 1084389.117192
    -- MCMC Step: 03790000 	Time(s): 1088595.327840
    -- MCMC Step: 03800000 	Time(s): 1092569.807428
    -- MCMC Step: 03810000 	Time(s): 1096522.281486
    -- MCMC Step: 03820000 	Time(s): 1100350.879177
    -- MCMC Step: 03830000 	Time(s): 1104165.527902
    -- MCMC Step: 03840000 	Time(s): 1107784.558824
    -- MCMC Step: 03850000 	Time(s): 1111452.396329
    -- MCMC Step: 03860000 	Time(s): 1115299.873532
    -- MCMC Step: 03870000 	Time(s): 1119350.115670
    -- MCMC Step: 03880000 	Time(s): 1123042.569021
    -- MCMC Step: 03890000 	Time(s): 1127147.812651
    -- MCMC Step: 03900000 	Time(s): 1131259.270257
    -- MCMC Step: 03910000 	Time(s): 1135046.938850
    -- MCMC Step: 03920000 	Time(s): 1138899.303395
    -- MCMC Step: 03930000 	Time(s): 1142903.681612
    -- MCMC Step: 03940000 	Time(s): 1146804.823817
    -- MCMC Step: 03950000 	Time(s): 1150688.886952
    -- MCMC Step: 03960000 	Time(s): 1154984.510441
    -- MCMC Step: 03970000 	Time(s): 1159349.081283
    -- MCMC Step: 03980000 	Time(s): 1163729.719269
    -- MCMC Step: 03990000 	Time(s): 1167887.437110
    -- MCMC Step: 04000000 	Time(s): 1171966.089552
    -- MCMC Step: 04010000 	Time(s): 1176004.408015
    -- MCMC Step: 04020000 	Time(s): 1179806.218757
    -- MCMC Step: 04030000 	Time(s): 1183509.431960
    -- MCMC Step: 04040000 	Time(s): 1187123.975750
    -- MCMC Step: 04050000 	Time(s): 1190767.692507
    -- MCMC Step: 04060000 	Time(s): 1194430.589365
    -- MCMC Step: 04070000 	Time(s): 1197990.167901
    -- MCMC Step: 04080000 	Time(s): 1201641.019410
    -- MCMC Step: 04090000 	Time(s): 1205027.441111
    -- MCMC Step: 04100000 	Time(s): 1208173.605549
    -- MCMC Step: 04110000 	Time(s): 1211593.564663
    -- MCMC Step: 04120000 	Time(s): 1214896.443963
    -- MCMC Step: 04130000 	Time(s): 1218197.956327
    -- MCMC Step: 04140000 	Time(s): 1221713.523389
    -- MCMC Step: 04150000 	Time(s): 1225426.921330
    -- MCMC Step: 04160000 	Time(s): 1228965.325585
    -- MCMC Step: 04170000 	Time(s): 1232679.751136
    -- MCMC Step: 04180000 	Time(s): 1236282.268389
    -- MCMC Step: 04190000 	Time(s): 1239960.704085
    -- MCMC Step: 04200000 	Time(s): 1243544.705000
    -- MCMC Step: 04210000 	Time(s): 1247033.751678
    -- MCMC Step: 04220000 	Time(s): 1250460.882186
    -- MCMC Step: 04230000 	Time(s): 1253882.268756
    -- MCMC Step: 04240000 	Time(s): 1257339.229205
    -- MCMC Step: 04250000 	Time(s): 1260804.944867
    -- MCMC Step: 04260000 	Time(s): 1264291.915781
    -- MCMC Step: 04270000 	Time(s): 1267777.027046
    -- MCMC Step: 04280000 	Time(s): 1271271.825156
    -- MCMC Step: 04290000 	Time(s): 1274730.292462
    -- MCMC Step: 04300000 	Time(s): 1278203.613164
    -- MCMC Step: 04310000 	Time(s): 1281688.058909
    -- MCMC Step: 04320000 	Time(s): 1285104.695904
    -- MCMC Step: 04330000 	Time(s): 1288767.530627
    -- MCMC Step: 04340000 	Time(s): 1292393.664849
    -- MCMC Step: 04350000 	Time(s): 1295307.675112
    -- MCMC Step: 04360000 	Time(s): 1298353.996888
    -- MCMC Step: 04370000 	Time(s): 1301551.720470
    -- MCMC Step: 04380000 	Time(s): 1304659.169442
    -- MCMC Step: 04390000 	Time(s): 1307643.711326
    -- MCMC Step: 04400000 	Time(s): 1310673.888709
    -- MCMC Step: 04410000 	Time(s): 1313816.629411
    -- MCMC Step: 04420000 	Time(s): 1316891.807574
    -- MCMC Step: 04430000 	Time(s): 1319933.666245
    -- MCMC Step: 04440000 	Time(s): 1322993.597705
    -- MCMC Step: 04450000 	Time(s): 1326447.583838
    -- MCMC Step: 04460000 	Time(s): 1329893.707456
    -- MCMC Step: 04470000 	Time(s): 1333361.771307
    -- MCMC Step: 04480000 	Time(s): 1336830.257614
    -- MCMC Step: 04490000 	Time(s): 1340320.387017
    -- MCMC Step: 04500000 	Time(s): 1343739.075522
    -- MCMC Step: 04510000 	Time(s): 1347180.262655
    -- MCMC Step: 04520000 	Time(s): 1350630.256291
    -- MCMC Step: 04530000 	Time(s): 1354118.987501
    -- MCMC Step: 04540000 	Time(s): 1357587.119419
    -- MCMC Step: 04550000 	Time(s): 1361057.156774
    -- MCMC Step: 04560000 	Time(s): 1364564.800700
    -- MCMC Step: 04570000 	Time(s): 1368062.095188
    -- MCMC Step: 04580000 	Time(s): 1371553.883820
    -- MCMC Step: 04590000 	Time(s): 1375038.430191
    -- MCMC Step: 04600000 	Time(s): 1378493.292142
    -- MCMC Step: 04610000 	Time(s): 1381955.635880
    -- MCMC Step: 04620000 	Time(s): 1385438.847662
    -- MCMC Step: 04630000 	Time(s): 1388906.378560
    -- MCMC Step: 04640000 	Time(s): 1392367.659524
    -- MCMC Step: 04650000 	Time(s): 1395824.636272
    -- MCMC Step: 04660000 	Time(s): 1399296.643295
    -- MCMC Step: 04670000 	Time(s): 1402788.030932
    -- MCMC Step: 04680000 	Time(s): 1406281.789712
    -- MCMC Step: 04690000 	Time(s): 1409750.224090
    -- MCMC Step: 04700000 	Time(s): 1413193.798633
    -- MCMC Step: 04710000 	Time(s): 1416631.430037
    -- MCMC Step: 04720000 	Time(s): 1420093.099816
    -- MCMC Step: 04730000 	Time(s): 1423522.713412
    -- MCMC Step: 04740000 	Time(s): 1426966.140926
    -- MCMC Step: 04750000 	Time(s): 1430376.290405
    -- MCMC Step: 04760000 	Time(s): 1433826.840023
    -- MCMC Step: 04770000 	Time(s): 1437317.904379
    -- MCMC Step: 04780000 	Time(s): 1440852.575904
    -- MCMC Step: 04790000 	Time(s): 1444263.970858
    -- MCMC Step: 04800000 	Time(s): 1447460.084267
    -- MCMC Step: 04810000 	Time(s): 1450687.676706
    -- MCMC Step: 04820000 	Time(s): 1453912.289168
    -- MCMC Step: 04830000 	Time(s): 1457117.963869
    -- MCMC Step: 04840000 	Time(s): 1460344.983314
    -- MCMC Step: 04850000 	Time(s): 1463540.108223
    -- MCMC Step: 04860000 	Time(s): 1466628.815428
    -- MCMC Step: 04870000 	Time(s): 1469728.947419
    -- MCMC Step: 04880000 	Time(s): 1472824.405710
    -- MCMC Step: 04890000 	Time(s): 1475909.896062
    -- MCMC Step: 04900000 	Time(s): 1479113.945655
    -- MCMC Step: 04910000 	Time(s): 1482316.594642
    -- MCMC Step: 04920000 	Time(s): 1485535.080880
    -- MCMC Step: 04930000 	Time(s): 1488738.307760
    -- MCMC Step: 04940000 	Time(s): 1491910.858431
    -- MCMC Step: 04950000 	Time(s): 1495097.741089
    -- MCMC Step: 04960000 	Time(s): 1498281.179620
    -- MCMC Step: 04970000 	Time(s): 1501477.319230
    -- MCMC Step: 04980000 	Time(s): 1504659.328832
    -- MCMC Step: 04990000 	Time(s): 1507850.786680
    -- MCMC Step: 05000000 	Time(s): 1510903.924287
    -- MCMC Step: 05010000 	Time(s): 1513835.520328
    -- MCMC Step: 05020000 	Time(s): 1516708.508666
    -- MCMC Step: 05030000 	Time(s): 1519585.801591
    -- MCMC Step: 05040000 	Time(s): 1522472.683016
    -- MCMC Step: 05050000 	Time(s): 1525296.026379
    -- MCMC Step: 05060000 	Time(s): 1528083.742338
    -- MCMC Step: 05070000 	Time(s): 1530856.605472
    -- MCMC Step: 05080000 	Time(s): 1533593.142699
    -- MCMC Step: 05090000 	Time(s): 1536276.266261
    -- MCMC Step: 05100000 	Time(s): 1538986.529746
    -- MCMC Step: 05110000 	Time(s): 1541847.063298
    -- MCMC Step: 05120000 	Time(s): 1544776.716875
    -- MCMC Step: 05130000 	Time(s): 1547652.935771
    -- MCMC Step: 05140000 	Time(s): 1550518.349092
    -- MCMC Step: 05150000 	Time(s): 1553381.313763
    -- MCMC Step: 05160000 	Time(s): 1556237.296784
    -- MCMC Step: 05170000 	Time(s): 1559112.105877
    -- MCMC Step: 05180000 	Time(s): 1562024.636241
    -- MCMC Step: 05190000 	Time(s): 1564875.676086
    -- MCMC Step: 05200000 	Time(s): 1567701.429498
    -- MCMC Step: 05210000 	Time(s): 1570500.413651
    -- MCMC Step: 05220000 	Time(s): 1573294.892182
    -- MCMC Step: 05230000 	Time(s): 1576087.995125
    -- MCMC Step: 05240000 	Time(s): 1578852.767173
    -- MCMC Step: 05250000 	Time(s): 1581612.797716
    -- MCMC Step: 05260000 	Time(s): 1584388.508819
    -- MCMC Step: 05270000 	Time(s): 1587200.428851
    -- MCMC Step: 05280000 	Time(s): 1589987.392488
    -- MCMC Step: 05290000 	Time(s): 1592748.684131
    -- MCMC Step: 05300000 	Time(s): 1595505.136769
    -- MCMC Step: 05310000 	Time(s): 1598139.954796
    -- MCMC Step: 05320000 	Time(s): 1600676.694732
    -- MCMC Step: 05330000 	Time(s): 1603095.704439
    -- MCMC Step: 05340000 	Time(s): 1605411.264365
    -- MCMC Step: 05350000 	Time(s): 1607734.076244
    -- MCMC Step: 05360000 	Time(s): 1610074.220430
    -- MCMC Step: 05370000 	Time(s): 1612414.540004
    -- MCMC Step: 05380000 	Time(s): 1614748.348344
    -- MCMC Step: 05390000 	Time(s): 1617071.962984
    -- MCMC Step: 05400000 	Time(s): 1619400.708603
    -- MCMC Step: 05410000 	Time(s): 1621695.969872
    -- MCMC Step: 05420000 	Time(s): 1624113.502964
    -- MCMC Step: 05430000 	Time(s): 1626619.924073
    -- MCMC Step: 05440000 	Time(s): 1629037.733525
    -- MCMC Step: 05450000 	Time(s): 1631322.285822
    -- MCMC Step: 05460000 	Time(s): 1633586.649876
    -- MCMC Step: 05470000 	Time(s): 1635903.762086
    -- MCMC Step: 05480000 	Time(s): 1638379.623726
    -- MCMC Step: 05490000 	Time(s): 1641016.430301
    -- MCMC Step: 05500000 	Time(s): 1643727.372835
    -- MCMC Step: 05510000 	Time(s): 1646541.469374
    -- MCMC Step: 05520000 	Time(s): 1649511.632851
    -- MCMC Step: 05530000 	Time(s): 1652534.719270
    -- MCMC Step: 05540000 	Time(s): 1655627.702372
    -- MCMC Step: 05550000 	Time(s): 1658755.256551
    -- MCMC Step: 05560000 	Time(s): 1661806.946381
    -- MCMC Step: 05570000 	Time(s): 1664820.517039
    -- MCMC Step: 05580000 	Time(s): 1667945.386166
    -- MCMC Step: 05590000 	Time(s): 1670859.848495
    -- MCMC Step: 05600000 	Time(s): 1673763.995291
    -- MCMC Step: 05610000 	Time(s): 1676648.611113
    -- MCMC Step: 05620000 	Time(s): 1679650.081592
    -- MCMC Step: 05630000 	Time(s): 1682679.450396
    -- MCMC Step: 05640000 	Time(s): 1685723.160920
    -- MCMC Step: 05650000 	Time(s): 1688809.226345
    -- MCMC Step: 05660000 	Time(s): 1691871.350128
    -- MCMC Step: 05670000 	Time(s): 1694931.051284
    -- MCMC Step: 05680000 	Time(s): 1697972.025340
    -- MCMC Step: 05690000 	Time(s): 1701040.446717
    -- MCMC Step: 05700000 	Time(s): 1704081.803399
    -- MCMC Step: 05710000 	Time(s): 1707064.997238
    -- MCMC Step: 05720000 	Time(s): 1710104.735272
    -- MCMC Step: 05730000 	Time(s): 1713137.527492
    -- MCMC Step: 05740000 	Time(s): 1716180.765729
    -- MCMC Step: 05750000 	Time(s): 1719288.564574
    -- MCMC Step: 05760000 	Time(s): 1722335.161546
    -- MCMC Step: 05770000 	Time(s): 1725259.703320
    -- MCMC Step: 05780000 	Time(s): 1728068.308690
    -- MCMC Step: 05790000 	Time(s): 1730894.373952
    -- MCMC Step: 05800000 	Time(s): 1733930.430850
    -- MCMC Step: 05810000 	Time(s): 1737173.276335
    -- MCMC Step: 05820000 	Time(s): 1740780.617707
    -- MCMC Step: 05830000 	Time(s): 1744379.450981
    -- MCMC Step: 05840000 	Time(s): 1748144.915438
    -- MCMC Step: 05850000 	Time(s): 1751903.001521
    -- MCMC Step: 05860000 	Time(s): 1755638.819702
    -- MCMC Step: 05870000 	Time(s): 1759296.933785
    -- MCMC Step: 05880000 	Time(s): 1762931.874078
    -- MCMC Step: 05890000 	Time(s): 1766419.523447
    -- MCMC Step: 05900000 	Time(s): 1769879.613636
    -- MCMC Step: 05910000 	Time(s): 1773541.444497
    -- MCMC Step: 05920000 	Time(s): 1777175.711990
    -- MCMC Step: 05930000 	Time(s): 1780808.663319
    -- MCMC Step: 05940000 	Time(s): 1784446.022460
    -- MCMC Step: 05950000 	Time(s): 1787930.339592
    -- MCMC Step: 05960000 	Time(s): 1791335.107117
    -- MCMC Step: 05970000 	Time(s): 1794771.810174
    -- MCMC Step: 05980000 	Time(s): 1798198.037101
    -- MCMC Step: 05990000 	Time(s): 1801448.254390
    -- MCMC Step: 06000000 	Time(s): 1804721.620328
    -- MCMC Step: 06010000 	Time(s): 1807925.469639
    -- MCMC Step: 06020000 	Time(s): 1811271.025389
    -- MCMC Step: 06030000 	Time(s): 1814588.053820
    -- MCMC Step: 06040000 	Time(s): 1817933.154261
    -- MCMC Step: 06050000 	Time(s): 1821402.664388
    -- MCMC Step: 06060000 	Time(s): 1824775.868046
    -- MCMC Step: 06070000 	Time(s): 1828127.462210
    -- MCMC Step: 06080000 	Time(s): 1831397.371167
    -- MCMC Step: 06090000 	Time(s): 1834966.951619
    -- MCMC Step: 06100000 	Time(s): 1838638.972968
    -- MCMC Step: 06110000 	Time(s): 1842312.067018
    -- MCMC Step: 06120000 	Time(s): 1846012.057361
    -- MCMC Step: 06130000 	Time(s): 1849619.346060
    -- MCMC Step: 06140000 	Time(s): 1853194.369837
    -- MCMC Step: 06150000 	Time(s): 1856747.546102
    -- MCMC Step: 06160000 	Time(s): 1860250.668807
    -- MCMC Step: 06170000 	Time(s): 1863513.428395
    -- MCMC Step: 06180000 	Time(s): 1866696.718239
    -- MCMC Step: 06190000 	Time(s): 1869812.689641
    -- MCMC Step: 06200000 	Time(s): 1872945.051892
    -- MCMC Step: 06210000 	Time(s): 1876056.487482
    -- MCMC Step: 06220000 	Time(s): 1879075.389473
    -- MCMC Step: 06230000 	Time(s): 1882079.488505
    -- MCMC Step: 06240000 	Time(s): 1885068.270121
    -- MCMC Step: 06250000 	Time(s): 1888075.019336
    -- MCMC Step: 06260000 	Time(s): 1891185.457578
    -- MCMC Step: 06270000 	Time(s): 1894097.505234
    -- MCMC Step: 06280000 	Time(s): 1897465.686498
    -- MCMC Step: 06290000 	Time(s): 1901462.630465
    -- MCMC Step: 06300000 	Time(s): 1905630.111143
    -- MCMC Step: 06310000 	Time(s): 1909936.758074
    -- MCMC Step: 06320000 	Time(s): 1914180.017267
    -- MCMC Step: 06330000 	Time(s): 1918372.861153
    -- MCMC Step: 06340000 	Time(s): 1922415.701732
    -- MCMC Step: 06350000 	Time(s): 1926397.072944
    -- MCMC Step: 06360000 	Time(s): 1930292.327327
    -- MCMC Step: 06370000 	Time(s): 1934405.592348
    -- MCMC Step: 06380000 	Time(s): 1938591.009500
    -- MCMC Step: 06390000 	Time(s): 1942765.086948
    -- MCMC Step: 06400000 	Time(s): 1946883.833144
    -- MCMC Step: 06410000 	Time(s): 1951094.281482
    -- MCMC Step: 06420000 	Time(s): 1955260.913003
    -- MCMC Step: 06430000 	Time(s): 1959231.850955
    -- MCMC Step: 06440000 	Time(s): 1963076.648001
    -- MCMC Step: 06450000 	Time(s): 1966823.410538
    -- MCMC Step: 06460000 	Time(s): 1970581.616316
    -- MCMC Step: 06470000 	Time(s): 1974347.608318
    -- MCMC Step: 06480000 	Time(s): 1977871.392509
    -- MCMC Step: 06490000 	Time(s): 1981703.523419
    -- MCMC Step: 06500000 	Time(s): 1985486.502077
    -- MCMC Step: 06510000 	Time(s): 1989295.049413
    -- MCMC Step: 06520000 	Time(s): 1993114.474195
    -- MCMC Step: 06530000 	Time(s): 1996906.186946
    -- MCMC Step: 06540000 	Time(s): 2000727.442088
    -- MCMC Step: 06550000 	Time(s): 2004555.178548
    -- MCMC Step: 06560000 	Time(s): 2008382.149698
    -- MCMC Step: 06570000 	Time(s): 2012246.527170
    -- MCMC Step: 06580000 	Time(s): 2016103.122354
    -- MCMC Step: 06590000 	Time(s): 2019968.151982
    -- MCMC Step: 06600000 	Time(s): 2023783.540867
    -- MCMC Step: 06610000 	Time(s): 2027553.325279
    -- MCMC Step: 06620000 	Time(s): 2031315.937580
    -- MCMC Step: 06630000 	Time(s): 2035081.303120
    -- MCMC Step: 06640000 	Time(s): 2038899.350014
    -- MCMC Step: 06650000 	Time(s): 2042466.528821
    -- MCMC Step: 06660000 	Time(s): 2046068.870967
    -- MCMC Step: 06670000 	Time(s): 2049619.439308
    -- MCMC Step: 06680000 	Time(s): 2053127.928602
    -- MCMC Step: 06690000 	Time(s): 2056608.376257
    -- MCMC Step: 06700000 	Time(s): 2060190.147461
    -- MCMC Step: 06710000 	Time(s): 2063727.739682
    -- MCMC Step: 06720000 	Time(s): 2067318.574250
    -- MCMC Step: 06730000 	Time(s): 2070878.932833
    -- MCMC Step: 06740000 	Time(s): 2074454.873881
    -- MCMC Step: 06750000 	Time(s): 2077951.875329
    -- MCMC Step: 06760000 	Time(s): 2081508.134803
    -- MCMC Step: 06770000 	Time(s): 2085074.545887
    -- MCMC Step: 06780000 	Time(s): 2088650.536508
    -- MCMC Step: 06790000 	Time(s): 2092258.167263
    -- MCMC Step: 06800000 	Time(s): 2095797.062768
    -- MCMC Step: 06810000 	Time(s): 2099287.778754
    -- MCMC Step: 06820000 	Time(s): 2102711.589656
    -- MCMC Step: 06830000 	Time(s): 2106213.319227
    -- MCMC Step: 06840000 	Time(s): 2109740.355997
    -- MCMC Step: 06850000 	Time(s): 2113227.465144
    -- MCMC Step: 06860000 	Time(s): 2116615.284810
    -- MCMC Step: 06870000 	Time(s): 2119972.509391
    -- MCMC Step: 06880000 	Time(s): 2123250.772891
    -- MCMC Step: 06890000 	Time(s): 2126546.488588
    -- MCMC Step: 06900000 	Time(s): 2129802.547482
    -- MCMC Step: 06910000 	Time(s): 2132840.217190
    -- MCMC Step: 06920000 	Time(s): 2135901.562108
    -- MCMC Step: 06930000 	Time(s): 2138652.645880
    -- MCMC Step: 06940000 	Time(s): 2141683.343018
    -- MCMC Step: 06950000 	Time(s): 2144754.714211
    -- MCMC Step: 06960000 	Time(s): 2147737.102556
    -- MCMC Step: 06970000 	Time(s): 2150663.962836
    -- MCMC Step: 06980000 	Time(s): 2153418.617693
    -- MCMC Step: 06990000 	Time(s): 2155977.960132
    -- MCMC Step: 07000000 	Time(s): 2158760.314024
    -- MCMC Step: 07010000 	Time(s): 2161816.628686
    -- MCMC Step: 07020000 	Time(s): 2164829.632624
    -- MCMC Step: 07030000 	Time(s): 2167701.201670
    -- MCMC Step: 07040000 	Time(s): 2170647.735285
    -- MCMC Step: 07050000 	Time(s): 2173595.823374
    -- MCMC Step: 07060000 	Time(s): 2176659.868781
    -- MCMC Step: 07070000 	Time(s): 2180052.654694
    -- MCMC Step: 07080000 	Time(s): 2183615.034845
    -- MCMC Step: 07090000 	Time(s): 2187142.575780
    -- MCMC Step: 07100000 	Time(s): 2190746.255233
    -- MCMC Step: 07110000 	Time(s): 2194345.016370
    -- MCMC Step: 07120000 	Time(s): 2197908.406582
    -- MCMC Step: 07130000 	Time(s): 2201478.866699
    -- MCMC Step: 07140000 	Time(s): 2205127.623685
    -- MCMC Step: 07150000 	Time(s): 2208741.312616
    -- MCMC Step: 07160000 	Time(s): 2212379.696774
    -- MCMC Step: 07170000 	Time(s): 2215987.092423
    -- MCMC Step: 07180000 	Time(s): 2219606.215007
    -- MCMC Step: 07190000 	Time(s): 2222683.250138
    -- MCMC Step: 07200000 	Time(s): 2225542.841547
    -- MCMC Step: 07210000 	Time(s): 2228415.067568
    -- MCMC Step: 07220000 	Time(s): 2231305.283731
    -- MCMC Step: 07230000 	Time(s): 2234255.628043
    -- MCMC Step: 07240000 	Time(s): 2237908.371453
    -- MCMC Step: 07250000 	Time(s): 2241707.083276
    -- MCMC Step: 07260000 	Time(s): 2245154.596452
    -- MCMC Step: 07270000 	Time(s): 2248989.433699
    -- MCMC Step: 07280000 	Time(s): 2252772.516086
    -- MCMC Step: 07290000 	Time(s): 2256709.910997
    -- MCMC Step: 07300000 	Time(s): 2260653.103482
    -- MCMC Step: 07310000 	Time(s): 2264626.620670
    -- MCMC Step: 07320000 	Time(s): 2268561.567337
    -- MCMC Step: 07330000 	Time(s): 2272409.648686
    -- MCMC Step: 07340000 	Time(s): 2276344.492283
    -- MCMC Step: 07350000 	Time(s): 2280313.476207
    -- MCMC Step: 07360000 	Time(s): 2284570.038933
    -- MCMC Step: 07370000 	Time(s): 2288818.907211
    -- MCMC Step: 07380000 	Time(s): 2292830.710917
    -- MCMC Step: 07390000 	Time(s): 2296725.869014
    -- MCMC Step: 07400000 	Time(s): 2300609.201724
    -- MCMC Step: 07410000 	Time(s): 2304479.403875
    -- MCMC Step: 07420000 	Time(s): 2308196.419515
    -- MCMC Step: 07430000 	Time(s): 2311818.610620
    -- MCMC Step: 07440000 	Time(s): 2315449.881238
    -- MCMC Step: 07450000 	Time(s): 2319097.202951
    -- MCMC Step: 07460000 	Time(s): 2322773.155828
    -- MCMC Step: 07470000 	Time(s): 2326585.467797
    -- MCMC Step: 07480000 	Time(s): 2330057.335828
    -- MCMC Step: 07490000 	Time(s): 2333847.561493
    -- MCMC Step: 07500000 	Time(s): 2337677.072906
    -- MCMC Step: 07510000 	Time(s): 2341674.819785
    -- MCMC Step: 07520000 	Time(s): 2345788.625607
    -- MCMC Step: 07530000 	Time(s): 2349790.039898
    -- MCMC Step: 07540000 	Time(s): 2353690.572703
    -- MCMC Step: 07550000 	Time(s): 2357557.357724
    -- MCMC Step: 07560000 	Time(s): 2361327.818185
    -- MCMC Step: 07570000 	Time(s): 2365092.854169
    -- MCMC Step: 07580000 	Time(s): 2369133.320511
    -- MCMC Step: 07590000 	Time(s): 2373182.305366
    -- MCMC Step: 07600000 	Time(s): 2377188.929667
    -- MCMC Step: 07610000 	Time(s): 2381150.121437
    -- MCMC Step: 07620000 	Time(s): 2385090.278853
    -- MCMC Step: 07630000 	Time(s): 2389043.728691
    -- MCMC Step: 07640000 	Time(s): 2392977.432202
    -- MCMC Step: 07650000 	Time(s): 2396905.828132
    -- MCMC Step: 07660000 	Time(s): 2400740.131894
    -- MCMC Step: 07670000 	Time(s): 2404587.920323
    -- MCMC Step: 07680000 	Time(s): 2408458.771340
    -- MCMC Step: 07690000 	Time(s): 2412748.486557
    -- MCMC Step: 07700000 	Time(s): 2416974.673744
    -- MCMC Step: 07710000 	Time(s): 2421001.442334
    -- MCMC Step: 07720000 	Time(s): 2425121.010643
    -- MCMC Step: 07730000 	Time(s): 2429169.675927
    -- MCMC Step: 07740000 	Time(s): 2433251.411785
    -- MCMC Step: 07750000 	Time(s): 2437208.482605
    -- MCMC Step: 07760000 	Time(s): 2441309.965357
    -- MCMC Step: 07770000 	Time(s): 2445362.242870
    -- MCMC Step: 07780000 	Time(s): 2449325.286456
    -- MCMC Step: 07790000 	Time(s): 2453430.262574
    -- MCMC Step: 07800000 	Time(s): 2457465.664950
    -- MCMC Step: 07810000 	Time(s): 2461457.832252
    -- MCMC Step: 07820000 	Time(s): 2465187.637749
    -- MCMC Step: 07830000 	Time(s): 2468929.758826
    -- MCMC Step: 07840000 	Time(s): 2472303.327913
    -- MCMC Step: 07850000 	Time(s): 2475672.894019
    -- MCMC Step: 07860000 	Time(s): 2479014.233815
    -- MCMC Step: 07870000 	Time(s): 2482062.462857
    -- MCMC Step: 07880000 	Time(s): 2485073.966505
    -- MCMC Step: 07890000 	Time(s): 2488062.334647
    -- MCMC Step: 07900000 	Time(s): 2491123.844010
    -- MCMC Step: 07910000 	Time(s): 2495101.307821
    -- MCMC Step: 07920000 	Time(s): 2499051.854359
    -- MCMC Step: 07930000 	Time(s): 2503188.790096
    -- MCMC Step: 07940000 	Time(s): 2506990.814269
    -- MCMC Step: 07950000 	Time(s): 2510909.286584
    -- MCMC Step: 07960000 	Time(s): 2514823.849151
    -- MCMC Step: 07970000 	Time(s): 2518788.794581
    -- MCMC Step: 07980000 	Time(s): 2522669.361470
    -- MCMC Step: 07990000 	Time(s): 2526610.219970
    -- MCMC Step: 08000000 	Time(s): 2530590.258667
    -- MCMC Step: 08010000 	Time(s): 2534501.853154
    -- MCMC Step: 08020000 	Time(s): 2538596.976378
    -- MCMC Step: 08030000 	Time(s): 2542622.020189
    -- MCMC Step: 08040000 	Time(s): 2546636.031615
    -- MCMC Step: 08050000 	Time(s): 2550540.247837
    -- MCMC Step: 08060000 	Time(s): 2554333.620187
    -- MCMC Step: 08070000 	Time(s): 2558104.712930
    -- MCMC Step: 08080000 	Time(s): 2561738.353303
    -- MCMC Step: 08090000 	Time(s): 2565342.339616
    -- MCMC Step: 08100000 	Time(s): 2568959.675344
    -- MCMC Step: 08110000 	Time(s): 2572563.989071
    -- MCMC Step: 08120000 	Time(s): 2576121.077789
    -- MCMC Step: 08130000 	Time(s): 2579723.615963
    -- MCMC Step: 08140000 	Time(s): 2583318.029069
    -- MCMC Step: 08150000 	Time(s): 2586919.737821
    -- MCMC Step: 08160000 	Time(s): 2590514.548803
    -- MCMC Step: 08170000 	Time(s): 2594097.261693
    -- MCMC Step: 08180000 	Time(s): 2597708.722826
    -- MCMC Step: 08190000 	Time(s): 2601366.809328
    -- MCMC Step: 08200000 	Time(s): 2604957.610496
    -- MCMC Step: 08210000 	Time(s): 2608457.182983
    -- MCMC Step: 08220000 	Time(s): 2612000.432653
    -- MCMC Step: 08230000 	Time(s): 2615750.579555
    -- MCMC Step: 08240000 	Time(s): 2619616.660160
    -- MCMC Step: 08250000 	Time(s): 2623357.383004
    -- MCMC Step: 08260000 	Time(s): 2627162.507280
    -- MCMC Step: 08270000 	Time(s): 2630964.684562
    -- MCMC Step: 08280000 	Time(s): 2634702.429397
    -- MCMC Step: 08290000 	Time(s): 2638391.590817
    -- MCMC Step: 08300000 	Time(s): 2641963.714442
    -- MCMC Step: 08310000 	Time(s): 2645584.091361
    -- MCMC Step: 08320000 	Time(s): 2649228.739350
    -- MCMC Step: 08330000 	Time(s): 2652932.669789
    -- MCMC Step: 08340000 	Time(s): 2656731.719303
    -- MCMC Step: 08350000 	Time(s): 2660513.144817
    -- MCMC Step: 08360000 	Time(s): 2664314.494632
    -- MCMC Step: 08370000 	Time(s): 2668096.655473
    -- MCMC Step: 08380000 	Time(s): 2671948.633035
    -- MCMC Step: 08390000 	Time(s): 2675749.667824
    -- MCMC Step: 08400000 	Time(s): 2679574.569911
    -- MCMC Step: 08410000 	Time(s): 2683367.787549
    -- MCMC Step: 08420000 	Time(s): 2687129.297074
    -- MCMC Step: 08430000 	Time(s): 2690833.209280
    -- MCMC Step: 08440000 	Time(s): 2694588.697154
    -- MCMC Step: 08450000 	Time(s): 2698390.043205
    -- MCMC Step: 08460000 	Time(s): 2702154.951829
    -- MCMC Step: 08470000 	Time(s): 2705880.955528
    -- MCMC Step: 08480000 	Time(s): 2709637.862055
    -- MCMC Step: 08490000 	Time(s): 2713423.811673
    -- MCMC Step: 08500000 	Time(s): 2717202.456610
    -- MCMC Step: 08510000 	Time(s): 2721013.681392
    -- MCMC Step: 08520000 	Time(s): 2724779.274637
    -- MCMC Step: 08530000 	Time(s): 2728508.882313
    -- MCMC Step: 08540000 	Time(s): 2732275.140558
    -- MCMC Step: 08550000 	Time(s): 2736042.733402
    -- MCMC Step: 08560000 	Time(s): 2739881.271807
    -- MCMC Step: 08570000 	Time(s): 2743650.194045
    -- MCMC Step: 08580000 	Time(s): 2747439.080364
    -- MCMC Step: 08590000 	Time(s): 2751207.349512
    -- MCMC Step: 08600000 	Time(s): 2754938.030435
    -- MCMC Step: 08610000 	Time(s): 2758660.834894
    -- MCMC Step: 08620000 	Time(s): 2762430.710363
    -- MCMC Step: 08630000 	Time(s): 2766322.776761
    -- MCMC Step: 08640000 	Time(s): 2770053.541962
    -- MCMC Step: 08650000 	Time(s): 2773857.763303
    -- MCMC Step: 08660000 	Time(s): 2777735.840158
    -- MCMC Step: 08670000 	Time(s): 2781625.081445
    -- MCMC Step: 08680000 	Time(s): 2785391.251856
    -- MCMC Step: 08690000 	Time(s): 2789150.661702
    -- MCMC Step: 08700000 	Time(s): 2792919.283991
    -- MCMC Step: 08710000 	Time(s): 2796662.196223
    -- MCMC Step: 08720000 	Time(s): 2800094.730165
    -- MCMC Step: 08730000 	Time(s): 2803254.897179
    -- MCMC Step: 08740000 	Time(s): 2806370.686842
    -- MCMC Step: 08750000 	Time(s): 2809493.186554
    -- MCMC Step: 08760000 	Time(s): 2812629.123141
    -- MCMC Step: 08770000 	Time(s): 2815734.711893
    -- MCMC Step: 08780000 	Time(s): 2818841.629306
    -- MCMC Step: 08790000 	Time(s): 2821981.915853
    -- MCMC Step: 08800000 	Time(s): 2825135.482377
    -- MCMC Step: 08810000 	Time(s): 2828308.529883
    -- MCMC Step: 08820000 	Time(s): 2831477.359664
    -- MCMC Step: 08830000 	Time(s): 2834637.773326
    -- MCMC Step: 08840000 	Time(s): 2837807.398880
    -- MCMC Step: 08850000 	Time(s): 2840933.430808
    -- MCMC Step: 08860000 	Time(s): 2844051.777036
    -- MCMC Step: 08870000 	Time(s): 2847147.480409
    -- MCMC Step: 08880000 	Time(s): 2850404.876822
    -- MCMC Step: 08890000 	Time(s): 2853312.633393
    -- MCMC Step: 08900000 	Time(s): 2856162.595950
    -- MCMC Step: 08910000 	Time(s): 2859020.086310
    -- MCMC Step: 08920000 	Time(s): 2861902.168790
    -- MCMC Step: 08930000 	Time(s): 2864774.291583
    -- MCMC Step: 08940000 	Time(s): 2867650.208371
    -- MCMC Step: 08950000 	Time(s): 2870605.369341
    -- MCMC Step: 08960000 	Time(s): 2873543.074717
    -- MCMC Step: 08970000 	Time(s): 2876505.036003
    -- MCMC Step: 08980000 	Time(s): 2879408.180296
    -- MCMC Step: 08990000 	Time(s): 2882289.210220
    -- MCMC Step: 09000000 	Time(s): 2885205.670164
    -- MCMC Step: 09010000 	Time(s): 2888148.189637
    -- MCMC Step: 09020000 	Time(s): 2891071.511016
    -- MCMC Step: 09030000 	Time(s): 2893953.397771
    -- MCMC Step: 09040000 	Time(s): 2896723.640936
    -- MCMC Step: 09050000 	Time(s): 2899482.559473
    -- MCMC Step: 09060000 	Time(s): 2902203.912219
    -- MCMC Step: 09070000 	Time(s): 2904922.721583
    -- MCMC Step: 09080000 	Time(s): 2907656.584085
    -- MCMC Step: 09090000 	Time(s): 2910476.942970
    -- MCMC Step: 09100000 	Time(s): 2913313.566926
    -- MCMC Step: 09110000 	Time(s): 2916152.640672
    -- MCMC Step: 09120000 	Time(s): 2918939.467010
    -- MCMC Step: 09130000 	Time(s): 2921650.472720
    -- MCMC Step: 09140000 	Time(s): 2924344.459020
    -- MCMC Step: 09150000 	Time(s): 2926832.703574
    -- MCMC Step: 09160000 	Time(s): 2929370.891913
    -- MCMC Step: 09170000 	Time(s): 2932304.452063
    -- MCMC Step: 09180000 	Time(s): 2935828.168580
    -- MCMC Step: 09190000 	Time(s): 2939267.507514
    -- MCMC Step: 09200000 	Time(s): 2942832.080213
    -- MCMC Step: 09210000 	Time(s): 2946441.639987
    -- MCMC Step: 09220000 	Time(s): 2950047.999814
    -- MCMC Step: 09230000 	Time(s): 2953878.440550
    -- MCMC Step: 09240000 	Time(s): 2957747.067460
    -- MCMC Step: 09250000 	Time(s): 2961731.195114
    -- MCMC Step: 09260000 	Time(s): 2965725.512862
    -- MCMC Step: 09270000 	Time(s): 2969915.025518
    -- MCMC Step: 09280000 	Time(s): 2974047.624159
    -- MCMC Step: 09290000 	Time(s): 2978062.793452
    -- MCMC Step: 09300000 	Time(s): 2982131.075789
    -- MCMC Step: 09310000 	Time(s): 2986109.478715
    -- MCMC Step: 09320000 	Time(s): 2990161.427911
    -- MCMC Step: 09330000 	Time(s): 2994286.120180
    -- MCMC Step: 09340000 	Time(s): 2998371.388696
    -- MCMC Step: 09350000 	Time(s): 3002446.739326
    -- MCMC Step: 09360000 	Time(s): 3006701.902313
    -- MCMC Step: 09370000 	Time(s): 3010984.750475
    -- MCMC Step: 09380000 	Time(s): 3015161.653819
    -- MCMC Step: 09390000 	Time(s): 3019437.001210
    -- MCMC Step: 09400000 	Time(s): 3023551.061542
    -- MCMC Step: 09410000 	Time(s): 3027610.207561
    -- MCMC Step: 09420000 	Time(s): 3031393.901664
    -- MCMC Step: 09430000 	Time(s): 3035542.801880
    -- MCMC Step: 09440000 	Time(s): 3039669.229106
    -- MCMC Step: 09450000 	Time(s): 3043629.907961
    -- MCMC Step: 09460000 	Time(s): 3047548.339047
    -- MCMC Step: 09470000 	Time(s): 3051430.311700
    -- MCMC Step: 09480000 	Time(s): 3055384.518135
    -- MCMC Step: 09490000 	Time(s): 3059393.599630
    -- MCMC Step: 09500000 	Time(s): 3063450.463293
    -- MCMC Step: 09510000 	Time(s): 3067435.568692
    -- MCMC Step: 09520000 	Time(s): 3071421.034299
    -- MCMC Step: 09530000 	Time(s): 3075495.492240
    -- MCMC Step: 09540000 	Time(s): 3079520.820929
    -- MCMC Step: 09550000 	Time(s): 3083530.456240
    -- MCMC Step: 09560000 	Time(s): 3087535.934644
    -- MCMC Step: 09570000 	Time(s): 3091514.971298
    -- MCMC Step: 09580000 	Time(s): 3095473.270456
    -- MCMC Step: 09590000 	Time(s): 3099269.158801
    -- MCMC Step: 09600000 	Time(s): 3102948.977334
    -- MCMC Step: 09610000 	Time(s): 3106314.253181
    -- MCMC Step: 09620000 	Time(s): 3109818.121501
    -- MCMC Step: 09630000 	Time(s): 3113492.011118
    -- MCMC Step: 09640000 	Time(s): 3117117.229818
    -- MCMC Step: 09650000 	Time(s): 3120921.859082
    -- MCMC Step: 09660000 	Time(s): 3124679.351470
    -- MCMC Step: 09670000 	Time(s): 3128372.301196
    -- MCMC Step: 09680000 	Time(s): 3131946.783423
    -- MCMC Step: 09690000 	Time(s): 3135763.606507
    -- MCMC Step: 09700000 	Time(s): 3139596.373103
    -- MCMC Step: 09710000 	Time(s): 3143494.261401
    -- MCMC Step: 09720000 	Time(s): 3147480.738303
    -- MCMC Step: 09730000 	Time(s): 3151396.752605
    -- MCMC Step: 09740000 	Time(s): 3155215.294981
    -- MCMC Step: 09750000 	Time(s): 3159166.946443
    -- MCMC Step: 09760000 	Time(s): 3163176.379131
    -- MCMC Step: 09770000 	Time(s): 3167252.953126
    -- MCMC Step: 09780000 	Time(s): 3171237.918153
    -- MCMC Step: 09790000 	Time(s): 3175246.345011
    -- MCMC Step: 09800000 	Time(s): 3179319.810620
    -- MCMC Step: 09810000 	Time(s): 3183435.268028
    -- MCMC Step: 09820000 	Time(s): 3187448.609206
    -- MCMC Step: 09830000 	Time(s): 3191365.087374
    -- MCMC Step: 09840000 	Time(s): 3195276.826138
    -- MCMC Step: 09850000 	Time(s): 3199252.664951
    -- MCMC Step: 09860000 	Time(s): 3203161.101786
    -- MCMC Step: 09870000 	Time(s): 3207000.457249
    -- MCMC Step: 09880000 	Time(s): 3210742.485799
    -- MCMC Step: 09890000 	Time(s): 3214530.152969
    -- MCMC Step: 09900000 	Time(s): 3218296.199521
    -- MCMC Step: 09910000 	Time(s): 3221992.935882
    -- MCMC Step: 09920000 	Time(s): 3225695.263857
    -- MCMC Step: 09930000 	Time(s): 3229407.333761
    -- MCMC Step: 09940000 	Time(s): 3233220.028430
    -- MCMC Step: 09950000 	Time(s): 3236979.416597
    -- MCMC Step: 09960000 	Time(s): 3240701.973413
    -- MCMC Step: 09970000 	Time(s): 3244329.009785
    -- MCMC Step: 09980000 	Time(s): 3247660.788302
    -- MCMC Step: 09990000 	Time(s): 3251121.553311
    -- MCMC Step: 10000000 	Time(s): 3254410.728988
  Saving final MCMC simulation data ...
****************************************
Done successfully!
Cumulative number of energy calculations: 10000002
Elapsed time: 3254414.4881806374 seconds
Finished on: 2023-10-28 18:33:50.151548
