Executed on: 2023-09-21 02:33:31.523557
PFP client version: 1.11.0
Model version: v3.0.0
Calculation mode: CRYSTAL_PLUS_D3
Method type: PFVM
****************************************
Examining NCM622 ...
  Importing initial (known) stable/unstable structures ...
    Supercell size: 5 × 4 × 1
    Number of atoms (perfect): 240
    Cell parameters (a, b, c): 2.873440, 2.877225, 14.130600
    Structural parameter range (min, max): 0.000000, 0.500000
    Number of discrete structural parameters: 60
    Structural parameter spacing: 0.008475
  Importing energies and 1-D DOS from previous WL simlation ...
    Energy range (min, max): -1075.388829, -1064.828767
    Number of energy states: 60
    Energy spacing (eV): 0.178984
  Performing multicanonical Monte Carlo (MCMC) sampling ...
    Number of NNP-neighbors: 11400
    Maximum number of Monte Carlo steps: 10000000
    Trial move style: swap
    -- MCMC Step: 00000000 	Time(s): 0.504612
    -- MCMC Step: 00010000 	Time(s): 2246.389146
    -- MCMC Step: 00020000 	Time(s): 4569.553539
    -- MCMC Step: 00030000 	Time(s): 6634.622432
    -- MCMC Step: 00040000 	Time(s): 8754.527532
    -- MCMC Step: 00050000 	Time(s): 10991.729222
    -- MCMC Step: 00060000 	Time(s): 13185.537238
    -- MCMC Step: 00070000 	Time(s): 15373.187047
    -- MCMC Step: 00080000 	Time(s): 17653.684573
    -- MCMC Step: 00090000 	Time(s): 19876.383599
    -- MCMC Step: 00100000 	Time(s): 22147.198830
    -- MCMC Step: 00110000 	Time(s): 24439.958905
    -- MCMC Step: 00120000 	Time(s): 26976.588636
    -- MCMC Step: 00130000 	Time(s): 29510.114577
    -- MCMC Step: 00140000 	Time(s): 31922.927818
    -- MCMC Step: 00150000 	Time(s): 34333.985341
    -- MCMC Step: 00160000 	Time(s): 36737.327981
    -- MCMC Step: 00170000 	Time(s): 39114.760262
    -- MCMC Step: 00180000 	Time(s): 41464.950258
    -- MCMC Step: 00190000 	Time(s): 43824.848263
    -- MCMC Step: 00200000 	Time(s): 46214.414275
    -- MCMC Step: 00210000 	Time(s): 48615.285589
    -- MCMC Step: 00220000 	Time(s): 51055.611206
    -- MCMC Step: 00230000 	Time(s): 53447.349152
    -- MCMC Step: 00240000 	Time(s): 55893.846690
    -- MCMC Step: 00250000 	Time(s): 58280.836764
    -- MCMC Step: 00260000 	Time(s): 60688.328980
    -- MCMC Step: 00270000 	Time(s): 63077.861130
    -- MCMC Step: 00280000 	Time(s): 65448.816936
    -- MCMC Step: 00290000 	Time(s): 67836.860743
    -- MCMC Step: 00300000 	Time(s): 70249.526199
    -- MCMC Step: 00310000 	Time(s): 72666.509719
    -- MCMC Step: 00320000 	Time(s): 75092.493085
    -- MCMC Step: 00330000 	Time(s): 77539.825680
    -- MCMC Step: 00340000 	Time(s): 80004.343232
    -- MCMC Step: 00350000 	Time(s): 82514.492495
    -- MCMC Step: 00360000 	Time(s): 85052.302437
    -- MCMC Step: 00370000 	Time(s): 87490.674802
    -- MCMC Step: 00380000 	Time(s): 89494.677320
    -- MCMC Step: 00390000 	Time(s): 91646.301310
    -- MCMC Step: 00400000 	Time(s): 93913.736130
    -- MCMC Step: 00410000 	Time(s): 96408.543710
    -- MCMC Step: 00420000 	Time(s): 99206.276915
    -- MCMC Step: 00430000 	Time(s): 102024.779200
    -- MCMC Step: 00440000 	Time(s): 104707.965889
    -- MCMC Step: 00450000 	Time(s): 107326.288905
    -- MCMC Step: 00460000 	Time(s): 109956.576466
    -- MCMC Step: 00470000 	Time(s): 112638.061845
    -- MCMC Step: 00480000 	Time(s): 115316.592509
    -- MCMC Step: 00490000 	Time(s): 117991.151099
    -- MCMC Step: 00500000 	Time(s): 120668.057306
    -- MCMC Step: 00510000 	Time(s): 123310.706330
    -- MCMC Step: 00520000 	Time(s): 125925.331423
    -- MCMC Step: 00530000 	Time(s): 128546.051447
    -- MCMC Step: 00540000 	Time(s): 131230.281191
    -- MCMC Step: 00550000 	Time(s): 133881.043174
    -- MCMC Step: 00560000 	Time(s): 136561.934139
    -- MCMC Step: 00570000 	Time(s): 139255.848263
    -- MCMC Step: 00580000 	Time(s): 141939.263893
    -- MCMC Step: 00590000 	Time(s): 144645.502460
    -- MCMC Step: 00600000 	Time(s): 147345.770563
    -- MCMC Step: 00610000 	Time(s): 150019.369672
    -- MCMC Step: 00620000 	Time(s): 152666.495030
    -- MCMC Step: 00630000 	Time(s): 155278.152600
    -- MCMC Step: 00640000 	Time(s): 157898.172900
    -- MCMC Step: 00650000 	Time(s): 160516.305653
    -- MCMC Step: 00660000 	Time(s): 163053.870532
    -- MCMC Step: 00670000 	Time(s): 165553.800912
    -- MCMC Step: 00680000 	Time(s): 168050.583070
    -- MCMC Step: 00690000 	Time(s): 170529.383950
    -- MCMC Step: 00700000 	Time(s): 173006.880496
    -- MCMC Step: 00710000 	Time(s): 175475.369874
    -- MCMC Step: 00720000 	Time(s): 177930.285701
    -- MCMC Step: 00730000 	Time(s): 180385.244447
    -- MCMC Step: 00740000 	Time(s): 182834.892392
    -- MCMC Step: 00750000 	Time(s): 185292.148567
    -- MCMC Step: 00760000 	Time(s): 187752.589875
    -- MCMC Step: 00770000 	Time(s): 190209.750860
    -- MCMC Step: 00780000 	Time(s): 192687.440643
    -- MCMC Step: 00790000 	Time(s): 195174.613361
    -- MCMC Step: 00800000 	Time(s): 197657.306781
    -- MCMC Step: 00810000 	Time(s): 200126.719011
    -- MCMC Step: 00820000 	Time(s): 202616.875844
    -- MCMC Step: 00830000 	Time(s): 205090.439430
    -- MCMC Step: 00840000 	Time(s): 207572.996721
    -- MCMC Step: 00850000 	Time(s): 210056.181376
    -- MCMC Step: 00860000 	Time(s): 212605.143382
    -- MCMC Step: 00870000 	Time(s): 215139.822767
    -- MCMC Step: 00880000 	Time(s): 217657.705596
    -- MCMC Step: 00890000 	Time(s): 220203.147877
    -- MCMC Step: 00900000 	Time(s): 222737.057117
    -- MCMC Step: 00910000 	Time(s): 225307.629565
    -- MCMC Step: 00920000 	Time(s): 227824.427814
    -- MCMC Step: 00930000 	Time(s): 230243.874849
    -- MCMC Step: 00940000 	Time(s): 232602.729965
    -- MCMC Step: 00950000 	Time(s): 234945.284923
    -- MCMC Step: 00960000 	Time(s): 237256.903754
    -- MCMC Step: 00970000 	Time(s): 239465.289436
    -- MCMC Step: 00980000 	Time(s): 241658.802682
    -- MCMC Step: 00990000 	Time(s): 243849.764270
    -- MCMC Step: 01000000 	Time(s): 246046.254469
    -- MCMC Step: 01010000 	Time(s): 248224.819411
    -- MCMC Step: 01020000 	Time(s): 250390.936182
    -- MCMC Step: 01030000 	Time(s): 252565.316517
    -- MCMC Step: 01040000 	Time(s): 254744.587637
    -- MCMC Step: 01050000 	Time(s): 256911.114362
    -- MCMC Step: 01060000 	Time(s): 258885.614651
    -- MCMC Step: 01070000 	Time(s): 260827.278403
    -- MCMC Step: 01080000 	Time(s): 262771.443752
    -- MCMC Step: 01090000 	Time(s): 264702.365590
    -- MCMC Step: 01100000 	Time(s): 266653.014377
    -- MCMC Step: 01110000 	Time(s): 268586.976012
    -- MCMC Step: 01120000 	Time(s): 270505.493713
    -- MCMC Step: 01130000 	Time(s): 272419.940470
    -- MCMC Step: 01140000 	Time(s): 274343.839016
    -- MCMC Step: 01150000 	Time(s): 276291.269765
    -- MCMC Step: 01160000 	Time(s): 278232.322111
    -- MCMC Step: 01170000 	Time(s): 280195.023401
    -- MCMC Step: 01180000 	Time(s): 282078.816311
    -- MCMC Step: 01190000 	Time(s): 283732.725823
    -- MCMC Step: 01200000 	Time(s): 285280.327343
    -- MCMC Step: 01210000 	Time(s): 286843.345218
    -- MCMC Step: 01220000 	Time(s): 288410.841859
    -- MCMC Step: 01230000 	Time(s): 289988.553439
    -- MCMC Step: 01240000 	Time(s): 291592.498306
    -- MCMC Step: 01250000 	Time(s): 293184.098802
    -- MCMC Step: 01260000 	Time(s): 294771.622739
    -- MCMC Step: 01270000 	Time(s): 296336.653786
    -- MCMC Step: 01280000 	Time(s): 297887.515980
    -- MCMC Step: 01290000 	Time(s): 299427.678256
    -- MCMC Step: 01300000 	Time(s): 301007.394215
    -- MCMC Step: 01310000 	Time(s): 302608.896932
    -- MCMC Step: 01320000 	Time(s): 304184.221184
    -- MCMC Step: 01330000 	Time(s): 305765.686301
    -- MCMC Step: 01340000 	Time(s): 307337.586653
    -- MCMC Step: 01350000 	Time(s): 308910.609035
    -- MCMC Step: 01360000 	Time(s): 310499.819237
    -- MCMC Step: 01370000 	Time(s): 312088.392704
    -- MCMC Step: 01380000 	Time(s): 313691.537999
    -- MCMC Step: 01390000 	Time(s): 315288.488678
    -- MCMC Step: 01400000 	Time(s): 316899.110247
    -- MCMC Step: 01410000 	Time(s): 318494.959655
    -- MCMC Step: 01420000 	Time(s): 320094.518143
    -- MCMC Step: 01430000 	Time(s): 321683.215108
    -- MCMC Step: 01440000 	Time(s): 323285.392674
    -- MCMC Step: 01450000 	Time(s): 324886.053408
    -- MCMC Step: 01460000 	Time(s): 326487.833832
    -- MCMC Step: 01470000 	Time(s): 328069.909961
    -- MCMC Step: 01480000 	Time(s): 329646.221391
    -- MCMC Step: 01490000 	Time(s): 331256.205060
    -- MCMC Step: 01500000 	Time(s): 332890.095336
    -- MCMC Step: 01510000 	Time(s): 334528.443175
    -- MCMC Step: 01520000 	Time(s): 336174.632313
    -- MCMC Step: 01530000 	Time(s): 337826.634328
    -- MCMC Step: 01540000 	Time(s): 339508.141375
    -- MCMC Step: 01550000 	Time(s): 341133.665209
    -- MCMC Step: 01560000 	Time(s): 342859.930703
    -- MCMC Step: 01570000 	Time(s): 344527.970981
    -- MCMC Step: 01580000 	Time(s): 346215.205549
    -- MCMC Step: 01590000 	Time(s): 347856.547214
    -- MCMC Step: 01600000 	Time(s): 349513.344759
    -- MCMC Step: 01610000 	Time(s): 351157.044063
    -- MCMC Step: 01620000 	Time(s): 352888.684258
    -- MCMC Step: 01630000 	Time(s): 354602.779981
    -- MCMC Step: 01640000 	Time(s): 356324.085055
    -- MCMC Step: 01650000 	Time(s): 358016.976599
    -- MCMC Step: 01660000 	Time(s): 359733.321637
    -- MCMC Step: 01670000 	Time(s): 361444.718623
    -- MCMC Step: 01680000 	Time(s): 363161.599929
    -- MCMC Step: 01690000 	Time(s): 364850.572877
    -- MCMC Step: 01700000 	Time(s): 366557.520081
    -- MCMC Step: 01710000 	Time(s): 368290.415413
    -- MCMC Step: 01720000 	Time(s): 369928.794910
    -- MCMC Step: 01730000 	Time(s): 371612.174546
    -- MCMC Step: 01740000 	Time(s): 373315.013480
    -- MCMC Step: 01750000 	Time(s): 374975.324054
    -- MCMC Step: 01760000 	Time(s): 376621.559431
    -- MCMC Step: 01770000 	Time(s): 378279.442749
    -- MCMC Step: 01780000 	Time(s): 379901.088118
    -- MCMC Step: 01790000 	Time(s): 381552.447512
    -- MCMC Step: 01800000 	Time(s): 383186.162964
    -- MCMC Step: 01810000 	Time(s): 384834.935606
    -- MCMC Step: 01820000 	Time(s): 386482.345400
    -- MCMC Step: 01830000 	Time(s): 388145.878514
    -- MCMC Step: 01840000 	Time(s): 389805.159039
    -- MCMC Step: 01850000 	Time(s): 391469.995912
    -- MCMC Step: 01860000 	Time(s): 393108.938321
    -- MCMC Step: 01870000 	Time(s): 394793.299340
    -- MCMC Step: 01880000 	Time(s): 396491.003205
    -- MCMC Step: 01890000 	Time(s): 398167.464947
    -- MCMC Step: 01900000 	Time(s): 399833.496802
    -- MCMC Step: 01910000 	Time(s): 401468.662408
    -- MCMC Step: 01920000 	Time(s): 403073.723679
    -- MCMC Step: 01930000 	Time(s): 404685.508122
    -- MCMC Step: 01940000 	Time(s): 406306.331237
    -- MCMC Step: 01950000 	Time(s): 407909.112998
    -- MCMC Step: 01960000 	Time(s): 409506.278779
    -- MCMC Step: 01970000 	Time(s): 411092.197045
    -- MCMC Step: 01980000 	Time(s): 412677.244642
    -- MCMC Step: 01990000 	Time(s): 414263.051481
    -- MCMC Step: 02000000 	Time(s): 415850.209518
    CAUTION: New unstable configuration found! E -1064.825859
    -- MCMC Step: 02010000 	Time(s): 417474.844723
    -- MCMC Step: 02020000 	Time(s): 419094.267107
    -- MCMC Step: 02030000 	Time(s): 420745.484051
    -- MCMC Step: 02040000 	Time(s): 422386.334013
    -- MCMC Step: 02050000 	Time(s): 424058.325824
    -- MCMC Step: 02060000 	Time(s): 425762.587137
    -- MCMC Step: 02070000 	Time(s): 427645.559621
    -- MCMC Step: 02080000 	Time(s): 429619.192786
    -- MCMC Step: 02090000 	Time(s): 431791.810872
    -- MCMC Step: 02100000 	Time(s): 433746.959830
    -- MCMC Step: 02110000 	Time(s): 435698.286928
    -- MCMC Step: 02120000 	Time(s): 437850.710438
    -- MCMC Step: 02130000 	Time(s): 440907.282075
    -- MCMC Step: 02140000 	Time(s): 443951.954955
    -- MCMC Step: 02150000 	Time(s): 447180.195049
    -- MCMC Step: 02160000 	Time(s): 450503.759469
    -- MCMC Step: 02170000 	Time(s): 453745.282501
    -- MCMC Step: 02180000 	Time(s): 456789.363945
    -- MCMC Step: 02190000 	Time(s): 459772.255846
    -- MCMC Step: 02200000 	Time(s): 462785.778526
    -- MCMC Step: 02210000 	Time(s): 465820.699046
    -- MCMC Step: 02220000 	Time(s): 468838.186697
    -- MCMC Step: 02230000 	Time(s): 471784.832321
    -- MCMC Step: 02240000 	Time(s): 474714.722282
    -- MCMC Step: 02250000 	Time(s): 477664.360903
    -- MCMC Step: 02260000 	Time(s): 480652.020991
    -- MCMC Step: 02270000 	Time(s): 483640.678326
    -- MCMC Step: 02280000 	Time(s): 486618.300148
    -- MCMC Step: 02290000 	Time(s): 489603.798022
    -- MCMC Step: 02300000 	Time(s): 492591.888537
    -- MCMC Step: 02310000 	Time(s): 495571.685369
    -- MCMC Step: 02320000 	Time(s): 498555.785839
    -- MCMC Step: 02330000 	Time(s): 501514.999653
    -- MCMC Step: 02340000 	Time(s): 504549.938683
    -- MCMC Step: 02350000 	Time(s): 507700.570716
    -- MCMC Step: 02360000 	Time(s): 510922.995359
    -- MCMC Step: 02370000 	Time(s): 514729.783086
    -- MCMC Step: 02380000 	Time(s): 518440.307030
    -- MCMC Step: 02390000 	Time(s): 522138.343630
    -- MCMC Step: 02400000 	Time(s): 525933.534634
    -- MCMC Step: 02410000 	Time(s): 529822.758383
    -- MCMC Step: 02420000 	Time(s): 533750.690947
    -- MCMC Step: 02430000 	Time(s): 537964.296615
    -- MCMC Step: 02440000 	Time(s): 542124.808764
    -- MCMC Step: 02450000 	Time(s): 546406.181520
    -- MCMC Step: 02460000 	Time(s): 550651.536844
    -- MCMC Step: 02470000 	Time(s): 554816.792880
    -- MCMC Step: 02480000 	Time(s): 558983.943965
    -- MCMC Step: 02490000 	Time(s): 563146.834903
    -- MCMC Step: 02500000 	Time(s): 567299.193417
    -- MCMC Step: 02510000 	Time(s): 571436.373905
    -- MCMC Step: 02520000 	Time(s): 575592.753321
    -- MCMC Step: 02530000 	Time(s): 579774.651385
    -- MCMC Step: 02540000 	Time(s): 583958.913404
    -- MCMC Step: 02550000 	Time(s): 588100.347801
    -- MCMC Step: 02560000 	Time(s): 592290.205821
    -- MCMC Step: 02570000 	Time(s): 596620.688625
    -- MCMC Step: 02580000 	Time(s): 600981.059323
    -- MCMC Step: 02590000 	Time(s): 605192.490757
    -- MCMC Step: 02600000 	Time(s): 609354.111163
    -- MCMC Step: 02610000 	Time(s): 613292.857331
    -- MCMC Step: 02620000 	Time(s): 617410.849795
    -- MCMC Step: 02630000 	Time(s): 621535.828321
    -- MCMC Step: 02640000 	Time(s): 625645.512954
    -- MCMC Step: 02650000 	Time(s): 629824.516925
    -- MCMC Step: 02660000 	Time(s): 634140.425011
    -- MCMC Step: 02670000 	Time(s): 638379.188090
    -- MCMC Step: 02680000 	Time(s): 642621.614628
    -- MCMC Step: 02690000 	Time(s): 646858.559155
    -- MCMC Step: 02700000 	Time(s): 651092.963355
    -- MCMC Step: 02710000 	Time(s): 655297.837833
    -- MCMC Step: 02720000 	Time(s): 659512.497752
    -- MCMC Step: 02730000 	Time(s): 663765.147959
    -- MCMC Step: 02740000 	Time(s): 668008.090689
    -- MCMC Step: 02750000 	Time(s): 672292.021482
    -- MCMC Step: 02760000 	Time(s): 676571.735965
    -- MCMC Step: 02770000 	Time(s): 680895.028395
    -- MCMC Step: 02780000 	Time(s): 685260.280475
    -- MCMC Step: 02790000 	Time(s): 689506.968359
    -- MCMC Step: 02800000 	Time(s): 693495.464452
    -- MCMC Step: 02810000 	Time(s): 697619.450207
    -- MCMC Step: 02820000 	Time(s): 701753.481319
    -- MCMC Step: 02830000 	Time(s): 705954.226401
    -- MCMC Step: 02840000 	Time(s): 710185.970698
    -- MCMC Step: 02850000 	Time(s): 714457.207751
    -- MCMC Step: 02860000 	Time(s): 718703.904565
    -- MCMC Step: 02870000 	Time(s): 722923.699980
    -- MCMC Step: 02880000 	Time(s): 727112.027105
    -- MCMC Step: 02890000 	Time(s): 731271.210771
    -- MCMC Step: 02900000 	Time(s): 735458.485842
    -- MCMC Step: 02910000 	Time(s): 739596.643758
    -- MCMC Step: 02920000 	Time(s): 743754.332985
    -- MCMC Step: 02930000 	Time(s): 747916.657787
    -- MCMC Step: 02940000 	Time(s): 752072.694881
    -- MCMC Step: 02950000 	Time(s): 756240.008888
    -- MCMC Step: 02960000 	Time(s): 760434.131650
    -- MCMC Step: 02970000 	Time(s): 764554.728347
    -- MCMC Step: 02980000 	Time(s): 768445.956247
    -- MCMC Step: 02990000 	Time(s): 772273.323194
    -- MCMC Step: 03000000 	Time(s): 776021.692005
    -- MCMC Step: 03010000 	Time(s): 779644.907887
    -- MCMC Step: 03020000 	Time(s): 783217.023497
    -- MCMC Step: 03030000 	Time(s): 786787.381132
    -- MCMC Step: 03040000 	Time(s): 790367.605682
    -- MCMC Step: 03050000 	Time(s): 793953.319920
    -- MCMC Step: 03060000 	Time(s): 797556.814476
    -- MCMC Step: 03070000 	Time(s): 801171.788489
    -- MCMC Step: 03080000 	Time(s): 804802.693211
    -- MCMC Step: 03090000 	Time(s): 808473.526694
    -- MCMC Step: 03100000 	Time(s): 812091.591981
    -- MCMC Step: 03110000 	Time(s): 815777.807153
    -- MCMC Step: 03120000 	Time(s): 819452.599415
    -- MCMC Step: 03130000 	Time(s): 823146.226678
    -- MCMC Step: 03140000 	Time(s): 826888.796999
    -- MCMC Step: 03150000 	Time(s): 830650.345030
    -- MCMC Step: 03160000 	Time(s): 834412.505098
    -- MCMC Step: 03170000 	Time(s): 838028.687011
    -- MCMC Step: 03180000 	Time(s): 841185.725386
    -- MCMC Step: 03190000 	Time(s): 843767.747402
    -- MCMC Step: 03200000 	Time(s): 847180.819288
    -- MCMC Step: 03210000 	Time(s): 850731.001459
    -- MCMC Step: 03220000 	Time(s): 854326.076590
    -- MCMC Step: 03230000 	Time(s): 857905.732599
    -- MCMC Step: 03240000 	Time(s): 861527.289523
    -- MCMC Step: 03250000 	Time(s): 865376.205985
    -- MCMC Step: 03260000 	Time(s): 869221.795850
    -- MCMC Step: 03270000 	Time(s): 873063.277071
    -- MCMC Step: 03280000 	Time(s): 876921.284242
    -- MCMC Step: 03290000 	Time(s): 880763.800970
    -- MCMC Step: 03300000 	Time(s): 884615.689626
    -- MCMC Step: 03310000 	Time(s): 888452.711527
    -- MCMC Step: 03320000 	Time(s): 892289.664704
    -- MCMC Step: 03330000 	Time(s): 896131.932621
    -- MCMC Step: 03340000 	Time(s): 899957.919812
    -- MCMC Step: 03350000 	Time(s): 903795.346733
    -- MCMC Step: 03360000 	Time(s): 907545.420472
    -- MCMC Step: 03370000 	Time(s): 911357.046707
    -- MCMC Step: 03380000 	Time(s): 915255.072177
    -- MCMC Step: 03390000 	Time(s): 919204.532328
    -- MCMC Step: 03400000 	Time(s): 923044.652017
    -- MCMC Step: 03410000 	Time(s): 926902.938219
    -- MCMC Step: 03420000 	Time(s): 930693.433698
    -- MCMC Step: 03430000 	Time(s): 934512.420712
    -- MCMC Step: 03440000 	Time(s): 938417.387143
    -- MCMC Step: 03450000 	Time(s): 942226.813833
    -- MCMC Step: 03460000 	Time(s): 946113.344746
    -- MCMC Step: 03470000 	Time(s): 950199.577093
    -- MCMC Step: 03480000 	Time(s): 954045.302500
    -- MCMC Step: 03490000 	Time(s): 957957.501757
    -- MCMC Step: 03500000 	Time(s): 961891.531699
    -- MCMC Step: 03510000 	Time(s): 965832.674095
    -- MCMC Step: 03520000 	Time(s): 969730.655369
    -- MCMC Step: 03530000 	Time(s): 974090.683106
    -- MCMC Step: 03540000 	Time(s): 978661.570264
    -- MCMC Step: 03550000 	Time(s): 983174.928412
    -- MCMC Step: 03560000 	Time(s): 987635.640957
    -- MCMC Step: 03570000 	Time(s): 992035.303289
    -- MCMC Step: 03580000 	Time(s): 996370.639354
    -- MCMC Step: 03590000 	Time(s): 1000676.045333
    -- MCMC Step: 03600000 	Time(s): 1005000.436482
    -- MCMC Step: 03610000 	Time(s): 1009348.123794
    -- MCMC Step: 03620000 	Time(s): 1013777.758090
    -- MCMC Step: 03630000 	Time(s): 1018313.952990
    -- MCMC Step: 03640000 	Time(s): 1022982.485057
    -- MCMC Step: 03650000 	Time(s): 1027107.609834
    -- MCMC Step: 03660000 	Time(s): 1031385.076079
    -- MCMC Step: 03670000 	Time(s): 1035494.996703
    -- MCMC Step: 03680000 	Time(s): 1039222.104837
    -- MCMC Step: 03690000 	Time(s): 1043215.796271
    -- MCMC Step: 03700000 	Time(s): 1047222.720969
    -- MCMC Step: 03710000 	Time(s): 1050813.189479
    -- MCMC Step: 03720000 	Time(s): 1054879.772869
    -- MCMC Step: 03730000 	Time(s): 1059032.254290
    -- MCMC Step: 03740000 	Time(s): 1063088.605517
    -- MCMC Step: 03750000 	Time(s): 1067279.659675
    -- MCMC Step: 03760000 	Time(s): 1071704.296870
    -- MCMC Step: 03770000 	Time(s): 1075968.682860
    -- MCMC Step: 03780000 	Time(s): 1080283.106354
    -- MCMC Step: 03790000 	Time(s): 1084565.401125
    -- MCMC Step: 03800000 	Time(s): 1088741.306266
    -- MCMC Step: 03810000 	Time(s): 1092687.858076
    -- MCMC Step: 03820000 	Time(s): 1096636.165114
    -- MCMC Step: 03830000 	Time(s): 1100463.884477
    -- MCMC Step: 03840000 	Time(s): 1104265.268507
    -- MCMC Step: 03850000 	Time(s): 1107902.316426
    -- MCMC Step: 03860000 	Time(s): 1111573.755290
    -- MCMC Step: 03870000 	Time(s): 1115439.308039
    -- MCMC Step: 03880000 	Time(s): 1119488.318549
    -- MCMC Step: 03890000 	Time(s): 1123160.733549
    -- MCMC Step: 03900000 	Time(s): 1127266.489296
    -- MCMC Step: 03910000 	Time(s): 1131397.982950
    -- MCMC Step: 03920000 	Time(s): 1135206.431817
    -- MCMC Step: 03930000 	Time(s): 1139067.970612
    -- MCMC Step: 03940000 	Time(s): 1143057.458075
    -- MCMC Step: 03950000 	Time(s): 1146948.801077
    -- MCMC Step: 03960000 	Time(s): 1150877.437346
    -- MCMC Step: 03970000 	Time(s): 1155158.180654
    -- MCMC Step: 03980000 	Time(s): 1159512.893762
    -- MCMC Step: 03990000 	Time(s): 1163848.929448
    -- MCMC Step: 04000000 	Time(s): 1167982.459184
    -- MCMC Step: 04010000 	Time(s): 1172033.224465
    -- MCMC Step: 04020000 	Time(s): 1176075.045841
    -- MCMC Step: 04030000 	Time(s): 1179854.628728
    -- MCMC Step: 04040000 	Time(s): 1183526.886026
    -- MCMC Step: 04050000 	Time(s): 1187147.703408
    -- MCMC Step: 04060000 	Time(s): 1190763.194083
    -- MCMC Step: 04070000 	Time(s): 1194413.531031
    -- MCMC Step: 04080000 	Time(s): 1197958.128442
    -- MCMC Step: 04090000 	Time(s): 1201609.476898
    -- MCMC Step: 04100000 	Time(s): 1205010.232745
    -- MCMC Step: 04110000 	Time(s): 1208160.401208
    -- MCMC Step: 04120000 	Time(s): 1211595.759871
    -- MCMC Step: 04130000 	Time(s): 1214889.732777
    -- MCMC Step: 04140000 	Time(s): 1218189.359902
    -- MCMC Step: 04150000 	Time(s): 1221702.359174
    -- MCMC Step: 04160000 	Time(s): 1225418.302765
    -- MCMC Step: 04170000 	Time(s): 1228948.611250
    -- MCMC Step: 04180000 	Time(s): 1232647.911300
    -- MCMC Step: 04190000 	Time(s): 1236285.595434
    -- MCMC Step: 04200000 	Time(s): 1239955.655766
    -- MCMC Step: 04210000 	Time(s): 1243536.988081
    -- MCMC Step: 04220000 	Time(s): 1247040.227918
    -- MCMC Step: 04230000 	Time(s): 1250473.273499
    -- MCMC Step: 04240000 	Time(s): 1253883.235920
    -- MCMC Step: 04250000 	Time(s): 1257352.319141
    -- MCMC Step: 04260000 	Time(s): 1260817.266076
    -- MCMC Step: 04270000 	Time(s): 1264308.165352
    -- MCMC Step: 04280000 	Time(s): 1267780.142272
    -- MCMC Step: 04290000 	Time(s): 1271243.007707
    -- MCMC Step: 04300000 	Time(s): 1274704.906888
    -- MCMC Step: 04310000 	Time(s): 1278174.312287
    -- MCMC Step: 04320000 	Time(s): 1281626.585348
    -- MCMC Step: 04330000 	Time(s): 1285054.746024
    -- MCMC Step: 04340000 	Time(s): 1288700.650963
    -- MCMC Step: 04350000 	Time(s): 1292344.052149
    -- MCMC Step: 04360000 	Time(s): 1295268.796015
    -- MCMC Step: 04370000 	Time(s): 1298330.715951
    -- MCMC Step: 04380000 	Time(s): 1301540.980281
    -- MCMC Step: 04390000 	Time(s): 1304663.063233
    -- MCMC Step: 04400000 	Time(s): 1307641.252875
    -- MCMC Step: 04410000 	Time(s): 1310669.332975
    -- MCMC Step: 04420000 	Time(s): 1313810.951211
    -- MCMC Step: 04430000 	Time(s): 1316885.187792
    -- MCMC Step: 04440000 	Time(s): 1319928.825537
    -- MCMC Step: 04450000 	Time(s): 1323006.073481
    -- MCMC Step: 04460000 	Time(s): 1326456.430248
    -- MCMC Step: 04470000 	Time(s): 1329899.103437
    -- MCMC Step: 04480000 	Time(s): 1333353.725807
    -- MCMC Step: 04490000 	Time(s): 1336834.468727
    -- MCMC Step: 04500000 	Time(s): 1340336.503922
    -- MCMC Step: 04510000 	Time(s): 1343765.946051
    -- MCMC Step: 04520000 	Time(s): 1347193.802730
    -- MCMC Step: 04530000 	Time(s): 1350663.646837
    -- MCMC Step: 04540000 	Time(s): 1354186.751824
    -- MCMC Step: 04550000 	Time(s): 1357649.830209
    -- MCMC Step: 04560000 	Time(s): 1361122.252079
    -- MCMC Step: 04570000 	Time(s): 1364620.002315
    -- MCMC Step: 04580000 	Time(s): 1368115.774885
    -- MCMC Step: 04590000 	Time(s): 1371581.574845
    -- MCMC Step: 04600000 	Time(s): 1375035.282328
    -- MCMC Step: 04610000 	Time(s): 1378484.436925
    -- MCMC Step: 04620000 	Time(s): 1381947.117173
    -- MCMC Step: 04630000 	Time(s): 1385407.566115
    -- MCMC Step: 04640000 	Time(s): 1388870.646370
    -- MCMC Step: 04650000 	Time(s): 1392315.602769
    -- MCMC Step: 04660000 	Time(s): 1395782.655007
    -- MCMC Step: 04670000 	Time(s): 1399260.177612
    -- MCMC Step: 04680000 	Time(s): 1402748.612528
    -- MCMC Step: 04690000 	Time(s): 1406226.217346
    -- MCMC Step: 04700000 	Time(s): 1409718.392251
    -- MCMC Step: 04710000 	Time(s): 1413152.060086
    -- MCMC Step: 04720000 	Time(s): 1416591.918605
    -- MCMC Step: 04730000 	Time(s): 1420023.903359
    -- MCMC Step: 04740000 	Time(s): 1423452.474086
    -- MCMC Step: 04750000 	Time(s): 1426900.577199
    -- MCMC Step: 04760000 	Time(s): 1430344.619620
    -- MCMC Step: 04770000 	Time(s): 1433770.025390
    -- MCMC Step: 04780000 	Time(s): 1437262.170004
    -- MCMC Step: 04790000 	Time(s): 1440808.062333
    -- MCMC Step: 04800000 	Time(s): 1444231.713403
    -- MCMC Step: 04810000 	Time(s): 1447428.513343
    -- MCMC Step: 04820000 	Time(s): 1450655.787218
    -- MCMC Step: 04830000 	Time(s): 1453866.258179
    -- MCMC Step: 04840000 	Time(s): 1457072.449891
    -- MCMC Step: 04850000 	Time(s): 1460309.645543
    -- MCMC Step: 04860000 	Time(s): 1463497.199343
    -- MCMC Step: 04870000 	Time(s): 1466588.047421
    -- MCMC Step: 04880000 	Time(s): 1469663.536269
    -- MCMC Step: 04890000 	Time(s): 1472744.089443
    -- MCMC Step: 04900000 	Time(s): 1475816.648436
    -- MCMC Step: 04910000 	Time(s): 1479013.530158
    -- MCMC Step: 04920000 	Time(s): 1482218.409571
    -- MCMC Step: 04930000 	Time(s): 1485412.492842
    -- MCMC Step: 04940000 	Time(s): 1488603.391517
    -- MCMC Step: 04950000 	Time(s): 1491784.056661
    -- MCMC Step: 04960000 	Time(s): 1494988.366410
    -- MCMC Step: 04970000 	Time(s): 1498174.589783
    -- MCMC Step: 04980000 	Time(s): 1501364.358040
    -- MCMC Step: 04990000 	Time(s): 1504550.224945
    -- MCMC Step: 05000000 	Time(s): 1507754.352448
    -- MCMC Step: 05010000 	Time(s): 1510805.000884
    -- MCMC Step: 05020000 	Time(s): 1513740.635931
    -- MCMC Step: 05030000 	Time(s): 1516616.781296
    -- MCMC Step: 05040000 	Time(s): 1519475.567172
    -- MCMC Step: 05050000 	Time(s): 1522340.613694
    -- MCMC Step: 05060000 	Time(s): 1525164.049766
    -- MCMC Step: 05070000 	Time(s): 1527947.625350
    -- MCMC Step: 05080000 	Time(s): 1530715.560003
    -- MCMC Step: 05090000 	Time(s): 1533475.437174
    -- MCMC Step: 05100000 	Time(s): 1536161.931046
    -- MCMC Step: 05110000 	Time(s): 1538866.597938
    -- MCMC Step: 05120000 	Time(s): 1541684.266029
    -- MCMC Step: 05130000 	Time(s): 1544624.879763
    -- MCMC Step: 05140000 	Time(s): 1547508.569878
    -- MCMC Step: 05150000 	Time(s): 1550349.525381
    -- MCMC Step: 05160000 	Time(s): 1553231.717803
    -- MCMC Step: 05170000 	Time(s): 1556100.827909
    CAUTION: New unstable configuration found! E -1064.821004
    -- MCMC Step: 05180000 	Time(s): 1558992.790498
    -- MCMC Step: 05190000 	Time(s): 1561891.605691
    -- MCMC Step: 05200000 	Time(s): 1564768.069238
    -- MCMC Step: 05210000 	Time(s): 1567601.432589
    -- MCMC Step: 05220000 	Time(s): 1570424.410940
    -- MCMC Step: 05230000 	Time(s): 1573217.163843
    -- MCMC Step: 05240000 	Time(s): 1576010.340554
    -- MCMC Step: 05250000 	Time(s): 1578789.058731
    -- MCMC Step: 05260000 	Time(s): 1581542.093759
    -- MCMC Step: 05270000 	Time(s): 1584351.882699
    -- MCMC Step: 05280000 	Time(s): 1587151.412657
    -- MCMC Step: 05290000 	Time(s): 1589927.883240
    -- MCMC Step: 05300000 	Time(s): 1592687.829701
    -- MCMC Step: 05310000 	Time(s): 1595458.702522
    -- MCMC Step: 05320000 	Time(s): 1598105.012769
    -- MCMC Step: 05330000 	Time(s): 1600639.875550
    -- MCMC Step: 05340000 	Time(s): 1603054.486147
    -- MCMC Step: 05350000 	Time(s): 1605388.707685
    -- MCMC Step: 05360000 	Time(s): 1607718.828829
    -- MCMC Step: 05370000 	Time(s): 1610068.403279
    -- MCMC Step: 05380000 	Time(s): 1612412.510134
    -- MCMC Step: 05390000 	Time(s): 1614754.316586
    -- MCMC Step: 05400000 	Time(s): 1617085.433980
    -- MCMC Step: 05410000 	Time(s): 1619423.672114
    -- MCMC Step: 05420000 	Time(s): 1621749.389523
    -- MCMC Step: 05430000 	Time(s): 1624184.660590
    -- MCMC Step: 05440000 	Time(s): 1626709.671208
    -- MCMC Step: 05450000 	Time(s): 1629145.303222
    -- MCMC Step: 05460000 	Time(s): 1631408.792094
    -- MCMC Step: 05470000 	Time(s): 1633673.067561
    -- MCMC Step: 05480000 	Time(s): 1635990.192163
    -- MCMC Step: 05490000 	Time(s): 1638488.839535
    -- MCMC Step: 05500000 	Time(s): 1641154.391887
    -- MCMC Step: 05510000 	Time(s): 1643884.061822
    -- MCMC Step: 05520000 	Time(s): 1646686.416162
    -- MCMC Step: 05530000 	Time(s): 1649683.549915
    -- MCMC Step: 05540000 	Time(s): 1652723.242360
    -- MCMC Step: 05550000 	Time(s): 1655803.438046
    -- MCMC Step: 05560000 	Time(s): 1658921.465025
    -- MCMC Step: 05570000 	Time(s): 1661945.458973
    -- MCMC Step: 05580000 	Time(s): 1664953.588966
    -- MCMC Step: 05590000 	Time(s): 1668075.299540
    -- MCMC Step: 05600000 	Time(s): 1670990.498381
    -- MCMC Step: 05610000 	Time(s): 1673905.764953
    -- MCMC Step: 05620000 	Time(s): 1676782.985856
    -- MCMC Step: 05630000 	Time(s): 1679764.679744
    -- MCMC Step: 05640000 	Time(s): 1682786.128525
    -- MCMC Step: 05650000 	Time(s): 1685827.545386
    -- MCMC Step: 05660000 	Time(s): 1688914.036893
    -- MCMC Step: 05670000 	Time(s): 1691971.897131
    -- MCMC Step: 05680000 	Time(s): 1695006.217255
    -- MCMC Step: 05690000 	Time(s): 1698036.516726
    -- MCMC Step: 05700000 	Time(s): 1701095.206323
    -- MCMC Step: 05710000 	Time(s): 1704136.168999
    -- MCMC Step: 05720000 	Time(s): 1707136.076712
    -- MCMC Step: 05730000 	Time(s): 1710177.438331
    -- MCMC Step: 05740000 	Time(s): 1713221.882023
    -- MCMC Step: 05750000 	Time(s): 1716292.078907
    -- MCMC Step: 05760000 	Time(s): 1719376.766433
    -- MCMC Step: 05770000 	Time(s): 1722420.006861
    -- MCMC Step: 05780000 	Time(s): 1725316.010661
    -- MCMC Step: 05790000 	Time(s): 1728126.660226
    -- MCMC Step: 05800000 	Time(s): 1730965.244794
    -- MCMC Step: 05810000 	Time(s): 1733975.146665
    -- MCMC Step: 05820000 	Time(s): 1737190.981200
    -- MCMC Step: 05830000 	Time(s): 1740764.846130
    -- MCMC Step: 05840000 	Time(s): 1744338.381446
    -- MCMC Step: 05850000 	Time(s): 1748086.375087
    -- MCMC Step: 05860000 	Time(s): 1751843.815748
    -- MCMC Step: 05870000 	Time(s): 1755585.682461
    -- MCMC Step: 05880000 	Time(s): 1759213.591491
    -- MCMC Step: 05890000 	Time(s): 1762839.347202
    -- MCMC Step: 05900000 	Time(s): 1766327.587645
    -- MCMC Step: 05910000 	Time(s): 1769770.939230
    -- MCMC Step: 05920000 	Time(s): 1773412.893856
    -- MCMC Step: 05930000 	Time(s): 1777038.236645
    -- MCMC Step: 05940000 	Time(s): 1780668.160525
    -- MCMC Step: 05950000 	Time(s): 1784307.955205
    -- MCMC Step: 05960000 	Time(s): 1787819.400867
    -- MCMC Step: 05970000 	Time(s): 1791234.651475
    -- MCMC Step: 05980000 	Time(s): 1794650.980886
    -- MCMC Step: 05990000 	Time(s): 1798077.620079
    -- MCMC Step: 06000000 	Time(s): 1801351.035259
    -- MCMC Step: 06010000 	Time(s): 1804616.549934
    -- MCMC Step: 06020000 	Time(s): 1807834.032262
    -- MCMC Step: 06030000 	Time(s): 1811190.953190
    -- MCMC Step: 06040000 	Time(s): 1814501.961766
    -- MCMC Step: 06050000 	Time(s): 1817861.602890
    -- MCMC Step: 06060000 	Time(s): 1821324.988439
    -- MCMC Step: 06070000 	Time(s): 1824731.246139
    -- MCMC Step: 06080000 	Time(s): 1828098.472059
    -- MCMC Step: 06090000 	Time(s): 1831361.767144
    -- MCMC Step: 06100000 	Time(s): 1834908.967817
    -- MCMC Step: 06110000 	Time(s): 1838618.390904
    -- MCMC Step: 06120000 	Time(s): 1842275.598000
    -- MCMC Step: 06130000 	Time(s): 1845950.770092
    -- MCMC Step: 06140000 	Time(s): 1849566.193160
    -- MCMC Step: 06150000 	Time(s): 1853160.163710
    -- MCMC Step: 06160000 	Time(s): 1856709.699269
    -- MCMC Step: 06170000 	Time(s): 1860203.317183
    -- MCMC Step: 06180000 	Time(s): 1863457.023058
    -- MCMC Step: 06190000 	Time(s): 1866663.303180
    -- MCMC Step: 06200000 	Time(s): 1869784.528491
    -- MCMC Step: 06210000 	Time(s): 1872930.966077
    -- MCMC Step: 06220000 	Time(s): 1876028.214939
    -- MCMC Step: 06230000 	Time(s): 1879068.936456
    -- MCMC Step: 06240000 	Time(s): 1882081.008536
    -- MCMC Step: 06250000 	Time(s): 1885073.726191
    -- MCMC Step: 06260000 	Time(s): 1888080.009967
    -- MCMC Step: 06270000 	Time(s): 1891190.135483
    -- MCMC Step: 06280000 	Time(s): 1894085.707818
    -- MCMC Step: 06290000 	Time(s): 1897429.210927
    -- MCMC Step: 06300000 	Time(s): 1901428.361796
    -- MCMC Step: 06310000 	Time(s): 1905578.058774
    -- MCMC Step: 06320000 	Time(s): 1909846.799216
    -- MCMC Step: 06330000 	Time(s): 1914066.838167
    -- MCMC Step: 06340000 	Time(s): 1918253.198753
    -- MCMC Step: 06350000 	Time(s): 1922283.250408
    -- MCMC Step: 06360000 	Time(s): 1926245.274746
    -- MCMC Step: 06370000 	Time(s): 1930114.772080
    -- MCMC Step: 06380000 	Time(s): 1934254.629022
    -- MCMC Step: 06390000 	Time(s): 1938437.192646
    -- MCMC Step: 06400000 	Time(s): 1942614.232509
    -- MCMC Step: 06410000 	Time(s): 1946765.495353
    -- MCMC Step: 06420000 	Time(s): 1950927.277722
    -- MCMC Step: 06430000 	Time(s): 1955095.312386
    -- MCMC Step: 06440000 	Time(s): 1959050.665847
    -- MCMC Step: 06450000 	Time(s): 1962862.629381
    -- MCMC Step: 06460000 	Time(s): 1966597.319973
    -- MCMC Step: 06470000 	Time(s): 1970340.161041
    -- MCMC Step: 06480000 	Time(s): 1974085.885888
    -- MCMC Step: 06490000 	Time(s): 1977604.432778
    -- MCMC Step: 06500000 	Time(s): 1981404.158716
    -- MCMC Step: 06510000 	Time(s): 1985168.121476
    -- MCMC Step: 06520000 	Time(s): 1988977.081706
    -- MCMC Step: 06530000 	Time(s): 1992779.598135
    -- MCMC Step: 06540000 	Time(s): 1996555.832940
    -- MCMC Step: 06550000 	Time(s): 2000364.663007
    -- MCMC Step: 06560000 	Time(s): 2004207.439163
    -- MCMC Step: 06570000 	Time(s): 2008002.261006
    -- MCMC Step: 06580000 	Time(s): 2011830.208771
    -- MCMC Step: 06590000 	Time(s): 2015657.277219
    -- MCMC Step: 06600000 	Time(s): 2019457.106453
    -- MCMC Step: 06610000 	Time(s): 2023267.651186
    -- MCMC Step: 06620000 	Time(s): 2027055.372424
    -- MCMC Step: 06630000 	Time(s): 2030852.048016
    -- MCMC Step: 06640000 	Time(s): 2034654.166649
    -- MCMC Step: 06650000 	Time(s): 2038451.446805
    -- MCMC Step: 06660000 	Time(s): 2042033.832040
    -- MCMC Step: 06670000 	Time(s): 2045578.103055
    -- MCMC Step: 06680000 	Time(s): 2049153.118730
    -- MCMC Step: 06690000 	Time(s): 2052665.263896
    -- MCMC Step: 06700000 	Time(s): 2056187.174211
    -- MCMC Step: 06710000 	Time(s): 2059749.711875
    -- MCMC Step: 06720000 	Time(s): 2063256.799278
    -- MCMC Step: 06730000 	Time(s): 2066814.825584
    -- MCMC Step: 06740000 	Time(s): 2070351.442911
    -- MCMC Step: 06750000 	Time(s): 2073926.501667
    -- MCMC Step: 06760000 	Time(s): 2077422.629740
    -- MCMC Step: 06770000 	Time(s): 2080931.182544
    -- MCMC Step: 06780000 	Time(s): 2084514.464039
    -- MCMC Step: 06790000 	Time(s): 2088079.927228
    -- MCMC Step: 06800000 	Time(s): 2091678.262330
    -- MCMC Step: 06810000 	Time(s): 2095222.226592
    -- MCMC Step: 06820000 	Time(s): 2098690.327218
    -- MCMC Step: 06830000 	Time(s): 2102113.001117
    -- MCMC Step: 06840000 	Time(s): 2105558.377974
    -- MCMC Step: 06850000 	Time(s): 2109038.260075
    -- MCMC Step: 06860000 	Time(s): 2112550.103984
    -- MCMC Step: 06870000 	Time(s): 2115894.856745
    -- MCMC Step: 06880000 	Time(s): 2119242.272639
    -- MCMC Step: 06890000 	Time(s): 2122505.784812
    -- MCMC Step: 06900000 	Time(s): 2125781.742780
    -- MCMC Step: 06910000 	Time(s): 2129021.627839
    -- MCMC Step: 06920000 	Time(s): 2132100.754321
    -- MCMC Step: 06930000 	Time(s): 2135210.611885
    -- MCMC Step: 06940000 	Time(s): 2137976.434167
    -- MCMC Step: 06950000 	Time(s): 2140982.862916
    -- MCMC Step: 06960000 	Time(s): 2144014.118181
    -- MCMC Step: 06970000 	Time(s): 2146970.725620
    -- MCMC Step: 06980000 	Time(s): 2149957.974528
    -- MCMC Step: 06990000 	Time(s): 2152651.272084
    -- MCMC Step: 07000000 	Time(s): 2155297.297160
    -- MCMC Step: 07010000 	Time(s): 2157947.443104
    -- MCMC Step: 07020000 	Time(s): 2160957.665932
    -- MCMC Step: 07030000 	Time(s): 2163998.772998
    -- MCMC Step: 07040000 	Time(s): 2166822.658268
    -- MCMC Step: 07050000 	Time(s): 2169771.209048
    -- MCMC Step: 07060000 	Time(s): 2172689.473500
    -- MCMC Step: 07070000 	Time(s): 2175682.269703
    -- MCMC Step: 07080000 	Time(s): 2178997.497703
    -- MCMC Step: 07090000 	Time(s): 2182469.304420
    -- MCMC Step: 07100000 	Time(s): 2185999.501444
    -- MCMC Step: 07110000 	Time(s): 2189557.668920
    -- MCMC Step: 07120000 	Time(s): 2193132.117883
    -- MCMC Step: 07130000 	Time(s): 2196704.417723
    -- MCMC Step: 07140000 	Time(s): 2200231.869622
    -- MCMC Step: 07150000 	Time(s): 2203844.580019
    -- MCMC Step: 07160000 	Time(s): 2207468.938515
    -- MCMC Step: 07170000 	Time(s): 2211086.632168
    -- MCMC Step: 07180000 	Time(s): 2214662.584474
    -- MCMC Step: 07190000 	Time(s): 2218298.470820
    -- MCMC Step: 07200000 	Time(s): 2221559.276085
    -- MCMC Step: 07210000 	Time(s): 2224448.835567
    -- MCMC Step: 07220000 	Time(s): 2227294.320759
    -- MCMC Step: 07230000 	Time(s): 2230152.832045
    -- MCMC Step: 07240000 	Time(s): 2233024.207343
    -- MCMC Step: 07250000 	Time(s): 2236445.289472
    -- MCMC Step: 07260000 	Time(s): 2240052.994975
    -- MCMC Step: 07270000 	Time(s): 2243493.570615
    -- MCMC Step: 07280000 	Time(s): 2247306.575067
    -- MCMC Step: 07290000 	Time(s): 2251001.515660
    -- MCMC Step: 07300000 	Time(s): 2254864.009455
    -- MCMC Step: 07310000 	Time(s): 2258773.849048
    -- MCMC Step: 07320000 	Time(s): 2262701.236100
    -- MCMC Step: 07330000 	Time(s): 2266686.293318
    -- MCMC Step: 07340000 	Time(s): 2270525.661072
    -- MCMC Step: 07350000 	Time(s): 2274388.401659
    -- MCMC Step: 07360000 	Time(s): 2278327.534705
    -- MCMC Step: 07370000 	Time(s): 2282387.538580
    -- MCMC Step: 07380000 	Time(s): 2286677.833566
    -- MCMC Step: 07390000 	Time(s): 2290720.486773
    -- MCMC Step: 07400000 	Time(s): 2294661.951977
    -- MCMC Step: 07410000 	Time(s): 2298501.731297
    -- MCMC Step: 07420000 	Time(s): 2302355.857135
    -- MCMC Step: 07430000 	Time(s): 2306203.159510
    -- MCMC Step: 07440000 	Time(s): 2309815.037854
    -- MCMC Step: 07450000 	Time(s): 2313419.892980
    -- MCMC Step: 07460000 	Time(s): 2317023.781278
    -- MCMC Step: 07470000 	Time(s): 2320606.070605
    -- MCMC Step: 07480000 	Time(s): 2324404.874754
    -- MCMC Step: 07490000 	Time(s): 2328016.687649
    -- MCMC Step: 07500000 	Time(s): 2331612.038114
    -- MCMC Step: 07510000 	Time(s): 2335418.414680
    -- MCMC Step: 07520000 	Time(s): 2339301.376534
    -- MCMC Step: 07530000 	Time(s): 2343273.810869
    -- MCMC Step: 07540000 	Time(s): 2347376.165589
    -- MCMC Step: 07550000 	Time(s): 2351304.241396
    -- MCMC Step: 07560000 	Time(s): 2355178.457938
    -- MCMC Step: 07570000 	Time(s): 2358927.296173
    -- MCMC Step: 07580000 	Time(s): 2362637.899843
    -- MCMC Step: 07590000 	Time(s): 2366449.787301
    -- MCMC Step: 07600000 	Time(s): 2370495.768079
    -- MCMC Step: 07610000 	Time(s): 2374480.545198
    -- MCMC Step: 07620000 	Time(s): 2378454.875021
    -- MCMC Step: 07630000 	Time(s): 2382394.590257
    -- MCMC Step: 07640000 	Time(s): 2386347.642270
    -- MCMC Step: 07650000 	Time(s): 2390250.244637
    -- MCMC Step: 07660000 	Time(s): 2394167.261352
    -- MCMC Step: 07670000 	Time(s): 2398056.761198
    -- MCMC Step: 07680000 	Time(s): 2401887.184058
    -- MCMC Step: 07690000 	Time(s): 2405679.584531
    -- MCMC Step: 07700000 	Time(s): 2409563.245192
    -- MCMC Step: 07710000 	Time(s): 2413884.949114
    -- MCMC Step: 07720000 	Time(s): 2418011.543653
    -- MCMC Step: 07730000 	Time(s): 2422025.529685
    -- MCMC Step: 07740000 	Time(s): 2426014.692833
    -- MCMC Step: 07750000 	Time(s): 2430072.857911
    -- MCMC Step: 07760000 	Time(s): 2434054.352142
    -- MCMC Step: 07770000 	Time(s): 2437962.030665
    -- MCMC Step: 07780000 	Time(s): 2442003.011888
    -- MCMC Step: 07790000 	Time(s): 2445970.556778
    -- MCMC Step: 07800000 	Time(s): 2449947.041642
    -- MCMC Step: 07810000 	Time(s): 2454026.319421
    -- MCMC Step: 07820000 	Time(s): 2458040.788120
    -- MCMC Step: 07830000 	Time(s): 2461976.092387
    -- MCMC Step: 07840000 	Time(s): 2465639.888001
    -- MCMC Step: 07850000 	Time(s): 2469333.125964
    -- MCMC Step: 07860000 	Time(s): 2472669.619128
    -- MCMC Step: 07870000 	Time(s): 2476010.659745
    -- MCMC Step: 07880000 	Time(s): 2479352.126478
    -- MCMC Step: 07890000 	Time(s): 2482356.183016
    -- MCMC Step: 07900000 	Time(s): 2485338.015705
    -- MCMC Step: 07910000 	Time(s): 2488299.016957
    -- MCMC Step: 07920000 	Time(s): 2491436.558984
    -- MCMC Step: 07930000 	Time(s): 2495384.957197
    -- MCMC Step: 07940000 	Time(s): 2499348.999640
    -- MCMC Step: 07950000 	Time(s): 2503405.768494
    -- MCMC Step: 07960000 	Time(s): 2507193.835323
    -- MCMC Step: 07970000 	Time(s): 2511114.357464
    -- MCMC Step: 07980000 	Time(s): 2514989.926590
    -- MCMC Step: 07990000 	Time(s): 2518923.515392
    -- MCMC Step: 08000000 	Time(s): 2522806.420703
    -- MCMC Step: 08010000 	Time(s): 2526729.582353
    -- MCMC Step: 08020000 	Time(s): 2530706.005633
    -- MCMC Step: 08030000 	Time(s): 2534599.041054
    -- MCMC Step: 08040000 	Time(s): 2538671.962063
    -- MCMC Step: 08050000 	Time(s): 2542670.196686
    -- MCMC Step: 08060000 	Time(s): 2546641.690576
    -- MCMC Step: 08070000 	Time(s): 2550522.599894
    -- MCMC Step: 08080000 	Time(s): 2554297.623111
    -- MCMC Step: 08090000 	Time(s): 2558040.590177
    -- MCMC Step: 08100000 	Time(s): 2561671.369881
    -- MCMC Step: 08110000 	Time(s): 2565259.028979
    -- MCMC Step: 08120000 	Time(s): 2568820.827371
    -- MCMC Step: 08130000 	Time(s): 2572400.207369
    -- MCMC Step: 08140000 	Time(s): 2575956.395900
    -- MCMC Step: 08150000 	Time(s): 2579493.919798
    -- MCMC Step: 08160000 	Time(s): 2583065.697244
    -- MCMC Step: 08170000 	Time(s): 2586652.511875
    -- MCMC Step: 08180000 	Time(s): 2590196.889279
    -- MCMC Step: 08190000 	Time(s): 2593778.372000
    -- MCMC Step: 08200000 	Time(s): 2597357.290567
    -- MCMC Step: 08210000 	Time(s): 2600969.710164
    -- MCMC Step: 08220000 	Time(s): 2604577.854638
    -- MCMC Step: 08230000 	Time(s): 2608056.071454
    -- MCMC Step: 08240000 	Time(s): 2611584.699940
    -- MCMC Step: 08250000 	Time(s): 2615278.130019
    -- MCMC Step: 08260000 	Time(s): 2619120.811823
    -- MCMC Step: 08270000 	Time(s): 2622881.155303
    -- MCMC Step: 08280000 	Time(s): 2626641.944399
    -- MCMC Step: 08290000 	Time(s): 2630420.390625
    -- MCMC Step: 08300000 	Time(s): 2634138.997040
    -- MCMC Step: 08310000 	Time(s): 2637825.360083
    -- MCMC Step: 08320000 	Time(s): 2641357.240537
    -- MCMC Step: 08330000 	Time(s): 2644959.262916
    -- MCMC Step: 08340000 	Time(s): 2648542.922621
    -- MCMC Step: 08350000 	Time(s): 2652188.411515
    -- MCMC Step: 08360000 	Time(s): 2655915.389967
    -- MCMC Step: 08370000 	Time(s): 2659691.173715
    -- MCMC Step: 08380000 	Time(s): 2663470.899046
    -- MCMC Step: 08390000 	Time(s): 2667248.103394
    -- MCMC Step: 08400000 	Time(s): 2671083.109164
    -- MCMC Step: 08410000 	Time(s): 2674883.732655
    -- MCMC Step: 08420000 	Time(s): 2678675.523583
    -- MCMC Step: 08430000 	Time(s): 2682483.909093
    -- MCMC Step: 08440000 	Time(s): 2686269.296353
    -- MCMC Step: 08450000 	Time(s): 2689965.778485
    -- MCMC Step: 08460000 	Time(s): 2693742.937996
    -- MCMC Step: 08470000 	Time(s): 2697547.808259
    -- MCMC Step: 08480000 	Time(s): 2701267.106741
    -- MCMC Step: 08490000 	Time(s): 2704990.993990
    -- MCMC Step: 08500000 	Time(s): 2708726.004935
    -- MCMC Step: 08510000 	Time(s): 2712475.900085
    -- MCMC Step: 08520000 	Time(s): 2716225.908515
    -- MCMC Step: 08530000 	Time(s): 2719969.382540
    -- MCMC Step: 08540000 	Time(s): 2723735.627007
    -- MCMC Step: 08550000 	Time(s): 2727435.723350
    -- MCMC Step: 08560000 	Time(s): 2731162.961421
    -- MCMC Step: 08570000 	Time(s): 2734941.628237
    -- MCMC Step: 08580000 	Time(s): 2738749.519059
    -- MCMC Step: 08590000 	Time(s): 2742534.470923
    -- MCMC Step: 08600000 	Time(s): 2746273.028163
    -- MCMC Step: 08610000 	Time(s): 2749999.755096
    -- MCMC Step: 08620000 	Time(s): 2753748.087934
    -- MCMC Step: 08630000 	Time(s): 2757480.816452
    -- MCMC Step: 08640000 	Time(s): 2761227.468479
    -- MCMC Step: 08650000 	Time(s): 2765077.755741
    -- MCMC Step: 08660000 	Time(s): 2768855.869801
    -- MCMC Step: 08670000 	Time(s): 2772642.461803
    -- MCMC Step: 08680000 	Time(s): 2776448.121802
    -- MCMC Step: 08690000 	Time(s): 2780330.728171
    -- MCMC Step: 08700000 	Time(s): 2784136.863616
    -- MCMC Step: 08710000 	Time(s): 2787900.046764
    -- MCMC Step: 08720000 	Time(s): 2791628.328030
    -- MCMC Step: 08730000 	Time(s): 2795377.276144
    -- MCMC Step: 08740000 	Time(s): 2798996.952882
    -- MCMC Step: 08750000 	Time(s): 2802156.523063
    -- MCMC Step: 08760000 	Time(s): 2805281.045490
    -- MCMC Step: 08770000 	Time(s): 2808390.787543
    -- MCMC Step: 08780000 	Time(s): 2811504.715788
    -- MCMC Step: 08790000 	Time(s): 2814589.823430
    -- MCMC Step: 08800000 	Time(s): 2817696.662977
    -- MCMC Step: 08810000 	Time(s): 2820842.177174
    -- MCMC Step: 08820000 	Time(s): 2824011.049086
    -- MCMC Step: 08830000 	Time(s): 2827171.510971
    -- MCMC Step: 08840000 	Time(s): 2830330.386452
    -- MCMC Step: 08850000 	Time(s): 2833474.109845
    -- MCMC Step: 08860000 	Time(s): 2836629.559803
    -- MCMC Step: 08870000 	Time(s): 2839805.925215
    -- MCMC Step: 08880000 	Time(s): 2842947.451820
    -- MCMC Step: 08890000 	Time(s): 2846055.828642
    -- MCMC Step: 08900000 	Time(s): 2849250.701711
    -- MCMC Step: 08910000 	Time(s): 2852268.804583
    -- MCMC Step: 08920000 	Time(s): 2855092.631098
    -- MCMC Step: 08930000 	Time(s): 2857965.553722
    -- MCMC Step: 08940000 	Time(s): 2860811.581267
    -- MCMC Step: 08950000 	Time(s): 2863720.966790
    -- MCMC Step: 08960000 	Time(s): 2866582.829225
    -- MCMC Step: 08970000 	Time(s): 2869543.663833
    -- MCMC Step: 08980000 	Time(s): 2872455.849298
    -- MCMC Step: 08990000 	Time(s): 2875404.863197
    -- MCMC Step: 09000000 	Time(s): 2878314.395147
    -- MCMC Step: 09010000 	Time(s): 2881210.021145
    -- MCMC Step: 09020000 	Time(s): 2884114.239066
    -- MCMC Step: 09030000 	Time(s): 2887029.679614
    -- MCMC Step: 09040000 	Time(s): 2889937.623787
    -- MCMC Step: 09050000 	Time(s): 2892827.363276
    -- MCMC Step: 09060000 	Time(s): 2895663.861142
    -- MCMC Step: 09070000 	Time(s): 2898381.634872
    -- MCMC Step: 09080000 	Time(s): 2901112.181215
    -- MCMC Step: 09090000 	Time(s): 2903831.986382
    -- MCMC Step: 09100000 	Time(s): 2906546.952063
    -- MCMC Step: 09110000 	Time(s): 2909318.734158
    -- MCMC Step: 09120000 	Time(s): 2912157.316801
    -- MCMC Step: 09130000 	Time(s): 2915019.201401
    -- MCMC Step: 09140000 	Time(s): 2917869.007416
    -- MCMC Step: 09150000 	Time(s): 2920601.797582
    -- MCMC Step: 09160000 	Time(s): 2923311.026397
    -- MCMC Step: 09170000 	Time(s): 2925883.394529
    -- MCMC Step: 09180000 	Time(s): 2928373.279090
    -- MCMC Step: 09190000 	Time(s): 2931016.539852
    -- MCMC Step: 09200000 	Time(s): 2934485.866839
    -- MCMC Step: 09210000 	Time(s): 2937939.830137
    -- MCMC Step: 09220000 	Time(s): 2941481.969896
    -- MCMC Step: 09230000 	Time(s): 2945070.319362
    -- MCMC Step: 09240000 	Time(s): 2948659.136614
    -- MCMC Step: 09250000 	Time(s): 2952378.658089
    -- MCMC Step: 09260000 	Time(s): 2956213.802426
    -- MCMC Step: 09270000 	Time(s): 2960161.733864
    -- MCMC Step: 09280000 	Time(s): 2964121.142839
    -- MCMC Step: 09290000 	Time(s): 2968191.335754
    -- MCMC Step: 09300000 	Time(s): 2972358.185428
    -- MCMC Step: 09310000 	Time(s): 2976362.951248
    -- MCMC Step: 09320000 	Time(s): 2980398.526288
    -- MCMC Step: 09330000 	Time(s): 2984404.962393
    -- MCMC Step: 09340000 	Time(s): 2988366.077126
    -- MCMC Step: 09350000 	Time(s): 2992443.094287
    -- MCMC Step: 09360000 	Time(s): 2996564.577413
    -- MCMC Step: 09370000 	Time(s): 3000614.465204
    -- MCMC Step: 09380000 	Time(s): 3004807.340643
    -- MCMC Step: 09390000 	Time(s): 3009021.460712
    -- MCMC Step: 09400000 	Time(s): 3013231.419464
    -- MCMC Step: 09410000 	Time(s): 3017379.675222
    -- MCMC Step: 09420000 	Time(s): 3021595.796613
    -- MCMC Step: 09430000 	Time(s): 3025630.696955
    -- MCMC Step: 09440000 	Time(s): 3029699.877212
    -- MCMC Step: 09450000 	Time(s): 3033492.973537
    -- MCMC Step: 09460000 	Time(s): 3037722.300630
    -- MCMC Step: 09470000 	Time(s): 3041607.606430
    -- MCMC Step: 09480000 	Time(s): 3045524.047479
    -- MCMC Step: 09490000 	Time(s): 3049389.447176
    -- MCMC Step: 09500000 	Time(s): 3053307.945066
    -- MCMC Step: 09510000 	Time(s): 3057257.583533
    -- MCMC Step: 09520000 	Time(s): 3061285.140164
    -- MCMC Step: 09530000 	Time(s): 3065275.098295
    -- MCMC Step: 09540000 	Time(s): 3069290.371773
    -- MCMC Step: 09550000 	Time(s): 3073213.185067
    -- MCMC Step: 09560000 	Time(s): 3077277.895445
    -- MCMC Step: 09570000 	Time(s): 3081296.358000
    -- MCMC Step: 09580000 	Time(s): 3085237.206321
    -- MCMC Step: 09590000 	Time(s): 3089195.578159
    -- MCMC Step: 09600000 	Time(s): 3093120.359320
    -- MCMC Step: 09610000 	Time(s): 3096992.434122
    -- MCMC Step: 09620000 	Time(s): 3100738.228724
    -- MCMC Step: 09630000 	Time(s): 3104482.295071
    -- MCMC Step: 09640000 	Time(s): 3107734.722493
    -- MCMC Step: 09650000 	Time(s): 3111376.721741
    -- MCMC Step: 09660000 	Time(s): 3114997.851907
    -- MCMC Step: 09670000 	Time(s): 3118628.155222
    -- MCMC Step: 09680000 	Time(s): 3122428.258255
    -- MCMC Step: 09690000 	Time(s): 3126107.526539
    -- MCMC Step: 09700000 	Time(s): 3129798.998518
    -- MCMC Step: 09710000 	Time(s): 3133383.902393
    -- MCMC Step: 09720000 	Time(s): 3137141.898632
    -- MCMC Step: 09730000 	Time(s): 3140948.583018
    -- MCMC Step: 09740000 	Time(s): 3144816.659309
    -- MCMC Step: 09750000 	Time(s): 3148717.943184
    -- MCMC Step: 09760000 	Time(s): 3152506.977803
    -- MCMC Step: 09770000 	Time(s): 3156270.838358
    -- MCMC Step: 09780000 	Time(s): 3160166.727242
    -- MCMC Step: 09790000 	Time(s): 3164129.789047
    -- MCMC Step: 09800000 	Time(s): 3168118.030342
    -- MCMC Step: 09810000 	Time(s): 3171997.369249
    -- MCMC Step: 09820000 	Time(s): 3175904.382872
    -- MCMC Step: 09830000 	Time(s): 3179897.776506
    -- MCMC Step: 09840000 	Time(s): 3183916.666757
    -- MCMC Step: 09850000 	Time(s): 3187837.926276
    -- MCMC Step: 09860000 	Time(s): 3191695.634722
    -- MCMC Step: 09870000 	Time(s): 3195524.875661
    -- MCMC Step: 09880000 	Time(s): 3199410.918738
    -- MCMC Step: 09890000 	Time(s): 3203268.798314
    -- MCMC Step: 09900000 	Time(s): 3207039.266670
    -- MCMC Step: 09910000 	Time(s): 3210714.801933
    -- MCMC Step: 09920000 	Time(s): 3214396.485109
    -- MCMC Step: 09930000 	Time(s): 3218084.271953
    -- MCMC Step: 09940000 	Time(s): 3221710.154565
    -- MCMC Step: 09950000 	Time(s): 3225358.652060
    -- MCMC Step: 09960000 	Time(s): 3228985.912899
    -- MCMC Step: 09970000 	Time(s): 3232691.840213
    -- MCMC Step: 09980000 	Time(s): 3236423.019936
    -- MCMC Step: 09990000 	Time(s): 3240101.895849
    -- MCMC Step: 10000000 	Time(s): 3243717.645720
  Saving final MCMC simulation data ...
****************************************
Done successfully!
Cumulative number of energy calculations: 10000002
Elapsed time: 3243722.170480728 seconds
Finished on: 2023-10-28 15:35:33.623585
