Executed on: 2023-09-26 01:19:02.921023
PFP client version: 1.11.0
Model version: v3.0.0
Calculation mode: CRYSTAL_PLUS_D3
Method type: PFVM
****************************************
Examining NCM811 ...
  Importing initial (known) stable/unstable structures ...
    Supercell size: 5 × 4 × 1
    Number of atoms (perfect): 240
    Cell parameters (a, b, c): 2.874400, 2.878125, 14.114900
    Structural parameter range (min, max): 0.000000, 0.500000
    Number of discrete structural parameters: 60
    Structural parameter spacing: 0.008475
  Importing energies and 1-D DOS from previous WL simlation ...
    Energy range (min, max): -1058.411566, -1054.392101
    Number of energy states: 60
    Energy spacing (eV): 0.068127
  Performing multicanonical Monte Carlo (MCMC) sampling ...
    Number of NNP-neighbors: 11400
    Maximum number of Monte Carlo steps: 10000000
    Trial move style: swap
    -- MCMC Step: 00000000 	Time(s): 0.774414
    -- MCMC Step: 00010000 	Time(s): 2043.679946
    -- MCMC Step: 00020000 	Time(s): 4254.875863
    -- MCMC Step: 00030000 	Time(s): 6370.400457
    -- MCMC Step: 00040000 	Time(s): 8491.358819
    -- MCMC Step: 00050000 	Time(s): 10999.319788
    -- MCMC Step: 00060000 	Time(s): 14349.867744
    -- MCMC Step: 00070000 	Time(s): 17709.604231
    -- MCMC Step: 00080000 	Time(s): 21304.115404
    -- MCMC Step: 00090000 	Time(s): 24899.402125
    -- MCMC Step: 00100000 	Time(s): 28335.698143
    -- MCMC Step: 00110000 	Time(s): 31681.893179
    -- MCMC Step: 00120000 	Time(s): 35027.362347
    -- MCMC Step: 00130000 	Time(s): 38387.071323
    -- MCMC Step: 00140000 	Time(s): 41726.399031
    -- MCMC Step: 00150000 	Time(s): 45057.422010
    -- MCMC Step: 00160000 	Time(s): 48417.528586
    -- MCMC Step: 00170000 	Time(s): 51781.647982
    -- MCMC Step: 00180000 	Time(s): 55169.345686
    -- MCMC Step: 00190000 	Time(s): 58597.781107
    -- MCMC Step: 00200000 	Time(s): 62041.342788
    -- MCMC Step: 00210000 	Time(s): 65480.931860
    -- MCMC Step: 00220000 	Time(s): 68959.375140
    -- MCMC Step: 00230000 	Time(s): 72412.930705
    -- MCMC Step: 00240000 	Time(s): 75801.132413
    -- MCMC Step: 00250000 	Time(s): 79132.055015
    -- MCMC Step: 00260000 	Time(s): 82593.332590
    -- MCMC Step: 00270000 	Time(s): 86504.526165
    -- MCMC Step: 00280000 	Time(s): 90504.059429
    -- MCMC Step: 00290000 	Time(s): 94423.984806
    -- MCMC Step: 00300000 	Time(s): 98475.725515
    -- MCMC Step: 00310000 	Time(s): 102589.032713
    -- MCMC Step: 00320000 	Time(s): 106732.282979
    -- MCMC Step: 00330000 	Time(s): 111139.688184
    -- MCMC Step: 00340000 	Time(s): 115581.623348
    -- MCMC Step: 00350000 	Time(s): 120256.950785
    -- MCMC Step: 00360000 	Time(s): 124973.231385
    -- MCMC Step: 00370000 	Time(s): 129755.980831
    -- MCMC Step: 00380000 	Time(s): 134509.567901
    -- MCMC Step: 00390000 	Time(s): 139198.954518
    -- MCMC Step: 00400000 	Time(s): 143931.215183
    -- MCMC Step: 00410000 	Time(s): 148640.346593
    -- MCMC Step: 00420000 	Time(s): 153380.805083
    -- MCMC Step: 00430000 	Time(s): 158073.956761
    -- MCMC Step: 00440000 	Time(s): 162728.055766
    -- MCMC Step: 00450000 	Time(s): 167425.657902
    -- MCMC Step: 00460000 	Time(s): 172059.975535
    -- MCMC Step: 00470000 	Time(s): 176624.834727
    -- MCMC Step: 00480000 	Time(s): 181181.110568
    -- MCMC Step: 00490000 	Time(s): 185568.879807
    -- MCMC Step: 00500000 	Time(s): 190114.550213
    -- MCMC Step: 00510000 	Time(s): 194600.628700
    -- MCMC Step: 00520000 	Time(s): 199085.592056
    -- MCMC Step: 00530000 	Time(s): 203687.857034
    -- MCMC Step: 00540000 	Time(s): 208338.407957
    -- MCMC Step: 00550000 	Time(s): 212843.590514
    -- MCMC Step: 00560000 	Time(s): 217375.322275
    -- MCMC Step: 00570000 	Time(s): 221911.236632
    -- MCMC Step: 00580000 	Time(s): 226504.617232
    -- MCMC Step: 00590000 	Time(s): 231132.985894
    -- MCMC Step: 00600000 	Time(s): 235732.343816
    -- MCMC Step: 00610000 	Time(s): 240415.799663
    -- MCMC Step: 00620000 	Time(s): 245046.551622
    -- MCMC Step: 00630000 	Time(s): 249710.725749
    -- MCMC Step: 00640000 	Time(s): 254496.624582
    -- MCMC Step: 00650000 	Time(s): 259156.703410
    -- MCMC Step: 00660000 	Time(s): 263551.678736
    -- MCMC Step: 00670000 	Time(s): 267936.337663
    -- MCMC Step: 00680000 	Time(s): 272300.023385
    -- MCMC Step: 00690000 	Time(s): 276836.093108
    -- MCMC Step: 00700000 	Time(s): 281330.583990
    -- MCMC Step: 00710000 	Time(s): 285948.726503
    -- MCMC Step: 00720000 	Time(s): 290629.270328
    -- MCMC Step: 00730000 	Time(s): 295290.115371
    -- MCMC Step: 00740000 	Time(s): 300042.681475
    -- MCMC Step: 00750000 	Time(s): 304622.509956
    -- MCMC Step: 00760000 	Time(s): 309185.055450
    -- MCMC Step: 00770000 	Time(s): 313749.430962
    -- MCMC Step: 00780000 	Time(s): 318235.013263
    -- MCMC Step: 00790000 	Time(s): 322782.078406
    -- MCMC Step: 00800000 	Time(s): 327429.434218
    -- MCMC Step: 00810000 	Time(s): 332014.036137
    -- MCMC Step: 00820000 	Time(s): 336598.828023
    -- MCMC Step: 00830000 	Time(s): 341115.251907
    -- MCMC Step: 00840000 	Time(s): 345467.133061
    -- MCMC Step: 00850000 	Time(s): 349706.727407
    -- MCMC Step: 00860000 	Time(s): 353834.048183
    -- MCMC Step: 00870000 	Time(s): 357912.789945
    -- MCMC Step: 00880000 	Time(s): 361999.045648
    -- MCMC Step: 00890000 	Time(s): 366084.329174
    -- MCMC Step: 00900000 	Time(s): 370198.003420
    -- MCMC Step: 00910000 	Time(s): 374301.722383
    -- MCMC Step: 00920000 	Time(s): 378448.508142
    -- MCMC Step: 00930000 	Time(s): 382610.185360
    -- MCMC Step: 00940000 	Time(s): 386737.478817
    -- MCMC Step: 00950000 	Time(s): 390873.791504
    -- MCMC Step: 00960000 	Time(s): 394950.597116
    -- MCMC Step: 00970000 	Time(s): 399100.592906
    -- MCMC Step: 00980000 	Time(s): 403279.665446
    -- MCMC Step: 00990000 	Time(s): 407312.701860
    -- MCMC Step: 01000000 	Time(s): 411328.302104
    -- MCMC Step: 01010000 	Time(s): 414369.017522
    -- MCMC Step: 01020000 	Time(s): 417922.833473
    -- MCMC Step: 01030000 	Time(s): 421800.137860
    -- MCMC Step: 01040000 	Time(s): 425716.076652
    -- MCMC Step: 01050000 	Time(s): 429612.904145
    -- MCMC Step: 01060000 	Time(s): 433565.860684
    -- MCMC Step: 01070000 	Time(s): 437778.283723
    -- MCMC Step: 01080000 	Time(s): 442039.169710
    -- MCMC Step: 01090000 	Time(s): 446288.084280
    -- MCMC Step: 01100000 	Time(s): 450570.213917
    -- MCMC Step: 01110000 	Time(s): 454823.877140
    -- MCMC Step: 01120000 	Time(s): 459107.441762
    -- MCMC Step: 01130000 	Time(s): 463411.045337
    -- MCMC Step: 01140000 	Time(s): 467710.503435
    -- MCMC Step: 01150000 	Time(s): 472016.117425
    -- MCMC Step: 01160000 	Time(s): 476338.496242
    -- MCMC Step: 01170000 	Time(s): 480589.274852
    -- MCMC Step: 01180000 	Time(s): 484901.400686
    -- MCMC Step: 01190000 	Time(s): 489190.947426
    -- MCMC Step: 01200000 	Time(s): 493404.379327
    -- MCMC Step: 01210000 	Time(s): 497732.973952
    -- MCMC Step: 01220000 	Time(s): 501945.136962
    -- MCMC Step: 01230000 	Time(s): 506168.877208
    -- MCMC Step: 01240000 	Time(s): 510278.212454
    -- MCMC Step: 01250000 	Time(s): 514312.018785
    -- MCMC Step: 01260000 	Time(s): 518425.445640
    -- MCMC Step: 01270000 	Time(s): 522679.509983
    -- MCMC Step: 01280000 	Time(s): 526770.458413
    -- MCMC Step: 01290000 	Time(s): 530951.565818
    -- MCMC Step: 01300000 	Time(s): 535154.967298
    -- MCMC Step: 01310000 	Time(s): 539272.100115
    -- MCMC Step: 01320000 	Time(s): 543532.963746
    -- MCMC Step: 01330000 	Time(s): 548279.354122
    -- MCMC Step: 01340000 	Time(s): 553172.112386
    -- MCMC Step: 01350000 	Time(s): 558112.303745
    -- MCMC Step: 01360000 	Time(s): 562951.529042
    -- MCMC Step: 01370000 	Time(s): 567854.153832
    -- MCMC Step: 01380000 	Time(s): 572658.584972
    -- MCMC Step: 01390000 	Time(s): 577366.680244
    -- MCMC Step: 01400000 	Time(s): 582075.108867
    -- MCMC Step: 01410000 	Time(s): 586997.283247
    -- MCMC Step: 01420000 	Time(s): 591935.788415
    -- MCMC Step: 01430000 	Time(s): 596979.399398
    -- MCMC Step: 01440000 	Time(s): 601515.806298
    -- MCMC Step: 01450000 	Time(s): 606043.424767
    -- MCMC Step: 01460000 	Time(s): 610179.388965
    -- MCMC Step: 01470000 	Time(s): 614513.807239
    -- MCMC Step: 01480000 	Time(s): 619076.078611
    -- MCMC Step: 01490000 	Time(s): 623105.768172
    -- MCMC Step: 01500000 	Time(s): 627675.583482
    -- MCMC Step: 01510000 	Time(s): 632341.178877
    -- MCMC Step: 01520000 	Time(s): 636940.851583
    -- MCMC Step: 01530000 	Time(s): 641645.970876
    -- MCMC Step: 01540000 	Time(s): 646314.192894
    -- MCMC Step: 01550000 	Time(s): 651001.531506
    -- MCMC Step: 01560000 	Time(s): 655757.091820
    -- MCMC Step: 01570000 	Time(s): 660351.785247
    -- MCMC Step: 01580000 	Time(s): 664646.889546
    -- MCMC Step: 01590000 	Time(s): 668977.359381
    -- MCMC Step: 01600000 	Time(s): 673190.447589
    -- MCMC Step: 01610000 	Time(s): 677326.617196
    -- MCMC Step: 01620000 	Time(s): 681277.567547
    -- MCMC Step: 01630000 	Time(s): 685258.847476
    -- MCMC Step: 01640000 	Time(s): 689448.394904
    -- MCMC Step: 01650000 	Time(s): 693588.904872
    -- MCMC Step: 01660000 	Time(s): 697631.982042
    -- MCMC Step: 01670000 	Time(s): 701925.636513
    -- MCMC Step: 01680000 	Time(s): 706170.872030
    -- MCMC Step: 01690000 	Time(s): 710282.084342
    -- MCMC Step: 01700000 	Time(s): 714468.795463
    -- MCMC Step: 01710000 	Time(s): 718737.316392
    -- MCMC Step: 01720000 	Time(s): 722955.986477
    -- MCMC Step: 01730000 	Time(s): 727627.279911
    -- MCMC Step: 01740000 	Time(s): 732404.134812
    -- MCMC Step: 01750000 	Time(s): 737284.438966
    -- MCMC Step: 01760000 	Time(s): 741833.828566
    -- MCMC Step: 01770000 	Time(s): 746371.603841
    -- MCMC Step: 01780000 	Time(s): 750726.648473
    -- MCMC Step: 01790000 	Time(s): 754844.452328
    -- MCMC Step: 01800000 	Time(s): 758975.027040
    -- MCMC Step: 01810000 	Time(s): 763073.510714
    -- MCMC Step: 01820000 	Time(s): 767146.173686
    -- MCMC Step: 01830000 	Time(s): 771148.768780
    -- MCMC Step: 01840000 	Time(s): 775134.992517
    -- MCMC Step: 01850000 	Time(s): 778707.311975
    -- MCMC Step: 01860000 	Time(s): 782214.615826
    -- MCMC Step: 01870000 	Time(s): 785804.232831
    -- MCMC Step: 01880000 	Time(s): 789385.673511
    -- MCMC Step: 01890000 	Time(s): 793088.181971
    -- MCMC Step: 01900000 	Time(s): 797025.793668
    -- MCMC Step: 01910000 	Time(s): 800857.054460
    -- MCMC Step: 01920000 	Time(s): 804777.194022
    -- MCMC Step: 01930000 	Time(s): 808712.297103
    -- MCMC Step: 01940000 	Time(s): 812798.133942
    -- MCMC Step: 01950000 	Time(s): 816759.787373
    -- MCMC Step: 01960000 	Time(s): 820670.586807
    -- MCMC Step: 01970000 	Time(s): 824497.800814
    -- MCMC Step: 01980000 	Time(s): 828348.469065
    -- MCMC Step: 01990000 	Time(s): 832235.109117
    -- MCMC Step: 02000000 	Time(s): 836074.682655
    -- MCMC Step: 02010000 	Time(s): 839907.877832
    -- MCMC Step: 02020000 	Time(s): 843759.154163
    -- MCMC Step: 02030000 	Time(s): 847623.135795
    -- MCMC Step: 02040000 	Time(s): 851434.072265
    -- MCMC Step: 02050000 	Time(s): 855167.204378
    -- MCMC Step: 02060000 	Time(s): 858931.107961
    -- MCMC Step: 02070000 	Time(s): 862901.179297
    -- MCMC Step: 02080000 	Time(s): 866383.373840
    -- MCMC Step: 02090000 	Time(s): 869393.525031
    -- MCMC Step: 02100000 	Time(s): 872936.348323
    -- MCMC Step: 02110000 	Time(s): 876314.376195
    -- MCMC Step: 02120000 	Time(s): 879504.170470
    -- MCMC Step: 02130000 	Time(s): 882654.262311
    -- MCMC Step: 02140000 	Time(s): 885978.175558
    -- MCMC Step: 02150000 	Time(s): 889235.628622
    -- MCMC Step: 02160000 	Time(s): 892522.622976
    -- MCMC Step: 02170000 	Time(s): 895886.386410
    -- MCMC Step: 02180000 	Time(s): 899697.179229
    -- MCMC Step: 02190000 	Time(s): 903475.646523
    -- MCMC Step: 02200000 	Time(s): 907352.638454
    -- MCMC Step: 02210000 	Time(s): 911281.204645
    -- MCMC Step: 02220000 	Time(s): 915176.438532
    -- MCMC Step: 02230000 	Time(s): 919007.177285
    -- MCMC Step: 02240000 	Time(s): 922908.756516
    -- MCMC Step: 02250000 	Time(s): 926869.510082
    -- MCMC Step: 02260000 	Time(s): 930835.480852
    -- MCMC Step: 02270000 	Time(s): 934791.715082
    -- MCMC Step: 02280000 	Time(s): 938743.660285
    -- MCMC Step: 02290000 	Time(s): 942674.009187
    -- MCMC Step: 02300000 	Time(s): 946628.397929
    -- MCMC Step: 02310000 	Time(s): 950539.753925
    -- MCMC Step: 02320000 	Time(s): 954488.406657
    -- MCMC Step: 02330000 	Time(s): 958418.811486
    -- MCMC Step: 02340000 	Time(s): 962363.169011
    -- MCMC Step: 02350000 	Time(s): 966283.089685
    -- MCMC Step: 02360000 	Time(s): 970214.463165
    -- MCMC Step: 02370000 	Time(s): 974230.663259
    -- MCMC Step: 02380000 	Time(s): 978189.170874
    -- MCMC Step: 02390000 	Time(s): 982152.261959
    -- MCMC Step: 02400000 	Time(s): 986036.532318
    -- MCMC Step: 02410000 	Time(s): 989943.906354
    -- MCMC Step: 02420000 	Time(s): 993796.766538
    -- MCMC Step: 02430000 	Time(s): 997653.277108
    -- MCMC Step: 02440000 	Time(s): 1001534.152150
    -- MCMC Step: 02450000 	Time(s): 1005357.847753
    -- MCMC Step: 02460000 	Time(s): 1009168.892531
    -- MCMC Step: 02470000 	Time(s): 1012995.769890
    -- MCMC Step: 02480000 	Time(s): 1016737.313033
    -- MCMC Step: 02490000 	Time(s): 1020295.056639
    -- MCMC Step: 02500000 	Time(s): 1023823.494380
    -- MCMC Step: 02510000 	Time(s): 1027340.869509
    -- MCMC Step: 02520000 	Time(s): 1030874.521767
    -- MCMC Step: 02530000 	Time(s): 1034435.610305
    -- MCMC Step: 02540000 	Time(s): 1037870.243661
    -- MCMC Step: 02550000 	Time(s): 1041280.741997
    -- MCMC Step: 02560000 	Time(s): 1044718.787728
    -- MCMC Step: 02570000 	Time(s): 1048111.202931
    -- MCMC Step: 02580000 	Time(s): 1051655.815445
    -- MCMC Step: 02590000 	Time(s): 1055189.199534
    -- MCMC Step: 02600000 	Time(s): 1058710.134007
    -- MCMC Step: 02610000 	Time(s): 1062246.404782
    -- MCMC Step: 02620000 	Time(s): 1065742.142412
    -- MCMC Step: 02630000 	Time(s): 1069288.391683
    -- MCMC Step: 02640000 	Time(s): 1072821.963840
    -- MCMC Step: 02650000 	Time(s): 1076359.468719
    -- MCMC Step: 02660000 	Time(s): 1079908.114822
    -- MCMC Step: 02670000 	Time(s): 1083292.751120
    -- MCMC Step: 02680000 	Time(s): 1086543.835404
    -- MCMC Step: 02690000 	Time(s): 1089769.522183
    -- MCMC Step: 02700000 	Time(s): 1092933.700712
    -- MCMC Step: 02710000 	Time(s): 1096068.770276
    -- MCMC Step: 02720000 	Time(s): 1099131.242190
    -- MCMC Step: 02730000 	Time(s): 1102197.574493
    -- MCMC Step: 02740000 	Time(s): 1105255.651072
    -- MCMC Step: 02750000 	Time(s): 1108195.785694
    -- MCMC Step: 02760000 	Time(s): 1111145.562555
    -- MCMC Step: 02770000 	Time(s): 1114247.827802
    -- MCMC Step: 02780000 	Time(s): 1117417.795538
    -- MCMC Step: 02790000 	Time(s): 1120478.262831
    -- MCMC Step: 02800000 	Time(s): 1123519.674083
    -- MCMC Step: 02810000 	Time(s): 1126537.732828
    -- MCMC Step: 02820000 	Time(s): 1129581.911952
    -- MCMC Step: 02830000 	Time(s): 1132636.500121
    -- MCMC Step: 02840000 	Time(s): 1135708.948171
    -- MCMC Step: 02850000 	Time(s): 1138776.715794
    -- MCMC Step: 02860000 	Time(s): 1141782.705679
    -- MCMC Step: 02870000 	Time(s): 1144790.789791
    -- MCMC Step: 02880000 	Time(s): 1147796.649392
    -- MCMC Step: 02890000 	Time(s): 1150803.641408
    -- MCMC Step: 02900000 	Time(s): 1153824.206066
    -- MCMC Step: 02910000 	Time(s): 1156875.622402
    -- MCMC Step: 02920000 	Time(s): 1159913.047034
    -- MCMC Step: 02930000 	Time(s): 1162957.543664
    -- MCMC Step: 02940000 	Time(s): 1166015.606725
    -- MCMC Step: 02950000 	Time(s): 1169037.365756
    -- MCMC Step: 02960000 	Time(s): 1171890.722458
    -- MCMC Step: 02970000 	Time(s): 1174640.300189
    -- MCMC Step: 02980000 	Time(s): 1177265.313932
    -- MCMC Step: 02990000 	Time(s): 1179857.868217
    -- MCMC Step: 03000000 	Time(s): 1182453.246078
    -- MCMC Step: 03010000 	Time(s): 1185046.686652
    -- MCMC Step: 03020000 	Time(s): 1187653.176610
    -- MCMC Step: 03030000 	Time(s): 1190262.649124
    -- MCMC Step: 03040000 	Time(s): 1192877.228220
    -- MCMC Step: 03050000 	Time(s): 1195479.814428
    -- MCMC Step: 03060000 	Time(s): 1198293.083957
    -- MCMC Step: 03070000 	Time(s): 1201009.755004
    -- MCMC Step: 03080000 	Time(s): 1203604.369024
    -- MCMC Step: 03090000 	Time(s): 1206136.411170
    -- MCMC Step: 03100000 	Time(s): 1208720.455925
    -- MCMC Step: 03110000 	Time(s): 1211532.927751
    -- MCMC Step: 03120000 	Time(s): 1214451.592515
    -- MCMC Step: 03130000 	Time(s): 1217393.065596
    -- MCMC Step: 03140000 	Time(s): 1220456.451748
    -- MCMC Step: 03150000 	Time(s): 1223528.285946
    -- MCMC Step: 03160000 	Time(s): 1226733.524906
    -- MCMC Step: 03170000 	Time(s): 1230064.455912
    -- MCMC Step: 03180000 	Time(s): 1233300.836931
    -- MCMC Step: 03190000 	Time(s): 1236603.279549
    -- MCMC Step: 03200000 	Time(s): 1239997.417227
    -- MCMC Step: 03210000 	Time(s): 1243292.706109
    -- MCMC Step: 03220000 	Time(s): 1246541.505703
    -- MCMC Step: 03230000 	Time(s): 1249776.972319
    -- MCMC Step: 03240000 	Time(s): 1253059.608681
    -- MCMC Step: 03250000 	Time(s): 1256442.082529
    -- MCMC Step: 03260000 	Time(s): 1259786.856656
    -- MCMC Step: 03270000 	Time(s): 1263092.752285
    -- MCMC Step: 03280000 	Time(s): 1266388.775215
    -- MCMC Step: 03290000 	Time(s): 1269669.027819
    -- MCMC Step: 03300000 	Time(s): 1272963.453241
    -- MCMC Step: 03310000 	Time(s): 1276284.568473
    -- MCMC Step: 03320000 	Time(s): 1279649.916211
    -- MCMC Step: 03330000 	Time(s): 1282993.315107
    -- MCMC Step: 03340000 	Time(s): 1286385.400785
    -- MCMC Step: 03350000 	Time(s): 1289763.145340
    -- MCMC Step: 03360000 	Time(s): 1293109.733004
    -- MCMC Step: 03370000 	Time(s): 1296326.187523
    -- MCMC Step: 03380000 	Time(s): 1299404.786686
    -- MCMC Step: 03390000 	Time(s): 1302404.596156
    -- MCMC Step: 03400000 	Time(s): 1305657.034190
    -- MCMC Step: 03410000 	Time(s): 1309009.679978
    -- MCMC Step: 03420000 	Time(s): 1312762.795338
    -- MCMC Step: 03430000 	Time(s): 1316573.100077
    -- MCMC Step: 03440000 	Time(s): 1320543.199188
    -- MCMC Step: 03450000 	Time(s): 1324434.668571
    -- MCMC Step: 03460000 	Time(s): 1328337.885789
    -- MCMC Step: 03470000 	Time(s): 1332243.877583
    -- MCMC Step: 03480000 	Time(s): 1336282.033601
    -- MCMC Step: 03490000 	Time(s): 1340011.224809
    -- MCMC Step: 03500000 	Time(s): 1343853.722393
    -- MCMC Step: 03510000 	Time(s): 1347805.915388
    -- MCMC Step: 03520000 	Time(s): 1351823.337018
    -- MCMC Step: 03530000 	Time(s): 1355792.349918
    -- MCMC Step: 03540000 	Time(s): 1359713.172705
    -- MCMC Step: 03550000 	Time(s): 1363489.687319
    -- MCMC Step: 03560000 	Time(s): 1367226.118249
    -- MCMC Step: 03570000 	Time(s): 1370957.607024
    -- MCMC Step: 03580000 	Time(s): 1374496.114501
    -- MCMC Step: 03590000 	Time(s): 1377886.603677
    -- MCMC Step: 03600000 	Time(s): 1381423.460823
    -- MCMC Step: 03610000 	Time(s): 1384914.042398
    -- MCMC Step: 03620000 	Time(s): 1388404.527232
    -- MCMC Step: 03630000 	Time(s): 1391934.392053
    -- MCMC Step: 03640000 	Time(s): 1395505.297381
    -- MCMC Step: 03650000 	Time(s): 1399056.934694
    -- MCMC Step: 03660000 	Time(s): 1402481.192425
    -- MCMC Step: 03670000 	Time(s): 1406043.454241
    -- MCMC Step: 03680000 	Time(s): 1409878.060600
    -- MCMC Step: 03690000 	Time(s): 1413674.529263
    -- MCMC Step: 03700000 	Time(s): 1417543.693805
    -- MCMC Step: 03710000 	Time(s): 1421470.077880
    -- MCMC Step: 03720000 	Time(s): 1425326.313611
    -- MCMC Step: 03730000 	Time(s): 1429216.177153
    -- MCMC Step: 03740000 	Time(s): 1433004.229470
    -- MCMC Step: 03750000 	Time(s): 1436624.145625
    -- MCMC Step: 03760000 	Time(s): 1440054.308436
    -- MCMC Step: 03770000 	Time(s): 1443383.542184
    -- MCMC Step: 03780000 	Time(s): 1446742.053660
    -- MCMC Step: 03790000 	Time(s): 1450134.994654
    -- MCMC Step: 03800000 	Time(s): 1453421.845823
    -- MCMC Step: 03810000 	Time(s): 1456696.958126
    -- MCMC Step: 03820000 	Time(s): 1459984.096234
    -- MCMC Step: 03830000 	Time(s): 1463359.125122
    -- MCMC Step: 03840000 	Time(s): 1466491.520684
    -- MCMC Step: 03850000 	Time(s): 1470049.431303
    -- MCMC Step: 03860000 	Time(s): 1474368.267513
    -- MCMC Step: 03870000 	Time(s): 1478896.475587
    -- MCMC Step: 03880000 	Time(s): 1483481.861295
    -- MCMC Step: 03890000 	Time(s): 1488085.095959
    -- MCMC Step: 03900000 	Time(s): 1492446.902774
    -- MCMC Step: 03910000 	Time(s): 1496805.720665
    -- MCMC Step: 03920000 	Time(s): 1501103.247107
    -- MCMC Step: 03930000 	Time(s): 1505497.320728
    -- MCMC Step: 03940000 	Time(s): 1510099.771438
    -- MCMC Step: 03950000 	Time(s): 1514724.198156
    -- MCMC Step: 03960000 	Time(s): 1519298.600990
    -- MCMC Step: 03970000 	Time(s): 1523858.184111
    -- MCMC Step: 03980000 	Time(s): 1528409.445730
    -- MCMC Step: 03990000 	Time(s): 1532666.596397
    -- MCMC Step: 04000000 	Time(s): 1536861.687626
    -- MCMC Step: 04010000 	Time(s): 1541002.183103
    -- MCMC Step: 04020000 	Time(s): 1545171.538779
    -- MCMC Step: 04030000 	Time(s): 1549085.324527
    -- MCMC Step: 04040000 	Time(s): 1553239.411541
    -- MCMC Step: 04050000 	Time(s): 1557412.195818
    -- MCMC Step: 04060000 	Time(s): 1561595.935514
    -- MCMC Step: 04070000 	Time(s): 1565822.624748
    -- MCMC Step: 04080000 	Time(s): 1570129.383455
    -- MCMC Step: 04090000 	Time(s): 1574388.038680
    -- MCMC Step: 04100000 	Time(s): 1578666.791059
    -- MCMC Step: 04110000 	Time(s): 1582927.357886
    -- MCMC Step: 04120000 	Time(s): 1587204.639919
    -- MCMC Step: 04130000 	Time(s): 1591513.981725
    -- MCMC Step: 04140000 	Time(s): 1595766.906351
    -- MCMC Step: 04150000 	Time(s): 1599932.671223
    -- MCMC Step: 04160000 	Time(s): 1604097.677465
    -- MCMC Step: 04170000 	Time(s): 1608280.909303
    -- MCMC Step: 04180000 	Time(s): 1612347.077386
    -- MCMC Step: 04190000 	Time(s): 1616178.867243
    -- MCMC Step: 04200000 	Time(s): 1620040.310327
    -- MCMC Step: 04210000 	Time(s): 1623916.421385
    -- MCMC Step: 04220000 	Time(s): 1627800.656379
    -- MCMC Step: 04230000 	Time(s): 1631670.520383
    -- MCMC Step: 04240000 	Time(s): 1635576.079121
    -- MCMC Step: 04250000 	Time(s): 1639449.442261
    -- MCMC Step: 04260000 	Time(s): 1643310.528432
    -- MCMC Step: 04270000 	Time(s): 1647248.220221
    -- MCMC Step: 04280000 	Time(s): 1651085.022766
    -- MCMC Step: 04290000 	Time(s): 1655053.751775
    -- MCMC Step: 04300000 	Time(s): 1659045.519289
    -- MCMC Step: 04310000 	Time(s): 1663026.962536
    -- MCMC Step: 04320000 	Time(s): 1666981.724560
    -- MCMC Step: 04330000 	Time(s): 1670861.960314
    -- MCMC Step: 04340000 	Time(s): 1674683.225337
    -- MCMC Step: 04350000 	Time(s): 1678541.196970
    -- MCMC Step: 04360000 	Time(s): 1682389.161247
    -- MCMC Step: 04370000 	Time(s): 1686159.919576
    -- MCMC Step: 04380000 	Time(s): 1689810.958526
    -- MCMC Step: 04390000 	Time(s): 1693427.205569
    -- MCMC Step: 04400000 	Time(s): 1696943.921700
    -- MCMC Step: 04410000 	Time(s): 1700515.441939
    -- MCMC Step: 04420000 	Time(s): 1703870.180097
    -- MCMC Step: 04430000 	Time(s): 1707243.045685
    -- MCMC Step: 04440000 	Time(s): 1710303.455841
    -- MCMC Step: 04450000 	Time(s): 1713644.710803
    -- MCMC Step: 04460000 	Time(s): 1717038.624172
    -- MCMC Step: 04470000 	Time(s): 1720337.021358
    -- MCMC Step: 04480000 	Time(s): 1723505.265707
    -- MCMC Step: 04490000 	Time(s): 1726564.272201
    -- MCMC Step: 04500000 	Time(s): 1729242.952856
    -- MCMC Step: 04510000 	Time(s): 1732428.611726
    -- MCMC Step: 04520000 	Time(s): 1735726.669399
    -- MCMC Step: 04530000 	Time(s): 1738875.440618
    -- MCMC Step: 04540000 	Time(s): 1742037.286394
    -- MCMC Step: 04550000 	Time(s): 1745229.540332
    -- MCMC Step: 04560000 	Time(s): 1748534.246212
    -- MCMC Step: 04570000 	Time(s): 1752196.108641
    -- MCMC Step: 04580000 	Time(s): 1756091.509342
    -- MCMC Step: 04590000 	Time(s): 1759971.011700
    -- MCMC Step: 04600000 	Time(s): 1764018.012798
    -- MCMC Step: 04610000 	Time(s): 1767988.096303
    -- MCMC Step: 04620000 	Time(s): 1771906.944817
    -- MCMC Step: 04630000 	Time(s): 1775930.172847
    -- MCMC Step: 04640000 	Time(s): 1780031.882725
    -- MCMC Step: 04650000 	Time(s): 1784063.454387
    -- MCMC Step: 04660000 	Time(s): 1788081.482511
    -- MCMC Step: 04670000 	Time(s): 1792117.241650
    -- MCMC Step: 04680000 	Time(s): 1795508.421955
    -- MCMC Step: 04690000 	Time(s): 1798728.841923
    -- MCMC Step: 04700000 	Time(s): 1801927.291692
    -- MCMC Step: 04710000 	Time(s): 1805140.643324
    -- MCMC Step: 04720000 	Time(s): 1808734.839351
    -- MCMC Step: 04730000 	Time(s): 1812708.245483
    -- MCMC Step: 04740000 	Time(s): 1816768.726979
    -- MCMC Step: 04750000 	Time(s): 1821241.536133
    -- MCMC Step: 04760000 	Time(s): 1825477.027307
    -- MCMC Step: 04770000 	Time(s): 1829940.404791
    -- MCMC Step: 04780000 	Time(s): 1835320.870473
    -- MCMC Step: 04790000 	Time(s): 1840600.701368
    -- MCMC Step: 04800000 	Time(s): 1846755.879046
    -- MCMC Step: 04810000 	Time(s): 1851827.008220
    -- MCMC Step: 04820000 	Time(s): 1856976.633130
    -- MCMC Step: 04830000 	Time(s): 1862120.779450
    -- MCMC Step: 04840000 	Time(s): 1867104.224852
    -- MCMC Step: 04850000 	Time(s): 1871751.618330
    -- MCMC Step: 04860000 	Time(s): 1876186.358707
    -- MCMC Step: 04870000 	Time(s): 1880533.255311
    -- MCMC Step: 04880000 	Time(s): 1884717.256717
    -- MCMC Step: 04890000 	Time(s): 1888892.182013
    -- MCMC Step: 04900000 	Time(s): 1893030.837784
    -- MCMC Step: 04910000 	Time(s): 1897485.366847
    -- MCMC Step: 04920000 	Time(s): 1901839.047300
    -- MCMC Step: 04930000 	Time(s): 1907324.656759
    -- MCMC Step: 04940000 	Time(s): 1915523.478778
    -- MCMC Step: 04950000 	Time(s): 1923022.357885
    -- MCMC Step: 04960000 	Time(s): 1930067.974342
    -- MCMC Step: 04970000 	Time(s): 1936894.432885
    -- MCMC Step: 04980000 	Time(s): 1943983.967880
    -- MCMC Step: 04990000 	Time(s): 1950527.817181
    -- MCMC Step: 05000000 	Time(s): 1956978.848375
    -- MCMC Step: 05010000 	Time(s): 1963370.085139
    -- MCMC Step: 05020000 	Time(s): 1969708.613245
    -- MCMC Step: 05030000 	Time(s): 1975279.967175
    -- MCMC Step: 05040000 	Time(s): 1981134.139263
    -- MCMC Step: 05050000 	Time(s): 1988758.020707
    -- MCMC Step: 05060000 	Time(s): 1995318.019108
    -- MCMC Step: 05070000 	Time(s): 2001502.706161
    -- MCMC Step: 05080000 	Time(s): 2006693.161915
    -- MCMC Step: 05090000 	Time(s): 2011743.293181
    -- MCMC Step: 05100000 	Time(s): 2016778.380790
    -- MCMC Step: 05110000 	Time(s): 2021744.760059
    -- MCMC Step: 05120000 	Time(s): 2026441.824713
    -- MCMC Step: 05130000 	Time(s): 2031103.942162
    -- MCMC Step: 05140000 	Time(s): 2035633.967878
    -- MCMC Step: 05150000 	Time(s): 2039895.658202
    -- MCMC Step: 05160000 	Time(s): 2043985.987427
    -- MCMC Step: 05170000 	Time(s): 2047863.108411
    -- MCMC Step: 05180000 	Time(s): 2051764.141758
    -- MCMC Step: 05190000 	Time(s): 2055332.118401
    -- MCMC Step: 05200000 	Time(s): 2058819.176427
    -- MCMC Step: 05210000 	Time(s): 2062321.492571
    -- MCMC Step: 05220000 	Time(s): 2066663.038517
    -- MCMC Step: 05230000 	Time(s): 2071524.546331
    -- MCMC Step: 05240000 	Time(s): 2076330.264919
    -- MCMC Step: 05250000 	Time(s): 2080912.320951
    -- MCMC Step: 05260000 	Time(s): 2086036.347979
    -- MCMC Step: 05270000 	Time(s): 2091124.975790
    -- MCMC Step: 05280000 	Time(s): 2096296.600945
    -- MCMC Step: 05290000 	Time(s): 2101393.060948
    -- MCMC Step: 05300000 	Time(s): 2106487.525743
    -- MCMC Step: 05310000 	Time(s): 2111599.976276
    -- MCMC Step: 05320000 	Time(s): 2116690.175906
    -- MCMC Step: 05330000 	Time(s): 2121343.389834
    -- MCMC Step: 05340000 	Time(s): 2125850.311034
    -- MCMC Step: 05350000 	Time(s): 2130320.481034
    -- MCMC Step: 05360000 	Time(s): 2134625.213392
    -- MCMC Step: 05370000 	Time(s): 2138838.849663
    -- MCMC Step: 05380000 	Time(s): 2142972.026273
    -- MCMC Step: 05390000 	Time(s): 2147038.562085
    -- MCMC Step: 05400000 	Time(s): 2151105.448328
    -- MCMC Step: 05410000 	Time(s): 2155179.977037
    -- MCMC Step: 05420000 	Time(s): 2159293.468884
    -- MCMC Step: 05430000 	Time(s): 2163403.242404
    -- MCMC Step: 05440000 	Time(s): 2167509.319427
    -- MCMC Step: 05450000 	Time(s): 2171729.651704
    -- MCMC Step: 05460000 	Time(s): 2176183.550710
    -- MCMC Step: 05470000 	Time(s): 2180541.444380
    -- MCMC Step: 05480000 	Time(s): 2184687.324247
    -- MCMC Step: 05490000 	Time(s): 2189075.606999
    -- MCMC Step: 05500000 	Time(s): 2193477.889465
    -- MCMC Step: 05510000 	Time(s): 2197753.138335
    -- MCMC Step: 05520000 	Time(s): 2202176.975785
    -- MCMC Step: 05530000 	Time(s): 2206539.197823
    -- MCMC Step: 05540000 	Time(s): 2210861.961685
    -- MCMC Step: 05550000 	Time(s): 2214967.828357
    -- MCMC Step: 05560000 	Time(s): 2219129.674698
    -- MCMC Step: 05570000 	Time(s): 2223197.408546
    -- MCMC Step: 05580000 	Time(s): 2227343.528926
    -- MCMC Step: 05590000 	Time(s): 2231507.396955
    -- MCMC Step: 05600000 	Time(s): 2235669.792073
    -- MCMC Step: 05610000 	Time(s): 2239857.990299
    -- MCMC Step: 05620000 	Time(s): 2244042.789834
    -- MCMC Step: 05630000 	Time(s): 2248251.104997
    -- MCMC Step: 05640000 	Time(s): 2252490.420106
    -- MCMC Step: 05650000 	Time(s): 2256727.854963
    -- MCMC Step: 05660000 	Time(s): 2260870.446052
    -- MCMC Step: 05670000 	Time(s): 2265005.632469
    -- MCMC Step: 05680000 	Time(s): 2269219.100709
    -- MCMC Step: 05690000 	Time(s): 2273365.348795
    -- MCMC Step: 05700000 	Time(s): 2277452.695518
    -- MCMC Step: 05710000 	Time(s): 2281640.924706
    -- MCMC Step: 05720000 	Time(s): 2285828.607592
    -- MCMC Step: 05730000 	Time(s): 2290031.541674
    -- MCMC Step: 05740000 	Time(s): 2294215.140895
    -- MCMC Step: 05750000 	Time(s): 2298390.127290
    -- MCMC Step: 05760000 	Time(s): 2302632.270920
    -- MCMC Step: 05770000 	Time(s): 2306863.617253
    -- MCMC Step: 05780000 	Time(s): 2311107.501557
    -- MCMC Step: 05790000 	Time(s): 2315293.252834
    -- MCMC Step: 05800000 	Time(s): 2319473.296837
    -- MCMC Step: 05810000 	Time(s): 2323718.329726
    -- MCMC Step: 05820000 	Time(s): 2327974.421318
    -- MCMC Step: 05830000 	Time(s): 2332127.076914
    -- MCMC Step: 05840000 	Time(s): 2336507.237714
    -- MCMC Step: 05850000 	Time(s): 2340822.729472
    -- MCMC Step: 05860000 	Time(s): 2345183.656726
    -- MCMC Step: 05870000 	Time(s): 2349584.884924
    -- MCMC Step: 05880000 	Time(s): 2354025.091711
    -- MCMC Step: 05890000 	Time(s): 2358350.321718
    -- MCMC Step: 05900000 	Time(s): 2362670.564259
    -- MCMC Step: 05910000 	Time(s): 2366948.029860
    -- MCMC Step: 05920000 	Time(s): 2371090.861189
    -- MCMC Step: 05930000 	Time(s): 2374665.457506
    -- MCMC Step: 05940000 	Time(s): 2378165.827764
    -- MCMC Step: 05950000 	Time(s): 2381640.846112
    -- MCMC Step: 05960000 	Time(s): 2385118.741990
    -- MCMC Step: 05970000 	Time(s): 2388594.786715
    -- MCMC Step: 05980000 	Time(s): 2392059.089576
    -- MCMC Step: 05990000 	Time(s): 2395519.133992
    -- MCMC Step: 06000000 	Time(s): 2399007.425715
    -- MCMC Step: 06010000 	Time(s): 2402511.416487
    -- MCMC Step: 06020000 	Time(s): 2406004.329134
    -- MCMC Step: 06030000 	Time(s): 2409514.982116
    -- MCMC Step: 06040000 	Time(s): 2412995.173268
    -- MCMC Step: 06050000 	Time(s): 2416520.243539
    -- MCMC Step: 06060000 	Time(s): 2420220.975156
    -- MCMC Step: 06070000 	Time(s): 2424743.504642
    -- MCMC Step: 06080000 	Time(s): 2428380.775931
    -- MCMC Step: 06090000 	Time(s): 2431825.091896
    -- MCMC Step: 06100000 	Time(s): 2435182.983747
    -- MCMC Step: 06110000 	Time(s): 2438458.436410
    -- MCMC Step: 06120000 	Time(s): 2441897.873096
    -- MCMC Step: 06130000 	Time(s): 2445248.950773
    -- MCMC Step: 06140000 	Time(s): 2448684.446211
    -- MCMC Step: 06150000 	Time(s): 2452029.304074
    -- MCMC Step: 06160000 	Time(s): 2455352.576862
    -- MCMC Step: 06170000 	Time(s): 2458685.061467
    -- MCMC Step: 06180000 	Time(s): 2461995.656807
    -- MCMC Step: 06190000 	Time(s): 2465267.922209
    -- MCMC Step: 06200000 	Time(s): 2468459.973426
    -- MCMC Step: 06210000 	Time(s): 2471513.308060
    -- MCMC Step: 06220000 	Time(s): 2474554.188722
    -- MCMC Step: 06230000 	Time(s): 2477605.749033
    -- MCMC Step: 06240000 	Time(s): 2480627.600228
    -- MCMC Step: 06250000 	Time(s): 2483782.385374
    -- MCMC Step: 06260000 	Time(s): 2486956.916981
    -- MCMC Step: 06270000 	Time(s): 2490104.227214
    -- MCMC Step: 06280000 	Time(s): 2493193.230588
    -- MCMC Step: 06290000 	Time(s): 2496301.796195
    -- MCMC Step: 06300000 	Time(s): 2499233.495994
    -- MCMC Step: 06310000 	Time(s): 2502319.546474
    -- MCMC Step: 06320000 	Time(s): 2506028.106511
    -- MCMC Step: 06330000 	Time(s): 2510134.800912
    -- MCMC Step: 06340000 	Time(s): 2514398.296996
    -- MCMC Step: 06350000 	Time(s): 2518587.923625
    -- MCMC Step: 06360000 	Time(s): 2522886.712422
    -- MCMC Step: 06370000 	Time(s): 2527428.494966
    -- MCMC Step: 06380000 	Time(s): 2532106.960737
    -- MCMC Step: 06390000 	Time(s): 2536730.174281
    -- MCMC Step: 06400000 	Time(s): 2541494.320157
    -- MCMC Step: 06410000 	Time(s): 2546202.759739
    -- MCMC Step: 06420000 	Time(s): 2550731.916327
    -- MCMC Step: 06430000 	Time(s): 2555242.974949
    -- MCMC Step: 06440000 	Time(s): 2559679.090380
    -- MCMC Step: 06450000 	Time(s): 2564244.077113
    -- MCMC Step: 06460000 	Time(s): 2568821.846143
    -- MCMC Step: 06470000 	Time(s): 2573356.533724
    -- MCMC Step: 06480000 	Time(s): 2578026.775280
    -- MCMC Step: 06490000 	Time(s): 2582742.459102
    -- MCMC Step: 06500000 	Time(s): 2587471.698807
    -- MCMC Step: 06510000 	Time(s): 2592251.660741
    -- MCMC Step: 06520000 	Time(s): 2597014.797066
    -- MCMC Step: 06530000 	Time(s): 2601857.397824
    -- MCMC Step: 06540000 	Time(s): 2606523.644703
    -- MCMC Step: 06550000 	Time(s): 2611825.352834
    -- MCMC Step: 06560000 	Time(s): 2617021.278061
    -- MCMC Step: 06570000 	Time(s): 2622057.823425
    -- MCMC Step: 06580000 	Time(s): 2627104.113973
    -- MCMC Step: 06590000 	Time(s): 2632185.115216
    -- MCMC Step: 06600000 	Time(s): 2637238.437515
    -- MCMC Step: 06610000 	Time(s): 2642160.898916
    -- MCMC Step: 06620000 	Time(s): 2647227.371915
    -- MCMC Step: 06630000 	Time(s): 2652249.523166
    -- MCMC Step: 06640000 	Time(s): 2657031.526674
    -- MCMC Step: 06650000 	Time(s): 2661628.049488
    -- MCMC Step: 06660000 	Time(s): 2666288.360675
    -- MCMC Step: 06670000 	Time(s): 2670617.761197
    -- MCMC Step: 06680000 	Time(s): 2674575.238736
    -- MCMC Step: 06690000 	Time(s): 2678202.312403
    -- MCMC Step: 06700000 	Time(s): 2681796.333133
    -- MCMC Step: 06710000 	Time(s): 2685653.283141
    -- MCMC Step: 06720000 	Time(s): 2689463.354950
    -- MCMC Step: 06730000 	Time(s): 2693404.709026
    -- MCMC Step: 06740000 	Time(s): 2697318.530371
    -- MCMC Step: 06750000 	Time(s): 2701208.819445
    -- MCMC Step: 06760000 	Time(s): 2705673.630322
    -- MCMC Step: 06770000 	Time(s): 2712377.954213
    -- MCMC Step: 06780000 	Time(s): 2719105.067987
    -- MCMC Step: 06790000 	Time(s): 2725794.815854
    -- MCMC Step: 06800000 	Time(s): 2732273.931167
    -- MCMC Step: 06810000 	Time(s): 2738875.678545
    -- MCMC Step: 06820000 	Time(s): 2745343.188943
    -- MCMC Step: 06830000 	Time(s): 2751830.772478
    -- MCMC Step: 06840000 	Time(s): 2757902.549505
    -- MCMC Step: 06850000 	Time(s): 2763508.485497
    -- MCMC Step: 06860000 	Time(s): 2769151.497741
    -- MCMC Step: 06870000 	Time(s): 2774358.226101
    -- MCMC Step: 06880000 	Time(s): 2779172.720965
    -- MCMC Step: 06890000 	Time(s): 2783628.813890
    -- MCMC Step: 06900000 	Time(s): 2787972.456102
    -- MCMC Step: 06910000 	Time(s): 2792294.212912
    -- MCMC Step: 06920000 	Time(s): 2796584.186178
    -- MCMC Step: 06930000 	Time(s): 2800791.487482
    -- MCMC Step: 06940000 	Time(s): 2805064.151840
    -- MCMC Step: 06950000 	Time(s): 2809384.684418
    -- MCMC Step: 06960000 	Time(s): 2813625.882208
    -- MCMC Step: 06970000 	Time(s): 2817713.299721
    -- MCMC Step: 06980000 	Time(s): 2821757.768815
    -- MCMC Step: 06990000 	Time(s): 2825619.152895
    -- MCMC Step: 07000000 	Time(s): 2829411.163056
    -- MCMC Step: 07010000 	Time(s): 2833160.006279
    -- MCMC Step: 07020000 	Time(s): 2836944.154141
    -- MCMC Step: 07030000 	Time(s): 2840716.003327
    -- MCMC Step: 07040000 	Time(s): 2844520.424515
    -- MCMC Step: 07050000 	Time(s): 2848239.807039
    -- MCMC Step: 07060000 	Time(s): 2852047.479071
    -- MCMC Step: 07070000 	Time(s): 2855622.969977
    -- MCMC Step: 07080000 	Time(s): 2859218.612437
    -- MCMC Step: 07090000 	Time(s): 2862800.132615
    -- MCMC Step: 07100000 	Time(s): 2866505.780943
    -- MCMC Step: 07110000 	Time(s): 2870262.612747
    -- MCMC Step: 07120000 	Time(s): 2874151.632608
    -- MCMC Step: 07130000 	Time(s): 2878021.360281
    -- MCMC Step: 07140000 	Time(s): 2881905.935548
    -- MCMC Step: 07150000 	Time(s): 2885798.510944
    -- MCMC Step: 07160000 	Time(s): 2889684.266748
    -- MCMC Step: 07170000 	Time(s): 2893504.326053
    -- MCMC Step: 07180000 	Time(s): 2897379.656275
    -- MCMC Step: 07190000 	Time(s): 2901200.377779
    -- MCMC Step: 07200000 	Time(s): 2904995.198918
    -- MCMC Step: 07210000 	Time(s): 2908782.800194
    -- MCMC Step: 07220000 	Time(s): 2912567.346372
    -- MCMC Step: 07230000 	Time(s): 2916366.762407
    -- MCMC Step: 07240000 	Time(s): 2920207.078841
    -- MCMC Step: 07250000 	Time(s): 2924001.033199
    -- MCMC Step: 07260000 	Time(s): 2927472.983458
    -- MCMC Step: 07270000 	Time(s): 2930933.138783
    -- MCMC Step: 07280000 	Time(s): 2934375.127996
    -- MCMC Step: 07290000 	Time(s): 2937934.688041
    -- MCMC Step: 07300000 	Time(s): 2941552.864249
    -- MCMC Step: 07310000 	Time(s): 2945160.422289
    -- MCMC Step: 07320000 	Time(s): 2948736.147314
    -- MCMC Step: 07330000 	Time(s): 2952277.566505
    -- MCMC Step: 07340000 	Time(s): 2955836.760837
    -- MCMC Step: 07350000 	Time(s): 2959111.268551
    -- MCMC Step: 07360000 	Time(s): 2962402.149303
    -- MCMC Step: 07370000 	Time(s): 2965713.273118
    -- MCMC Step: 07380000 	Time(s): 2969093.856935
    -- MCMC Step: 07390000 	Time(s): 2972324.306953
    -- MCMC Step: 07400000 	Time(s): 2975548.630970
    -- MCMC Step: 07410000 	Time(s): 2978734.598903
    -- MCMC Step: 07420000 	Time(s): 2981956.262439
    -- MCMC Step: 07430000 	Time(s): 2985302.974742
    -- MCMC Step: 07440000 	Time(s): 2988664.485827
    -- MCMC Step: 07450000 	Time(s): 2991982.295514
    -- MCMC Step: 07460000 	Time(s): 2995355.050080
    -- MCMC Step: 07470000 	Time(s): 2998661.954388
    -- MCMC Step: 07480000 	Time(s): 3001878.962838
    -- MCMC Step: 07490000 	Time(s): 3005093.966801
    -- MCMC Step: 07500000 	Time(s): 3008167.264038
    -- MCMC Step: 07510000 	Time(s): 3011201.727385
    -- MCMC Step: 07520000 	Time(s): 3014245.758813
    -- MCMC Step: 07530000 	Time(s): 3017281.977699
    -- MCMC Step: 07540000 	Time(s): 3020291.526512
    -- MCMC Step: 07550000 	Time(s): 3023284.956007
    -- MCMC Step: 07560000 	Time(s): 3026295.119905
    -- MCMC Step: 07570000 	Time(s): 3029264.774942
    -- MCMC Step: 07580000 	Time(s): 3032252.219694
    -- MCMC Step: 07590000 	Time(s): 3035284.869014
    -- MCMC Step: 07600000 	Time(s): 3038278.617102
    -- MCMC Step: 07610000 	Time(s): 3041328.130034
    -- MCMC Step: 07620000 	Time(s): 3045481.541288
    -- MCMC Step: 07630000 	Time(s): 3051734.624074
    -- MCMC Step: 07640000 	Time(s): 3057922.925352
    -- MCMC Step: 07650000 	Time(s): 3063651.978838
    -- MCMC Step: 07660000 	Time(s): 3068803.009409
    -- MCMC Step: 07670000 	Time(s): 3073677.907888
    -- MCMC Step: 07680000 	Time(s): 3078085.552933
    -- MCMC Step: 07690000 	Time(s): 3082433.460917
    -- MCMC Step: 07700000 	Time(s): 3086493.758446
    -- MCMC Step: 07710000 	Time(s): 3090363.110356
    -- MCMC Step: 07720000 	Time(s): 3094033.906727
    -- MCMC Step: 07730000 	Time(s): 3097177.784474
    -- MCMC Step: 07740000 	Time(s): 3100230.612909
    -- MCMC Step: 07750000 	Time(s): 3103161.452752
    -- MCMC Step: 07760000 	Time(s): 3106198.390382
    -- MCMC Step: 07770000 	Time(s): 3109249.321264
    -- MCMC Step: 07780000 	Time(s): 3112453.256582
    -- MCMC Step: 07790000 	Time(s): 3115710.525198
    -- MCMC Step: 07800000 	Time(s): 3118843.540795
    -- MCMC Step: 07810000 	Time(s): 3122026.991711
    -- MCMC Step: 07820000 	Time(s): 3124965.823364
    -- MCMC Step: 07830000 	Time(s): 3127742.145127
    -- MCMC Step: 07840000 	Time(s): 3130419.365163
    -- MCMC Step: 07850000 	Time(s): 3133126.649414
    -- MCMC Step: 07860000 	Time(s): 3135780.519958
    -- MCMC Step: 07870000 	Time(s): 3138389.777872
    -- MCMC Step: 07880000 	Time(s): 3141068.978873
    -- MCMC Step: 07890000 	Time(s): 3143676.121753
    -- MCMC Step: 07900000 	Time(s): 3146240.787665
    -- MCMC Step: 07910000 	Time(s): 3148769.700664
    -- MCMC Step: 07920000 	Time(s): 3151344.303632
    -- MCMC Step: 07930000 	Time(s): 3153931.779805
    -- MCMC Step: 07940000 	Time(s): 3156398.944619
    -- MCMC Step: 07950000 	Time(s): 3158836.600037
    -- MCMC Step: 07960000 	Time(s): 3161169.307699
    -- MCMC Step: 07970000 	Time(s): 3163417.289275
    -- MCMC Step: 07980000 	Time(s): 3165625.119052
    -- MCMC Step: 07990000 	Time(s): 3167712.512383
    -- MCMC Step: 08000000 	Time(s): 3169800.231387
    -- MCMC Step: 08010000 	Time(s): 3171813.815755
    -- MCMC Step: 08020000 	Time(s): 3173822.042570
    -- MCMC Step: 08030000 	Time(s): 3175843.934481
    -- MCMC Step: 08040000 	Time(s): 3177854.086722
    -- MCMC Step: 08050000 	Time(s): 3179815.714345
    -- MCMC Step: 08060000 	Time(s): 3181619.267743
    -- MCMC Step: 08070000 	Time(s): 3183358.416867
    -- MCMC Step: 08080000 	Time(s): 3185110.149218
    -- MCMC Step: 08090000 	Time(s): 3186855.606234
    -- MCMC Step: 08100000 	Time(s): 3188605.387762
    -- MCMC Step: 08110000 	Time(s): 3190354.191819
    -- MCMC Step: 08120000 	Time(s): 3192107.880988
    -- MCMC Step: 08130000 	Time(s): 3194254.994456
    -- MCMC Step: 08140000 	Time(s): 3196452.771654
    -- MCMC Step: 08150000 	Time(s): 3198676.101173
    -- MCMC Step: 08160000 	Time(s): 3200912.497235
    -- MCMC Step: 08170000 	Time(s): 3203157.028953
    -- MCMC Step: 08180000 	Time(s): 3205387.644830
    -- MCMC Step: 08190000 	Time(s): 3207631.158616
    -- MCMC Step: 08200000 	Time(s): 3209926.952477
    -- MCMC Step: 08210000 	Time(s): 3212171.454453
    -- MCMC Step: 08220000 	Time(s): 3214420.196061
    -- MCMC Step: 08230000 	Time(s): 3216638.700318
    -- MCMC Step: 08240000 	Time(s): 3218859.074822
    -- MCMC Step: 08250000 	Time(s): 3221058.606491
    -- MCMC Step: 08260000 	Time(s): 3223266.886816
    -- MCMC Step: 08270000 	Time(s): 3225406.660300
    -- MCMC Step: 08280000 	Time(s): 3227434.552454
    -- MCMC Step: 08290000 	Time(s): 3229414.611352
    -- MCMC Step: 08300000 	Time(s): 3231402.642108
    -- MCMC Step: 08310000 	Time(s): 3233374.167063
    -- MCMC Step: 08320000 	Time(s): 3235368.657125
    -- MCMC Step: 08330000 	Time(s): 3237348.486466
    -- MCMC Step: 08340000 	Time(s): 3239314.392141
    -- MCMC Step: 08350000 	Time(s): 3241314.612237
    -- MCMC Step: 08360000 	Time(s): 3243295.694718
    -- MCMC Step: 08370000 	Time(s): 3245285.868342
    -- MCMC Step: 08380000 	Time(s): 3247254.369731
    -- MCMC Step: 08390000 	Time(s): 3249257.350942
    -- MCMC Step: 08400000 	Time(s): 3251236.209074
    -- MCMC Step: 08410000 	Time(s): 3253188.868873
    -- MCMC Step: 08420000 	Time(s): 3255191.392942
    -- MCMC Step: 08430000 	Time(s): 3257172.983261
    -- MCMC Step: 08440000 	Time(s): 3259187.768063
    -- MCMC Step: 08450000 	Time(s): 3261197.889615
    -- MCMC Step: 08460000 	Time(s): 3263179.621009
    -- MCMC Step: 08470000 	Time(s): 3265164.975419
    -- MCMC Step: 08480000 	Time(s): 3267142.630611
    -- MCMC Step: 08490000 	Time(s): 3269106.831471
    -- MCMC Step: 08500000 	Time(s): 3271085.394447
    -- MCMC Step: 08510000 	Time(s): 3273066.275917
    -- MCMC Step: 08520000 	Time(s): 3275047.436033
    -- MCMC Step: 08530000 	Time(s): 3277037.393186
    -- MCMC Step: 08540000 	Time(s): 3279036.537043
    -- MCMC Step: 08550000 	Time(s): 3281067.150560
    -- MCMC Step: 08560000 	Time(s): 3283062.650696
    -- MCMC Step: 08570000 	Time(s): 3285009.134034
    -- MCMC Step: 08580000 	Time(s): 3286942.462928
    -- MCMC Step: 08590000 	Time(s): 3288886.294967
    -- MCMC Step: 08600000 	Time(s): 3290835.489307
    -- MCMC Step: 08610000 	Time(s): 3292804.707124
    -- MCMC Step: 08620000 	Time(s): 3294787.838803
    -- MCMC Step: 08630000 	Time(s): 3296775.448119
    -- MCMC Step: 08640000 	Time(s): 3298768.139542
    -- MCMC Step: 08650000 	Time(s): 3300760.905081
    -- MCMC Step: 08660000 	Time(s): 3302750.072784
    -- MCMC Step: 08670000 	Time(s): 3304745.954731
    -- MCMC Step: 08680000 	Time(s): 3306753.249165
    -- MCMC Step: 08690000 	Time(s): 3308932.923031
    -- MCMC Step: 08700000 	Time(s): 3311068.909423
    -- MCMC Step: 08710000 	Time(s): 3313071.451771
    -- MCMC Step: 08720000 	Time(s): 3315071.811225
    -- MCMC Step: 08730000 	Time(s): 3317084.918242
    -- MCMC Step: 08740000 	Time(s): 3319075.343760
    -- MCMC Step: 08750000 	Time(s): 3321071.835409
    -- MCMC Step: 08760000 	Time(s): 3323068.725248
    -- MCMC Step: 08770000 	Time(s): 3325063.596112
    -- MCMC Step: 08780000 	Time(s): 3327074.597621
    -- MCMC Step: 08790000 	Time(s): 3329067.002627
    -- MCMC Step: 08800000 	Time(s): 3331078.945249
    -- MCMC Step: 08810000 	Time(s): 3333077.972000
    -- MCMC Step: 08820000 	Time(s): 3335082.540916
    -- MCMC Step: 08830000 	Time(s): 3337076.583887
    -- MCMC Step: 08840000 	Time(s): 3339003.060074
    -- MCMC Step: 08850000 	Time(s): 3340848.544877
    -- MCMC Step: 08860000 	Time(s): 3342648.983216
    -- MCMC Step: 08870000 	Time(s): 3344453.680225
    -- MCMC Step: 08880000 	Time(s): 3346257.190451
    -- MCMC Step: 08890000 	Time(s): 3348057.786088
    -- MCMC Step: 08900000 	Time(s): 3349858.074917
    -- MCMC Step: 08910000 	Time(s): 3351656.198851
    -- MCMC Step: 08920000 	Time(s): 3353454.809343
    -- MCMC Step: 08930000 	Time(s): 3355266.410243
    -- MCMC Step: 08940000 	Time(s): 3357075.996391
    -- MCMC Step: 08950000 	Time(s): 3358893.780593
    -- MCMC Step: 08960000 	Time(s): 3360709.732671
    -- MCMC Step: 08970000 	Time(s): 3362526.286453
    -- MCMC Step: 08980000 	Time(s): 3364317.153626
    -- MCMC Step: 08990000 	Time(s): 3366078.150527
    -- MCMC Step: 09000000 	Time(s): 3367856.455700
    -- MCMC Step: 09010000 	Time(s): 3369655.316807
    -- MCMC Step: 09020000 	Time(s): 3371455.075643
    -- MCMC Step: 09030000 	Time(s): 3373239.687303
    -- MCMC Step: 09040000 	Time(s): 3375032.048764
    -- MCMC Step: 09050000 	Time(s): 3376821.762384
    -- MCMC Step: 09060000 	Time(s): 3378609.669839
    -- MCMC Step: 09070000 	Time(s): 3380386.056500
    -- MCMC Step: 09080000 	Time(s): 3382178.070370
    -- MCMC Step: 09090000 	Time(s): 3383966.129025
    -- MCMC Step: 09100000 	Time(s): 3385756.667903
    -- MCMC Step: 09110000 	Time(s): 3387553.525000
    -- MCMC Step: 09120000 	Time(s): 3389341.676537
    -- MCMC Step: 09130000 	Time(s): 3391138.017058
    -- MCMC Step: 09140000 	Time(s): 3392939.525071
    -- MCMC Step: 09150000 	Time(s): 3394756.338403
    -- MCMC Step: 09160000 	Time(s): 3396496.951739
    -- MCMC Step: 09170000 	Time(s): 3398189.558778
    -- MCMC Step: 09180000 	Time(s): 3399882.275656
    -- MCMC Step: 09190000 	Time(s): 3401566.684015
    -- MCMC Step: 09200000 	Time(s): 3403251.279077
    -- MCMC Step: 09210000 	Time(s): 3404946.463710
    -- MCMC Step: 09220000 	Time(s): 3406633.555913
    -- MCMC Step: 09230000 	Time(s): 3408317.693079
    -- MCMC Step: 09240000 	Time(s): 3410072.623772
    -- MCMC Step: 09250000 	Time(s): 3411836.910620
    -- MCMC Step: 09260000 	Time(s): 3413600.503962
    -- MCMC Step: 09270000 	Time(s): 3415369.298056
    -- MCMC Step: 09280000 	Time(s): 3417156.283217
    -- MCMC Step: 09290000 	Time(s): 3418937.594433
    -- MCMC Step: 09300000 	Time(s): 3420732.101271
    -- MCMC Step: 09310000 	Time(s): 3422514.548579
    -- MCMC Step: 09320000 	Time(s): 3424302.625283
    -- MCMC Step: 09330000 	Time(s): 3426067.493459
    -- MCMC Step: 09340000 	Time(s): 3427742.458584
    -- MCMC Step: 09350000 	Time(s): 3429423.861084
    -- MCMC Step: 09360000 	Time(s): 3431105.522274
    -- MCMC Step: 09370000 	Time(s): 3432795.384382
    -- MCMC Step: 09380000 	Time(s): 3434498.932093
    -- MCMC Step: 09390000 	Time(s): 3436195.987746
    -- MCMC Step: 09400000 	Time(s): 3437881.226572
    -- MCMC Step: 09410000 	Time(s): 3439619.053881
    -- MCMC Step: 09420000 	Time(s): 3441415.821634
    -- MCMC Step: 09430000 	Time(s): 3443158.961924
    -- MCMC Step: 09440000 	Time(s): 3444861.317194
    -- MCMC Step: 09450000 	Time(s): 3446552.517288
    -- MCMC Step: 09460000 	Time(s): 3448249.136396
    -- MCMC Step: 09470000 	Time(s): 3449971.808409
    -- MCMC Step: 09480000 	Time(s): 3451683.865932
    -- MCMC Step: 09490000 	Time(s): 3453406.549647
    -- MCMC Step: 09500000 	Time(s): 3455116.824648
    -- MCMC Step: 09510000 	Time(s): 3456823.096699
    -- MCMC Step: 09520000 	Time(s): 3458540.616824
    -- MCMC Step: 09530000 	Time(s): 3460262.976499
    -- MCMC Step: 09540000 	Time(s): 3462007.250862
    -- MCMC Step: 09550000 	Time(s): 3463705.014161
    -- MCMC Step: 09560000 	Time(s): 3465443.937799
    -- MCMC Step: 09570000 	Time(s): 3467171.104258
    -- MCMC Step: 09580000 	Time(s): 3468879.292643
    -- MCMC Step: 09590000 	Time(s): 3470581.523322
    -- MCMC Step: 09600000 	Time(s): 3472288.742221
    -- MCMC Step: 09610000 	Time(s): 3474033.915318
    -- MCMC Step: 09620000 	Time(s): 3475684.384544
    -- MCMC Step: 09630000 	Time(s): 3477343.056299
    -- MCMC Step: 09640000 	Time(s): 3478929.251803
    -- MCMC Step: 09650000 	Time(s): 3480501.176509
    -- MCMC Step: 09660000 	Time(s): 3482110.619840
    -- MCMC Step: 09670000 	Time(s): 3483799.474092
    -- MCMC Step: 09680000 	Time(s): 3485527.592179
    -- MCMC Step: 09690000 	Time(s): 3487263.408642
    -- MCMC Step: 09700000 	Time(s): 3488965.026474
    -- MCMC Step: 09710000 	Time(s): 3490638.638478
    -- MCMC Step: 09720000 	Time(s): 3492311.911685
    -- MCMC Step: 09730000 	Time(s): 3493999.432207
    -- MCMC Step: 09740000 	Time(s): 3495676.719524
    -- MCMC Step: 09750000 	Time(s): 3497359.758783
    -- MCMC Step: 09760000 	Time(s): 3499045.729295
    -- MCMC Step: 09770000 	Time(s): 3500724.485262
    -- MCMC Step: 09780000 	Time(s): 3502398.832829
    -- MCMC Step: 09790000 	Time(s): 3503986.064466
    -- MCMC Step: 09800000 	Time(s): 3505527.956412
    -- MCMC Step: 09810000 	Time(s): 3507082.678769
    -- MCMC Step: 09820000 	Time(s): 3508645.927961
    -- MCMC Step: 09830000 	Time(s): 3510221.290384
    -- MCMC Step: 09840000 	Time(s): 3511782.359937
    -- MCMC Step: 09850000 	Time(s): 3513358.024884
    -- MCMC Step: 09860000 	Time(s): 3514951.195063
    -- MCMC Step: 09870000 	Time(s): 3516540.315281
    -- MCMC Step: 09880000 	Time(s): 3518140.917784
    -- MCMC Step: 09890000 	Time(s): 3519721.590851
    -- MCMC Step: 09900000 	Time(s): 3521273.855527
    -- MCMC Step: 09910000 	Time(s): 3522793.266018
    -- MCMC Step: 09920000 	Time(s): 3524282.799376
    -- MCMC Step: 09930000 	Time(s): 3525787.142044
    -- MCMC Step: 09940000 	Time(s): 3527273.100372
    -- MCMC Step: 09950000 	Time(s): 3528727.475211
    -- MCMC Step: 09960000 	Time(s): 3530239.340353
    -- MCMC Step: 09970000 	Time(s): 3531709.643152
    -- MCMC Step: 09980000 	Time(s): 3533131.455086
    -- MCMC Step: 09990000 	Time(s): 3534531.320811
    -- MCMC Step: 10000000 	Time(s): 3535890.211799
  Saving final MCMC simulation data ...
****************************************
Done successfully!
Cumulative number of energy calculations: 10000002
Elapsed time: 3535893.7529861927 seconds
Finished on: 2023-11-05 23:30:36.642398
