Executed on: 2023-09-18 02:40:57.928980
PFP client version: 1.11.0
Model version: v3.0.0
Calculation mode: CRYSTAL_PLUS_D3
Method type: PFVM
****************************************
Examining NCM811 ...
  Importing initial (known) stable/unstable structures ...
    Supercell size: 5 × 4 × 1
    Number of atoms (perfect): 240
    Cell parameters (a, b, c): 2.874400, 2.878125, 14.114900
    Structural parameter range (min, max): 0.000000, 0.500000
    Number of discrete structural parameters: 60
    Structural parameter spacing: 0.008475
  Importing energies and 1-D DOS from previous WL simlation ...
    Energy range (min, max): -1058.411566, -1054.392101
    Number of energy states: 60
    Energy spacing (eV): 0.068127
  Performing multicanonical Monte Carlo (MCMC) sampling ...
    Number of NNP-neighbors: 11400
    Maximum number of Monte Carlo steps: 10000000
    Trial move style: swap
    -- MCMC Step: 00000000 	Time(s): 0.819685
    -- MCMC Step: 00010000 	Time(s): 1611.457991
    -- MCMC Step: 00020000 	Time(s): 3268.896129
    -- MCMC Step: 00030000 	Time(s): 4933.078424
    -- MCMC Step: 00040000 	Time(s): 6559.862708
    -- MCMC Step: 00050000 	Time(s): 8247.384861
    -- MCMC Step: 00060000 	Time(s): 9854.543549
    -- MCMC Step: 00070000 	Time(s): 11513.862770
    -- MCMC Step: 00080000 	Time(s): 13277.033610
    -- MCMC Step: 00090000 	Time(s): 14887.947711
    -- MCMC Step: 00100000 	Time(s): 16564.669286
    -- MCMC Step: 00110000 	Time(s): 18211.314029
    -- MCMC Step: 00120000 	Time(s): 19841.252269
    -- MCMC Step: 00130000 	Time(s): 21610.043361
    -- MCMC Step: 00140000 	Time(s): 23309.768954
    -- MCMC Step: 00150000 	Time(s): 25010.399665
    -- MCMC Step: 00160000 	Time(s): 26670.400450
    -- MCMC Step: 00170000 	Time(s): 28348.734829
    -- MCMC Step: 00180000 	Time(s): 29991.550472
    -- MCMC Step: 00190000 	Time(s): 31706.282433
    -- MCMC Step: 00200000 	Time(s): 33431.612213
    -- MCMC Step: 00210000 	Time(s): 35145.260722
    -- MCMC Step: 00220000 	Time(s): 36901.845140
    -- MCMC Step: 00230000 	Time(s): 38607.915707
    -- MCMC Step: 00240000 	Time(s): 40299.506620
    -- MCMC Step: 00250000 	Time(s): 41940.969316
    -- MCMC Step: 00260000 	Time(s): 43608.226951
    -- MCMC Step: 00270000 	Time(s): 45180.990626
    -- MCMC Step: 00280000 	Time(s): 46832.425570
    -- MCMC Step: 00290000 	Time(s): 48480.866187
    -- MCMC Step: 00300000 	Time(s): 50114.287720
    -- MCMC Step: 00310000 	Time(s): 51782.392467
    -- MCMC Step: 00320000 	Time(s): 53483.553371
    -- MCMC Step: 00330000 	Time(s): 55168.956959
    -- MCMC Step: 00340000 	Time(s): 56810.519352
    -- MCMC Step: 00350000 	Time(s): 58452.206639
    -- MCMC Step: 00360000 	Time(s): 60092.065379
    -- MCMC Step: 00370000 	Time(s): 61727.643247
    -- MCMC Step: 00380000 	Time(s): 63396.013307
    -- MCMC Step: 00390000 	Time(s): 65047.525467
    -- MCMC Step: 00400000 	Time(s): 66657.173205
    -- MCMC Step: 00410000 	Time(s): 68307.860829
    -- MCMC Step: 00420000 	Time(s): 69968.277826
    -- MCMC Step: 00430000 	Time(s): 71685.084492
    -- MCMC Step: 00440000 	Time(s): 73309.365935
    -- MCMC Step: 00450000 	Time(s): 74904.348548
    -- MCMC Step: 00460000 	Time(s): 76531.721312
    -- MCMC Step: 00470000 	Time(s): 78258.826823
    -- MCMC Step: 00480000 	Time(s): 79951.950879
    -- MCMC Step: 00490000 	Time(s): 81621.063701
    -- MCMC Step: 00500000 	Time(s): 83284.024334
    -- MCMC Step: 00510000 	Time(s): 85003.064902
    -- MCMC Step: 00520000 	Time(s): 86774.965043
    -- MCMC Step: 00530000 	Time(s): 88417.884451
    -- MCMC Step: 00540000 	Time(s): 90117.705215
    -- MCMC Step: 00550000 	Time(s): 91879.622794
    -- MCMC Step: 00560000 	Time(s): 93869.683588
    -- MCMC Step: 00570000 	Time(s): 95990.483718
    -- MCMC Step: 00580000 	Time(s): 98057.038592
    -- MCMC Step: 00590000 	Time(s): 100424.866323
    -- MCMC Step: 00600000 	Time(s): 102943.993819
    -- MCMC Step: 00610000 	Time(s): 105526.717790
    -- MCMC Step: 00620000 	Time(s): 108028.140296
    -- MCMC Step: 00630000 	Time(s): 110580.806147
    -- MCMC Step: 00640000 	Time(s): 113127.529006
    -- MCMC Step: 00650000 	Time(s): 115912.323581
    -- MCMC Step: 00660000 	Time(s): 118648.904737
    -- MCMC Step: 00670000 	Time(s): 121386.533884
    -- MCMC Step: 00680000 	Time(s): 124110.886137
    -- MCMC Step: 00690000 	Time(s): 126877.815239
    -- MCMC Step: 00700000 	Time(s): 129627.178861
    -- MCMC Step: 00710000 	Time(s): 132379.339251
    -- MCMC Step: 00720000 	Time(s): 135122.999127
    -- MCMC Step: 00730000 	Time(s): 137876.880584
    -- MCMC Step: 00740000 	Time(s): 140603.024391
    -- MCMC Step: 00750000 	Time(s): 143326.451482
    -- MCMC Step: 00760000 	Time(s): 146052.741807
    -- MCMC Step: 00770000 	Time(s): 148780.202933
    -- MCMC Step: 00780000 	Time(s): 151480.818104
    -- MCMC Step: 00790000 	Time(s): 154155.234442
    -- MCMC Step: 00800000 	Time(s): 156712.386943
    -- MCMC Step: 00810000 	Time(s): 159264.795846
    -- MCMC Step: 00820000 	Time(s): 161843.542365
    -- MCMC Step: 00830000 	Time(s): 164459.074597
    -- MCMC Step: 00840000 	Time(s): 167077.855577
    -- MCMC Step: 00850000 	Time(s): 169693.492965
    -- MCMC Step: 00860000 	Time(s): 172267.526397
    -- MCMC Step: 00870000 	Time(s): 174731.442189
    -- MCMC Step: 00880000 	Time(s): 177132.870260
    -- MCMC Step: 00890000 	Time(s): 179298.431532
    -- MCMC Step: 00900000 	Time(s): 181362.743406
    -- MCMC Step: 00910000 	Time(s): 183593.787033
    -- MCMC Step: 00920000 	Time(s): 185568.795561
    -- MCMC Step: 00930000 	Time(s): 187532.111841
    -- MCMC Step: 00940000 	Time(s): 189746.488262
    -- MCMC Step: 00950000 	Time(s): 192005.506167
    -- MCMC Step: 00960000 	Time(s): 194323.031036
    -- MCMC Step: 00970000 	Time(s): 196522.266049
    -- MCMC Step: 00980000 	Time(s): 198645.438561
    -- MCMC Step: 00990000 	Time(s): 200896.616240
    -- MCMC Step: 01000000 	Time(s): 203219.072417
    -- MCMC Step: 01010000 	Time(s): 205561.365332
    -- MCMC Step: 01020000 	Time(s): 207951.018378
    -- MCMC Step: 01030000 	Time(s): 210361.327362
    -- MCMC Step: 01040000 	Time(s): 212793.034840
    -- MCMC Step: 01050000 	Time(s): 215147.927297
    -- MCMC Step: 01060000 	Time(s): 217524.494634
    -- MCMC Step: 01070000 	Time(s): 219929.238504
    -- MCMC Step: 01080000 	Time(s): 222323.658562
    -- MCMC Step: 01090000 	Time(s): 224722.843050
    -- MCMC Step: 01100000 	Time(s): 227119.660587
    -- MCMC Step: 01110000 	Time(s): 229522.713776
    -- MCMC Step: 01120000 	Time(s): 231874.008913
    -- MCMC Step: 01130000 	Time(s): 234229.689620
    -- MCMC Step: 01140000 	Time(s): 236614.471419
    -- MCMC Step: 01150000 	Time(s): 238958.505269
    -- MCMC Step: 01160000 	Time(s): 241223.505788
    -- MCMC Step: 01170000 	Time(s): 243506.198990
    -- MCMC Step: 01180000 	Time(s): 245773.781690
    -- MCMC Step: 01190000 	Time(s): 248036.834929
    -- MCMC Step: 01200000 	Time(s): 250348.256769
    -- MCMC Step: 01210000 	Time(s): 252656.135521
    -- MCMC Step: 01220000 	Time(s): 254993.276504
    -- MCMC Step: 01230000 	Time(s): 257191.022496
    -- MCMC Step: 01240000 	Time(s): 259234.328455
    -- MCMC Step: 01250000 	Time(s): 261688.938107
    -- MCMC Step: 01260000 	Time(s): 263972.986376
    -- MCMC Step: 01270000 	Time(s): 266220.579370
    -- MCMC Step: 01280000 	Time(s): 268421.225102
    -- MCMC Step: 01290000 	Time(s): 270801.446814
    -- MCMC Step: 01300000 	Time(s): 273122.504872
    -- MCMC Step: 01310000 	Time(s): 275423.991567
    -- MCMC Step: 01320000 	Time(s): 277789.725098
    -- MCMC Step: 01330000 	Time(s): 280147.337077
    -- MCMC Step: 01340000 	Time(s): 282546.982112
    -- MCMC Step: 01350000 	Time(s): 284998.694003
    -- MCMC Step: 01360000 	Time(s): 287566.667030
    -- MCMC Step: 01370000 	Time(s): 289907.164292
    -- MCMC Step: 01380000 	Time(s): 292295.491554
    -- MCMC Step: 01390000 	Time(s): 294677.509220
    -- MCMC Step: 01400000 	Time(s): 297041.798517
    -- MCMC Step: 01410000 	Time(s): 299421.129996
    -- MCMC Step: 01420000 	Time(s): 301794.497919
    -- MCMC Step: 01430000 	Time(s): 304156.569200
    -- MCMC Step: 01440000 	Time(s): 306507.367647
    -- MCMC Step: 01450000 	Time(s): 308884.738703
    -- MCMC Step: 01460000 	Time(s): 311278.724698
    -- MCMC Step: 01470000 	Time(s): 313686.380994
    -- MCMC Step: 01480000 	Time(s): 316084.845759
    -- MCMC Step: 01490000 	Time(s): 318474.173144
    -- MCMC Step: 01500000 	Time(s): 320848.823043
    -- MCMC Step: 01510000 	Time(s): 323222.030246
    -- MCMC Step: 01520000 	Time(s): 325595.758917
    -- MCMC Step: 01530000 	Time(s): 327988.750776
    -- MCMC Step: 01540000 	Time(s): 330384.709103
    -- MCMC Step: 01550000 	Time(s): 332798.870823
    -- MCMC Step: 01560000 	Time(s): 335266.283590
    -- MCMC Step: 01570000 	Time(s): 337719.461838
    -- MCMC Step: 01580000 	Time(s): 340175.707700
    -- MCMC Step: 01590000 	Time(s): 342624.350529
    -- MCMC Step: 01600000 	Time(s): 345062.837370
    -- MCMC Step: 01610000 	Time(s): 347304.583416
    -- MCMC Step: 01620000 	Time(s): 349164.428801
    -- MCMC Step: 01630000 	Time(s): 351450.501867
    -- MCMC Step: 01640000 	Time(s): 353769.169003
    -- MCMC Step: 01650000 	Time(s): 356352.590760
    -- MCMC Step: 01660000 	Time(s): 359087.751198
    -- MCMC Step: 01670000 	Time(s): 361786.623607
    -- MCMC Step: 01680000 	Time(s): 364419.627975
    -- MCMC Step: 01690000 	Time(s): 366945.729573
    -- MCMC Step: 01700000 	Time(s): 369562.881773
    -- MCMC Step: 01710000 	Time(s): 372212.387967
    -- MCMC Step: 01720000 	Time(s): 374894.753920
    -- MCMC Step: 01730000 	Time(s): 377585.784252
    -- MCMC Step: 01740000 	Time(s): 380281.976879
    -- MCMC Step: 01750000 	Time(s): 382961.121705
    -- MCMC Step: 01760000 	Time(s): 385659.656381
    -- MCMC Step: 01770000 	Time(s): 388376.108116
    -- MCMC Step: 01780000 	Time(s): 391138.006010
    -- MCMC Step: 01790000 	Time(s): 393913.161460
    -- MCMC Step: 01800000 	Time(s): 396649.808240
    -- MCMC Step: 01810000 	Time(s): 399325.743079
    -- MCMC Step: 01820000 	Time(s): 402021.027719
    -- MCMC Step: 01830000 	Time(s): 404719.036983
    -- MCMC Step: 01840000 	Time(s): 407418.854616
    -- MCMC Step: 01850000 	Time(s): 410119.738518
    -- MCMC Step: 01860000 	Time(s): 412795.028311
    -- MCMC Step: 01870000 	Time(s): 415435.143107
    -- MCMC Step: 01880000 	Time(s): 418086.551410
    -- MCMC Step: 01890000 	Time(s): 420694.618366
    -- MCMC Step: 01900000 	Time(s): 423220.959500
    -- MCMC Step: 01910000 	Time(s): 425759.425880
    -- MCMC Step: 01920000 	Time(s): 428323.631135
    -- MCMC Step: 01930000 	Time(s): 430912.701408
    -- MCMC Step: 01940000 	Time(s): 433502.233766
    -- MCMC Step: 01950000 	Time(s): 436145.506054
    -- MCMC Step: 01960000 	Time(s): 438816.402866
    -- MCMC Step: 01970000 	Time(s): 441415.617990
    -- MCMC Step: 01980000 	Time(s): 443944.403448
    -- MCMC Step: 01990000 	Time(s): 446460.909029
    -- MCMC Step: 02000000 	Time(s): 448961.948431
    -- MCMC Step: 02010000 	Time(s): 451472.602726
    -- MCMC Step: 02020000 	Time(s): 453982.667075
    -- MCMC Step: 02030000 	Time(s): 456490.793964
    -- MCMC Step: 02040000 	Time(s): 459007.586336
    -- MCMC Step: 02050000 	Time(s): 461499.886441
    -- MCMC Step: 02060000 	Time(s): 463988.018318
    -- MCMC Step: 02070000 	Time(s): 466499.949381
    -- MCMC Step: 02080000 	Time(s): 468994.581189
    -- MCMC Step: 02090000 	Time(s): 471507.628605
    -- MCMC Step: 02100000 	Time(s): 473998.861071
    -- MCMC Step: 02110000 	Time(s): 476446.486598
    -- MCMC Step: 02120000 	Time(s): 478878.013946
    -- MCMC Step: 02130000 	Time(s): 481303.514614
    -- MCMC Step: 02140000 	Time(s): 483746.336932
    -- MCMC Step: 02150000 	Time(s): 486206.025859
    -- MCMC Step: 02160000 	Time(s): 488580.725525
    -- MCMC Step: 02170000 	Time(s): 490897.329856
    -- MCMC Step: 02180000 	Time(s): 493249.675140
    -- MCMC Step: 02190000 	Time(s): 495595.212793
    -- MCMC Step: 02200000 	Time(s): 497801.622086
    -- MCMC Step: 02210000 	Time(s): 500017.611169
    -- MCMC Step: 02220000 	Time(s): 502202.778304
    -- MCMC Step: 02230000 	Time(s): 504398.308944
    -- MCMC Step: 02240000 	Time(s): 506589.472576
    -- MCMC Step: 02250000 	Time(s): 508767.713697
    -- MCMC Step: 02260000 	Time(s): 510959.371094
    -- MCMC Step: 02270000 	Time(s): 513183.811748
    -- MCMC Step: 02280000 	Time(s): 515366.949715
    -- MCMC Step: 02290000 	Time(s): 517377.642150
    -- MCMC Step: 02300000 	Time(s): 519331.874561
    -- MCMC Step: 02310000 	Time(s): 521304.947916
    -- MCMC Step: 02320000 	Time(s): 523297.077109
    -- MCMC Step: 02330000 	Time(s): 525257.690771
    -- MCMC Step: 02340000 	Time(s): 527210.860192
    -- MCMC Step: 02350000 	Time(s): 529173.023306
    -- MCMC Step: 02360000 	Time(s): 531198.235446
    -- MCMC Step: 02370000 	Time(s): 533196.379962
    -- MCMC Step: 02380000 	Time(s): 535187.983374
    -- MCMC Step: 02390000 	Time(s): 537166.583173
    -- MCMC Step: 02400000 	Time(s): 539138.271596
    -- MCMC Step: 02410000 	Time(s): 541016.930374
    -- MCMC Step: 02420000 	Time(s): 542688.031299
    -- MCMC Step: 02430000 	Time(s): 544277.178873
    -- MCMC Step: 02440000 	Time(s): 545851.929578
    -- MCMC Step: 02450000 	Time(s): 547429.833834
    -- MCMC Step: 02460000 	Time(s): 549011.413891
    -- MCMC Step: 02470000 	Time(s): 550624.013525
    -- MCMC Step: 02480000 	Time(s): 552229.884303
    -- MCMC Step: 02490000 	Time(s): 553824.521470
    -- MCMC Step: 02500000 	Time(s): 555396.861472
    -- MCMC Step: 02510000 	Time(s): 556946.213006
    -- MCMC Step: 02520000 	Time(s): 558493.762549
    -- MCMC Step: 02530000 	Time(s): 560095.440080
    -- MCMC Step: 02540000 	Time(s): 561687.864105
    -- MCMC Step: 02550000 	Time(s): 563256.419210
    -- MCMC Step: 02560000 	Time(s): 564820.279223
    -- MCMC Step: 02570000 	Time(s): 566401.427823
    -- MCMC Step: 02580000 	Time(s): 567969.351016
    -- MCMC Step: 02590000 	Time(s): 569515.895429
    -- MCMC Step: 02600000 	Time(s): 571057.338314
    -- MCMC Step: 02610000 	Time(s): 572612.617212
    -- MCMC Step: 02620000 	Time(s): 574152.495236
    -- MCMC Step: 02630000 	Time(s): 575695.447602
    -- MCMC Step: 02640000 	Time(s): 577247.211079
    -- MCMC Step: 02650000 	Time(s): 578818.132818
    -- MCMC Step: 02660000 	Time(s): 580402.272993
    -- MCMC Step: 02670000 	Time(s): 581978.719235
    -- MCMC Step: 02680000 	Time(s): 583533.831368
    -- MCMC Step: 02690000 	Time(s): 585086.140166
    -- MCMC Step: 02700000 	Time(s): 586633.006866
    -- MCMC Step: 02710000 	Time(s): 588162.374662
    -- MCMC Step: 02720000 	Time(s): 589745.545983
    -- MCMC Step: 02730000 	Time(s): 591319.571832
    -- MCMC Step: 02740000 	Time(s): 592963.006505
    -- MCMC Step: 02750000 	Time(s): 594611.169185
    -- MCMC Step: 02760000 	Time(s): 596274.444120
    -- MCMC Step: 02770000 	Time(s): 597937.479688
    -- MCMC Step: 02780000 	Time(s): 599592.596466
    -- MCMC Step: 02790000 	Time(s): 601353.037422
    -- MCMC Step: 02800000 	Time(s): 603075.823487
    -- MCMC Step: 02810000 	Time(s): 604823.533206
    -- MCMC Step: 02820000 	Time(s): 606539.565534
    -- MCMC Step: 02830000 	Time(s): 608242.815512
    -- MCMC Step: 02840000 	Time(s): 609907.208793
    -- MCMC Step: 02850000 	Time(s): 611656.157818
    -- MCMC Step: 02860000 	Time(s): 613327.883914
    -- MCMC Step: 02870000 	Time(s): 614999.228006
    -- MCMC Step: 02880000 	Time(s): 616666.620975
    -- MCMC Step: 02890000 	Time(s): 618350.305892
    -- MCMC Step: 02900000 	Time(s): 620021.277135
    -- MCMC Step: 02910000 	Time(s): 621705.262734
    -- MCMC Step: 02920000 	Time(s): 623358.548113
    -- MCMC Step: 02930000 	Time(s): 624990.482791
    -- MCMC Step: 02940000 	Time(s): 626700.338090
    -- MCMC Step: 02950000 	Time(s): 628295.563676
    -- MCMC Step: 02960000 	Time(s): 629935.721982
    -- MCMC Step: 02970000 	Time(s): 631633.425966
    -- MCMC Step: 02980000 	Time(s): 633292.242387
    -- MCMC Step: 02990000 	Time(s): 634942.629443
    -- MCMC Step: 03000000 	Time(s): 636557.847940
    -- MCMC Step: 03010000 	Time(s): 638165.073633
    -- MCMC Step: 03020000 	Time(s): 639777.070902
    -- MCMC Step: 03030000 	Time(s): 641419.414162
    -- MCMC Step: 03040000 	Time(s): 643039.724412
    -- MCMC Step: 03050000 	Time(s): 644648.648345
    -- MCMC Step: 03060000 	Time(s): 646271.599164
    -- MCMC Step: 03070000 	Time(s): 647899.675886
    -- MCMC Step: 03080000 	Time(s): 649575.938391
    -- MCMC Step: 03090000 	Time(s): 651133.311086
    -- MCMC Step: 03100000 	Time(s): 652704.116915
    -- MCMC Step: 03110000 	Time(s): 654317.679342
    -- MCMC Step: 03120000 	Time(s): 655919.921109
    -- MCMC Step: 03130000 	Time(s): 657492.333445
    -- MCMC Step: 03140000 	Time(s): 659081.227517
    -- MCMC Step: 03150000 	Time(s): 660650.084641
    -- MCMC Step: 03160000 	Time(s): 662222.258966
    -- MCMC Step: 03170000 	Time(s): 663788.301461
    -- MCMC Step: 03180000 	Time(s): 665372.609590
    -- MCMC Step: 03190000 	Time(s): 666955.675632
    -- MCMC Step: 03200000 	Time(s): 668511.483509
    -- MCMC Step: 03210000 	Time(s): 670065.654724
    -- MCMC Step: 03220000 	Time(s): 671621.925251
    -- MCMC Step: 03230000 	Time(s): 673176.105454
    -- MCMC Step: 03240000 	Time(s): 674727.814651
    -- MCMC Step: 03250000 	Time(s): 676318.358779
    -- MCMC Step: 03260000 	Time(s): 677924.370043
    -- MCMC Step: 03270000 	Time(s): 679504.018869
    -- MCMC Step: 03280000 	Time(s): 681066.609141
    -- MCMC Step: 03290000 	Time(s): 682675.920653
    -- MCMC Step: 03300000 	Time(s): 684301.301469
    -- MCMC Step: 03310000 	Time(s): 686014.450757
    -- MCMC Step: 03320000 	Time(s): 688003.247720
    -- MCMC Step: 03330000 	Time(s): 690222.716991
    -- MCMC Step: 03340000 	Time(s): 692357.590025
    -- MCMC Step: 03350000 	Time(s): 694454.939567
    -- MCMC Step: 03360000 	Time(s): 696825.790084
    -- MCMC Step: 03370000 	Time(s): 700158.233016
    -- MCMC Step: 03380000 	Time(s): 703522.722249
    -- MCMC Step: 03390000 	Time(s): 707075.720647
    -- MCMC Step: 03400000 	Time(s): 710645.137848
    -- MCMC Step: 03410000 	Time(s): 714118.406697
    -- MCMC Step: 03420000 	Time(s): 717452.544949
    -- MCMC Step: 03430000 	Time(s): 720758.890547
    -- MCMC Step: 03440000 	Time(s): 724119.208102
    -- MCMC Step: 03450000 	Time(s): 727454.523636
    -- MCMC Step: 03460000 	Time(s): 730768.784602
    -- MCMC Step: 03470000 	Time(s): 734124.260401
    -- MCMC Step: 03480000 	Time(s): 737499.386495
    -- MCMC Step: 03490000 	Time(s): 740893.562054
    -- MCMC Step: 03500000 	Time(s): 744333.767509
    -- MCMC Step: 03510000 	Time(s): 747751.337433
    -- MCMC Step: 03520000 	Time(s): 751193.006504
    -- MCMC Step: 03530000 	Time(s): 754659.481489
    -- MCMC Step: 03540000 	Time(s): 758136.197891
    -- MCMC Step: 03550000 	Time(s): 761529.682492
    -- MCMC Step: 03560000 	Time(s): 764863.738256
    -- MCMC Step: 03570000 	Time(s): 768271.203302
    -- MCMC Step: 03580000 	Time(s): 772077.497156
    -- MCMC Step: 03590000 	Time(s): 776105.761845
    -- MCMC Step: 03600000 	Time(s): 779988.586213
    -- MCMC Step: 03610000 	Time(s): 784059.603755
    -- MCMC Step: 03620000 	Time(s): 788169.121174
    -- MCMC Step: 03630000 	Time(s): 792324.116251
    -- MCMC Step: 03640000 	Time(s): 796671.019625
    -- MCMC Step: 03650000 	Time(s): 801098.231239
    -- MCMC Step: 03660000 	Time(s): 805747.472600
    -- MCMC Step: 03670000 	Time(s): 810475.908529
    -- MCMC Step: 03680000 	Time(s): 815194.019252
    -- MCMC Step: 03690000 	Time(s): 819962.844928
    -- MCMC Step: 03700000 	Time(s): 824657.706265
    -- MCMC Step: 03710000 	Time(s): 829370.539678
    -- MCMC Step: 03720000 	Time(s): 834094.497917
    -- MCMC Step: 03730000 	Time(s): 838789.603502
    -- MCMC Step: 03740000 	Time(s): 843493.324004
    -- MCMC Step: 03750000 	Time(s): 848139.098887
    -- MCMC Step: 03760000 	Time(s): 852795.375515
    -- MCMC Step: 03770000 	Time(s): 857461.696112
    -- MCMC Step: 03780000 	Time(s): 862027.846978
    -- MCMC Step: 03790000 	Time(s): 866572.788001
    -- MCMC Step: 03800000 	Time(s): 871049.705163
    -- MCMC Step: 03810000 	Time(s): 875497.623517
    -- MCMC Step: 03820000 	Time(s): 880052.182375
    -- MCMC Step: 03830000 	Time(s): 884518.392443
    -- MCMC Step: 03840000 	Time(s): 889028.588643
    -- MCMC Step: 03850000 	Time(s): 893689.932783
    -- MCMC Step: 03860000 	Time(s): 898244.572624
    -- MCMC Step: 03870000 	Time(s): 902758.406334
    -- MCMC Step: 03880000 	Time(s): 907282.094829
    -- MCMC Step: 03890000 	Time(s): 911811.396852
    -- MCMC Step: 03900000 	Time(s): 916447.044332
    -- MCMC Step: 03910000 	Time(s): 921029.622365
    -- MCMC Step: 03920000 	Time(s): 925693.939613
    -- MCMC Step: 03930000 	Time(s): 930354.850497
    -- MCMC Step: 03940000 	Time(s): 934969.313710
    -- MCMC Step: 03950000 	Time(s): 939684.089391
    -- MCMC Step: 03960000 	Time(s): 944379.829852
    -- MCMC Step: 03970000 	Time(s): 948836.748188
    -- MCMC Step: 03980000 	Time(s): 953109.865434
    -- MCMC Step: 03990000 	Time(s): 957542.713304
    -- MCMC Step: 04000000 	Time(s): 962032.815540
    -- MCMC Step: 04010000 	Time(s): 966471.211422
    -- MCMC Step: 04020000 	Time(s): 971111.370918
    -- MCMC Step: 04030000 	Time(s): 975802.918651
    -- MCMC Step: 04040000 	Time(s): 980448.295530
    -- MCMC Step: 04050000 	Time(s): 985177.026530
    -- MCMC Step: 04060000 	Time(s): 989795.939972
    -- MCMC Step: 04070000 	Time(s): 994379.292357
    -- MCMC Step: 04080000 	Time(s): 998964.575010
    -- MCMC Step: 04090000 	Time(s): 1003470.934558
    -- MCMC Step: 04100000 	Time(s): 1007988.404299
    -- MCMC Step: 04110000 	Time(s): 1012631.503193
    -- MCMC Step: 04120000 	Time(s): 1017223.964137
    -- MCMC Step: 04130000 	Time(s): 1021794.006581
    -- MCMC Step: 04140000 	Time(s): 1026319.607140
    -- MCMC Step: 04150000 	Time(s): 1030711.576227
    -- MCMC Step: 04160000 	Time(s): 1034958.058961
    -- MCMC Step: 04170000 	Time(s): 1039112.446040
    -- MCMC Step: 04180000 	Time(s): 1043191.342681
    -- MCMC Step: 04190000 	Time(s): 1047281.084312
    -- MCMC Step: 04200000 	Time(s): 1051350.840678
    -- MCMC Step: 04210000 	Time(s): 1055441.057074
    -- MCMC Step: 04220000 	Time(s): 1059540.527493
    -- MCMC Step: 04230000 	Time(s): 1063710.203650
    -- MCMC Step: 04240000 	Time(s): 1067849.453598
    -- MCMC Step: 04250000 	Time(s): 1071949.387249
    -- MCMC Step: 04260000 	Time(s): 1076101.794544
    -- MCMC Step: 04270000 	Time(s): 1080167.270658
    -- MCMC Step: 04280000 	Time(s): 1084261.423972
    -- MCMC Step: 04290000 	Time(s): 1088461.045151
    -- MCMC Step: 04300000 	Time(s): 1092568.091637
    -- MCMC Step: 04310000 	Time(s): 1096580.278950
    -- MCMC Step: 04320000 	Time(s): 1100077.499196
    -- MCMC Step: 04330000 	Time(s): 1103211.544409
    -- MCMC Step: 04340000 	Time(s): 1107082.965785
    -- MCMC Step: 04350000 	Time(s): 1110996.585663
    -- MCMC Step: 04360000 	Time(s): 1114898.932500
    -- MCMC Step: 04370000 	Time(s): 1118863.332637
    -- MCMC Step: 04380000 	Time(s): 1122983.198566
    -- MCMC Step: 04390000 	Time(s): 1127255.486649
    -- MCMC Step: 04400000 	Time(s): 1131506.509879
    -- MCMC Step: 04410000 	Time(s): 1135777.151926
    -- MCMC Step: 04420000 	Time(s): 1140052.761578
    -- MCMC Step: 04430000 	Time(s): 1144330.660360
    -- MCMC Step: 04440000 	Time(s): 1148616.592772
    -- MCMC Step: 04450000 	Time(s): 1152915.142701
    -- MCMC Step: 04460000 	Time(s): 1157199.742735
    -- MCMC Step: 04470000 	Time(s): 1161517.990419
    -- MCMC Step: 04480000 	Time(s): 1165763.154941
    -- MCMC Step: 04490000 	Time(s): 1170059.649755
    -- MCMC Step: 04500000 	Time(s): 1174365.459768
    -- MCMC Step: 04510000 	Time(s): 1178583.298199
    -- MCMC Step: 04520000 	Time(s): 1182856.652678
    -- MCMC Step: 04530000 	Time(s): 1187072.236728
    -- MCMC Step: 04540000 	Time(s): 1191281.267026
    -- MCMC Step: 04550000 	Time(s): 1195428.742277
    -- MCMC Step: 04560000 	Time(s): 1199456.087348
    -- MCMC Step: 04570000 	Time(s): 1203558.154937
    -- MCMC Step: 04580000 	Time(s): 1207816.872781
    -- MCMC Step: 04590000 	Time(s): 1211903.032331
    -- MCMC Step: 04600000 	Time(s): 1216075.157737
    -- MCMC Step: 04610000 	Time(s): 1220278.412936
    -- MCMC Step: 04620000 	Time(s): 1224431.046551
    -- MCMC Step: 04630000 	Time(s): 1228583.043127
    -- MCMC Step: 04640000 	Time(s): 1233216.708642
    -- MCMC Step: 04650000 	Time(s): 1238079.247092
    -- MCMC Step: 04660000 	Time(s): 1243002.760360
    -- MCMC Step: 04670000 	Time(s): 1247867.578803
    -- MCMC Step: 04680000 	Time(s): 1252727.227240
    -- MCMC Step: 04690000 	Time(s): 1257518.259376
    -- MCMC Step: 04700000 	Time(s): 1262242.089143
    -- MCMC Step: 04710000 	Time(s): 1266920.913015
    -- MCMC Step: 04720000 	Time(s): 1271805.662704
    -- MCMC Step: 04730000 	Time(s): 1276749.513875
    -- MCMC Step: 04740000 	Time(s): 1281876.617430
    -- MCMC Step: 04750000 	Time(s): 1286433.831864
    -- MCMC Step: 04760000 	Time(s): 1291022.047552
    -- MCMC Step: 04770000 	Time(s): 1295355.322459
    -- MCMC Step: 04780000 	Time(s): 1299537.224435
    -- MCMC Step: 04790000 	Time(s): 1304051.523144
    -- MCMC Step: 04800000 	Time(s): 1308289.993777
    -- MCMC Step: 04810000 	Time(s): 1312590.701891
    -- MCMC Step: 04820000 	Time(s): 1317287.297441
    -- MCMC Step: 04830000 	Time(s): 1321880.202511
    -- MCMC Step: 04840000 	Time(s): 1326503.803296
    -- MCMC Step: 04850000 	Time(s): 1331160.662141
    -- MCMC Step: 04860000 	Time(s): 1335866.498201
    -- MCMC Step: 04870000 	Time(s): 1340622.624819
    -- MCMC Step: 04880000 	Time(s): 1345310.719195
    -- MCMC Step: 04890000 	Time(s): 1349710.224577
    -- MCMC Step: 04900000 	Time(s): 1354048.658074
    -- MCMC Step: 04910000 	Time(s): 1358272.433454
    -- MCMC Step: 04920000 	Time(s): 1362483.748272
    -- MCMC Step: 04930000 	Time(s): 1366454.291713
    -- MCMC Step: 04940000 	Time(s): 1370373.859549
    -- MCMC Step: 04950000 	Time(s): 1374538.736808
    -- MCMC Step: 04960000 	Time(s): 1378808.010862
    -- MCMC Step: 04970000 	Time(s): 1382709.309580
    -- MCMC Step: 04980000 	Time(s): 1387051.092162
    -- MCMC Step: 04990000 	Time(s): 1391356.987654
    -- MCMC Step: 05000000 	Time(s): 1395442.522454
    -- MCMC Step: 05010000 	Time(s): 1399593.243085
    -- MCMC Step: 05020000 	Time(s): 1403920.499171
    -- MCMC Step: 05030000 	Time(s): 1408000.115326
    -- MCMC Step: 05040000 	Time(s): 1412548.684657
    -- MCMC Step: 05050000 	Time(s): 1417386.708505
    -- MCMC Step: 05060000 	Time(s): 1422189.104465
    -- MCMC Step: 05070000 	Time(s): 1426824.103673
    -- MCMC Step: 05080000 	Time(s): 1431358.294229
    -- MCMC Step: 05090000 	Time(s): 1435795.214380
    -- MCMC Step: 05100000 	Time(s): 1439945.963545
    -- MCMC Step: 05110000 	Time(s): 1444040.219613
    -- MCMC Step: 05120000 	Time(s): 1448149.663917
    -- MCMC Step: 05130000 	Time(s): 1452252.793689
    -- MCMC Step: 05140000 	Time(s): 1456227.790355
    -- MCMC Step: 05150000 	Time(s): 1460324.109740
    -- MCMC Step: 05160000 	Time(s): 1464007.225205
    -- MCMC Step: 05170000 	Time(s): 1467419.734850
    -- MCMC Step: 05180000 	Time(s): 1471065.235413
    -- MCMC Step: 05190000 	Time(s): 1474610.326306
    -- MCMC Step: 05200000 	Time(s): 1478263.725062
    -- MCMC Step: 05210000 	Time(s): 1482110.010388
    -- MCMC Step: 05220000 	Time(s): 1485999.990061
    -- MCMC Step: 05230000 	Time(s): 1489850.686961
    -- MCMC Step: 05240000 	Time(s): 1493830.219131
    -- MCMC Step: 05250000 	Time(s): 1497828.217187
    -- MCMC Step: 05260000 	Time(s): 1501830.496117
    -- MCMC Step: 05270000 	Time(s): 1505744.304324
    -- MCMC Step: 05280000 	Time(s): 1509604.405585
    -- MCMC Step: 05290000 	Time(s): 1513413.032169
    -- MCMC Step: 05300000 	Time(s): 1517258.072812
    -- MCMC Step: 05310000 	Time(s): 1521150.026473
    -- MCMC Step: 05320000 	Time(s): 1524978.704173
    -- MCMC Step: 05330000 	Time(s): 1528805.386455
    -- MCMC Step: 05340000 	Time(s): 1532676.982534
    -- MCMC Step: 05350000 	Time(s): 1536533.315332
    -- MCMC Step: 05360000 	Time(s): 1540286.726818
    -- MCMC Step: 05370000 	Time(s): 1543969.325180
    -- MCMC Step: 05380000 	Time(s): 1547901.110981
    -- MCMC Step: 05390000 	Time(s): 1551666.365043
    -- MCMC Step: 05400000 	Time(s): 1554676.828675
    -- MCMC Step: 05410000 	Time(s): 1558096.320951
    -- MCMC Step: 05420000 	Time(s): 1561510.341316
    -- MCMC Step: 05430000 	Time(s): 1564746.355644
    -- MCMC Step: 05440000 	Time(s): 1567846.367595
    -- MCMC Step: 05450000 	Time(s): 1571126.779335
    -- MCMC Step: 05460000 	Time(s): 1574376.371381
    -- MCMC Step: 05470000 	Time(s): 1577673.417891
    -- MCMC Step: 05480000 	Time(s): 1580930.470517
    -- MCMC Step: 05490000 	Time(s): 1584650.853208
    -- MCMC Step: 05500000 	Time(s): 1588400.882653
    -- MCMC Step: 05510000 	Time(s): 1592248.239954
    -- MCMC Step: 05520000 	Time(s): 1596118.962391
    -- MCMC Step: 05530000 	Time(s): 1600038.811942
    -- MCMC Step: 05540000 	Time(s): 1603905.854500
    -- MCMC Step: 05550000 	Time(s): 1607782.012431
    -- MCMC Step: 05560000 	Time(s): 1611725.486869
    -- MCMC Step: 05570000 	Time(s): 1615628.600775
    -- MCMC Step: 05580000 	Time(s): 1619589.196899
    -- MCMC Step: 05590000 	Time(s): 1623539.366662
    -- MCMC Step: 05600000 	Time(s): 1627488.828213
    -- MCMC Step: 05610000 	Time(s): 1631399.356205
    -- MCMC Step: 05620000 	Time(s): 1635322.047956
    -- MCMC Step: 05630000 	Time(s): 1639253.342747
    -- MCMC Step: 05640000 	Time(s): 1643202.144325
    -- MCMC Step: 05650000 	Time(s): 1647114.960332
    -- MCMC Step: 05660000 	Time(s): 1651036.889314
    -- MCMC Step: 05670000 	Time(s): 1654975.350059
    -- MCMC Step: 05680000 	Time(s): 1658947.893840
    -- MCMC Step: 05690000 	Time(s): 1662905.585221
    -- MCMC Step: 05700000 	Time(s): 1666852.719377
    -- MCMC Step: 05710000 	Time(s): 1670738.775808
    -- MCMC Step: 05720000 	Time(s): 1674642.313170
    -- MCMC Step: 05730000 	Time(s): 1678476.165149
    -- MCMC Step: 05740000 	Time(s): 1682323.941498
    -- MCMC Step: 05750000 	Time(s): 1686193.913348
    -- MCMC Step: 05760000 	Time(s): 1690040.313038
    -- MCMC Step: 05770000 	Time(s): 1693850.307359
    -- MCMC Step: 05780000 	Time(s): 1697652.108892
    -- MCMC Step: 05790000 	Time(s): 1701508.175611
    -- MCMC Step: 05800000 	Time(s): 1705074.453208
    -- MCMC Step: 05810000 	Time(s): 1708597.348818
    -- MCMC Step: 05820000 	Time(s): 1712132.774617
    -- MCMC Step: 05830000 	Time(s): 1715664.915304
    -- MCMC Step: 05840000 	Time(s): 1719209.208669
    -- MCMC Step: 05850000 	Time(s): 1722696.547885
    -- MCMC Step: 05860000 	Time(s): 1726127.047426
    -- MCMC Step: 05870000 	Time(s): 1729550.214081
    -- MCMC Step: 05880000 	Time(s): 1732991.228989
    -- MCMC Step: 05890000 	Time(s): 1736483.422736
    -- MCMC Step: 05900000 	Time(s): 1740028.029564
    -- MCMC Step: 05910000 	Time(s): 1743560.096535
    -- MCMC Step: 05920000 	Time(s): 1747067.460545
    -- MCMC Step: 05930000 	Time(s): 1750554.133137
    -- MCMC Step: 05940000 	Time(s): 1754084.125417
    -- MCMC Step: 05950000 	Time(s): 1757584.282648
    -- MCMC Step: 05960000 	Time(s): 1761132.482923
    -- MCMC Step: 05970000 	Time(s): 1764671.666031
    -- MCMC Step: 05980000 	Time(s): 1768155.900805
    -- MCMC Step: 05990000 	Time(s): 1771448.241518
    -- MCMC Step: 06000000 	Time(s): 1774658.296045
    -- MCMC Step: 06010000 	Time(s): 1777848.821774
    -- MCMC Step: 06020000 	Time(s): 1780984.975892
    -- MCMC Step: 06030000 	Time(s): 1784066.922969
    -- MCMC Step: 06040000 	Time(s): 1787122.106786
    -- MCMC Step: 06050000 	Time(s): 1790200.375281
    -- MCMC Step: 06060000 	Time(s): 1793162.396625
    -- MCMC Step: 06070000 	Time(s): 1796111.645466
    -- MCMC Step: 06080000 	Time(s): 1799121.270240
    -- MCMC Step: 06090000 	Time(s): 1802293.376674
    -- MCMC Step: 06100000 	Time(s): 1805398.622211
    -- MCMC Step: 06110000 	Time(s): 1808428.697471
    -- MCMC Step: 06120000 	Time(s): 1811452.163910
    -- MCMC Step: 06130000 	Time(s): 1814500.510987
    -- MCMC Step: 06140000 	Time(s): 1817530.066873
    -- MCMC Step: 06150000 	Time(s): 1820565.916000
    -- MCMC Step: 06160000 	Time(s): 1823626.914749
    -- MCMC Step: 06170000 	Time(s): 1826639.535313
    -- MCMC Step: 06180000 	Time(s): 1829650.524318
    -- MCMC Step: 06190000 	Time(s): 1832659.296592
    -- MCMC Step: 06200000 	Time(s): 1835655.991100
    -- MCMC Step: 06210000 	Time(s): 1838663.829205
    -- MCMC Step: 06220000 	Time(s): 1841679.610836
    -- MCMC Step: 06230000 	Time(s): 1844700.582642
    -- MCMC Step: 06240000 	Time(s): 1847730.460090
    -- MCMC Step: 06250000 	Time(s): 1850764.999522
    -- MCMC Step: 06260000 	Time(s): 1853839.072917
    -- MCMC Step: 06270000 	Time(s): 1856775.699999
    -- MCMC Step: 06280000 	Time(s): 1859584.023245
    -- MCMC Step: 06290000 	Time(s): 1862256.813208
    -- MCMC Step: 06300000 	Time(s): 1864847.414532
    -- MCMC Step: 06310000 	Time(s): 1867439.556373
    -- MCMC Step: 06320000 	Time(s): 1870041.296864
    -- MCMC Step: 06330000 	Time(s): 1872625.859628
    -- MCMC Step: 06340000 	Time(s): 1875241.887676
    -- MCMC Step: 06350000 	Time(s): 1877846.567181
    -- MCMC Step: 06360000 	Time(s): 1880453.063794
    -- MCMC Step: 06370000 	Time(s): 1883170.339494
    -- MCMC Step: 06380000 	Time(s): 1885959.895406
    -- MCMC Step: 06390000 	Time(s): 1888663.201906
    -- MCMC Step: 06400000 	Time(s): 1891146.212538
    -- MCMC Step: 06410000 	Time(s): 1893726.282373
    -- MCMC Step: 06420000 	Time(s): 1896412.474716
    -- MCMC Step: 06430000 	Time(s): 1899264.728722
    -- MCMC Step: 06440000 	Time(s): 1902203.017880
    -- MCMC Step: 06450000 	Time(s): 1905178.990830
    -- MCMC Step: 06460000 	Time(s): 1908275.811472
    -- MCMC Step: 06470000 	Time(s): 1911427.041257
    -- MCMC Step: 06480000 	Time(s): 1914655.599863
    -- MCMC Step: 06490000 	Time(s): 1917967.841124
    -- MCMC Step: 06500000 	Time(s): 1921206.272302
    -- MCMC Step: 06510000 	Time(s): 1924553.211453
    -- MCMC Step: 06520000 	Time(s): 1927907.909825
    -- MCMC Step: 06530000 	Time(s): 1931164.302233
    -- MCMC Step: 06540000 	Time(s): 1934331.964130
    -- MCMC Step: 06550000 	Time(s): 1937624.739362
    -- MCMC Step: 06560000 	Time(s): 1940967.862201
    -- MCMC Step: 06570000 	Time(s): 1944345.191014
    -- MCMC Step: 06580000 	Time(s): 1947642.464706
    -- MCMC Step: 06590000 	Time(s): 1950942.006814
    -- MCMC Step: 06600000 	Time(s): 1954206.955607
    -- MCMC Step: 06610000 	Time(s): 1957496.990776
    -- MCMC Step: 06620000 	Time(s): 1960774.078545
    -- MCMC Step: 06630000 	Time(s): 1964124.059949
    -- MCMC Step: 06640000 	Time(s): 1967500.312959
    -- MCMC Step: 06650000 	Time(s): 1970836.694845
    -- MCMC Step: 06660000 	Time(s): 1974250.406829
    -- MCMC Step: 06670000 	Time(s): 1977624.512553
    -- MCMC Step: 06680000 	Time(s): 1980913.986863
    -- MCMC Step: 06690000 	Time(s): 1984041.670420
    -- MCMC Step: 06700000 	Time(s): 1987088.489930
    -- MCMC Step: 06710000 	Time(s): 1990176.468230
    -- MCMC Step: 06720000 	Time(s): 1993449.979805
    -- MCMC Step: 06730000 	Time(s): 1997037.927947
    -- MCMC Step: 06740000 	Time(s): 2000847.057112
    -- MCMC Step: 06750000 	Time(s): 2004697.619682
    -- MCMC Step: 06760000 	Time(s): 2008655.073087
    -- MCMC Step: 06770000 	Time(s): 2012555.710881
    -- MCMC Step: 06780000 	Time(s): 2016438.927329
    -- MCMC Step: 06790000 	Time(s): 2020416.893603
    -- MCMC Step: 06800000 	Time(s): 2024328.517275
    -- MCMC Step: 06810000 	Time(s): 2028078.118057
    -- MCMC Step: 06820000 	Time(s): 2032043.123761
    -- MCMC Step: 06830000 	Time(s): 2036021.682136
    -- MCMC Step: 06840000 	Time(s): 2040033.093669
    -- MCMC Step: 06850000 	Time(s): 2044015.115806
    -- MCMC Step: 06860000 	Time(s): 2047854.088414
    -- MCMC Step: 06870000 	Time(s): 2051622.336554
    -- MCMC Step: 06880000 	Time(s): 2055356.329769
    -- MCMC Step: 06890000 	Time(s): 2059035.523747
    -- MCMC Step: 06900000 	Time(s): 2062579.955124
    -- MCMC Step: 06910000 	Time(s): 2065901.430537
    -- MCMC Step: 06920000 	Time(s): 2069462.162288
    -- MCMC Step: 06930000 	Time(s): 2072950.518193
    -- MCMC Step: 06940000 	Time(s): 2076444.651919
    -- MCMC Step: 06950000 	Time(s): 2080055.867492
    -- MCMC Step: 06960000 	Time(s): 2083591.290697
    -- MCMC Step: 06970000 	Time(s): 2087084.582992
    -- MCMC Step: 06980000 	Time(s): 2090555.057470
    -- MCMC Step: 06990000 	Time(s): 2094283.820769
    -- MCMC Step: 07000000 	Time(s): 2098128.530676
    -- MCMC Step: 07010000 	Time(s): 2101965.875058
    -- MCMC Step: 07020000 	Time(s): 2105915.988738
    -- MCMC Step: 07030000 	Time(s): 2109725.506721
    -- MCMC Step: 07040000 	Time(s): 2113651.907159
    -- MCMC Step: 07050000 	Time(s): 2117534.210500
    -- MCMC Step: 07060000 	Time(s): 2121141.364920
    -- MCMC Step: 07070000 	Time(s): 2124685.961416
    -- MCMC Step: 07080000 	Time(s): 2128050.396246
    -- MCMC Step: 07090000 	Time(s): 2131423.686769
    -- MCMC Step: 07100000 	Time(s): 2134777.456784
    -- MCMC Step: 07110000 	Time(s): 2138092.649734
    -- MCMC Step: 07120000 	Time(s): 2141366.993541
    -- MCMC Step: 07130000 	Time(s): 2144666.500787
    -- MCMC Step: 07140000 	Time(s): 2148005.740839
    -- MCMC Step: 07150000 	Time(s): 2151196.611341
    -- MCMC Step: 07160000 	Time(s): 2154590.390035
    -- MCMC Step: 07170000 	Time(s): 2158560.504505
    -- MCMC Step: 07180000 	Time(s): 2162974.152105
    -- MCMC Step: 07190000 	Time(s): 2167601.671028
    -- MCMC Step: 07200000 	Time(s): 2172158.055019
    -- MCMC Step: 07210000 	Time(s): 2176670.482183
    -- MCMC Step: 07220000 	Time(s): 2181021.986353
    -- MCMC Step: 07230000 	Time(s): 2185358.793972
    -- MCMC Step: 07240000 	Time(s): 2189645.200499
    -- MCMC Step: 07250000 	Time(s): 2194182.020244
    -- MCMC Step: 07260000 	Time(s): 2198800.751697
    -- MCMC Step: 07270000 	Time(s): 2203368.123136
    -- MCMC Step: 07280000 	Time(s): 2207931.922870
    -- MCMC Step: 07290000 	Time(s): 2212460.707210
    -- MCMC Step: 07300000 	Time(s): 2216882.283343
    -- MCMC Step: 07310000 	Time(s): 2221104.519984
    -- MCMC Step: 07320000 	Time(s): 2225251.667624
    -- MCMC Step: 07330000 	Time(s): 2229394.370393
    -- MCMC Step: 07340000 	Time(s): 2233427.824729
    -- MCMC Step: 07350000 	Time(s): 2237404.496560
    -- MCMC Step: 07360000 	Time(s): 2241618.849867
    -- MCMC Step: 07370000 	Time(s): 2245799.876209
    -- MCMC Step: 07380000 	Time(s): 2250015.351577
    -- MCMC Step: 07390000 	Time(s): 2254323.278106
    -- MCMC Step: 07400000 	Time(s): 2258610.227074
    -- MCMC Step: 07410000 	Time(s): 2262890.105101
    -- MCMC Step: 07420000 	Time(s): 2267140.275409
    -- MCMC Step: 07430000 	Time(s): 2271425.207328
    -- MCMC Step: 07440000 	Time(s): 2275717.372407
    -- MCMC Step: 07450000 	Time(s): 2280014.276562
    -- MCMC Step: 07460000 	Time(s): 2284227.999651
    -- MCMC Step: 07470000 	Time(s): 2288399.044658
    -- MCMC Step: 07480000 	Time(s): 2292568.913010
    -- MCMC Step: 07490000 	Time(s): 2296711.083941
    -- MCMC Step: 07500000 	Time(s): 2300622.070744
    -- MCMC Step: 07510000 	Time(s): 2304442.788037
    -- MCMC Step: 07520000 	Time(s): 2308359.757952
    -- MCMC Step: 07530000 	Time(s): 2312262.716923
    -- MCMC Step: 07540000 	Time(s): 2316147.594317
    -- MCMC Step: 07550000 	Time(s): 2319987.141860
    -- MCMC Step: 07560000 	Time(s): 2323904.596709
    -- MCMC Step: 07570000 	Time(s): 2327756.003216
    -- MCMC Step: 07580000 	Time(s): 2331655.422715
    -- MCMC Step: 07590000 	Time(s): 2335540.563163
    -- MCMC Step: 07600000 	Time(s): 2339433.021281
    -- MCMC Step: 07610000 	Time(s): 2343400.142958
    -- MCMC Step: 07620000 	Time(s): 2347352.769703
    -- MCMC Step: 07630000 	Time(s): 2351292.545220
    -- MCMC Step: 07640000 	Time(s): 2355174.611067
    -- MCMC Step: 07650000 	Time(s): 2359033.787349
    -- MCMC Step: 07660000 	Time(s): 2362861.908304
    -- MCMC Step: 07670000 	Time(s): 2366689.153469
    -- MCMC Step: 07680000 	Time(s): 2370555.349454
    -- MCMC Step: 07690000 	Time(s): 2374213.608453
    -- MCMC Step: 07700000 	Time(s): 2377852.565840
    -- MCMC Step: 07710000 	Time(s): 2381408.400384
    -- MCMC Step: 07720000 	Time(s): 2384974.111433
    -- MCMC Step: 07730000 	Time(s): 2388443.797730
    -- MCMC Step: 07740000 	Time(s): 2391744.250698
    -- MCMC Step: 07750000 	Time(s): 2395035.890447
    -- MCMC Step: 07760000 	Time(s): 2398133.903271
    -- MCMC Step: 07770000 	Time(s): 2401502.674699
    -- MCMC Step: 07780000 	Time(s): 2404813.859136
    -- MCMC Step: 07790000 	Time(s): 2408117.898129
    -- MCMC Step: 07800000 	Time(s): 2411084.691168
    -- MCMC Step: 07810000 	Time(s): 2414007.880553
    -- MCMC Step: 07820000 	Time(s): 2416855.406036
    -- MCMC Step: 07830000 	Time(s): 2420090.702127
    -- MCMC Step: 07840000 	Time(s): 2423364.712343
    -- MCMC Step: 07850000 	Time(s): 2426464.102701
    -- MCMC Step: 07860000 	Time(s): 2429659.387229
    -- MCMC Step: 07870000 	Time(s): 2432876.339330
    -- MCMC Step: 07880000 	Time(s): 2436288.725403
    -- MCMC Step: 07890000 	Time(s): 2440071.535215
    -- MCMC Step: 07900000 	Time(s): 2443956.671495
    -- MCMC Step: 07910000 	Time(s): 2447924.254314
    -- MCMC Step: 07920000 	Time(s): 2451905.536258
    -- MCMC Step: 07930000 	Time(s): 2455851.551472
    -- MCMC Step: 07940000 	Time(s): 2459788.419093
    -- MCMC Step: 07950000 	Time(s): 2463896.558386
    -- MCMC Step: 07960000 	Time(s): 2468003.156991
    -- MCMC Step: 07970000 	Time(s): 2472015.007854
    -- MCMC Step: 07980000 	Time(s): 2476099.447472
    -- MCMC Step: 07990000 	Time(s): 2479897.053658
    -- MCMC Step: 08000000 	Time(s): 2483162.683097
    -- MCMC Step: 08010000 	Time(s): 2486381.783310
    -- MCMC Step: 08020000 	Time(s): 2489584.200063
    -- MCMC Step: 08030000 	Time(s): 2492764.100427
    -- MCMC Step: 08040000 	Time(s): 2496555.482844
    -- MCMC Step: 08050000 	Time(s): 2500692.622679
    -- MCMC Step: 08060000 	Time(s): 2504829.656482
    -- MCMC Step: 08070000 	Time(s): 2509049.583751
    -- MCMC Step: 08080000 	Time(s): 2513246.775399
    -- MCMC Step: 08090000 	Time(s): 2517935.759339
    -- MCMC Step: 08100000 	Time(s): 2523198.107472
    -- MCMC Step: 08110000 	Time(s): 2528773.487698
    -- MCMC Step: 08120000 	Time(s): 2534590.168122
    -- MCMC Step: 08130000 	Time(s): 2539416.930346
    -- MCMC Step: 08140000 	Time(s): 2544618.082242
    -- MCMC Step: 08150000 	Time(s): 2549582.600526
    -- MCMC Step: 08160000 	Time(s): 2554401.772242
    -- MCMC Step: 08170000 	Time(s): 2558982.121494
    -- MCMC Step: 08180000 	Time(s): 2563383.728545
    -- MCMC Step: 08190000 	Time(s): 2567601.842227
    -- MCMC Step: 08200000 	Time(s): 2571731.021137
    -- MCMC Step: 08210000 	Time(s): 2575845.974055
    -- MCMC Step: 08220000 	Time(s): 2579959.280287
    -- MCMC Step: 08230000 	Time(s): 2584449.193913
    -- MCMC Step: 08240000 	Time(s): 2588632.424484
    -- MCMC Step: 08250000 	Time(s): 2594487.922551
    -- MCMC Step: 08260000 	Time(s): 2602428.127957
    -- MCMC Step: 08270000 	Time(s): 2609845.395117
    -- MCMC Step: 08280000 	Time(s): 2616892.871728
    -- MCMC Step: 08290000 	Time(s): 2623603.870535
    -- MCMC Step: 08300000 	Time(s): 2630577.987507
    -- MCMC Step: 08310000 	Time(s): 2637052.033883
    -- MCMC Step: 08320000 	Time(s): 2643510.380954
    -- MCMC Step: 08330000 	Time(s): 2649925.311653
    -- MCMC Step: 08340000 	Time(s): 2656233.896833
    -- MCMC Step: 08350000 	Time(s): 2661820.625117
    -- MCMC Step: 08360000 	Time(s): 2667878.998239
    -- MCMC Step: 08370000 	Time(s): 2675328.573927
    -- MCMC Step: 08380000 	Time(s): 2681859.843069
    -- MCMC Step: 08390000 	Time(s): 2687912.437013
    -- MCMC Step: 08400000 	Time(s): 2693122.117196
    -- MCMC Step: 08410000 	Time(s): 2698092.049940
    -- MCMC Step: 08420000 	Time(s): 2703087.022717
    -- MCMC Step: 08430000 	Time(s): 2708121.227514
    -- MCMC Step: 08440000 	Time(s): 2712773.545202
    -- MCMC Step: 08450000 	Time(s): 2717410.666870
    -- MCMC Step: 08460000 	Time(s): 2721948.126044
    -- MCMC Step: 08470000 	Time(s): 2726179.642519
    -- MCMC Step: 08480000 	Time(s): 2730261.223520
    -- MCMC Step: 08490000 	Time(s): 2734109.277087
    -- MCMC Step: 08500000 	Time(s): 2737969.751884
    -- MCMC Step: 08510000 	Time(s): 2741530.986433
    -- MCMC Step: 08520000 	Time(s): 2745002.675076
    -- MCMC Step: 08530000 	Time(s): 2748481.626315
    -- MCMC Step: 08540000 	Time(s): 2752809.334266
    -- MCMC Step: 08550000 	Time(s): 2757662.117506
    -- MCMC Step: 08560000 	Time(s): 2762516.343710
    -- MCMC Step: 08570000 	Time(s): 2767075.095868
    -- MCMC Step: 08580000 	Time(s): 2772185.471840
    -- MCMC Step: 08590000 	Time(s): 2777347.794697
    -- MCMC Step: 08600000 	Time(s): 2782558.548813
    -- MCMC Step: 08610000 	Time(s): 2787636.734170
    -- MCMC Step: 08620000 	Time(s): 2792712.803484
    -- MCMC Step: 08630000 	Time(s): 2797802.098538
    -- MCMC Step: 08640000 	Time(s): 2802795.539292
    -- MCMC Step: 08650000 	Time(s): 2807489.130661
    -- MCMC Step: 08660000 	Time(s): 2811992.791610
    -- MCMC Step: 08670000 	Time(s): 2816493.644386
    -- MCMC Step: 08680000 	Time(s): 2820748.032333
    -- MCMC Step: 08690000 	Time(s): 2824959.601135
    -- MCMC Step: 08700000 	Time(s): 2829082.997850
    -- MCMC Step: 08710000 	Time(s): 2833128.903551
    -- MCMC Step: 08720000 	Time(s): 2837227.390385
    -- MCMC Step: 08730000 	Time(s): 2841297.581067
    -- MCMC Step: 08740000 	Time(s): 2845363.406947
    -- MCMC Step: 08750000 	Time(s): 2849459.029435
    -- MCMC Step: 08760000 	Time(s): 2853559.165088
    -- MCMC Step: 08770000 	Time(s): 2857747.391248
    -- MCMC Step: 08780000 	Time(s): 2862194.135801
    -- MCMC Step: 08790000 	Time(s): 2866552.836074
    -- MCMC Step: 08800000 	Time(s): 2870703.154387
    -- MCMC Step: 08810000 	Time(s): 2875065.611039
    -- MCMC Step: 08820000 	Time(s): 2879437.327356
    -- MCMC Step: 08830000 	Time(s): 2883671.873260
    -- MCMC Step: 08840000 	Time(s): 2888087.344790
    -- MCMC Step: 08850000 	Time(s): 2892437.925231
    -- MCMC Step: 08860000 	Time(s): 2896764.930988
    -- MCMC Step: 08870000 	Time(s): 2900847.795168
    -- MCMC Step: 08880000 	Time(s): 2905004.707271
    -- MCMC Step: 08890000 	Time(s): 2909051.268209
    -- MCMC Step: 08900000 	Time(s): 2913186.241498
    -- MCMC Step: 08910000 	Time(s): 2917350.693432
    -- MCMC Step: 08920000 	Time(s): 2921482.786224
    -- MCMC Step: 08930000 	Time(s): 2925638.046823
    -- MCMC Step: 08940000 	Time(s): 2929785.342756
    -- MCMC Step: 08950000 	Time(s): 2933945.606160
    -- MCMC Step: 08960000 	Time(s): 2938172.573975
    -- MCMC Step: 08970000 	Time(s): 2942432.197909
    -- MCMC Step: 08980000 	Time(s): 2946587.393408
    -- MCMC Step: 08990000 	Time(s): 2950696.820907
    -- MCMC Step: 09000000 	Time(s): 2954856.754251
    -- MCMC Step: 09010000 	Time(s): 2958985.046151
    -- MCMC Step: 09020000 	Time(s): 2963056.714363
    -- MCMC Step: 09030000 	Time(s): 2967200.479384
    -- MCMC Step: 09040000 	Time(s): 2971358.602345
    -- MCMC Step: 09050000 	Time(s): 2975520.787152
    -- MCMC Step: 09060000 	Time(s): 2979673.890088
    -- MCMC Step: 09070000 	Time(s): 2983829.005307
    -- MCMC Step: 09080000 	Time(s): 2988006.409113
    -- MCMC Step: 09090000 	Time(s): 2992234.329068
    -- MCMC Step: 09100000 	Time(s): 2996428.352758
    -- MCMC Step: 09110000 	Time(s): 3000598.312802
    -- MCMC Step: 09120000 	Time(s): 3004770.478961
    -- MCMC Step: 09130000 	Time(s): 3008966.293989
    -- MCMC Step: 09140000 	Time(s): 3013181.966042
    -- MCMC Step: 09150000 	Time(s): 3017396.300801
    -- MCMC Step: 09160000 	Time(s): 3021646.512963
    -- MCMC Step: 09170000 	Time(s): 3026016.569117
    -- MCMC Step: 09180000 	Time(s): 3030286.905747
    -- MCMC Step: 09190000 	Time(s): 3034667.601212
    -- MCMC Step: 09200000 	Time(s): 3039111.014199
    -- MCMC Step: 09210000 	Time(s): 3043452.013044
    -- MCMC Step: 09220000 	Time(s): 3047772.270857
    -- MCMC Step: 09230000 	Time(s): 3052045.964904
    -- MCMC Step: 09240000 	Time(s): 3056209.680701
    -- MCMC Step: 09250000 	Time(s): 3059901.485532
    -- MCMC Step: 09260000 	Time(s): 3063422.751010
    -- MCMC Step: 09270000 	Time(s): 3066905.881558
    -- MCMC Step: 09280000 	Time(s): 3070375.838559
    -- MCMC Step: 09290000 	Time(s): 3073831.273433
    -- MCMC Step: 09300000 	Time(s): 3077283.028821
    -- MCMC Step: 09310000 	Time(s): 3080735.519603
    -- MCMC Step: 09320000 	Time(s): 3084215.471026
    -- MCMC Step: 09330000 	Time(s): 3087709.541198
    -- MCMC Step: 09340000 	Time(s): 3091216.188514
    -- MCMC Step: 09350000 	Time(s): 3094705.973799
    -- MCMC Step: 09360000 	Time(s): 3098191.866516
    -- MCMC Step: 09370000 	Time(s): 3101699.949503
    -- MCMC Step: 09380000 	Time(s): 3105239.008884
    -- MCMC Step: 09390000 	Time(s): 3109951.280732
    -- MCMC Step: 09400000 	Time(s): 3113529.501738
    -- MCMC Step: 09410000 	Time(s): 3117036.106882
    -- MCMC Step: 09420000 	Time(s): 3120357.219950
    -- MCMC Step: 09430000 	Time(s): 3123646.542942
    -- MCMC Step: 09440000 	Time(s): 3126959.008909
    -- MCMC Step: 09450000 	Time(s): 3130364.458722
    -- MCMC Step: 09460000 	Time(s): 3133796.221240
    -- MCMC Step: 09470000 	Time(s): 3137138.894017
    -- MCMC Step: 09480000 	Time(s): 3140457.840884
    -- MCMC Step: 09490000 	Time(s): 3143804.657809
    -- MCMC Step: 09500000 	Time(s): 3147101.376514
    -- MCMC Step: 09510000 	Time(s): 3150418.282040
    -- MCMC Step: 09520000 	Time(s): 3153620.768538
    -- MCMC Step: 09530000 	Time(s): 3156719.563668
    -- MCMC Step: 09540000 	Time(s): 3159752.997635
    -- MCMC Step: 09550000 	Time(s): 3162786.450924
    -- MCMC Step: 09560000 	Time(s): 3165827.521950
    -- MCMC Step: 09570000 	Time(s): 3168913.016308
    -- MCMC Step: 09580000 	Time(s): 3172063.548527
    -- MCMC Step: 09590000 	Time(s): 3175230.665196
    -- MCMC Step: 09600000 	Time(s): 3178331.509036
    -- MCMC Step: 09610000 	Time(s): 3181406.634714
    -- MCMC Step: 09620000 	Time(s): 3184387.600897
    -- MCMC Step: 09630000 	Time(s): 3187371.859611
    -- MCMC Step: 09640000 	Time(s): 3190651.989027
    -- MCMC Step: 09650000 	Time(s): 3194818.546392
    -- MCMC Step: 09660000 	Time(s): 3198968.079370
    -- MCMC Step: 09670000 	Time(s): 3203155.675537
    -- MCMC Step: 09680000 	Time(s): 3207462.478183
    -- MCMC Step: 09690000 	Time(s): 3211900.851409
    -- MCMC Step: 09700000 	Time(s): 3216477.761646
    -- MCMC Step: 09710000 	Time(s): 3221079.174162
    -- MCMC Step: 09720000 	Time(s): 3225679.745318
    -- MCMC Step: 09730000 	Time(s): 3230387.546118
    -- MCMC Step: 09740000 	Time(s): 3234950.623718
    -- MCMC Step: 09750000 	Time(s): 3239425.875921
    -- MCMC Step: 09760000 	Time(s): 3243859.031260
    -- MCMC Step: 09770000 	Time(s): 3248281.088392
    -- MCMC Step: 09780000 	Time(s): 3252804.366184
    -- MCMC Step: 09790000 	Time(s): 3257351.674532
    -- MCMC Step: 09800000 	Time(s): 3261849.274192
    -- MCMC Step: 09810000 	Time(s): 3266513.258898
    -- MCMC Step: 09820000 	Time(s): 3271190.380954
    -- MCMC Step: 09830000 	Time(s): 3275900.516521
    -- MCMC Step: 09840000 	Time(s): 3280645.799456
    -- MCMC Step: 09850000 	Time(s): 3285394.922215
    -- MCMC Step: 09860000 	Time(s): 3289902.441234
    -- MCMC Step: 09870000 	Time(s): 3295106.559981
    -- MCMC Step: 09880000 	Time(s): 3300378.388296
    -- MCMC Step: 09890000 	Time(s): 3305516.952336
    -- MCMC Step: 09900000 	Time(s): 3310522.336799
    -- MCMC Step: 09910000 	Time(s): 3315579.679297
    -- MCMC Step: 09920000 	Time(s): 3320653.168526
    -- MCMC Step: 09930000 	Time(s): 3325593.925277
    -- MCMC Step: 09940000 	Time(s): 3330551.741776
    -- MCMC Step: 09950000 	Time(s): 3335592.075766
    -- MCMC Step: 09960000 	Time(s): 3340599.561266
    -- MCMC Step: 09970000 	Time(s): 3345163.482002
    -- MCMC Step: 09980000 	Time(s): 3349800.290260
    -- MCMC Step: 09990000 	Time(s): 3354299.311467
    -- MCMC Step: 10000000 	Time(s): 3358568.008332
  Saving final MCMC simulation data ...
****************************************
Done successfully!
Cumulative number of energy calculations: 10000002
Elapsed time: 3358573.449247122 seconds
Finished on: 2023-10-26 23:37:11.344088
