Executed on: 2023-09-26 01:18:41.460130
PFP client version: 1.11.0
Model version: v3.0.0
Calculation mode: CRYSTAL_PLUS_D3
Method type: PFVM
****************************************
Examining NCM811 ...
  Importing initial (known) stable/unstable structures ...
    Supercell size: 5 × 4 × 1
    Number of atoms (perfect): 240
    Cell parameters (a, b, c): 2.874400, 2.878125, 14.114900
    Structural parameter range (min, max): 0.000000, 0.500000
    Number of discrete structural parameters: 60
    Structural parameter spacing: 0.008475
  Importing energies and 1-D DOS from previous WL simlation ...
    Energy range (min, max): -1058.411566, -1054.392101
    Number of energy states: 60
    Energy spacing (eV): 0.068127
  Performing multicanonical Monte Carlo (MCMC) sampling ...
    Number of NNP-neighbors: 11400
    Maximum number of Monte Carlo steps: 10000000
    Trial move style: swap
    -- MCMC Step: 00000000 	Time(s): 0.597828
    -- MCMC Step: 00010000 	Time(s): 2043.794483
    -- MCMC Step: 00020000 	Time(s): 4261.887836
    -- MCMC Step: 00030000 	Time(s): 6378.013496
    -- MCMC Step: 00040000 	Time(s): 8475.096643
    -- MCMC Step: 00050000 	Time(s): 11025.624251
    -- MCMC Step: 00060000 	Time(s): 14387.560624
    -- MCMC Step: 00070000 	Time(s): 17759.369870
    -- MCMC Step: 00080000 	Time(s): 21326.935119
    -- MCMC Step: 00090000 	Time(s): 24918.724140
    -- MCMC Step: 00100000 	Time(s): 28358.850446
    -- MCMC Step: 00110000 	Time(s): 31706.544639
    -- MCMC Step: 00120000 	Time(s): 35061.436395
    -- MCMC Step: 00130000 	Time(s): 38432.244410
    -- MCMC Step: 00140000 	Time(s): 41785.372314
    -- MCMC Step: 00150000 	Time(s): 45121.520942
    -- MCMC Step: 00160000 	Time(s): 48478.330113
    -- MCMC Step: 00170000 	Time(s): 51859.223752
    -- MCMC Step: 00180000 	Time(s): 55265.886300
    -- MCMC Step: 00190000 	Time(s): 58712.127706
    -- MCMC Step: 00200000 	Time(s): 62166.004644
    -- MCMC Step: 00210000 	Time(s): 65635.564864
    -- MCMC Step: 00220000 	Time(s): 69130.924363
    -- MCMC Step: 00230000 	Time(s): 72607.947753
    -- MCMC Step: 00240000 	Time(s): 75989.078748
    -- MCMC Step: 00250000 	Time(s): 79351.579399
    -- MCMC Step: 00260000 	Time(s): 82836.321289
    -- MCMC Step: 00270000 	Time(s): 86816.477519
    -- MCMC Step: 00280000 	Time(s): 90752.075967
    -- MCMC Step: 00290000 	Time(s): 94684.955950
    -- MCMC Step: 00300000 	Time(s): 98772.418779
    -- MCMC Step: 00310000 	Time(s): 102908.366504
    -- MCMC Step: 00320000 	Time(s): 107051.296724
    -- MCMC Step: 00330000 	Time(s): 111471.926446
    -- MCMC Step: 00340000 	Time(s): 115953.222271
    -- MCMC Step: 00350000 	Time(s): 120608.315937
    -- MCMC Step: 00360000 	Time(s): 125344.486881
    -- MCMC Step: 00370000 	Time(s): 130110.147498
    -- MCMC Step: 00380000 	Time(s): 134873.332019
    -- MCMC Step: 00390000 	Time(s): 139568.693147
    -- MCMC Step: 00400000 	Time(s): 144281.575590
    -- MCMC Step: 00410000 	Time(s): 149000.269557
    -- MCMC Step: 00420000 	Time(s): 153746.357323
    -- MCMC Step: 00430000 	Time(s): 158428.912002
    -- MCMC Step: 00440000 	Time(s): 163085.122227
    -- MCMC Step: 00450000 	Time(s): 167799.352094
    -- MCMC Step: 00460000 	Time(s): 172441.794621
    -- MCMC Step: 00470000 	Time(s): 176993.704777
    -- MCMC Step: 00480000 	Time(s): 181560.756729
    -- MCMC Step: 00490000 	Time(s): 185930.984436
    -- MCMC Step: 00500000 	Time(s): 190545.537508
    -- MCMC Step: 00510000 	Time(s): 195015.544900
    -- MCMC Step: 00520000 	Time(s): 199501.175123
    -- MCMC Step: 00530000 	Time(s): 204083.318880
    -- MCMC Step: 00540000 	Time(s): 208722.963175
    -- MCMC Step: 00550000 	Time(s): 213239.620631
    -- MCMC Step: 00560000 	Time(s): 217787.453885
    -- MCMC Step: 00570000 	Time(s): 222313.358089
    -- MCMC Step: 00580000 	Time(s): 226892.155787
    -- MCMC Step: 00590000 	Time(s): 231514.127835
    -- MCMC Step: 00600000 	Time(s): 236105.519800
    -- MCMC Step: 00610000 	Time(s): 240811.618858
    -- MCMC Step: 00620000 	Time(s): 245431.557960
    -- MCMC Step: 00630000 	Time(s): 250112.790678
    -- MCMC Step: 00640000 	Time(s): 254895.883869
    -- MCMC Step: 00650000 	Time(s): 259534.062931
    -- MCMC Step: 00660000 	Time(s): 263920.500294
    -- MCMC Step: 00670000 	Time(s): 268328.918468
    -- MCMC Step: 00680000 	Time(s): 272708.925468
    -- MCMC Step: 00690000 	Time(s): 277231.662226
    -- MCMC Step: 00700000 	Time(s): 281734.959546
    -- MCMC Step: 00710000 	Time(s): 286340.915367
    -- MCMC Step: 00720000 	Time(s): 291013.423715
    -- MCMC Step: 00730000 	Time(s): 295682.191796
    -- MCMC Step: 00740000 	Time(s): 300402.562708
    -- MCMC Step: 00750000 	Time(s): 304989.588818
    -- MCMC Step: 00760000 	Time(s): 309555.679533
    -- MCMC Step: 00770000 	Time(s): 314122.946749
    -- MCMC Step: 00780000 	Time(s): 318635.566650
    -- MCMC Step: 00790000 	Time(s): 323141.519978
    -- MCMC Step: 00800000 	Time(s): 327803.915546
    -- MCMC Step: 00810000 	Time(s): 332353.166973
    -- MCMC Step: 00820000 	Time(s): 336907.451433
    -- MCMC Step: 00830000 	Time(s): 341428.435222
    -- MCMC Step: 00840000 	Time(s): 345769.485321
    -- MCMC Step: 00850000 	Time(s): 350008.577540
    -- MCMC Step: 00860000 	Time(s): 354157.668448
    -- MCMC Step: 00870000 	Time(s): 358243.644034
    -- MCMC Step: 00880000 	Time(s): 362335.907771
    -- MCMC Step: 00890000 	Time(s): 366454.972521
    -- MCMC Step: 00900000 	Time(s): 370569.710151
    -- MCMC Step: 00910000 	Time(s): 374692.989210
    -- MCMC Step: 00920000 	Time(s): 378854.187698
    -- MCMC Step: 00930000 	Time(s): 383001.172988
    -- MCMC Step: 00940000 	Time(s): 387132.490543
    -- MCMC Step: 00950000 	Time(s): 391261.530563
    -- MCMC Step: 00960000 	Time(s): 395347.904816
    -- MCMC Step: 00970000 	Time(s): 399497.608956
    -- MCMC Step: 00980000 	Time(s): 403695.366818
    -- MCMC Step: 00990000 	Time(s): 407787.114796
    -- MCMC Step: 01000000 	Time(s): 411791.002994
    -- MCMC Step: 01010000 	Time(s): 414604.940641
    -- MCMC Step: 01020000 	Time(s): 418335.590979
    -- MCMC Step: 01030000 	Time(s): 422231.221595
    -- MCMC Step: 01040000 	Time(s): 426160.460577
    -- MCMC Step: 01050000 	Time(s): 430069.399050
    -- MCMC Step: 01060000 	Time(s): 434026.872506
    -- MCMC Step: 01070000 	Time(s): 438257.623231
    -- MCMC Step: 01080000 	Time(s): 442531.178124
    -- MCMC Step: 01090000 	Time(s): 446777.514542
    -- MCMC Step: 01100000 	Time(s): 451081.137359
    -- MCMC Step: 01110000 	Time(s): 455347.583140
    -- MCMC Step: 01120000 	Time(s): 459643.082136
    -- MCMC Step: 01130000 	Time(s): 463932.601368
    -- MCMC Step: 01140000 	Time(s): 468234.248164
    -- MCMC Step: 01150000 	Time(s): 472535.214975
    -- MCMC Step: 01160000 	Time(s): 476859.855729
    -- MCMC Step: 01170000 	Time(s): 481125.712132
    -- MCMC Step: 01180000 	Time(s): 485424.493597
    -- MCMC Step: 01190000 	Time(s): 489764.053830
    -- MCMC Step: 01200000 	Time(s): 493986.964401
    -- MCMC Step: 01210000 	Time(s): 498327.476837
    -- MCMC Step: 01220000 	Time(s): 502523.215933
    -- MCMC Step: 01230000 	Time(s): 506772.838086
    -- MCMC Step: 01240000 	Time(s): 510874.086486
    -- MCMC Step: 01250000 	Time(s): 514921.041664
    -- MCMC Step: 01260000 	Time(s): 519036.846645
    -- MCMC Step: 01270000 	Time(s): 523289.035825
    -- MCMC Step: 01280000 	Time(s): 527420.869119
    -- MCMC Step: 01290000 	Time(s): 531615.794549
    -- MCMC Step: 01300000 	Time(s): 535804.541036
    -- MCMC Step: 01310000 	Time(s): 539937.911741
    -- MCMC Step: 01320000 	Time(s): 544241.219017
    -- MCMC Step: 01330000 	Time(s): 549045.041763
    -- MCMC Step: 01340000 	Time(s): 553982.257130
    -- MCMC Step: 01350000 	Time(s): 558951.229503
    -- MCMC Step: 01360000 	Time(s): 563781.155881
    -- MCMC Step: 01370000 	Time(s): 568659.890666
    -- MCMC Step: 01380000 	Time(s): 573418.584015
    -- MCMC Step: 01390000 	Time(s): 578143.044445
    -- MCMC Step: 01400000 	Time(s): 582871.329964
    -- MCMC Step: 01410000 	Time(s): 587840.177880
    -- MCMC Step: 01420000 	Time(s): 592809.615111
    -- MCMC Step: 01430000 	Time(s): 597760.262313
    -- MCMC Step: 01440000 	Time(s): 602321.347682
    -- MCMC Step: 01450000 	Time(s): 606866.484004
    -- MCMC Step: 01460000 	Time(s): 610976.762785
    -- MCMC Step: 01470000 	Time(s): 615384.674754
    -- MCMC Step: 01480000 	Time(s): 619853.550566
    -- MCMC Step: 01490000 	Time(s): 623937.735890
    -- MCMC Step: 01500000 	Time(s): 628618.161984
    -- MCMC Step: 01510000 	Time(s): 633288.621336
    -- MCMC Step: 01520000 	Time(s): 637900.989330
    -- MCMC Step: 01530000 	Time(s): 642606.272912
    -- MCMC Step: 01540000 	Time(s): 647314.408878
    -- MCMC Step: 01550000 	Time(s): 652015.366337
    -- MCMC Step: 01560000 	Time(s): 656744.681298
    -- MCMC Step: 01570000 	Time(s): 661328.089286
    -- MCMC Step: 01580000 	Time(s): 665659.496626
    -- MCMC Step: 01590000 	Time(s): 669953.833007
    -- MCMC Step: 01600000 	Time(s): 674137.709660
    -- MCMC Step: 01610000 	Time(s): 678238.169027
    -- MCMC Step: 01620000 	Time(s): 682173.410602
    -- MCMC Step: 01630000 	Time(s): 686209.057693
    -- MCMC Step: 01640000 	Time(s): 690471.159784
    -- MCMC Step: 01650000 	Time(s): 694392.560484
    -- MCMC Step: 01660000 	Time(s): 698684.128114
    -- MCMC Step: 01670000 	Time(s): 702950.628754
    -- MCMC Step: 01680000 	Time(s): 707090.528580
    -- MCMC Step: 01690000 	Time(s): 711161.302881
    -- MCMC Step: 01700000 	Time(s): 715437.206930
    -- MCMC Step: 01710000 	Time(s): 719635.001655
    -- MCMC Step: 01720000 	Time(s): 723965.893500
    -- MCMC Step: 01730000 	Time(s): 728723.553337
    -- MCMC Step: 01740000 	Time(s): 733503.506998
    -- MCMC Step: 01750000 	Time(s): 738276.576173
    -- MCMC Step: 01760000 	Time(s): 742813.320701
    -- MCMC Step: 01770000 	Time(s): 747296.167532
    -- MCMC Step: 01780000 	Time(s): 751604.337910
    -- MCMC Step: 01790000 	Time(s): 755704.269130
    -- MCMC Step: 01800000 	Time(s): 759817.589565
    -- MCMC Step: 01810000 	Time(s): 763876.007380
    -- MCMC Step: 01820000 	Time(s): 767945.401264
    -- MCMC Step: 01830000 	Time(s): 771942.854248
    -- MCMC Step: 01840000 	Time(s): 775884.632823
    -- MCMC Step: 01850000 	Time(s): 779409.426491
    -- MCMC Step: 01860000 	Time(s): 782950.843858
    -- MCMC Step: 01870000 	Time(s): 786522.386002
    -- MCMC Step: 01880000 	Time(s): 790132.133387
    -- MCMC Step: 01890000 	Time(s): 793883.941836
    -- MCMC Step: 01900000 	Time(s): 797801.886497
    -- MCMC Step: 01910000 	Time(s): 801601.335653
    -- MCMC Step: 01920000 	Time(s): 805631.255627
    -- MCMC Step: 01930000 	Time(s): 809561.898934
    -- MCMC Step: 01940000 	Time(s): 813647.785789
    -- MCMC Step: 01950000 	Time(s): 817577.557564
    -- MCMC Step: 01960000 	Time(s): 821434.198150
    -- MCMC Step: 01970000 	Time(s): 825287.912362
    -- MCMC Step: 01980000 	Time(s): 829124.698781
    -- MCMC Step: 01990000 	Time(s): 833013.130697
    -- MCMC Step: 02000000 	Time(s): 836831.349323
    -- MCMC Step: 02010000 	Time(s): 840653.289807
    -- MCMC Step: 02020000 	Time(s): 844511.740459
    -- MCMC Step: 02030000 	Time(s): 848392.428026
    -- MCMC Step: 02040000 	Time(s): 852200.265756
    -- MCMC Step: 02050000 	Time(s): 855892.364448
    -- MCMC Step: 02060000 	Time(s): 859690.032626
    -- MCMC Step: 02070000 	Time(s): 863625.941601
    -- MCMC Step: 02080000 	Time(s): 866932.431928
    -- MCMC Step: 02090000 	Time(s): 870061.436881
    -- MCMC Step: 02100000 	Time(s): 873571.045708
    -- MCMC Step: 02110000 	Time(s): 876920.555541
    -- MCMC Step: 02120000 	Time(s): 880093.756593
    -- MCMC Step: 02130000 	Time(s): 883280.211405
    -- MCMC Step: 02140000 	Time(s): 886564.628415
    -- MCMC Step: 02150000 	Time(s): 889809.814705
    -- MCMC Step: 02160000 	Time(s): 893084.958903
    -- MCMC Step: 02170000 	Time(s): 896540.898531
    -- MCMC Step: 02180000 	Time(s): 900335.322218
    -- MCMC Step: 02190000 	Time(s): 904093.616149
    -- MCMC Step: 02200000 	Time(s): 907979.176131
    -- MCMC Step: 02210000 	Time(s): 911917.547579
    -- MCMC Step: 02220000 	Time(s): 915803.669842
    -- MCMC Step: 02230000 	Time(s): 919650.972544
    -- MCMC Step: 02240000 	Time(s): 923581.434366
    -- MCMC Step: 02250000 	Time(s): 927495.363895
    -- MCMC Step: 02260000 	Time(s): 931440.598607
    -- MCMC Step: 02270000 	Time(s): 935415.319391
    -- MCMC Step: 02280000 	Time(s): 939349.771308
    -- MCMC Step: 02290000 	Time(s): 943302.070738
    -- MCMC Step: 02300000 	Time(s): 947226.895398
    -- MCMC Step: 02310000 	Time(s): 951134.092058
    -- MCMC Step: 02320000 	Time(s): 955073.232477
    -- MCMC Step: 02330000 	Time(s): 959003.503412
    -- MCMC Step: 02340000 	Time(s): 962922.594819
    -- MCMC Step: 02350000 	Time(s): 966863.422339
    -- MCMC Step: 02360000 	Time(s): 970812.792477
    -- MCMC Step: 02370000 	Time(s): 974779.149824
    -- MCMC Step: 02380000 	Time(s): 978766.917485
    -- MCMC Step: 02390000 	Time(s): 982723.476859
    -- MCMC Step: 02400000 	Time(s): 986595.009613
    -- MCMC Step: 02410000 	Time(s): 990485.568492
    -- MCMC Step: 02420000 	Time(s): 994313.176709
    -- MCMC Step: 02430000 	Time(s): 998153.673926
    -- MCMC Step: 02440000 	Time(s): 1002038.636885
    -- MCMC Step: 02450000 	Time(s): 1005851.969781
    -- MCMC Step: 02460000 	Time(s): 1009662.197866
    -- MCMC Step: 02470000 	Time(s): 1013489.837565
    -- MCMC Step: 02480000 	Time(s): 1017224.460113
    -- MCMC Step: 02490000 	Time(s): 1020785.162485
    -- MCMC Step: 02500000 	Time(s): 1024345.092846
    -- MCMC Step: 02510000 	Time(s): 1027880.195660
    -- MCMC Step: 02520000 	Time(s): 1031430.877417
    -- MCMC Step: 02530000 	Time(s): 1034983.972983
    -- MCMC Step: 02540000 	Time(s): 1038427.102527
    -- MCMC Step: 02550000 	Time(s): 1041851.155004
    -- MCMC Step: 02560000 	Time(s): 1045301.922204
    -- MCMC Step: 02570000 	Time(s): 1048734.318993
    -- MCMC Step: 02580000 	Time(s): 1052291.959970
    -- MCMC Step: 02590000 	Time(s): 1055824.947492
    -- MCMC Step: 02600000 	Time(s): 1059354.088443
    -- MCMC Step: 02610000 	Time(s): 1062869.817634
    -- MCMC Step: 02620000 	Time(s): 1066375.205918
    -- MCMC Step: 02630000 	Time(s): 1069916.025298
    -- MCMC Step: 02640000 	Time(s): 1073438.587269
    -- MCMC Step: 02650000 	Time(s): 1076993.697989
    -- MCMC Step: 02660000 	Time(s): 1080539.518648
    -- MCMC Step: 02670000 	Time(s): 1083890.672510
    -- MCMC Step: 02680000 	Time(s): 1087093.173829
    -- MCMC Step: 02690000 	Time(s): 1090299.844628
    -- MCMC Step: 02700000 	Time(s): 1093455.857738
    -- MCMC Step: 02710000 	Time(s): 1096592.511572
    -- MCMC Step: 02720000 	Time(s): 1099661.092013
    -- MCMC Step: 02730000 	Time(s): 1102754.905958
    -- MCMC Step: 02740000 	Time(s): 1105796.306852
    -- MCMC Step: 02750000 	Time(s): 1108726.875842
    -- MCMC Step: 02760000 	Time(s): 1111672.596627
    -- MCMC Step: 02770000 	Time(s): 1114823.451243
    -- MCMC Step: 02780000 	Time(s): 1117974.956425
    -- MCMC Step: 02790000 	Time(s): 1121010.544940
    -- MCMC Step: 02800000 	Time(s): 1124045.139264
    -- MCMC Step: 02810000 	Time(s): 1127067.359544
    -- MCMC Step: 02820000 	Time(s): 1130100.374633
    -- MCMC Step: 02830000 	Time(s): 1133157.201169
    -- MCMC Step: 02840000 	Time(s): 1136220.773294
    -- MCMC Step: 02850000 	Time(s): 1139248.006321
    -- MCMC Step: 02860000 	Time(s): 1142263.088405
    -- MCMC Step: 02870000 	Time(s): 1145281.793963
    -- MCMC Step: 02880000 	Time(s): 1148283.218169
    -- MCMC Step: 02890000 	Time(s): 1151304.825535
    -- MCMC Step: 02900000 	Time(s): 1154331.077934
    -- MCMC Step: 02910000 	Time(s): 1157386.673653
    -- MCMC Step: 02920000 	Time(s): 1160432.695752
    -- MCMC Step: 02930000 	Time(s): 1163476.930184
    -- MCMC Step: 02940000 	Time(s): 1166523.474333
    -- MCMC Step: 02950000 	Time(s): 1169529.044038
    -- MCMC Step: 02960000 	Time(s): 1172382.144239
    -- MCMC Step: 02970000 	Time(s): 1175139.489311
    -- MCMC Step: 02980000 	Time(s): 1177754.961322
    -- MCMC Step: 02990000 	Time(s): 1180369.236627
    -- MCMC Step: 03000000 	Time(s): 1182973.925683
    -- MCMC Step: 03010000 	Time(s): 1185573.065516
    -- MCMC Step: 03020000 	Time(s): 1188189.904320
    -- MCMC Step: 03030000 	Time(s): 1190804.973629
    -- MCMC Step: 03040000 	Time(s): 1193411.780581
    -- MCMC Step: 03050000 	Time(s): 1196058.595536
    -- MCMC Step: 03060000 	Time(s): 1198893.012155
    -- MCMC Step: 03070000 	Time(s): 1201583.857593
    -- MCMC Step: 03080000 	Time(s): 1204141.491559
    -- MCMC Step: 03090000 	Time(s): 1206689.234450
    -- MCMC Step: 03100000 	Time(s): 1209286.590357
    -- MCMC Step: 03110000 	Time(s): 1212140.406190
    -- MCMC Step: 03120000 	Time(s): 1215072.412115
    -- MCMC Step: 03130000 	Time(s): 1218031.095917
    -- MCMC Step: 03140000 	Time(s): 1221109.801658
    -- MCMC Step: 03150000 	Time(s): 1224179.716663
    -- MCMC Step: 03160000 	Time(s): 1227401.040634
    -- MCMC Step: 03170000 	Time(s): 1230735.618224
    -- MCMC Step: 03180000 	Time(s): 1234005.265412
    -- MCMC Step: 03190000 	Time(s): 1237321.811467
    -- MCMC Step: 03200000 	Time(s): 1240731.022613
    -- MCMC Step: 03210000 	Time(s): 1244038.136023
    -- MCMC Step: 03220000 	Time(s): 1247236.088350
    -- MCMC Step: 03230000 	Time(s): 1250510.578428
    -- MCMC Step: 03240000 	Time(s): 1253820.236166
    -- MCMC Step: 03250000 	Time(s): 1257223.056057
    -- MCMC Step: 03260000 	Time(s): 1260563.746042
    -- MCMC Step: 03270000 	Time(s): 1263846.068703
    -- MCMC Step: 03280000 	Time(s): 1267136.878695
    -- MCMC Step: 03290000 	Time(s): 1270420.804393
    -- MCMC Step: 03300000 	Time(s): 1273692.451133
    -- MCMC Step: 03310000 	Time(s): 1277000.160723
    -- MCMC Step: 03320000 	Time(s): 1280375.066337
    -- MCMC Step: 03330000 	Time(s): 1283708.756459
    -- MCMC Step: 03340000 	Time(s): 1287126.779324
    -- MCMC Step: 03350000 	Time(s): 1290505.737754
    -- MCMC Step: 03360000 	Time(s): 1293829.233035
    -- MCMC Step: 03370000 	Time(s): 1296986.843593
    -- MCMC Step: 03380000 	Time(s): 1300060.594157
    -- MCMC Step: 03390000 	Time(s): 1303129.933448
    -- MCMC Step: 03400000 	Time(s): 1306405.264907
    -- MCMC Step: 03410000 	Time(s): 1309875.202188
    -- MCMC Step: 03420000 	Time(s): 1313685.731351
    -- MCMC Step: 03430000 	Time(s): 1317473.818524
    -- MCMC Step: 03440000 	Time(s): 1321458.816600
    -- MCMC Step: 03450000 	Time(s): 1325349.892343
    -- MCMC Step: 03460000 	Time(s): 1329260.482214
    -- MCMC Step: 03470000 	Time(s): 1333196.022213
    -- MCMC Step: 03480000 	Time(s): 1337188.252653
    -- MCMC Step: 03490000 	Time(s): 1340917.018505
    -- MCMC Step: 03500000 	Time(s): 1344824.542307
    -- MCMC Step: 03510000 	Time(s): 1348768.126804
    -- MCMC Step: 03520000 	Time(s): 1352806.512598
    -- MCMC Step: 03530000 	Time(s): 1356800.540380
    -- MCMC Step: 03540000 	Time(s): 1360695.966519
    -- MCMC Step: 03550000 	Time(s): 1364449.845565
    -- MCMC Step: 03560000 	Time(s): 1368181.526828
    -- MCMC Step: 03570000 	Time(s): 1371897.124821
    -- MCMC Step: 03580000 	Time(s): 1375442.077680
    -- MCMC Step: 03590000 	Time(s): 1378763.144747
    -- MCMC Step: 03600000 	Time(s): 1382386.470322
    -- MCMC Step: 03610000 	Time(s): 1385856.176910
    -- MCMC Step: 03620000 	Time(s): 1389331.277198
    -- MCMC Step: 03630000 	Time(s): 1392875.524548
    -- MCMC Step: 03640000 	Time(s): 1396443.146099
    -- MCMC Step: 03650000 	Time(s): 1399963.724184
    -- MCMC Step: 03660000 	Time(s): 1403376.969655
    -- MCMC Step: 03670000 	Time(s): 1407019.560740
    -- MCMC Step: 03680000 	Time(s): 1410886.922905
    -- MCMC Step: 03690000 	Time(s): 1414707.939076
    -- MCMC Step: 03700000 	Time(s): 1418554.530211
    -- MCMC Step: 03710000 	Time(s): 1422410.395300
    -- MCMC Step: 03720000 	Time(s): 1426325.844994
    -- MCMC Step: 03730000 	Time(s): 1430221.109270
    -- MCMC Step: 03740000 	Time(s): 1433903.262573
    -- MCMC Step: 03750000 	Time(s): 1437489.785368
    -- MCMC Step: 03760000 	Time(s): 1440879.478259
    -- MCMC Step: 03770000 	Time(s): 1444221.374478
    -- MCMC Step: 03780000 	Time(s): 1447592.461935
    -- MCMC Step: 03790000 	Time(s): 1450955.268779
    -- MCMC Step: 03800000 	Time(s): 1454256.626299
    -- MCMC Step: 03810000 	Time(s): 1457547.441635
    -- MCMC Step: 03820000 	Time(s): 1460838.451516
    -- MCMC Step: 03830000 	Time(s): 1464182.936674
    -- MCMC Step: 03840000 	Time(s): 1467380.370515
    -- MCMC Step: 03850000 	Time(s): 1471162.131677
    -- MCMC Step: 03860000 	Time(s): 1475581.253671
    -- MCMC Step: 03870000 	Time(s): 1480148.432071
    -- MCMC Step: 03880000 	Time(s): 1484705.763325
    -- MCMC Step: 03890000 	Time(s): 1489244.484349
    -- MCMC Step: 03900000 	Time(s): 1493617.712445
    -- MCMC Step: 03910000 	Time(s): 1497975.854608
    -- MCMC Step: 03920000 	Time(s): 1502228.574216
    -- MCMC Step: 03930000 	Time(s): 1506697.231694
    -- MCMC Step: 03940000 	Time(s): 1511280.096982
    -- MCMC Step: 03950000 	Time(s): 1515884.323279
    -- MCMC Step: 03960000 	Time(s): 1520440.557519
    -- MCMC Step: 03970000 	Time(s): 1524943.585536
    -- MCMC Step: 03980000 	Time(s): 1529469.915453
    -- MCMC Step: 03990000 	Time(s): 1533713.545943
    -- MCMC Step: 04000000 	Time(s): 1537878.327356
    -- MCMC Step: 04010000 	Time(s): 1541988.051783
    -- MCMC Step: 04020000 	Time(s): 1546127.042863
    -- MCMC Step: 04030000 	Time(s): 1550013.911159
    -- MCMC Step: 04040000 	Time(s): 1554231.678119
    -- MCMC Step: 04050000 	Time(s): 1558348.057181
    -- MCMC Step: 04060000 	Time(s): 1562587.431547
    -- MCMC Step: 04070000 	Time(s): 1566825.512583
    -- MCMC Step: 04080000 	Time(s): 1571138.301362
    -- MCMC Step: 04090000 	Time(s): 1575386.435254
    -- MCMC Step: 04100000 	Time(s): 1579635.518575
    -- MCMC Step: 04110000 	Time(s): 1583910.851961
    -- MCMC Step: 04120000 	Time(s): 1588215.134098
    -- MCMC Step: 04130000 	Time(s): 1592527.822911
    -- MCMC Step: 04140000 	Time(s): 1596779.952309
    -- MCMC Step: 04150000 	Time(s): 1600970.955773
    -- MCMC Step: 04160000 	Time(s): 1605173.342307
    -- MCMC Step: 04170000 	Time(s): 1609339.037133
    -- MCMC Step: 04180000 	Time(s): 1613325.166972
    -- MCMC Step: 04190000 	Time(s): 1617169.300809
    -- MCMC Step: 04200000 	Time(s): 1621076.699818
    -- MCMC Step: 04210000 	Time(s): 1624951.754924
    -- MCMC Step: 04220000 	Time(s): 1628841.584184
    -- MCMC Step: 04230000 	Time(s): 1632705.766572
    -- MCMC Step: 04240000 	Time(s): 1636567.805090
    -- MCMC Step: 04250000 	Time(s): 1640377.555207
    -- MCMC Step: 04260000 	Time(s): 1644274.376642
    -- MCMC Step: 04270000 	Time(s): 1648196.960087
    -- MCMC Step: 04280000 	Time(s): 1652022.956344
    -- MCMC Step: 04290000 	Time(s): 1656008.169772
    -- MCMC Step: 04300000 	Time(s): 1659962.046207
    -- MCMC Step: 04310000 	Time(s): 1663936.626778
    -- MCMC Step: 04320000 	Time(s): 1667859.463798
    -- MCMC Step: 04330000 	Time(s): 1671738.448351
    -- MCMC Step: 04340000 	Time(s): 1675543.622510
    -- MCMC Step: 04350000 	Time(s): 1679384.249779
    -- MCMC Step: 04360000 	Time(s): 1683221.451043
    -- MCMC Step: 04370000 	Time(s): 1686924.863583
    -- MCMC Step: 04380000 	Time(s): 1690587.141375
    -- MCMC Step: 04390000 	Time(s): 1694209.986306
    -- MCMC Step: 04400000 	Time(s): 1697748.143401
    -- MCMC Step: 04410000 	Time(s): 1701240.073860
    -- MCMC Step: 04420000 	Time(s): 1704572.835460
    -- MCMC Step: 04430000 	Time(s): 1707931.356864
    -- MCMC Step: 04440000 	Time(s): 1710995.200436
    -- MCMC Step: 04450000 	Time(s): 1714318.963737
    -- MCMC Step: 04460000 	Time(s): 1717688.214778
    -- MCMC Step: 04470000 	Time(s): 1720984.604149
    -- MCMC Step: 04480000 	Time(s): 1724003.077057
    -- MCMC Step: 04490000 	Time(s): 1727105.434048
    -- MCMC Step: 04500000 	Time(s): 1729813.184486
    -- MCMC Step: 04510000 	Time(s): 1733074.536315
    -- MCMC Step: 04520000 	Time(s): 1736388.196020
    -- MCMC Step: 04530000 	Time(s): 1739477.348566
    -- MCMC Step: 04540000 	Time(s): 1742643.089586
    -- MCMC Step: 04550000 	Time(s): 1745834.621538
    -- MCMC Step: 04560000 	Time(s): 1749152.317917
    -- MCMC Step: 04570000 	Time(s): 1752824.338901
    -- MCMC Step: 04580000 	Time(s): 1756754.186207
    -- MCMC Step: 04590000 	Time(s): 1760735.840111
    -- MCMC Step: 04600000 	Time(s): 1764737.398540
    -- MCMC Step: 04610000 	Time(s): 1768700.985216
    -- MCMC Step: 04620000 	Time(s): 1772629.899220
    -- MCMC Step: 04630000 	Time(s): 1776707.064274
    -- MCMC Step: 04640000 	Time(s): 1780832.854514
    -- MCMC Step: 04650000 	Time(s): 1784875.247007
    -- MCMC Step: 04660000 	Time(s): 1788869.335231
    -- MCMC Step: 04670000 	Time(s): 1792778.083132
    -- MCMC Step: 04680000 	Time(s): 1796128.929005
    -- MCMC Step: 04690000 	Time(s): 1799359.694853
    -- MCMC Step: 04700000 	Time(s): 1802542.526208
    -- MCMC Step: 04710000 	Time(s): 1805712.609435
    -- MCMC Step: 04720000 	Time(s): 1809393.338834
    -- MCMC Step: 04730000 	Time(s): 1813464.648858
    -- MCMC Step: 04740000 	Time(s): 1817493.989341
    -- MCMC Step: 04750000 	Time(s): 1821809.879276
    -- MCMC Step: 04760000 	Time(s): 1826009.716749
    -- MCMC Step: 04770000 	Time(s): 1830543.272554
    -- MCMC Step: 04780000 	Time(s): 1835904.825335
    -- MCMC Step: 04790000 	Time(s): 1841290.702030
    -- MCMC Step: 04800000 	Time(s): 1847260.584279
    -- MCMC Step: 04810000 	Time(s): 1852184.778151
    -- MCMC Step: 04820000 	Time(s): 1857321.137949
    -- MCMC Step: 04830000 	Time(s): 1862363.023034
    -- MCMC Step: 04840000 	Time(s): 1867251.095986
    -- MCMC Step: 04850000 	Time(s): 1871851.678973
    -- MCMC Step: 04860000 	Time(s): 1876262.557424
    -- MCMC Step: 04870000 	Time(s): 1880528.159042
    -- MCMC Step: 04880000 	Time(s): 1884662.267889
    -- MCMC Step: 04890000 	Time(s): 1888801.901514
    -- MCMC Step: 04900000 	Time(s): 1892900.325288
    -- MCMC Step: 04910000 	Time(s): 1897305.835536
    -- MCMC Step: 04920000 	Time(s): 1901586.415462
    -- MCMC Step: 04930000 	Time(s): 1906554.100473
    -- MCMC Step: 04940000 	Time(s): 1914689.847173
    -- MCMC Step: 04950000 	Time(s): 1922336.407184
    -- MCMC Step: 04960000 	Time(s): 1929352.630702
    -- MCMC Step: 04970000 	Time(s): 1936180.159764
    -- MCMC Step: 04980000 	Time(s): 1943234.288006
    -- MCMC Step: 04990000 	Time(s): 1949827.040183
    -- MCMC Step: 05000000 	Time(s): 1956284.775775
    -- MCMC Step: 05010000 	Time(s): 1962619.127021
    -- MCMC Step: 05020000 	Time(s): 1969007.628527
    -- MCMC Step: 05030000 	Time(s): 1974611.600183
    -- MCMC Step: 05040000 	Time(s): 1980072.393647
    -- MCMC Step: 05050000 	Time(s): 1987847.773441
    -- MCMC Step: 05060000 	Time(s): 1994489.692549
    -- MCMC Step: 05070000 	Time(s): 2000734.081161
    -- MCMC Step: 05080000 	Time(s): 2006042.897748
    -- MCMC Step: 05090000 	Time(s): 2011040.301308
    -- MCMC Step: 05100000 	Time(s): 2016074.890206
    -- MCMC Step: 05110000 	Time(s): 2021027.387241
    -- MCMC Step: 05120000 	Time(s): 2025812.803425
    -- MCMC Step: 05130000 	Time(s): 2030512.233820
    -- MCMC Step: 05140000 	Time(s): 2035116.581570
    -- MCMC Step: 05150000 	Time(s): 2039342.682594
    -- MCMC Step: 05160000 	Time(s): 2043417.126215
    -- MCMC Step: 05170000 	Time(s): 2047282.342650
    -- MCMC Step: 05180000 	Time(s): 2051147.929126
    -- MCMC Step: 05190000 	Time(s): 2054770.973666
    -- MCMC Step: 05200000 	Time(s): 2058258.203290
    -- MCMC Step: 05210000 	Time(s): 2061747.444031
    -- MCMC Step: 05220000 	Time(s): 2065879.604669
    -- MCMC Step: 05230000 	Time(s): 2070680.126476
    -- MCMC Step: 05240000 	Time(s): 2075577.191670
    -- MCMC Step: 05250000 	Time(s): 2080121.306467
    -- MCMC Step: 05260000 	Time(s): 2085105.148342
    -- MCMC Step: 05270000 	Time(s): 2090255.926938
    -- MCMC Step: 05280000 	Time(s): 2095478.214573
    -- MCMC Step: 05290000 	Time(s): 2100532.234102
    -- MCMC Step: 05300000 	Time(s): 2105625.562252
    -- MCMC Step: 05310000 	Time(s): 2110702.736308
    -- MCMC Step: 05320000 	Time(s): 2115696.480659
    -- MCMC Step: 05330000 	Time(s): 2120432.775565
    -- MCMC Step: 05340000 	Time(s): 2125063.347180
    -- MCMC Step: 05350000 	Time(s): 2129507.248598
    -- MCMC Step: 05360000 	Time(s): 2133800.081145
    -- MCMC Step: 05370000 	Time(s): 2138057.103597
    -- MCMC Step: 05380000 	Time(s): 2142163.036258
    -- MCMC Step: 05390000 	Time(s): 2146239.639008
    -- MCMC Step: 05400000 	Time(s): 2150327.037007
    -- MCMC Step: 05410000 	Time(s): 2154402.444249
    -- MCMC Step: 05420000 	Time(s): 2158488.181904
    -- MCMC Step: 05430000 	Time(s): 2162612.192613
    -- MCMC Step: 05440000 	Time(s): 2166733.495642
    -- MCMC Step: 05450000 	Time(s): 2170898.545233
    -- MCMC Step: 05460000 	Time(s): 2175337.460267
    -- MCMC Step: 05470000 	Time(s): 2179739.302410
    -- MCMC Step: 05480000 	Time(s): 2183910.288452
    -- MCMC Step: 05490000 	Time(s): 2188271.260116
    -- MCMC Step: 05500000 	Time(s): 2192651.884510
    -- MCMC Step: 05510000 	Time(s): 2196911.502298
    -- MCMC Step: 05520000 	Time(s): 2201260.319437
    -- MCMC Step: 05530000 	Time(s): 2205640.274528
    -- MCMC Step: 05540000 	Time(s): 2209963.294260
    -- MCMC Step: 05550000 	Time(s): 2214076.167887
    -- MCMC Step: 05560000 	Time(s): 2218262.195955
    -- MCMC Step: 05570000 	Time(s): 2222310.417493
    -- MCMC Step: 05580000 	Time(s): 2226396.075661
    -- MCMC Step: 05590000 	Time(s): 2230539.627707
    -- MCMC Step: 05600000 	Time(s): 2234690.083778
    -- MCMC Step: 05610000 	Time(s): 2238854.567672
    -- MCMC Step: 05620000 	Time(s): 2242990.125772
    -- MCMC Step: 05630000 	Time(s): 2247165.005229
    -- MCMC Step: 05640000 	Time(s): 2251348.861611
    -- MCMC Step: 05650000 	Time(s): 2255613.275841
    -- MCMC Step: 05660000 	Time(s): 2259779.890725
    -- MCMC Step: 05670000 	Time(s): 2263885.383652
    -- MCMC Step: 05680000 	Time(s): 2268047.318255
    -- MCMC Step: 05690000 	Time(s): 2272203.763738
    -- MCMC Step: 05700000 	Time(s): 2276284.244413
    -- MCMC Step: 05710000 	Time(s): 2280403.819028
    -- MCMC Step: 05720000 	Time(s): 2284586.897191
    -- MCMC Step: 05730000 	Time(s): 2288756.745601
    -- MCMC Step: 05740000 	Time(s): 2292956.366150
    -- MCMC Step: 05750000 	Time(s): 2297144.077872
    -- MCMC Step: 05760000 	Time(s): 2301306.804053
    -- MCMC Step: 05770000 	Time(s): 2305499.602916
    -- MCMC Step: 05780000 	Time(s): 2309686.920516
    -- MCMC Step: 05790000 	Time(s): 2313880.626218
    -- MCMC Step: 05800000 	Time(s): 2318001.704971
    -- MCMC Step: 05810000 	Time(s): 2322187.034673
    -- MCMC Step: 05820000 	Time(s): 2326400.158773
    -- MCMC Step: 05830000 	Time(s): 2330617.903418
    -- MCMC Step: 05840000 	Time(s): 2334870.255524
    -- MCMC Step: 05850000 	Time(s): 2339247.995138
    -- MCMC Step: 05860000 	Time(s): 2343541.238180
    -- MCMC Step: 05870000 	Time(s): 2347878.781259
    -- MCMC Step: 05880000 	Time(s): 2352318.700585
    -- MCMC Step: 05890000 	Time(s): 2356678.102753
    -- MCMC Step: 05900000 	Time(s): 2360979.567270
    -- MCMC Step: 05910000 	Time(s): 2365292.458526
    -- MCMC Step: 05920000 	Time(s): 2369473.668505
    -- MCMC Step: 05930000 	Time(s): 2373261.579731
    -- MCMC Step: 05940000 	Time(s): 2376768.623909
    -- MCMC Step: 05950000 	Time(s): 2380234.414948
    -- MCMC Step: 05960000 	Time(s): 2383707.409076
    -- MCMC Step: 05970000 	Time(s): 2387203.688110
    -- MCMC Step: 05980000 	Time(s): 2390656.613074
    -- MCMC Step: 05990000 	Time(s): 2394119.951335
    -- MCMC Step: 06000000 	Time(s): 2397587.234011
    -- MCMC Step: 06010000 	Time(s): 2401096.845142
    -- MCMC Step: 06020000 	Time(s): 2404570.772773
    -- MCMC Step: 06030000 	Time(s): 2408045.521362
    -- MCMC Step: 06040000 	Time(s): 2411512.973668
    -- MCMC Step: 06050000 	Time(s): 2415006.328646
    -- MCMC Step: 06060000 	Time(s): 2418529.437348
    -- MCMC Step: 06070000 	Time(s): 2423185.918871
    -- MCMC Step: 06080000 	Time(s): 2426796.202527
    -- MCMC Step: 06090000 	Time(s): 2430361.427299
    -- MCMC Step: 06100000 	Time(s): 2433664.628138
    -- MCMC Step: 06110000 	Time(s): 2436981.239241
    -- MCMC Step: 06120000 	Time(s): 2440271.344369
    -- MCMC Step: 06130000 	Time(s): 2443710.861318
    -- MCMC Step: 06140000 	Time(s): 2447160.283585
    -- MCMC Step: 06150000 	Time(s): 2450511.111295
    -- MCMC Step: 06160000 	Time(s): 2453850.452395
    -- MCMC Step: 06170000 	Time(s): 2457166.998044
    -- MCMC Step: 06180000 	Time(s): 2460476.858689
    -- MCMC Step: 06190000 	Time(s): 2463805.561949
    -- MCMC Step: 06200000 	Time(s): 2466998.177704
    -- MCMC Step: 06210000 	Time(s): 2470109.747497
    -- MCMC Step: 06220000 	Time(s): 2473147.837323
    -- MCMC Step: 06230000 	Time(s): 2476195.217220
    -- MCMC Step: 06240000 	Time(s): 2479235.365055
    -- MCMC Step: 06250000 	Time(s): 2482288.067358
    -- MCMC Step: 06260000 	Time(s): 2485456.934580
    -- MCMC Step: 06270000 	Time(s): 2488616.394847
    -- MCMC Step: 06280000 	Time(s): 2491768.788312
    -- MCMC Step: 06290000 	Time(s): 2494843.234351
    -- MCMC Step: 06300000 	Time(s): 2497836.887991
    -- MCMC Step: 06310000 	Time(s): 2500819.317016
    -- MCMC Step: 06320000 	Time(s): 2504048.860813
    -- MCMC Step: 06330000 	Time(s): 2508138.248878
    -- MCMC Step: 06340000 	Time(s): 2512280.790938
    -- MCMC Step: 06350000 	Time(s): 2516491.121628
    -- MCMC Step: 06360000 	Time(s): 2520746.386437
    -- MCMC Step: 06370000 	Time(s): 2525126.629941
    -- MCMC Step: 06380000 	Time(s): 2529672.927210
    -- MCMC Step: 06390000 	Time(s): 2534381.508477
    -- MCMC Step: 06400000 	Time(s): 2539000.492296
    -- MCMC Step: 06410000 	Time(s): 2543722.723693
    -- MCMC Step: 06420000 	Time(s): 2548335.997462
    -- MCMC Step: 06430000 	Time(s): 2552851.431088
    -- MCMC Step: 06440000 	Time(s): 2557319.972979
    -- MCMC Step: 06450000 	Time(s): 2561749.254472
    -- MCMC Step: 06460000 	Time(s): 2566286.161770
    -- MCMC Step: 06470000 	Time(s): 2570837.443327
    -- MCMC Step: 06480000 	Time(s): 2575425.568741
    -- MCMC Step: 06490000 	Time(s): 2580106.686832
    -- MCMC Step: 06500000 	Time(s): 2584805.679373
    -- MCMC Step: 06510000 	Time(s): 2589522.440825
    -- MCMC Step: 06520000 	Time(s): 2594283.186401
    -- MCMC Step: 06530000 	Time(s): 2599031.765537
    -- MCMC Step: 06540000 	Time(s): 2603563.197333
    -- MCMC Step: 06550000 	Time(s): 2608759.580810
    -- MCMC Step: 06560000 	Time(s): 2614024.142275
    -- MCMC Step: 06570000 	Time(s): 2619226.027458
    -- MCMC Step: 06580000 	Time(s): 2624232.743756
    -- MCMC Step: 06590000 	Time(s): 2629267.646673
    -- MCMC Step: 06600000 	Time(s): 2634375.755177
    -- MCMC Step: 06610000 	Time(s): 2639356.271961
    -- MCMC Step: 06620000 	Time(s): 2644353.651510
    -- MCMC Step: 06630000 	Time(s): 2649454.862790
    -- MCMC Step: 06640000 	Time(s): 2654463.736337
    -- MCMC Step: 06650000 	Time(s): 2659047.671254
    -- MCMC Step: 06660000 	Time(s): 2663641.176319
    -- MCMC Step: 06670000 	Time(s): 2668119.286085
    -- MCMC Step: 06680000 	Time(s): 2672362.992285
    -- MCMC Step: 06690000 	Time(s): 2676149.141038
    -- MCMC Step: 06700000 	Time(s): 2679606.847939
    -- MCMC Step: 06710000 	Time(s): 2683328.228475
    -- MCMC Step: 06720000 	Time(s): 2687129.571256
    -- MCMC Step: 06730000 	Time(s): 2690955.069384
    -- MCMC Step: 06740000 	Time(s): 2694909.765040
    -- MCMC Step: 06750000 	Time(s): 2698753.545178
    -- MCMC Step: 06760000 	Time(s): 2702642.826145
    -- MCMC Step: 06770000 	Time(s): 2708059.573804
    -- MCMC Step: 06780000 	Time(s): 2714771.679663
    -- MCMC Step: 06790000 	Time(s): 2721476.134346
    -- MCMC Step: 06800000 	Time(s): 2728029.897212
    -- MCMC Step: 06810000 	Time(s): 2734515.173599
    -- MCMC Step: 06820000 	Time(s): 2741049.867798
    -- MCMC Step: 06830000 	Time(s): 2747482.551991
    -- MCMC Step: 06840000 	Time(s): 2753968.855880
    -- MCMC Step: 06850000 	Time(s): 2759717.806200
    -- MCMC Step: 06860000 	Time(s): 2765358.710876
    -- MCMC Step: 06870000 	Time(s): 2770954.942587
    -- MCMC Step: 06880000 	Time(s): 2775912.605669
    -- MCMC Step: 06890000 	Time(s): 2780584.337478
    -- MCMC Step: 06900000 	Time(s): 2784890.767172
    -- MCMC Step: 06910000 	Time(s): 2789174.113380
    -- MCMC Step: 06920000 	Time(s): 2793393.103381
    -- MCMC Step: 06930000 	Time(s): 2797618.813050
    -- MCMC Step: 06940000 	Time(s): 2801749.725612
    -- MCMC Step: 06950000 	Time(s): 2806005.723945
    -- MCMC Step: 06960000 	Time(s): 2810247.602435
    -- MCMC Step: 06970000 	Time(s): 2814407.928322
    -- MCMC Step: 06980000 	Time(s): 2818420.655994
    -- MCMC Step: 06990000 	Time(s): 2822384.260106
    -- MCMC Step: 07000000 	Time(s): 2826173.146090
    -- MCMC Step: 07010000 	Time(s): 2829855.455533
    -- MCMC Step: 07020000 	Time(s): 2833553.680865
    -- MCMC Step: 07030000 	Time(s): 2837289.268913
    -- MCMC Step: 07040000 	Time(s): 2840977.808403
    -- MCMC Step: 07050000 	Time(s): 2844719.213679
    -- MCMC Step: 07060000 	Time(s): 2848374.079290
    -- MCMC Step: 07070000 	Time(s): 2852130.532542
    -- MCMC Step: 07080000 	Time(s): 2855642.201694
    -- MCMC Step: 07090000 	Time(s): 2859199.235904
    -- MCMC Step: 07100000 	Time(s): 2862748.436943
    -- MCMC Step: 07110000 	Time(s): 2866401.601926
    -- MCMC Step: 07120000 	Time(s): 2870100.042675
    -- MCMC Step: 07130000 	Time(s): 2873903.711519
    -- MCMC Step: 07140000 	Time(s): 2877707.678991
    -- MCMC Step: 07150000 	Time(s): 2881487.893903
    -- MCMC Step: 07160000 	Time(s): 2885312.593513
    -- MCMC Step: 07170000 	Time(s): 2889114.667367
    -- MCMC Step: 07180000 	Time(s): 2892863.551801
    -- MCMC Step: 07190000 	Time(s): 2896638.386486
    -- MCMC Step: 07200000 	Time(s): 2900353.551794
    -- MCMC Step: 07210000 	Time(s): 2904070.314233
    -- MCMC Step: 07220000 	Time(s): 2907793.863513
    -- MCMC Step: 07230000 	Time(s): 2911492.005023
    -- MCMC Step: 07240000 	Time(s): 2915224.358970
    -- MCMC Step: 07250000 	Time(s): 2919001.593196
    -- MCMC Step: 07260000 	Time(s): 2922785.097093
    -- MCMC Step: 07270000 	Time(s): 2926328.373400
    CAUTION: New stable configuration found! E = -1058.411816
    -- MCMC Step: 07280000 	Time(s): 2929738.266865
    -- MCMC Step: 07290000 	Time(s): 2933083.876172
    -- MCMC Step: 07300000 	Time(s): 2936606.201120
    -- MCMC Step: 07310000 	Time(s): 2940142.213992
    -- MCMC Step: 07320000 	Time(s): 2943670.941675
    -- MCMC Step: 07330000 	Time(s): 2947218.967412
    -- MCMC Step: 07340000 	Time(s): 2950735.086372
    -- MCMC Step: 07350000 	Time(s): 2954284.313668
    -- MCMC Step: 07360000 	Time(s): 2957501.817235
    -- MCMC Step: 07370000 	Time(s): 2960695.058125
    -- MCMC Step: 07380000 	Time(s): 2963911.063274
    -- MCMC Step: 07390000 	Time(s): 2967195.316956
    -- MCMC Step: 07400000 	Time(s): 2970423.998175
    -- MCMC Step: 07410000 	Time(s): 2973578.327636
    -- MCMC Step: 07420000 	Time(s): 2976733.264421
    -- MCMC Step: 07430000 	Time(s): 2979847.958083
    -- MCMC Step: 07440000 	Time(s): 2983045.287293
    -- MCMC Step: 07450000 	Time(s): 2986292.173746
    -- MCMC Step: 07460000 	Time(s): 2989556.149787
    -- MCMC Step: 07470000 	Time(s): 2992799.957086
    -- MCMC Step: 07480000 	Time(s): 2996068.486570
    -- MCMC Step: 07490000 	Time(s): 2999287.572467
    -- MCMC Step: 07500000 	Time(s): 3002412.637434
    -- MCMC Step: 07510000 	Time(s): 3005557.304538
    -- MCMC Step: 07520000 	Time(s): 3008552.754416
    -- MCMC Step: 07530000 	Time(s): 3011521.511910
    -- MCMC Step: 07540000 	Time(s): 3014529.229720
    -- MCMC Step: 07550000 	Time(s): 3017499.294426
    -- MCMC Step: 07560000 	Time(s): 3020466.809433
    -- MCMC Step: 07570000 	Time(s): 3023396.457959
    -- MCMC Step: 07580000 	Time(s): 3026328.142139
    -- MCMC Step: 07590000 	Time(s): 3029247.862923
    -- MCMC Step: 07600000 	Time(s): 3032182.658805
    -- MCMC Step: 07610000 	Time(s): 3035165.141461
    -- MCMC Step: 07620000 	Time(s): 3038091.780466
    -- MCMC Step: 07630000 	Time(s): 3041064.422527
    -- MCMC Step: 07640000 	Time(s): 3044845.233918
    -- MCMC Step: 07650000 	Time(s): 3051001.929870
    -- MCMC Step: 07660000 	Time(s): 3057102.283342
    -- MCMC Step: 07670000 	Time(s): 3062845.161336
    -- MCMC Step: 07680000 	Time(s): 3068071.800071
    -- MCMC Step: 07690000 	Time(s): 3072916.703166
    -- MCMC Step: 07700000 	Time(s): 3077334.572895
    -- MCMC Step: 07710000 	Time(s): 3081693.152458
    -- MCMC Step: 07720000 	Time(s): 3085786.925041
    -- MCMC Step: 07730000 	Time(s): 3089625.671983
    -- MCMC Step: 07740000 	Time(s): 3093287.667436
    -- MCMC Step: 07750000 	Time(s): 3096530.762468
    -- MCMC Step: 07760000 	Time(s): 3099544.871351
    -- MCMC Step: 07770000 	Time(s): 3102444.507811
    -- MCMC Step: 07780000 	Time(s): 3105361.099914
    -- MCMC Step: 07790000 	Time(s): 3108377.497122
    -- MCMC Step: 07800000 	Time(s): 3111448.078763
    -- MCMC Step: 07810000 	Time(s): 3114728.927315
    -- MCMC Step: 07820000 	Time(s): 3117831.246044
    -- MCMC Step: 07830000 	Time(s): 3120959.138160
    -- MCMC Step: 07840000 	Time(s): 3123993.322689
    -- MCMC Step: 07850000 	Time(s): 3126750.807309
    -- MCMC Step: 07860000 	Time(s): 3129462.336937
    -- MCMC Step: 07870000 	Time(s): 3132125.341130
    -- MCMC Step: 07880000 	Time(s): 3134820.158979
    -- MCMC Step: 07890000 	Time(s): 3137401.283826
    -- MCMC Step: 07900000 	Time(s): 3140040.633540
    -- MCMC Step: 07910000 	Time(s): 3142641.508842
    -- MCMC Step: 07920000 	Time(s): 3145193.983357
    -- MCMC Step: 07930000 	Time(s): 3147728.295924
    -- MCMC Step: 07940000 	Time(s): 3150234.969793
    -- MCMC Step: 07950000 	Time(s): 3152798.855527
    -- MCMC Step: 07960000 	Time(s): 3155311.285329
    -- MCMC Step: 07970000 	Time(s): 3157716.774662
    -- MCMC Step: 07980000 	Time(s): 3160074.805246
    -- MCMC Step: 07990000 	Time(s): 3162307.186592
    -- MCMC Step: 08000000 	Time(s): 3164490.463960
    -- MCMC Step: 08010000 	Time(s): 3166580.518725
    -- MCMC Step: 08020000 	Time(s): 3168652.956678
    -- MCMC Step: 08030000 	Time(s): 3170657.943779
    -- MCMC Step: 08040000 	Time(s): 3172636.729445
    -- MCMC Step: 08050000 	Time(s): 3174631.478869
    -- MCMC Step: 08060000 	Time(s): 3176615.960639
    -- MCMC Step: 08070000 	Time(s): 3178609.036185
    -- MCMC Step: 08080000 	Time(s): 3180480.579931
    -- MCMC Step: 08090000 	Time(s): 3182222.238967
    -- MCMC Step: 08100000 	Time(s): 3183941.530553
    -- MCMC Step: 08110000 	Time(s): 3185658.867527
    -- MCMC Step: 08120000 	Time(s): 3187381.291497
    -- MCMC Step: 08130000 	Time(s): 3189104.082946
    -- MCMC Step: 08140000 	Time(s): 3190822.582627
    -- MCMC Step: 08150000 	Time(s): 3192655.593570
    -- MCMC Step: 08160000 	Time(s): 3194759.452474
    -- MCMC Step: 08170000 	Time(s): 3196919.219625
    -- MCMC Step: 08180000 	Time(s): 3199103.633683
    -- MCMC Step: 08190000 	Time(s): 3201296.242889
    -- MCMC Step: 08200000 	Time(s): 3203494.231647
    -- MCMC Step: 08210000 	Time(s): 3205686.539280
    -- MCMC Step: 08220000 	Time(s): 3207895.740295
    -- MCMC Step: 08230000 	Time(s): 3210114.970020
    -- MCMC Step: 08240000 	Time(s): 3212319.650686
    -- MCMC Step: 08250000 	Time(s): 3214513.275408
    -- MCMC Step: 08260000 	Time(s): 3216702.408083
    -- MCMC Step: 08270000 	Time(s): 3218900.112941
    -- MCMC Step: 08280000 	Time(s): 3221066.601519
    -- MCMC Step: 08290000 	Time(s): 3223239.443245
    -- MCMC Step: 08300000 	Time(s): 3225344.577790
    -- MCMC Step: 08310000 	Time(s): 3227334.257955
    -- MCMC Step: 08320000 	Time(s): 3229298.269823
    -- MCMC Step: 08330000 	Time(s): 3231251.641035
    -- MCMC Step: 08340000 	Time(s): 3233202.039165
    -- MCMC Step: 08350000 	Time(s): 3235187.430738
    -- MCMC Step: 08360000 	Time(s): 3237136.267844
    -- MCMC Step: 08370000 	Time(s): 3239077.295338
    -- MCMC Step: 08380000 	Time(s): 3241071.500185
    -- MCMC Step: 08390000 	Time(s): 3243025.030492
    -- MCMC Step: 08400000 	Time(s): 3244990.736585
    -- MCMC Step: 08410000 	Time(s): 3246938.339810
    -- MCMC Step: 08420000 	Time(s): 3248920.083554
    -- MCMC Step: 08430000 	Time(s): 3250885.725286
    -- MCMC Step: 08440000 	Time(s): 3252865.226686
    -- MCMC Step: 08450000 	Time(s): 3254811.206986
    -- MCMC Step: 08460000 	Time(s): 3256806.138363
    -- MCMC Step: 08470000 	Time(s): 3258788.597866
    -- MCMC Step: 08480000 	Time(s): 3260796.262182
    -- MCMC Step: 08490000 	Time(s): 3262742.694704
    -- MCMC Step: 08500000 	Time(s): 3264701.381981
    -- MCMC Step: 08510000 	Time(s): 3266669.194336
    -- MCMC Step: 08520000 	Time(s): 3268609.488826
    -- MCMC Step: 08530000 	Time(s): 3270559.352439
    -- MCMC Step: 08540000 	Time(s): 3272515.211826
    -- MCMC Step: 08550000 	Time(s): 3274468.612464
    -- MCMC Step: 08560000 	Time(s): 3276448.081666
    -- MCMC Step: 08570000 	Time(s): 3278422.693749
    -- MCMC Step: 08580000 	Time(s): 3280422.295405
    -- MCMC Step: 08590000 	Time(s): 3282400.548537
    -- MCMC Step: 08600000 	Time(s): 3284329.577320
    -- MCMC Step: 08610000 	Time(s): 3286236.367313
    -- MCMC Step: 08620000 	Time(s): 3288150.373868
    -- MCMC Step: 08630000 	Time(s): 3290059.967775
    -- MCMC Step: 08640000 	Time(s): 3291986.647010
    -- MCMC Step: 08650000 	Time(s): 3293918.150125
    -- MCMC Step: 08660000 	Time(s): 3295860.738283
    -- MCMC Step: 08670000 	Time(s): 3297807.458424
    -- MCMC Step: 08680000 	Time(s): 3299756.454997
    -- MCMC Step: 08690000 	Time(s): 3301713.375433
    -- MCMC Step: 08700000 	Time(s): 3303675.084650
    -- MCMC Step: 08710000 	Time(s): 3305646.548950
    -- MCMC Step: 08720000 	Time(s): 3307676.567410
    -- MCMC Step: 08730000 	Time(s): 3309805.806450
    -- MCMC Step: 08740000 	Time(s): 3311828.319821
    -- MCMC Step: 08750000 	Time(s): 3313799.217996
    -- MCMC Step: 08760000 	Time(s): 3315765.840974
    -- MCMC Step: 08770000 	Time(s): 3317725.059978
    -- MCMC Step: 08780000 	Time(s): 3319689.405321
    -- MCMC Step: 08790000 	Time(s): 3321653.596697
    -- MCMC Step: 08800000 	Time(s): 3323607.080179
    -- MCMC Step: 08810000 	Time(s): 3325571.106716
    -- MCMC Step: 08820000 	Time(s): 3327544.141551
    -- MCMC Step: 08830000 	Time(s): 3329505.551876
    -- MCMC Step: 08840000 	Time(s): 3331474.954890
    -- MCMC Step: 08850000 	Time(s): 3333426.980744
    -- MCMC Step: 08860000 	Time(s): 3335394.273495
    -- MCMC Step: 08870000 	Time(s): 3337351.773636
    -- MCMC Step: 08880000 	Time(s): 3339234.045127
    -- MCMC Step: 08890000 	Time(s): 3341045.839749
    -- MCMC Step: 08900000 	Time(s): 3342809.136531
    -- MCMC Step: 08910000 	Time(s): 3344574.221712
    -- MCMC Step: 08920000 	Time(s): 3346342.526275
    -- MCMC Step: 08930000 	Time(s): 3348106.421999
    -- MCMC Step: 08940000 	Time(s): 3349872.619394
    -- MCMC Step: 08950000 	Time(s): 3351633.891322
    -- MCMC Step: 08960000 	Time(s): 3353390.658374
    -- MCMC Step: 08970000 	Time(s): 3355162.204979
    -- MCMC Step: 08980000 	Time(s): 3356936.633190
    -- MCMC Step: 08990000 	Time(s): 3358704.607106
    -- MCMC Step: 09000000 	Time(s): 3360479.652609
    -- MCMC Step: 09010000 	Time(s): 3362251.511681
    -- MCMC Step: 09020000 	Time(s): 3363989.882568
    -- MCMC Step: 09030000 	Time(s): 3365723.701844
    -- MCMC Step: 09040000 	Time(s): 3367459.233457
    -- MCMC Step: 09050000 	Time(s): 3369211.139045
    -- MCMC Step: 09060000 	Time(s): 3370971.748489
    -- MCMC Step: 09070000 	Time(s): 3372714.835214
    -- MCMC Step: 09080000 	Time(s): 3374459.758163
    -- MCMC Step: 09090000 	Time(s): 3376203.178503
    -- MCMC Step: 09100000 	Time(s): 3377949.109591
    -- MCMC Step: 09110000 	Time(s): 3379687.766483
    -- MCMC Step: 09120000 	Time(s): 3381433.170494
    -- MCMC Step: 09130000 	Time(s): 3383177.978063
    -- MCMC Step: 09140000 	Time(s): 3384930.924474
    -- MCMC Step: 09150000 	Time(s): 3386679.984271
    -- MCMC Step: 09160000 	Time(s): 3388430.102574
    -- MCMC Step: 09170000 	Time(s): 3390179.532707
    -- MCMC Step: 09180000 	Time(s): 3391937.587203
    -- MCMC Step: 09190000 	Time(s): 3393698.949294
    -- MCMC Step: 09200000 	Time(s): 3395463.074139
    -- MCMC Step: 09210000 	Time(s): 3397126.035169
    -- MCMC Step: 09220000 	Time(s): 3398774.099817
    -- MCMC Step: 09230000 	Time(s): 3400420.930732
    -- MCMC Step: 09240000 	Time(s): 3402067.938948
    -- MCMC Step: 09250000 	Time(s): 3403715.115137
    -- MCMC Step: 09260000 	Time(s): 3405364.746132
    -- MCMC Step: 09270000 	Time(s): 3407012.271001
    -- MCMC Step: 09280000 	Time(s): 3408653.019294
    -- MCMC Step: 09290000 	Time(s): 3410379.856602
    -- MCMC Step: 09300000 	Time(s): 3412111.722218
    -- MCMC Step: 09310000 	Time(s): 3413847.214985
    -- MCMC Step: 09320000 	Time(s): 3415580.525182
    -- MCMC Step: 09330000 	Time(s): 3417324.054388
    -- MCMC Step: 09340000 	Time(s): 3419063.944298
    -- MCMC Step: 09350000 	Time(s): 3420813.877216
    -- MCMC Step: 09360000 	Time(s): 3422556.546847
    -- MCMC Step: 09370000 	Time(s): 3424303.338020
    -- MCMC Step: 09380000 	Time(s): 3426013.711056
    -- MCMC Step: 09390000 	Time(s): 3427665.854615
    -- MCMC Step: 09400000 	Time(s): 3429324.676068
    -- MCMC Step: 09410000 	Time(s): 3430980.547482
    -- MCMC Step: 09420000 	Time(s): 3432638.718355
    -- MCMC Step: 09430000 	Time(s): 3434297.950647
    -- MCMC Step: 09440000 	Time(s): 3435966.883210
    -- MCMC Step: 09450000 	Time(s): 3437620.855045
    -- MCMC Step: 09460000 	Time(s): 3439300.010254
    -- MCMC Step: 09470000 	Time(s): 3441066.416634
    -- MCMC Step: 09480000 	Time(s): 3442796.494636
    -- MCMC Step: 09490000 	Time(s): 3444450.103403
    -- MCMC Step: 09500000 	Time(s): 3446100.651670
    -- MCMC Step: 09510000 	Time(s): 3447761.893700
    -- MCMC Step: 09520000 	Time(s): 3449441.407415
    -- MCMC Step: 09530000 	Time(s): 3451101.639834
    -- MCMC Step: 09540000 	Time(s): 3452778.757668
    -- MCMC Step: 09550000 	Time(s): 3454446.319573
    -- MCMC Step: 09560000 	Time(s): 3456097.836648
    -- MCMC Step: 09570000 	Time(s): 3457771.326716
    -- MCMC Step: 09580000 	Time(s): 3459448.078781
    -- MCMC Step: 09590000 	Time(s): 3461127.250033
    -- MCMC Step: 09600000 	Time(s): 3462818.105980
    -- MCMC Step: 09610000 	Time(s): 3464495.367249
    -- MCMC Step: 09620000 	Time(s): 3466174.337120
    -- MCMC Step: 09630000 	Time(s): 3467844.527338
    -- MCMC Step: 09640000 	Time(s): 3469497.305434
    -- MCMC Step: 09650000 	Time(s): 3471165.684106
    -- MCMC Step: 09660000 	Time(s): 3472859.348961
    -- MCMC Step: 09670000 	Time(s): 3474485.991982
    -- MCMC Step: 09680000 	Time(s): 3476129.480101
    -- MCMC Step: 09690000 	Time(s): 3477779.882356
    -- MCMC Step: 09700000 	Time(s): 3479286.248254
    -- MCMC Step: 09710000 	Time(s): 3480840.776309
    -- MCMC Step: 09720000 	Time(s): 3482410.226170
    -- MCMC Step: 09730000 	Time(s): 3484077.411866
    -- MCMC Step: 09740000 	Time(s): 3485761.536611
    -- MCMC Step: 09750000 	Time(s): 3487437.031202
    -- MCMC Step: 09760000 	Time(s): 3489090.142743
    -- MCMC Step: 09770000 	Time(s): 3490732.561030
    -- MCMC Step: 09780000 	Time(s): 3492375.176162
    -- MCMC Step: 09790000 	Time(s): 3494024.076599
    -- MCMC Step: 09800000 	Time(s): 3495672.319110
    -- MCMC Step: 09810000 	Time(s): 3497322.347915
    -- MCMC Step: 09820000 	Time(s): 3498972.178222
    -- MCMC Step: 09830000 	Time(s): 3500617.557698
    -- MCMC Step: 09840000 	Time(s): 3502247.342072
    -- MCMC Step: 09850000 	Time(s): 3503812.335208
    -- MCMC Step: 09860000 	Time(s): 3505337.201807
    -- MCMC Step: 09870000 	Time(s): 3506865.441542
    -- MCMC Step: 09880000 	Time(s): 3508398.725905
    -- MCMC Step: 09890000 	Time(s): 3509947.582087
    -- MCMC Step: 09900000 	Time(s): 3511469.286784
    -- MCMC Step: 09910000 	Time(s): 3513021.201342
    -- MCMC Step: 09920000 	Time(s): 3514569.968678
    -- MCMC Step: 09930000 	Time(s): 3516122.794490
    -- MCMC Step: 09940000 	Time(s): 3517679.469049
    -- MCMC Step: 09950000 	Time(s): 3519242.303727
    -- MCMC Step: 09960000 	Time(s): 3520782.847869
    -- MCMC Step: 09970000 	Time(s): 3522288.676678
    -- MCMC Step: 09980000 	Time(s): 3523777.190454
    -- MCMC Step: 09990000 	Time(s): 3525276.267889
    -- MCMC Step: 10000000 	Time(s): 3526775.971461
  Saving final MCMC simulation data ...
****************************************
Done successfully!
Cumulative number of energy calculations: 10000002
Elapsed time: 3526780.459325075 seconds
Finished on: 2023-11-05 20:58:21.893969
