Executed on: 2023-09-26 01:36:28.357913
PFP client version: 1.11.0
Model version: v3.0.0
Calculation mode: CRYSTAL_PLUS_D3
Method type: PFVM
****************************************
Examining NCM811 ...
  Importing initial (known) stable/unstable structures ...
    Supercell size: 5 × 4 × 1
    Number of atoms (perfect): 240
    Cell parameters (a, b, c): 2.874400, 2.878125, 14.114900
    Structural parameter range (min, max): 0.000000, 1.000000
    Number of discrete structural parameters: 120
    Structural parameter spacing: 0.008403
  Importing energies and 1-D DOS from previous WL simlation ...
    Energy range (min, max): -1058.411566, -1054.392101
    Number of energy states: 60
    Energy spacing (eV): 0.068127
  Performing multicanonical Monte Carlo (MCMC) sampling ...
    Number of NNP-neighbors: 11400
    Maximum number of Monte Carlo steps: 10000000
    Trial move style: swap
    -- MCMC Step: 00000000 	Time(s): 0.846066
    -- MCMC Step: 00010000 	Time(s): 2131.326922
    -- MCMC Step: 00020000 	Time(s): 4318.425804
    -- MCMC Step: 00030000 	Time(s): 6448.979997
    -- MCMC Step: 00040000 	Time(s): 8537.584701
    -- MCMC Step: 00050000 	Time(s): 11736.762705
    -- MCMC Step: 00060000 	Time(s): 15090.101498
    -- MCMC Step: 00070000 	Time(s): 18584.027958
    -- MCMC Step: 00080000 	Time(s): 22213.011534
    -- MCMC Step: 00090000 	Time(s): 25775.849419
    -- MCMC Step: 00100000 	Time(s): 29171.346391
    -- MCMC Step: 00110000 	Time(s): 32484.280612
    -- MCMC Step: 00120000 	Time(s): 35892.118492
    -- MCMC Step: 00130000 	Time(s): 39265.015396
    -- MCMC Step: 00140000 	Time(s): 42601.278569
    -- MCMC Step: 00150000 	Time(s): 45965.500421
    -- MCMC Step: 00160000 	Time(s): 49372.052313
    -- MCMC Step: 00170000 	Time(s): 52749.980958
    -- MCMC Step: 00180000 	Time(s): 56180.927861
    -- MCMC Step: 00190000 	Time(s): 59650.692308
    -- MCMC Step: 00200000 	Time(s): 63098.941862
    -- MCMC Step: 00210000 	Time(s): 66577.307427
    -- MCMC Step: 00220000 	Time(s): 70074.192849
    -- MCMC Step: 00230000 	Time(s): 73516.133226
    -- MCMC Step: 00240000 	Time(s): 76852.223319
    -- MCMC Step: 00250000 	Time(s): 80273.300042
    -- MCMC Step: 00260000 	Time(s): 84008.158193
    -- MCMC Step: 00270000 	Time(s): 88086.690250
    -- MCMC Step: 00280000 	Time(s): 91895.671729
    -- MCMC Step: 00290000 	Time(s): 96006.389486
    -- MCMC Step: 00300000 	Time(s): 100128.828200
    -- MCMC Step: 00310000 	Time(s): 104279.730861
    -- MCMC Step: 00320000 	Time(s): 108611.624961
    -- MCMC Step: 00330000 	Time(s): 112998.302174
    -- MCMC Step: 00340000 	Time(s): 117639.207150
    -- MCMC Step: 00350000 	Time(s): 122371.527548
    -- MCMC Step: 00360000 	Time(s): 127116.827467
    -- MCMC Step: 00370000 	Time(s): 131904.849659
    -- MCMC Step: 00380000 	Time(s): 136589.406176
    -- MCMC Step: 00390000 	Time(s): 141318.390868
    -- MCMC Step: 00400000 	Time(s): 146059.423478
    -- MCMC Step: 00410000 	Time(s): 150810.844707
    -- MCMC Step: 00420000 	Time(s): 155560.156895
    -- MCMC Step: 00430000 	Time(s): 160211.938542
    -- MCMC Step: 00440000 	Time(s): 164914.857344
    -- MCMC Step: 00450000 	Time(s): 169606.019637
    -- MCMC Step: 00460000 	Time(s): 174222.674892
    -- MCMC Step: 00470000 	Time(s): 178764.059815
    -- MCMC Step: 00480000 	Time(s): 183277.023755
    -- MCMC Step: 00490000 	Time(s): 187732.434082
    -- MCMC Step: 00500000 	Time(s): 192320.325080
    -- MCMC Step: 00510000 	Time(s): 196839.347300
    -- MCMC Step: 00520000 	Time(s): 201368.174845
    -- MCMC Step: 00530000 	Time(s): 206046.654913
    -- MCMC Step: 00540000 	Time(s): 210627.000751
    -- MCMC Step: 00550000 	Time(s): 215123.358572
    -- MCMC Step: 00560000 	Time(s): 219672.920301
    -- MCMC Step: 00570000 	Time(s): 224224.850205
    -- MCMC Step: 00580000 	Time(s): 228860.144042
    -- MCMC Step: 00590000 	Time(s): 233491.289264
    -- MCMC Step: 00600000 	Time(s): 238126.315428
    -- MCMC Step: 00610000 	Time(s): 242775.959384
    -- MCMC Step: 00620000 	Time(s): 247466.406629
    -- MCMC Step: 00630000 	Time(s): 252221.863369
    -- MCMC Step: 00640000 	Time(s): 256949.904123
    -- MCMC Step: 00650000 	Time(s): 261439.699319
    -- MCMC Step: 00660000 	Time(s): 265739.724192
    -- MCMC Step: 00670000 	Time(s): 270174.857921
    -- MCMC Step: 00680000 	Time(s): 274694.289555
    -- MCMC Step: 00690000 	Time(s): 279130.920592
    -- MCMC Step: 00700000 	Time(s): 283782.376991
    -- MCMC Step: 00710000 	Time(s): 288490.841906
    -- MCMC Step: 00720000 	Time(s): 293140.248774
    -- MCMC Step: 00730000 	Time(s): 297915.407953
    -- MCMC Step: 00740000 	Time(s): 302536.106753
    -- MCMC Step: 00750000 	Time(s): 307145.591442
    -- MCMC Step: 00760000 	Time(s): 311740.504018
    -- MCMC Step: 00770000 	Time(s): 316272.394189
    -- MCMC Step: 00780000 	Time(s): 320801.677675
    -- MCMC Step: 00790000 	Time(s): 325473.844421
    -- MCMC Step: 00800000 	Time(s): 330067.000430
    -- MCMC Step: 00810000 	Time(s): 334659.537894
    -- MCMC Step: 00820000 	Time(s): 339191.900100
    -- MCMC Step: 00830000 	Time(s): 343604.033489
    -- MCMC Step: 00840000 	Time(s): 347887.122005
    -- MCMC Step: 00850000 	Time(s): 352034.908962
    -- MCMC Step: 00860000 	Time(s): 356140.176170
    -- MCMC Step: 00870000 	Time(s): 360268.050421
    -- MCMC Step: 00880000 	Time(s): 364374.417499
    -- MCMC Step: 00890000 	Time(s): 368506.647459
    -- MCMC Step: 00900000 	Time(s): 372624.908530
    -- MCMC Step: 00910000 	Time(s): 376822.316272
    -- MCMC Step: 00920000 	Time(s): 381000.934281
    -- MCMC Step: 00930000 	Time(s): 385143.070209
    -- MCMC Step: 00940000 	Time(s): 389296.705618
    -- MCMC Step: 00950000 	Time(s): 393390.810930
    -- MCMC Step: 00960000 	Time(s): 397550.663214
    -- MCMC Step: 00970000 	Time(s): 401761.849673
    -- MCMC Step: 00980000 	Time(s): 405870.736170
    -- MCMC Step: 00990000 	Time(s): 409933.561760
    -- MCMC Step: 01000000 	Time(s): 413147.620351
    -- MCMC Step: 01010000 	Time(s): 416537.182647
    -- MCMC Step: 01020000 	Time(s): 420419.373806
    -- MCMC Step: 01030000 	Time(s): 424370.170134
    -- MCMC Step: 01040000 	Time(s): 428299.083673
    -- MCMC Step: 01050000 	Time(s): 432265.536471
    -- MCMC Step: 01060000 	Time(s): 436484.256245
    -- MCMC Step: 01070000 	Time(s): 440719.484272
    -- MCMC Step: 01080000 	Time(s): 444972.668840
    -- MCMC Step: 01090000 	Time(s): 449279.838212
    -- MCMC Step: 01100000 	Time(s): 453566.974318
    -- MCMC Step: 01110000 	Time(s): 457895.876097
    -- MCMC Step: 01120000 	Time(s): 462187.467393
    -- MCMC Step: 01130000 	Time(s): 466490.813239
    -- MCMC Step: 01140000 	Time(s): 470789.838981
    -- MCMC Step: 01150000 	Time(s): 475133.088798
    -- MCMC Step: 01160000 	Time(s): 479420.649935
    -- MCMC Step: 01170000 	Time(s): 483733.469375
    -- MCMC Step: 01180000 	Time(s): 488070.682305
    -- MCMC Step: 01190000 	Time(s): 492290.452698
    -- MCMC Step: 01200000 	Time(s): 496642.015343
    -- MCMC Step: 01210000 	Time(s): 500857.190640
    -- MCMC Step: 01220000 	Time(s): 505124.235676
    -- MCMC Step: 01230000 	Time(s): 509260.424053
    -- MCMC Step: 01240000 	Time(s): 513319.141705
    -- MCMC Step: 01250000 	Time(s): 517469.647566
    -- MCMC Step: 01260000 	Time(s): 521730.281809
    -- MCMC Step: 01270000 	Time(s): 525849.975099
    -- MCMC Step: 01280000 	Time(s): 530057.667001
    -- MCMC Step: 01290000 	Time(s): 534287.106404
    -- MCMC Step: 01300000 	Time(s): 538406.956627
    -- MCMC Step: 01310000 	Time(s): 542655.241428
    -- MCMC Step: 01320000 	Time(s): 547477.135734
    -- MCMC Step: 01330000 	Time(s): 552378.735006
    -- MCMC Step: 01340000 	Time(s): 557340.044163
    -- MCMC Step: 01350000 	Time(s): 562170.309253
    -- MCMC Step: 01360000 	Time(s): 567049.984347
    -- MCMC Step: 01370000 	Time(s): 571841.694566
    -- MCMC Step: 01380000 	Time(s): 576576.313551
    -- MCMC Step: 01390000 	Time(s): 581287.133170
    -- MCMC Step: 01400000 	Time(s): 586241.315567
    -- MCMC Step: 01410000 	Time(s): 591220.395261
    -- MCMC Step: 01420000 	Time(s): 596251.255175
    -- MCMC Step: 01430000 	Time(s): 600824.245965
    -- MCMC Step: 01440000 	Time(s): 605391.701943
    -- MCMC Step: 01450000 	Time(s): 609524.695044
    -- MCMC Step: 01460000 	Time(s): 613921.364827
    -- MCMC Step: 01470000 	Time(s): 618454.559727
    -- MCMC Step: 01480000 	Time(s): 622482.266779
    -- MCMC Step: 01490000 	Time(s): 627146.438092
    -- MCMC Step: 01500000 	Time(s): 631856.888234
    -- MCMC Step: 01510000 	Time(s): 636501.489721
    -- MCMC Step: 01520000 	Time(s): 641211.274218
    -- MCMC Step: 01530000 	Time(s): 645918.894749
    -- MCMC Step: 01540000 	Time(s): 650666.568906
    -- MCMC Step: 01550000 	Time(s): 655394.635545
    -- MCMC Step: 01560000 	Time(s): 660002.411243
    -- MCMC Step: 01570000 	Time(s): 664328.098843
    -- MCMC Step: 01580000 	Time(s): 668659.601852
    -- MCMC Step: 01590000 	Time(s): 672864.872168
    -- MCMC Step: 01600000 	Time(s): 676995.271214
    -- MCMC Step: 01610000 	Time(s): 680937.186379
    -- MCMC Step: 01620000 	Time(s): 685006.372845
    -- MCMC Step: 01630000 	Time(s): 689262.629401
    -- MCMC Step: 01640000 	Time(s): 693250.328851
    -- MCMC Step: 01650000 	Time(s): 697518.191888
    -- MCMC Step: 01660000 	Time(s): 701814.673736
    -- MCMC Step: 01670000 	Time(s): 705963.904881
    -- MCMC Step: 01680000 	Time(s): 710088.734784
    -- MCMC Step: 01690000 	Time(s): 714375.473278
    -- MCMC Step: 01700000 	Time(s): 718569.291842
    -- MCMC Step: 01710000 	Time(s): 722906.437290
    -- MCMC Step: 01720000 	Time(s): 727700.123888
    -- MCMC Step: 01730000 	Time(s): 732508.254074
    -- MCMC Step: 01740000 	Time(s): 737287.464087
    -- MCMC Step: 01750000 	Time(s): 741823.929098
    -- MCMC Step: 01760000 	Time(s): 746338.638705
    -- MCMC Step: 01770000 	Time(s): 750662.114632
    -- MCMC Step: 01780000 	Time(s): 754765.117744
    -- MCMC Step: 01790000 	Time(s): 758885.099367
    -- MCMC Step: 01800000 	Time(s): 762980.218256
    -- MCMC Step: 01810000 	Time(s): 767075.898497
    -- MCMC Step: 01820000 	Time(s): 771112.536429
    -- MCMC Step: 01830000 	Time(s): 775049.966805
    -- MCMC Step: 01840000 	Time(s): 778543.329655
    -- MCMC Step: 01850000 	Time(s): 782130.692743
    -- MCMC Step: 01860000 	Time(s): 785680.456247
    -- MCMC Step: 01870000 	Time(s): 789313.527472
    -- MCMC Step: 01880000 	Time(s): 793119.323776
    -- MCMC Step: 01890000 	Time(s): 797047.587033
    -- MCMC Step: 01900000 	Time(s): 800851.306610
    -- MCMC Step: 01910000 	Time(s): 804905.693875
    -- MCMC Step: 01920000 	Time(s): 808834.346248
    -- MCMC Step: 01930000 	Time(s): 812928.700008
    -- MCMC Step: 01940000 	Time(s): 816879.904054
    -- MCMC Step: 01950000 	Time(s): 820725.566073
    -- MCMC Step: 01960000 	Time(s): 824567.760651
    -- MCMC Step: 01970000 	Time(s): 828444.518413
    -- MCMC Step: 01980000 	Time(s): 832342.018060
    -- MCMC Step: 01990000 	Time(s): 836157.910708
    -- MCMC Step: 02000000 	Time(s): 839990.379326
    -- MCMC Step: 02010000 	Time(s): 843880.830646
    -- MCMC Step: 02020000 	Time(s): 847761.350290
    -- MCMC Step: 02030000 	Time(s): 851560.233103
    -- MCMC Step: 02040000 	Time(s): 855267.026678
    -- MCMC Step: 02050000 	Time(s): 859127.153455
    -- MCMC Step: 02060000 	Time(s): 863063.696809
    -- MCMC Step: 02070000 	Time(s): 866298.303766
    -- MCMC Step: 02080000 	Time(s): 869528.661506
    -- MCMC Step: 02090000 	Time(s): 873006.363502
    -- MCMC Step: 02100000 	Time(s): 876366.622337
    -- MCMC Step: 02110000 	Time(s): 879466.671208
    -- MCMC Step: 02120000 	Time(s): 882712.590958
    -- MCMC Step: 02130000 	Time(s): 885988.926355
    -- MCMC Step: 02140000 	Time(s): 889228.312988
    -- MCMC Step: 02150000 	Time(s): 892492.628679
    -- MCMC Step: 02160000 	Time(s): 896038.683781
    -- MCMC Step: 02170000 	Time(s): 899818.961078
    -- MCMC Step: 02180000 	Time(s): 903605.491630
    -- MCMC Step: 02190000 	Time(s): 907512.667421
    -- MCMC Step: 02200000 	Time(s): 911424.804371
    -- MCMC Step: 02210000 	Time(s): 915311.299532
    -- MCMC Step: 02220000 	Time(s): 919161.756460
    -- MCMC Step: 02230000 	Time(s): 923138.755012
    -- MCMC Step: 02240000 	Time(s): 927071.384419
    -- MCMC Step: 02250000 	Time(s): 931030.962950
    -- MCMC Step: 02260000 	Time(s): 934994.099077
    -- MCMC Step: 02270000 	Time(s): 938967.982163
    -- MCMC Step: 02280000 	Time(s): 942911.361423
    -- MCMC Step: 02290000 	Time(s): 946851.996505
    -- MCMC Step: 02300000 	Time(s): 950782.843082
    -- MCMC Step: 02310000 	Time(s): 954754.726892
    -- MCMC Step: 02320000 	Time(s): 958710.775877
    -- MCMC Step: 02330000 	Time(s): 962643.418783
    -- MCMC Step: 02340000 	Time(s): 966595.000697
    -- MCMC Step: 02350000 	Time(s): 970579.083556
    -- MCMC Step: 02360000 	Time(s): 974543.247089
    -- MCMC Step: 02370000 	Time(s): 978544.658411
    -- MCMC Step: 02380000 	Time(s): 982468.865002
    -- MCMC Step: 02390000 	Time(s): 986380.633790
    -- MCMC Step: 02400000 	Time(s): 990252.782163
    -- MCMC Step: 02410000 	Time(s): 994112.475552
    -- MCMC Step: 02420000 	Time(s): 997997.903311
    -- MCMC Step: 02430000 	Time(s): 1001890.222539
    -- MCMC Step: 02440000 	Time(s): 1005720.162649
    -- MCMC Step: 02450000 	Time(s): 1009551.267595
    -- MCMC Step: 02460000 	Time(s): 1013396.776162
    -- MCMC Step: 02470000 	Time(s): 1017047.143985
    -- MCMC Step: 02480000 	Time(s): 1020581.485518
    -- MCMC Step: 02490000 	Time(s): 1024086.553309
    -- MCMC Step: 02500000 	Time(s): 1027622.074510
    -- MCMC Step: 02510000 	Time(s): 1031179.913169
    -- MCMC Step: 02520000 	Time(s): 1034720.648843
    -- MCMC Step: 02530000 	Time(s): 1038107.883626
    -- MCMC Step: 02540000 	Time(s): 1041520.602446
    -- MCMC Step: 02550000 	Time(s): 1044962.283496
    -- MCMC Step: 02560000 	Time(s): 1048427.719450
    -- MCMC Step: 02570000 	Time(s): 1051984.879198
    -- MCMC Step: 02580000 	Time(s): 1055523.260932
    -- MCMC Step: 02590000 	Time(s): 1059052.848642
    -- MCMC Step: 02600000 	Time(s): 1062560.625854
    -- MCMC Step: 02610000 	Time(s): 1066069.878805
    -- MCMC Step: 02620000 	Time(s): 1069614.760509
    -- MCMC Step: 02630000 	Time(s): 1073154.838334
    -- MCMC Step: 02640000 	Time(s): 1076721.940181
    -- MCMC Step: 02650000 	Time(s): 1080263.039273
    -- MCMC Step: 02660000 	Time(s): 1083587.252184
    -- MCMC Step: 02670000 	Time(s): 1086804.780096
    -- MCMC Step: 02680000 	Time(s): 1090012.484149
    -- MCMC Step: 02690000 	Time(s): 1093160.470538
    -- MCMC Step: 02700000 	Time(s): 1096260.905351
    -- MCMC Step: 02710000 	Time(s): 1099314.787043
    -- MCMC Step: 02720000 	Time(s): 1102402.659978
    -- MCMC Step: 02730000 	Time(s): 1105405.725024
    -- MCMC Step: 02740000 	Time(s): 1108381.900253
    -- MCMC Step: 02750000 	Time(s): 1111334.565634
    -- MCMC Step: 02760000 	Time(s): 1114527.094574
    -- MCMC Step: 02770000 	Time(s): 1117663.489995
    -- MCMC Step: 02780000 	Time(s): 1120704.979382
    -- MCMC Step: 02790000 	Time(s): 1123757.235694
    -- MCMC Step: 02800000 	Time(s): 1126788.949517
    -- MCMC Step: 02810000 	Time(s): 1129842.320856
    -- MCMC Step: 02820000 	Time(s): 1132903.285982
    -- MCMC Step: 02830000 	Time(s): 1135958.887418
    -- MCMC Step: 02840000 	Time(s): 1139006.674755
    -- MCMC Step: 02850000 	Time(s): 1142047.310889
    -- MCMC Step: 02860000 	Time(s): 1145067.310439
    -- MCMC Step: 02870000 	Time(s): 1148068.947220
    -- MCMC Step: 02880000 	Time(s): 1151091.015290
    -- MCMC Step: 02890000 	Time(s): 1154122.152660
    -- MCMC Step: 02900000 	Time(s): 1157177.397106
    -- MCMC Step: 02910000 	Time(s): 1160213.867867
    -- MCMC Step: 02920000 	Time(s): 1163256.757037
    -- MCMC Step: 02930000 	Time(s): 1166318.086474
    -- MCMC Step: 02940000 	Time(s): 1169279.570536
    -- MCMC Step: 02950000 	Time(s): 1172116.060120
    -- MCMC Step: 02960000 	Time(s): 1174811.353601
    -- MCMC Step: 02970000 	Time(s): 1177406.460330
    -- MCMC Step: 02980000 	Time(s): 1180019.778702
    -- MCMC Step: 02990000 	Time(s): 1182618.563934
    -- MCMC Step: 03000000 	Time(s): 1185218.094553
    -- MCMC Step: 03010000 	Time(s): 1187848.785865
    -- MCMC Step: 03020000 	Time(s): 1190478.597514
    -- MCMC Step: 03030000 	Time(s): 1193107.230349
    -- MCMC Step: 03040000 	Time(s): 1195841.415072
    -- MCMC Step: 03050000 	Time(s): 1198650.834360
    -- MCMC Step: 03060000 	Time(s): 1201354.339225
    -- MCMC Step: 03070000 	Time(s): 1203845.838869
    -- MCMC Step: 03080000 	Time(s): 1206439.674463
    -- MCMC Step: 03090000 	Time(s): 1209158.980158
    -- MCMC Step: 03100000 	Time(s): 1212019.497190
    -- MCMC Step: 03110000 	Time(s): 1214968.363680
    -- MCMC Step: 03120000 	Time(s): 1217956.493795
    -- MCMC Step: 03130000 	Time(s): 1221072.252114
    -- MCMC Step: 03140000 	Time(s): 1224223.577217
    -- MCMC Step: 03150000 	Time(s): 1227458.883787
    -- MCMC Step: 03160000 	Time(s): 1230773.953690
    -- MCMC Step: 03170000 	Time(s): 1234003.403246
    -- MCMC Step: 03180000 	Time(s): 1237386.734393
    -- MCMC Step: 03190000 	Time(s): 1240779.469581
    -- MCMC Step: 03200000 	Time(s): 1244054.545441
    -- MCMC Step: 03210000 	Time(s): 1247233.557695
    -- MCMC Step: 03220000 	Time(s): 1250561.689979
    -- MCMC Step: 03230000 	Time(s): 1253902.907986
    -- MCMC Step: 03240000 	Time(s): 1257288.331380
    -- MCMC Step: 03250000 	Time(s): 1260599.005830
    -- MCMC Step: 03260000 	Time(s): 1263917.607939
    -- MCMC Step: 03270000 	Time(s): 1267187.740710
    -- MCMC Step: 03280000 	Time(s): 1270483.776428
    -- MCMC Step: 03290000 	Time(s): 1273774.505037
    -- MCMC Step: 03300000 	Time(s): 1277145.035633
    -- MCMC Step: 03310000 	Time(s): 1280510.868988
    -- MCMC Step: 03320000 	Time(s): 1283865.621294
    -- MCMC Step: 03330000 	Time(s): 1287306.824449
    -- MCMC Step: 03340000 	Time(s): 1290699.957172
    -- MCMC Step: 03350000 	Time(s): 1293993.415618
    -- MCMC Step: 03360000 	Time(s): 1297126.010837
    -- MCMC Step: 03370000 	Time(s): 1300187.358644
    -- MCMC Step: 03380000 	Time(s): 1303354.002502
    -- MCMC Step: 03390000 	Time(s): 1306612.475651
    -- MCMC Step: 03400000 	Time(s): 1310289.363799
    -- MCMC Step: 03410000 	Time(s): 1314053.386613
    -- MCMC Step: 03420000 	Time(s): 1317943.434115
    -- MCMC Step: 03430000 	Time(s): 1321876.355663
    -- MCMC Step: 03440000 	Time(s): 1325797.141131
    -- MCMC Step: 03450000 	Time(s): 1329690.577192
    -- MCMC Step: 03460000 	Time(s): 1333685.896273
    -- MCMC Step: 03470000 	Time(s): 1337568.549432
    -- MCMC Step: 03480000 	Time(s): 1341355.478376
    -- MCMC Step: 03490000 	Time(s): 1345288.354996
    -- MCMC Step: 03500000 	Time(s): 1349265.520136
    -- MCMC Step: 03510000 	Time(s): 1353274.447963
    -- MCMC Step: 03520000 	Time(s): 1357238.061676
    -- MCMC Step: 03530000 	Time(s): 1361077.527781
    -- MCMC Step: 03540000 	Time(s): 1364840.021193
    -- MCMC Step: 03550000 	Time(s): 1368582.023064
    -- MCMC Step: 03560000 	Time(s): 1372207.305225
    -- MCMC Step: 03570000 	Time(s): 1375803.134491
    -- MCMC Step: 03580000 	Time(s): 1379173.338111
    -- MCMC Step: 03590000 	Time(s): 1382737.663188
    -- MCMC Step: 03600000 	Time(s): 1386210.819475
    -- MCMC Step: 03610000 	Time(s): 1389728.456732
    -- MCMC Step: 03620000 	Time(s): 1393335.734994
    -- MCMC Step: 03630000 	Time(s): 1396859.802765
    -- MCMC Step: 03640000 	Time(s): 1400337.110845
    -- MCMC Step: 03650000 	Time(s): 1403789.788643
    -- MCMC Step: 03660000 	Time(s): 1407584.891507
    -- MCMC Step: 03670000 	Time(s): 1411411.987439
    -- MCMC Step: 03680000 	Time(s): 1415235.029020
    -- MCMC Step: 03690000 	Time(s): 1419205.498247
    -- MCMC Step: 03700000 	Time(s): 1423027.034260
    -- MCMC Step: 03710000 	Time(s): 1426910.338608
    -- MCMC Step: 03720000 	Time(s): 1430823.965815
    -- MCMC Step: 03730000 	Time(s): 1434428.285306
    -- MCMC Step: 03740000 	Time(s): 1437904.775958
    -- MCMC Step: 03750000 	Time(s): 1441266.096303
    -- MCMC Step: 03760000 	Time(s): 1444624.499589
    -- MCMC Step: 03770000 	Time(s): 1448030.140378
    -- MCMC Step: 03780000 	Time(s): 1451353.821499
    -- MCMC Step: 03790000 	Time(s): 1454642.746334
    -- MCMC Step: 03800000 	Time(s): 1457910.587141
    -- MCMC Step: 03810000 	Time(s): 1461276.610307
    -- MCMC Step: 03820000 	Time(s): 1464422.680154
    -- MCMC Step: 03830000 	Time(s): 1467944.941858
    -- MCMC Step: 03840000 	Time(s): 1472053.174111
    -- MCMC Step: 03850000 	Time(s): 1476551.846220
    -- MCMC Step: 03860000 	Time(s): 1481199.287829
    -- MCMC Step: 03870000 	Time(s): 1485712.938221
    -- MCMC Step: 03880000 	Time(s): 1490139.141495
    -- MCMC Step: 03890000 	Time(s): 1494536.544381
    -- MCMC Step: 03900000 	Time(s): 1498870.768118
    -- MCMC Step: 03910000 	Time(s): 1503209.107217
    -- MCMC Step: 03920000 	Time(s): 1507782.487219
    -- MCMC Step: 03930000 	Time(s): 1512386.907026
    -- MCMC Step: 03940000 	Time(s): 1516993.844114
    -- MCMC Step: 03950000 	Time(s): 1521548.721299
    -- MCMC Step: 03960000 	Time(s): 1526097.518456
    -- MCMC Step: 03970000 	Time(s): 1530485.385718
    -- MCMC Step: 03980000 	Time(s): 1534711.074774
    -- MCMC Step: 03990000 	Time(s): 1538874.328311
    -- MCMC Step: 04000000 	Time(s): 1543030.746368
    -- MCMC Step: 04010000 	Time(s): 1546913.280259
    -- MCMC Step: 04020000 	Time(s): 1551044.832739
    -- MCMC Step: 04030000 	Time(s): 1555273.953041
    -- MCMC Step: 04040000 	Time(s): 1559460.333175
    -- MCMC Step: 04050000 	Time(s): 1563713.137593
    -- MCMC Step: 04060000 	Time(s): 1567999.816966
    -- MCMC Step: 04070000 	Time(s): 1572257.322575
    -- MCMC Step: 04080000 	Time(s): 1576538.583722
    -- MCMC Step: 04090000 	Time(s): 1580798.039464
    -- MCMC Step: 04100000 	Time(s): 1585106.931208
    -- MCMC Step: 04110000 	Time(s): 1589425.237686
    -- MCMC Step: 04120000 	Time(s): 1593698.772614
    -- MCMC Step: 04130000 	Time(s): 1597884.549526
    -- MCMC Step: 04140000 	Time(s): 1602060.606571
    -- MCMC Step: 04150000 	Time(s): 1606244.678798
    -- MCMC Step: 04160000 	Time(s): 1610379.882235
    -- MCMC Step: 04170000 	Time(s): 1614257.656336
    -- MCMC Step: 04180000 	Time(s): 1618089.262150
    -- MCMC Step: 04190000 	Time(s): 1622015.655881
    -- MCMC Step: 04200000 	Time(s): 1625910.299942
    -- MCMC Step: 04210000 	Time(s): 1629815.201990
    -- MCMC Step: 04220000 	Time(s): 1633725.631220
    -- MCMC Step: 04230000 	Time(s): 1637573.100093
    -- MCMC Step: 04240000 	Time(s): 1641410.283242
    -- MCMC Step: 04250000 	Time(s): 1645347.818777
    -- MCMC Step: 04260000 	Time(s): 1649180.839714
    -- MCMC Step: 04270000 	Time(s): 1653094.383726
    -- MCMC Step: 04280000 	Time(s): 1657048.801342
    -- MCMC Step: 04290000 	Time(s): 1661038.082042
    -- MCMC Step: 04300000 	Time(s): 1665002.016995
    -- MCMC Step: 04310000 	Time(s): 1668914.032133
    -- MCMC Step: 04320000 	Time(s): 1672793.262979
    -- MCMC Step: 04330000 	Time(s): 1676622.166420
    -- MCMC Step: 04340000 	Time(s): 1680448.364029
    -- MCMC Step: 04350000 	Time(s): 1684241.290398
    -- MCMC Step: 04360000 	Time(s): 1687890.140765
    -- MCMC Step: 04370000 	Time(s): 1691493.451946
    -- MCMC Step: 04380000 	Time(s): 1695059.711599
    -- MCMC Step: 04390000 	Time(s): 1698617.358382
    -- MCMC Step: 04400000 	Time(s): 1702013.010162
    -- MCMC Step: 04410000 	Time(s): 1705394.051206
    -- MCMC Step: 04420000 	Time(s): 1708561.752792
    -- MCMC Step: 04430000 	Time(s): 1711782.070291
    -- MCMC Step: 04440000 	Time(s): 1715130.235784
    -- MCMC Step: 04450000 	Time(s): 1718420.660264
    -- MCMC Step: 04460000 	Time(s): 1721704.644037
    -- MCMC Step: 04470000 	Time(s): 1724682.093198
    -- MCMC Step: 04480000 	Time(s): 1727449.432125
    -- MCMC Step: 04490000 	Time(s): 1730516.582660
    -- MCMC Step: 04500000 	Time(s): 1733793.006728
    -- MCMC Step: 04510000 	Time(s): 1737028.949026
    -- MCMC Step: 04520000 	Time(s): 1740158.674798
    -- MCMC Step: 04530000 	Time(s): 1743364.995402
    -- MCMC Step: 04540000 	Time(s): 1746650.638671
    -- MCMC Step: 04550000 	Time(s): 1750207.895485
    -- MCMC Step: 04560000 	Time(s): 1754048.160581
    -- MCMC Step: 04570000 	Time(s): 1757983.314959
    -- MCMC Step: 04580000 	Time(s): 1761992.394010
    -- MCMC Step: 04590000 	Time(s): 1765987.458850
    -- MCMC Step: 04600000 	Time(s): 1769887.932045
    -- MCMC Step: 04610000 	Time(s): 1773892.156995
    -- MCMC Step: 04620000 	Time(s): 1777978.841468
    -- MCMC Step: 04630000 	Time(s): 1782072.969331
    -- MCMC Step: 04640000 	Time(s): 1786085.737620
    -- MCMC Step: 04650000 	Time(s): 1790153.759316
    -- MCMC Step: 04660000 	Time(s): 1793699.686669
    -- MCMC Step: 04670000 	Time(s): 1796913.446806
    -- MCMC Step: 04680000 	Time(s): 1800118.467133
    -- MCMC Step: 04690000 	Time(s): 1803336.474373
    -- MCMC Step: 04700000 	Time(s): 1806713.035521
    -- MCMC Step: 04710000 	Time(s): 1810540.107923
    -- MCMC Step: 04720000 	Time(s): 1814557.643187
    -- MCMC Step: 04730000 	Time(s): 1819039.499560
    -- MCMC Step: 04740000 	Time(s): 1823206.745975
    -- MCMC Step: 04750000 	Time(s): 1827411.024035
    -- MCMC Step: 04760000 	Time(s): 1832642.646307
    -- MCMC Step: 04770000 	Time(s): 1837760.286528
    -- MCMC Step: 04780000 	Time(s): 1843806.180434
    -- MCMC Step: 04790000 	Time(s): 1849143.611570
    -- MCMC Step: 04800000 	Time(s): 1854059.466568
    -- MCMC Step: 04810000 	Time(s): 1859327.253513
    -- MCMC Step: 04820000 	Time(s): 1864265.567991
    -- MCMC Step: 04830000 	Time(s): 1868971.992756
    -- MCMC Step: 04840000 	Time(s): 1873431.419609
    -- MCMC Step: 04850000 	Time(s): 1877813.773999
    -- MCMC Step: 04860000 	Time(s): 1881986.582474
    -- MCMC Step: 04870000 	Time(s): 1886135.414597
    -- MCMC Step: 04880000 	Time(s): 1890284.650164
    -- MCMC Step: 04890000 	Time(s): 1894506.150428
    -- MCMC Step: 04900000 	Time(s): 1898988.985704
    -- MCMC Step: 04910000 	Time(s): 1903411.628147
    -- MCMC Step: 04920000 	Time(s): 1910887.338412
    -- MCMC Step: 04930000 	Time(s): 1918731.640910
    -- MCMC Step: 04940000 	Time(s): 1925854.056319
    -- MCMC Step: 04950000 	Time(s): 1932873.574144
    -- MCMC Step: 04960000 	Time(s): 1939677.155423
    -- MCMC Step: 04970000 	Time(s): 1946493.815488
    -- MCMC Step: 04980000 	Time(s): 1952971.413886
    -- MCMC Step: 04990000 	Time(s): 1959474.785506
    -- MCMC Step: 05000000 	Time(s): 1965914.632143
    -- MCMC Step: 05010000 	Time(s): 1971786.455214
    -- MCMC Step: 05020000 	Time(s): 1977135.982375
    -- MCMC Step: 05030000 	Time(s): 1984410.953030
    -- MCMC Step: 05040000 	Time(s): 1991285.760321
    -- MCMC Step: 05050000 	Time(s): 1997576.708042
    -- MCMC Step: 05060000 	Time(s): 2003349.287816
    -- MCMC Step: 05070000 	Time(s): 2008294.094136
    -- MCMC Step: 05080000 	Time(s): 2013331.989270
    -- MCMC Step: 05090000 	Time(s): 2018210.383785
    -- MCMC Step: 05100000 	Time(s): 2023144.032026
    -- MCMC Step: 05110000 	Time(s): 2027798.858789
    -- MCMC Step: 05120000 	Time(s): 2032389.885664
    -- MCMC Step: 05130000 	Time(s): 2036740.688918
    -- MCMC Step: 05140000 	Time(s): 2041041.160670
    -- MCMC Step: 05150000 	Time(s): 2044906.027564
    -- MCMC Step: 05160000 	Time(s): 2048788.082945
    -- MCMC Step: 05170000 	Time(s): 2052522.361363
    -- MCMC Step: 05180000 	Time(s): 2056031.779237
    -- MCMC Step: 05190000 	Time(s): 2059530.511336
    -- MCMC Step: 05200000 	Time(s): 2063289.566082
    -- MCMC Step: 05210000 	Time(s): 2067964.300613
    -- MCMC Step: 05220000 	Time(s): 2073029.942469
    -- MCMC Step: 05230000 	Time(s): 2077623.512521
    -- MCMC Step: 05240000 	Time(s): 2082392.320293
    -- MCMC Step: 05250000 	Time(s): 2087601.714309
    -- MCMC Step: 05260000 	Time(s): 2092858.384461
    -- MCMC Step: 05270000 	Time(s): 2097966.990365
    -- MCMC Step: 05280000 	Time(s): 2103137.209539
    -- MCMC Step: 05290000 	Time(s): 2108218.428230
    -- MCMC Step: 05300000 	Time(s): 2113256.828502
    -- MCMC Step: 05310000 	Time(s): 2118111.519236
    -- MCMC Step: 05320000 	Time(s): 2122717.841325
    -- MCMC Step: 05330000 	Time(s): 2127245.593413
    -- MCMC Step: 05340000 	Time(s): 2131522.707327
    -- MCMC Step: 05350000 	Time(s): 2135818.382605
    -- MCMC Step: 05360000 	Time(s): 2139934.235316
    -- MCMC Step: 05370000 	Time(s): 2144063.665412
    -- MCMC Step: 05380000 	Time(s): 2148143.096264
    -- MCMC Step: 05390000 	Time(s): 2152218.629307
    -- MCMC Step: 05400000 	Time(s): 2156282.544367
    -- MCMC Step: 05410000 	Time(s): 2160382.453217
    -- MCMC Step: 05420000 	Time(s): 2164524.273758
    -- MCMC Step: 05430000 	Time(s): 2168670.030668
    -- MCMC Step: 05440000 	Time(s): 2173074.681936
    -- MCMC Step: 05450000 	Time(s): 2177538.428638
    -- MCMC Step: 05460000 	Time(s): 2181793.454012
    -- MCMC Step: 05470000 	Time(s): 2186098.783131
    -- MCMC Step: 05480000 	Time(s): 2190515.601619
    -- MCMC Step: 05490000 	Time(s): 2194806.232956
    -- MCMC Step: 05500000 	Time(s): 2199131.837200
    -- MCMC Step: 05510000 	Time(s): 2203568.331100
    -- MCMC Step: 05520000 	Time(s): 2207895.541047
    -- MCMC Step: 05530000 	Time(s): 2212086.547111
    -- MCMC Step: 05540000 	Time(s): 2216262.737777
    -- MCMC Step: 05550000 	Time(s): 2220333.322379
    -- MCMC Step: 05560000 	Time(s): 2224409.925980
    -- MCMC Step: 05570000 	Time(s): 2228564.772790
    -- MCMC Step: 05580000 	Time(s): 2232710.661866
    -- MCMC Step: 05590000 	Time(s): 2236869.021783
    -- MCMC Step: 05600000 	Time(s): 2241045.627369
    -- MCMC Step: 05610000 	Time(s): 2245233.286689
    -- MCMC Step: 05620000 	Time(s): 2249470.122583
    -- MCMC Step: 05630000 	Time(s): 2253717.054051
    -- MCMC Step: 05640000 	Time(s): 2257904.827806
    -- MCMC Step: 05650000 	Time(s): 2262006.616382
    -- MCMC Step: 05660000 	Time(s): 2266166.369283
    -- MCMC Step: 05670000 	Time(s): 2270317.127603
    -- MCMC Step: 05680000 	Time(s): 2274418.060621
    -- MCMC Step: 05690000 	Time(s): 2278536.929211
    -- MCMC Step: 05700000 	Time(s): 2282702.214589
    -- MCMC Step: 05710000 	Time(s): 2286906.344211
    -- MCMC Step: 05720000 	Time(s): 2291075.337303
    -- MCMC Step: 05730000 	Time(s): 2295262.855011
    -- MCMC Step: 05740000 	Time(s): 2299405.942024
    -- MCMC Step: 05750000 	Time(s): 2303649.098283
    -- MCMC Step: 05760000 	Time(s): 2307889.071806
    -- MCMC Step: 05770000 	Time(s): 2312080.778552
    -- MCMC Step: 05780000 	Time(s): 2316240.515470
    -- MCMC Step: 05790000 	Time(s): 2320432.697021
    -- MCMC Step: 05800000 	Time(s): 2324665.321524
    -- MCMC Step: 05810000 	Time(s): 2328925.347940
    -- MCMC Step: 05820000 	Time(s): 2333133.905513
    -- MCMC Step: 05830000 	Time(s): 2337533.036715
    -- MCMC Step: 05840000 	Time(s): 2341849.050736
    -- MCMC Step: 05850000 	Time(s): 2346231.201792
    -- MCMC Step: 05860000 	Time(s): 2350658.466256
    -- MCMC Step: 05870000 	Time(s): 2355037.745901
    -- MCMC Step: 05880000 	Time(s): 2359381.020033
    -- MCMC Step: 05890000 	Time(s): 2363723.998012
    -- MCMC Step: 05900000 	Time(s): 2367919.398603
    -- MCMC Step: 05910000 	Time(s): 2371807.290884
    -- MCMC Step: 05920000 	Time(s): 2375346.117576
    -- MCMC Step: 05930000 	Time(s): 2378823.776244
    -- MCMC Step: 05940000 	Time(s): 2382292.712969
    -- MCMC Step: 05950000 	Time(s): 2385784.926402
    -- MCMC Step: 05960000 	Time(s): 2389256.528672
    -- MCMC Step: 05970000 	Time(s): 2392730.357893
    -- MCMC Step: 05980000 	Time(s): 2396224.689403
    -- MCMC Step: 05990000 	Time(s): 2399712.825692
    -- MCMC Step: 06000000 	Time(s): 2403216.680234
    -- MCMC Step: 06010000 	Time(s): 2406719.085246
    -- MCMC Step: 06020000 	Time(s): 2410165.917243
    -- MCMC Step: 06030000 	Time(s): 2413669.254828
    -- MCMC Step: 06040000 	Time(s): 2417194.667400
    -- MCMC Step: 06050000 	Time(s): 2421816.249852
    -- MCMC Step: 06060000 	Time(s): 2425451.150860
    -- MCMC Step: 06070000 	Time(s): 2429019.540637
    -- MCMC Step: 06080000 	Time(s): 2432346.294828
    -- MCMC Step: 06090000 	Time(s): 2435669.475298
    -- MCMC Step: 06100000 	Time(s): 2438962.752047
    -- MCMC Step: 06110000 	Time(s): 2442406.341377
    -- MCMC Step: 06120000 	Time(s): 2445877.552329
    -- MCMC Step: 06130000 	Time(s): 2449228.924063
    -- MCMC Step: 06140000 	Time(s): 2452544.118944
    -- MCMC Step: 06150000 	Time(s): 2455889.483093
    -- MCMC Step: 06160000 	Time(s): 2459209.638917
    -- MCMC Step: 06170000 	Time(s): 2462530.855227
    -- MCMC Step: 06180000 	Time(s): 2465751.993595
    -- MCMC Step: 06190000 	Time(s): 2468864.807509
    -- MCMC Step: 06200000 	Time(s): 2471877.442585
    -- MCMC Step: 06210000 	Time(s): 2474919.261276
    -- MCMC Step: 06220000 	Time(s): 2477975.690940
    -- MCMC Step: 06230000 	Time(s): 2481023.783526
    -- MCMC Step: 06240000 	Time(s): 2484182.563995
    -- MCMC Step: 06250000 	Time(s): 2487339.735313
    -- MCMC Step: 06260000 	Time(s): 2490495.353351
    -- MCMC Step: 06270000 	Time(s): 2493581.848073
    -- MCMC Step: 06280000 	Time(s): 2496620.002881
    -- MCMC Step: 06290000 	Time(s): 2499601.045885
    -- MCMC Step: 06300000 	Time(s): 2502752.291799
    -- MCMC Step: 06310000 	Time(s): 2506925.605751
    -- MCMC Step: 06320000 	Time(s): 2511100.775717
    -- MCMC Step: 06330000 	Time(s): 2515332.135815
    -- MCMC Step: 06340000 	Time(s): 2519644.303241
    -- MCMC Step: 06350000 	Time(s): 2524039.742906
    -- MCMC Step: 06360000 	Time(s): 2528574.394442
    -- MCMC Step: 06370000 	Time(s): 2533257.163508
    -- MCMC Step: 06380000 	Time(s): 2537865.849096
    -- MCMC Step: 06390000 	Time(s): 2542609.263136
    -- MCMC Step: 06400000 	Time(s): 2547205.596715
    -- MCMC Step: 06410000 	Time(s): 2551709.074037
    -- MCMC Step: 06420000 	Time(s): 2556176.625665
    -- MCMC Step: 06430000 	Time(s): 2560625.009824
    -- MCMC Step: 06440000 	Time(s): 2565220.137075
    -- MCMC Step: 06450000 	Time(s): 2569790.055680
    -- MCMC Step: 06460000 	Time(s): 2574353.767608
    -- MCMC Step: 06470000 	Time(s): 2579020.815425
    -- MCMC Step: 06480000 	Time(s): 2583755.158953
    -- MCMC Step: 06490000 	Time(s): 2588484.706621
    -- MCMC Step: 06500000 	Time(s): 2593250.456149
    -- MCMC Step: 06510000 	Time(s): 2598018.356871
    -- MCMC Step: 06520000 	Time(s): 2602554.748879
    -- MCMC Step: 06530000 	Time(s): 2607757.013205
    -- MCMC Step: 06540000 	Time(s): 2613037.359470
    -- MCMC Step: 06550000 	Time(s): 2618204.697480
    -- MCMC Step: 06560000 	Time(s): 2623238.717825
    -- MCMC Step: 06570000 	Time(s): 2628314.552418
    -- MCMC Step: 06580000 	Time(s): 2633397.351947
    -- MCMC Step: 06590000 	Time(s): 2638407.419499
    -- MCMC Step: 06600000 	Time(s): 2643437.974905
    -- MCMC Step: 06610000 	Time(s): 2648537.051711
    -- MCMC Step: 06620000 	Time(s): 2653586.191161
    -- MCMC Step: 06630000 	Time(s): 2658169.152802
    -- MCMC Step: 06640000 	Time(s): 2662836.878219
    -- MCMC Step: 06650000 	Time(s): 2667297.732758
    -- MCMC Step: 06660000 	Time(s): 2671537.633979
    -- MCMC Step: 06670000 	Time(s): 2675347.947293
    -- MCMC Step: 06680000 	Time(s): 2678855.674916
    -- MCMC Step: 06690000 	Time(s): 2682636.242234
    -- MCMC Step: 06700000 	Time(s): 2686430.504812
    -- MCMC Step: 06710000 	Time(s): 2690270.611303
    -- MCMC Step: 06720000 	Time(s): 2694235.948038
    -- MCMC Step: 06730000 	Time(s): 2698087.985501
    -- MCMC Step: 06740000 	Time(s): 2701962.762727
    -- MCMC Step: 06750000 	Time(s): 2707713.042774
    -- MCMC Step: 06760000 	Time(s): 2714409.333843
    -- MCMC Step: 06770000 	Time(s): 2721172.763944
    -- MCMC Step: 06780000 	Time(s): 2727766.229099
    -- MCMC Step: 06790000 	Time(s): 2734303.647521
    -- MCMC Step: 06800000 	Time(s): 2740855.249819
    -- MCMC Step: 06810000 	Time(s): 2747307.107329
    -- MCMC Step: 06820000 	Time(s): 2753787.397027
    -- MCMC Step: 06830000 	Time(s): 2759439.046221
    -- MCMC Step: 06840000 	Time(s): 2765094.957887
    -- MCMC Step: 06850000 	Time(s): 2770659.603438
    -- MCMC Step: 06860000 	Time(s): 2775555.963991
    -- MCMC Step: 06870000 	Time(s): 2780191.790667
    -- MCMC Step: 06880000 	Time(s): 2784473.091216
    -- MCMC Step: 06890000 	Time(s): 2788793.181658
    -- MCMC Step: 06900000 	Time(s): 2792988.723720
    -- MCMC Step: 06910000 	Time(s): 2797170.336366
    -- MCMC Step: 06920000 	Time(s): 2801330.470752
    -- MCMC Step: 06930000 	Time(s): 2805597.047475
    -- MCMC Step: 06940000 	Time(s): 2809869.002505
    -- MCMC Step: 06950000 	Time(s): 2814049.311265
    -- MCMC Step: 06960000 	Time(s): 2818038.085244
    -- MCMC Step: 06970000 	Time(s): 2821996.386397
    -- MCMC Step: 06980000 	Time(s): 2825776.236083
    -- MCMC Step: 06990000 	Time(s): 2829478.515998
    -- MCMC Step: 07000000 	Time(s): 2833181.935717
    -- MCMC Step: 07010000 	Time(s): 2836900.067112
    -- MCMC Step: 07020000 	Time(s): 2840614.618719
    -- MCMC Step: 07030000 	Time(s): 2844356.014525
    -- MCMC Step: 07040000 	Time(s): 2848010.366550
    -- MCMC Step: 07050000 	Time(s): 2851719.995626
    -- MCMC Step: 07060000 	Time(s): 2855255.601209
    -- MCMC Step: 07070000 	Time(s): 2858796.731236
    -- MCMC Step: 07080000 	Time(s): 2862364.183015
    -- MCMC Step: 07090000 	Time(s): 2866062.401047
    -- MCMC Step: 07100000 	Time(s): 2869785.591441
    -- MCMC Step: 07110000 	Time(s): 2873628.669076
    -- MCMC Step: 07120000 	Time(s): 2877477.108034
    -- MCMC Step: 07130000 	Time(s): 2881294.573524
    -- MCMC Step: 07140000 	Time(s): 2885117.443256
    -- MCMC Step: 07150000 	Time(s): 2888928.737492
    -- MCMC Step: 07160000 	Time(s): 2892670.087119
    -- MCMC Step: 07170000 	Time(s): 2896476.894862
    -- MCMC Step: 07180000 	Time(s): 2900187.807501
    -- MCMC Step: 07190000 	Time(s): 2903922.148453
    -- MCMC Step: 07200000 	Time(s): 2907657.148684
    -- MCMC Step: 07210000 	Time(s): 2911365.428044
    -- MCMC Step: 07220000 	Time(s): 2915115.435516
    -- MCMC Step: 07230000 	Time(s): 2918885.913198
    -- MCMC Step: 07240000 	Time(s): 2922632.309096
    -- MCMC Step: 07250000 	Time(s): 2926099.882539
    -- MCMC Step: 07260000 	Time(s): 2929531.158046
    -- MCMC Step: 07270000 	Time(s): 2932896.350871
    -- MCMC Step: 07280000 	Time(s): 2936422.113052
    -- MCMC Step: 07290000 	Time(s): 2939982.916024
    -- MCMC Step: 07300000 	Time(s): 2943531.187163
    -- MCMC Step: 07310000 	Time(s): 2947070.813105
    -- MCMC Step: 07320000 	Time(s): 2950563.033578
    -- MCMC Step: 07330000 	Time(s): 2954071.188064
    -- MCMC Step: 07340000 	Time(s): 2957280.535737
    -- MCMC Step: 07350000 	Time(s): 2960462.170160
    -- MCMC Step: 07360000 	Time(s): 2963674.926786
    -- MCMC Step: 07370000 	Time(s): 2966959.071165
    -- MCMC Step: 07380000 	Time(s): 2970167.961441
    -- MCMC Step: 07390000 	Time(s): 2973330.923025
    -- MCMC Step: 07400000 	Time(s): 2976456.550152
    -- MCMC Step: 07410000 	Time(s): 2979607.941218
    -- MCMC Step: 07420000 	Time(s): 2982819.170563
    -- MCMC Step: 07430000 	Time(s): 2986078.832171
    -- MCMC Step: 07440000 	Time(s): 2989345.213235
    -- MCMC Step: 07450000 	Time(s): 2992595.350069
    -- MCMC Step: 07460000 	Time(s): 2995872.090811
    -- MCMC Step: 07470000 	Time(s): 2999056.604928
    -- MCMC Step: 07480000 	Time(s): 3002208.820941
    -- MCMC Step: 07490000 	Time(s): 3005312.113423
    -- MCMC Step: 07500000 	Time(s): 3008295.709931
    -- MCMC Step: 07510000 	Time(s): 3011292.895726
    -- MCMC Step: 07520000 	Time(s): 3014315.462665
    -- MCMC Step: 07530000 	Time(s): 3017258.528472
    -- MCMC Step: 07540000 	Time(s): 3020230.986131
    -- MCMC Step: 07550000 	Time(s): 3023168.789689
    -- MCMC Step: 07560000 	Time(s): 3026086.278516
    -- MCMC Step: 07570000 	Time(s): 3029044.264198
    -- MCMC Step: 07580000 	Time(s): 3031999.465258
    -- MCMC Step: 07590000 	Time(s): 3034986.750642
    -- MCMC Step: 07600000 	Time(s): 3037925.746459
    -- MCMC Step: 07610000 	Time(s): 3040949.441017
    -- MCMC Step: 07620000 	Time(s): 3045656.054549
    -- MCMC Step: 07630000 	Time(s): 3051879.955031
    -- MCMC Step: 07640000 	Time(s): 3057945.849063
    -- MCMC Step: 07650000 	Time(s): 3063517.602329
    -- MCMC Step: 07660000 	Time(s): 3068546.512923
    -- MCMC Step: 07670000 	Time(s): 3073283.465162
    -- MCMC Step: 07680000 	Time(s): 3077696.069475
    -- MCMC Step: 07690000 	Time(s): 3082028.656000
    -- MCMC Step: 07700000 	Time(s): 3086016.550577
    -- MCMC Step: 07710000 	Time(s): 3089845.076989
    -- MCMC Step: 07720000 	Time(s): 3093447.904231
    -- MCMC Step: 07730000 	Time(s): 3096501.823120
    -- MCMC Step: 07740000 	Time(s): 3099498.692621
    -- MCMC Step: 07750000 	Time(s): 3102389.180095
    -- MCMC Step: 07760000 	Time(s): 3105412.604281
    -- MCMC Step: 07770000 	Time(s): 3108429.120304
    -- MCMC Step: 07780000 	Time(s): 3111631.272099
    -- MCMC Step: 07790000 	Time(s): 3114813.356256
    -- MCMC Step: 07800000 	Time(s): 3117920.511736
    -- MCMC Step: 07810000 	Time(s): 3121053.671758
    -- MCMC Step: 07820000 	Time(s): 3123960.177975
    -- MCMC Step: 07830000 	Time(s): 3126712.500259
    -- MCMC Step: 07840000 	Time(s): 3129389.836455
    -- MCMC Step: 07850000 	Time(s): 3132078.033280
    -- MCMC Step: 07860000 	Time(s): 3134733.647313
    -- MCMC Step: 07870000 	Time(s): 3137318.328639
    -- MCMC Step: 07880000 	Time(s): 3139983.184644
    -- MCMC Step: 07890000 	Time(s): 3142560.155749
    -- MCMC Step: 07900000 	Time(s): 3145099.608074
    -- MCMC Step: 07910000 	Time(s): 3147595.925445
    -- MCMC Step: 07920000 	Time(s): 3150142.424764
    -- MCMC Step: 07930000 	Time(s): 3152693.968615
    -- MCMC Step: 07940000 	Time(s): 3155157.739494
    -- MCMC Step: 07950000 	Time(s): 3157566.875107
    -- MCMC Step: 07960000 	Time(s): 3159854.561258
    -- MCMC Step: 07970000 	Time(s): 3162055.488210
    -- MCMC Step: 07980000 	Time(s): 3164253.273261
    -- MCMC Step: 07990000 	Time(s): 3166305.352143
    -- MCMC Step: 08000000 	Time(s): 3168373.015119
    -- MCMC Step: 08010000 	Time(s): 3170359.308600
    -- MCMC Step: 08020000 	Time(s): 3172327.720002
    -- MCMC Step: 08030000 	Time(s): 3174324.553210
    -- MCMC Step: 08040000 	Time(s): 3176311.876975
    -- MCMC Step: 08050000 	Time(s): 3178271.362653
    -- MCMC Step: 08060000 	Time(s): 3180088.173294
    -- MCMC Step: 08070000 	Time(s): 3181816.379782
    -- MCMC Step: 08080000 	Time(s): 3183539.510987
    -- MCMC Step: 08090000 	Time(s): 3185265.264069
    -- MCMC Step: 08100000 	Time(s): 3186985.614299
    -- MCMC Step: 08110000 	Time(s): 3188714.230238
    -- MCMC Step: 08120000 	Time(s): 3190432.494818
    -- MCMC Step: 08130000 	Time(s): 3192421.800316
    -- MCMC Step: 08140000 	Time(s): 3194543.739596
    -- MCMC Step: 08150000 	Time(s): 3196729.119204
    -- MCMC Step: 08160000 	Time(s): 3198934.142998
    -- MCMC Step: 08170000 	Time(s): 3201134.582543
    -- MCMC Step: 08180000 	Time(s): 3203344.824619
    -- MCMC Step: 08190000 	Time(s): 3205557.154720
    -- MCMC Step: 08200000 	Time(s): 3207779.968452
    -- MCMC Step: 08210000 	Time(s): 3209987.289531
    -- MCMC Step: 08220000 	Time(s): 3212196.842691
    -- MCMC Step: 08230000 	Time(s): 3214380.999210
    -- MCMC Step: 08240000 	Time(s): 3216578.258392
    -- MCMC Step: 08250000 	Time(s): 3218733.302931
    -- MCMC Step: 08260000 	Time(s): 3220903.776372
    -- MCMC Step: 08270000 	Time(s): 3223105.563111
    -- MCMC Step: 08280000 	Time(s): 3225103.133829
    -- MCMC Step: 08290000 	Time(s): 3227067.464906
    -- MCMC Step: 08300000 	Time(s): 3229041.135865
    -- MCMC Step: 08310000 	Time(s): 3230996.317186
    -- MCMC Step: 08320000 	Time(s): 3232984.846292
    -- MCMC Step: 08330000 	Time(s): 3234951.366693
    -- MCMC Step: 08340000 	Time(s): 3236905.740423
    -- MCMC Step: 08350000 	Time(s): 3238864.923636
    -- MCMC Step: 08360000 	Time(s): 3240840.392661
    -- MCMC Step: 08370000 	Time(s): 3242788.368170
    -- MCMC Step: 08380000 	Time(s): 3244747.986313
    -- MCMC Step: 08390000 	Time(s): 3246719.981101
    -- MCMC Step: 08400000 	Time(s): 3248689.007639
    -- MCMC Step: 08410000 	Time(s): 3250653.370867
    -- MCMC Step: 08420000 	Time(s): 3252573.717189
    -- MCMC Step: 08430000 	Time(s): 3254607.272151
    -- MCMC Step: 08440000 	Time(s): 3256571.880403
    -- MCMC Step: 08450000 	Time(s): 3258587.300024
    -- MCMC Step: 08460000 	Time(s): 3260576.864372
    -- MCMC Step: 08470000 	Time(s): 3262521.471555
    -- MCMC Step: 08480000 	Time(s): 3264492.942127
    -- MCMC Step: 08490000 	Time(s): 3266452.808409
    -- MCMC Step: 08500000 	Time(s): 3268395.276877
    -- MCMC Step: 08510000 	Time(s): 3270352.135468
    -- MCMC Step: 08520000 	Time(s): 3272308.279655
    -- MCMC Step: 08530000 	Time(s): 3274277.670065
    -- MCMC Step: 08540000 	Time(s): 3276255.026551
    -- MCMC Step: 08550000 	Time(s): 3278241.746094
    -- MCMC Step: 08560000 	Time(s): 3280244.868594
    -- MCMC Step: 08570000 	Time(s): 3282187.246619
    -- MCMC Step: 08580000 	Time(s): 3284098.390756
    -- MCMC Step: 08590000 	Time(s): 3286005.117461
    -- MCMC Step: 08600000 	Time(s): 3287911.169049
    -- MCMC Step: 08610000 	Time(s): 3289816.762742
    -- MCMC Step: 08620000 	Time(s): 3291742.127620
    -- MCMC Step: 08630000 	Time(s): 3293680.621292
    -- MCMC Step: 08640000 	Time(s): 3295625.200153
    -- MCMC Step: 08650000 	Time(s): 3297585.969352
    -- MCMC Step: 08660000 	Time(s): 3299538.371463
    -- MCMC Step: 08670000 	Time(s): 3301495.424924
    -- MCMC Step: 08680000 	Time(s): 3303466.270971
    -- MCMC Step: 08690000 	Time(s): 3305432.654371
    -- MCMC Step: 08700000 	Time(s): 3307540.252162
    -- MCMC Step: 08710000 	Time(s): 3309634.275738
    -- MCMC Step: 08720000 	Time(s): 3311634.578136
    -- MCMC Step: 08730000 	Time(s): 3313597.854849
    -- MCMC Step: 08740000 	Time(s): 3315569.821971
    -- MCMC Step: 08750000 	Time(s): 3317522.269615
    -- MCMC Step: 08760000 	Time(s): 3319496.151661
    -- MCMC Step: 08770000 	Time(s): 3321479.064370
    -- MCMC Step: 08780000 	Time(s): 3323431.477491
    -- MCMC Step: 08790000 	Time(s): 3325394.948074
    -- MCMC Step: 08800000 	Time(s): 3327363.515548
    -- MCMC Step: 08810000 	Time(s): 3329338.569083
    -- MCMC Step: 08820000 	Time(s): 3331299.736403
    -- MCMC Step: 08830000 	Time(s): 3333285.054608
    -- MCMC Step: 08840000 	Time(s): 3335247.172611
    -- MCMC Step: 08850000 	Time(s): 3337190.312622
    -- MCMC Step: 08860000 	Time(s): 3339055.083725
    -- MCMC Step: 08870000 	Time(s): 3340826.349251
    -- MCMC Step: 08880000 	Time(s): 3342588.432392
    -- MCMC Step: 08890000 	Time(s): 3344360.255312
    -- MCMC Step: 08900000 	Time(s): 3346122.844470
    -- MCMC Step: 08910000 	Time(s): 3347883.604283
    -- MCMC Step: 08920000 	Time(s): 3349660.708062
    -- MCMC Step: 08930000 	Time(s): 3351421.025261
    -- MCMC Step: 08940000 	Time(s): 3353190.713981
    -- MCMC Step: 08950000 	Time(s): 3354959.713208
    -- MCMC Step: 08960000 	Time(s): 3356732.444923
    -- MCMC Step: 08970000 	Time(s): 3358505.889067
    -- MCMC Step: 08980000 	Time(s): 3360284.544794
    -- MCMC Step: 08990000 	Time(s): 3362044.811972
    -- MCMC Step: 09000000 	Time(s): 3363781.123791
    -- MCMC Step: 09010000 	Time(s): 3365527.104457
    -- MCMC Step: 09020000 	Time(s): 3367270.477143
    -- MCMC Step: 09030000 	Time(s): 3369029.022055
    -- MCMC Step: 09040000 	Time(s): 3370774.644591
    -- MCMC Step: 09050000 	Time(s): 3372526.375983
    -- MCMC Step: 09060000 	Time(s): 3374272.122305
    -- MCMC Step: 09070000 	Time(s): 3376019.535407
    -- MCMC Step: 09080000 	Time(s): 3377768.480414
    -- MCMC Step: 09090000 	Time(s): 3379511.160031
    -- MCMC Step: 09100000 	Time(s): 3381260.049687
    -- MCMC Step: 09110000 	Time(s): 3383006.271688
    -- MCMC Step: 09120000 	Time(s): 3384766.627450
    -- MCMC Step: 09130000 	Time(s): 3386521.104156
    -- MCMC Step: 09140000 	Time(s): 3388270.551921
    -- MCMC Step: 09150000 	Time(s): 3390018.843760
    -- MCMC Step: 09160000 	Time(s): 3391770.669294
    -- MCMC Step: 09170000 	Time(s): 3393545.310913
    -- MCMC Step: 09180000 	Time(s): 3395265.791745
    -- MCMC Step: 09190000 	Time(s): 3396915.026306
    -- MCMC Step: 09200000 	Time(s): 3398571.314903
    -- MCMC Step: 09210000 	Time(s): 3400217.922624
    -- MCMC Step: 09220000 	Time(s): 3401861.210341
    -- MCMC Step: 09230000 	Time(s): 3403506.276041
    -- MCMC Step: 09240000 	Time(s): 3405152.003651
    -- MCMC Step: 09250000 	Time(s): 3406801.870732
    -- MCMC Step: 09260000 	Time(s): 3408487.449479
    -- MCMC Step: 09270000 	Time(s): 3410223.599677
    -- MCMC Step: 09280000 	Time(s): 3411958.195618
    -- MCMC Step: 09290000 	Time(s): 3413701.131122
    -- MCMC Step: 09300000 	Time(s): 3415441.060670
    -- MCMC Step: 09310000 	Time(s): 3417182.537807
    -- MCMC Step: 09320000 	Time(s): 3418930.473720
    -- MCMC Step: 09330000 	Time(s): 3420680.441039
    -- MCMC Step: 09340000 	Time(s): 3422425.971747
    -- MCMC Step: 09350000 	Time(s): 3424177.145254
    -- MCMC Step: 09360000 	Time(s): 3425838.995159
    -- MCMC Step: 09370000 	Time(s): 3427491.217954
    -- MCMC Step: 09380000 	Time(s): 3429150.626479
    -- MCMC Step: 09390000 	Time(s): 3430813.242666
    -- MCMC Step: 09400000 	Time(s): 3432478.921993
    -- MCMC Step: 09410000 	Time(s): 3434141.439568
    -- MCMC Step: 09420000 	Time(s): 3435790.905021
    -- MCMC Step: 09430000 	Time(s): 3437443.911285
    -- MCMC Step: 09440000 	Time(s): 3439185.836160
    -- MCMC Step: 09450000 	Time(s): 3440941.969123
    -- MCMC Step: 09460000 	Time(s): 3442632.928619
    -- MCMC Step: 09470000 	Time(s): 3444283.923653
    -- MCMC Step: 09480000 	Time(s): 3445935.118392
    -- MCMC Step: 09490000 	Time(s): 3447603.888463
    -- MCMC Step: 09500000 	Time(s): 3449285.407521
    -- MCMC Step: 09510000 	Time(s): 3450940.933178
    -- MCMC Step: 09520000 	Time(s): 3452626.687194
    -- MCMC Step: 09530000 	Time(s): 3454291.743914
    -- MCMC Step: 09540000 	Time(s): 3455966.405013
    -- MCMC Step: 09550000 	Time(s): 3457641.983446
    -- MCMC Step: 09560000 	Time(s): 3459324.347676
    -- MCMC Step: 09570000 	Time(s): 3461016.819850
    -- MCMC Step: 09580000 	Time(s): 3462696.485529
    -- MCMC Step: 09590000 	Time(s): 3464391.917247
    -- MCMC Step: 09600000 	Time(s): 3466068.212401
    -- MCMC Step: 09610000 	Time(s): 3467724.635020
    -- MCMC Step: 09620000 	Time(s): 3469385.529338
    -- MCMC Step: 09630000 	Time(s): 3471055.815391
    -- MCMC Step: 09640000 	Time(s): 3472753.837038
    -- MCMC Step: 09650000 	Time(s): 3474380.847715
    -- MCMC Step: 09660000 	Time(s): 3475971.505282
    -- MCMC Step: 09670000 	Time(s): 3477573.596964
    -- MCMC Step: 09680000 	Time(s): 3479113.676250
    -- MCMC Step: 09690000 	Time(s): 3480682.758783
    -- MCMC Step: 09700000 	Time(s): 3482301.684335
    -- MCMC Step: 09710000 	Time(s): 3483998.578451
    -- MCMC Step: 09720000 	Time(s): 3485678.065125
    -- MCMC Step: 09730000 	Time(s): 3487352.926192
    -- MCMC Step: 09740000 	Time(s): 3489000.819365
    -- MCMC Step: 09750000 	Time(s): 3490645.196441
    -- MCMC Step: 09760000 	Time(s): 3492295.143563
    -- MCMC Step: 09770000 	Time(s): 3493944.175414
    -- MCMC Step: 09780000 	Time(s): 3495598.019929
    -- MCMC Step: 09790000 	Time(s): 3497250.504932
    -- MCMC Step: 09800000 	Time(s): 3498905.517888
    -- MCMC Step: 09810000 	Time(s): 3500547.357174
    -- MCMC Step: 09820000 	Time(s): 3502144.508628
    -- MCMC Step: 09830000 	Time(s): 3503686.434308
    -- MCMC Step: 09840000 	Time(s): 3505206.889981
    -- MCMC Step: 09850000 	Time(s): 3506740.993096
    -- MCMC Step: 09860000 	Time(s): 3508293.230904
    -- MCMC Step: 09870000 	Time(s): 3509817.653048
    -- MCMC Step: 09880000 	Time(s): 3511367.558011
    -- MCMC Step: 09890000 	Time(s): 3512915.407012
    -- MCMC Step: 09900000 	Time(s): 3514473.100008
    -- MCMC Step: 09910000 	Time(s): 3516036.836885
    -- MCMC Step: 09920000 	Time(s): 3517590.901549
    -- MCMC Step: 09930000 	Time(s): 3519147.742533
    -- MCMC Step: 09940000 	Time(s): 3520670.500445
    -- MCMC Step: 09950000 	Time(s): 3522173.405616
    -- MCMC Step: 09960000 	Time(s): 3523659.300108
    -- MCMC Step: 09970000 	Time(s): 3525153.333850
    -- MCMC Step: 09980000 	Time(s): 3526630.901826
    -- MCMC Step: 09990000 	Time(s): 3528119.521484
    -- MCMC Step: 10000000 	Time(s): 3529644.519204
  Saving final MCMC simulation data ...
****************************************
Done successfully!
Cumulative number of energy calculations: 10000002
Elapsed time: 3529651.5017256737 seconds
Finished on: 2023-11-05 22:03:59.764089
