Executed on: 2023-09-18 02:40:50.370401
PFP client version: 1.11.0
Model version: v3.0.0
Calculation mode: CRYSTAL_PLUS_D3
Method type: PFVM
****************************************
Examining NCM811 ...
  Importing initial (known) stable/unstable structures ...
    Supercell size: 5 × 4 × 1
    Number of atoms (perfect): 240
    Cell parameters (a, b, c): 2.874400, 2.878125, 14.114900
    Structural parameter range (min, max): 0.000000, 0.500000
    Number of discrete structural parameters: 60
    Structural parameter spacing: 0.008475
  Importing energies and 1-D DOS from previous WL simlation ...
    Energy range (min, max): -1058.411566, -1054.392101
    Number of energy states: 60
    Energy spacing (eV): 0.068127
  Performing multicanonical Monte Carlo (MCMC) sampling ...
    Number of NNP-neighbors: 11400
    Maximum number of Monte Carlo steps: 10000000
    Trial move style: swap
    -- MCMC Step: 00000000 	Time(s): 0.518225
    -- MCMC Step: 00010000 	Time(s): 1589.969699
    -- MCMC Step: 00020000 	Time(s): 3230.030525
    -- MCMC Step: 00030000 	Time(s): 4864.172792
    -- MCMC Step: 00040000 	Time(s): 6461.394898
    -- MCMC Step: 00050000 	Time(s): 8136.917731
    -- MCMC Step: 00060000 	Time(s): 9740.378283
    -- MCMC Step: 00070000 	Time(s): 11371.955357
    -- MCMC Step: 00080000 	Time(s): 13122.409826
    -- MCMC Step: 00090000 	Time(s): 14732.668381
    -- MCMC Step: 00100000 	Time(s): 16401.284286
    -- MCMC Step: 00110000 	Time(s): 18037.665400
    -- MCMC Step: 00120000 	Time(s): 19666.860556
    -- MCMC Step: 00130000 	Time(s): 21395.691527
    -- MCMC Step: 00140000 	Time(s): 23090.208288
    -- MCMC Step: 00150000 	Time(s): 24776.003145
    -- MCMC Step: 00160000 	Time(s): 26439.816050
    -- MCMC Step: 00170000 	Time(s): 28101.200171
    -- MCMC Step: 00180000 	Time(s): 29736.301461
    -- MCMC Step: 00190000 	Time(s): 31425.262663
    -- MCMC Step: 00200000 	Time(s): 33122.403096
    -- MCMC Step: 00210000 	Time(s): 34814.671909
    -- MCMC Step: 00220000 	Time(s): 36533.963929
    -- MCMC Step: 00230000 	Time(s): 38231.327518
    -- MCMC Step: 00240000 	Time(s): 39906.951557
    -- MCMC Step: 00250000 	Time(s): 41545.342776
    -- MCMC Step: 00260000 	Time(s): 43199.684271
    -- MCMC Step: 00270000 	Time(s): 44770.113316
    -- MCMC Step: 00280000 	Time(s): 46374.407312
    -- MCMC Step: 00290000 	Time(s): 48002.715364
    -- MCMC Step: 00300000 	Time(s): 49631.519016
    -- MCMC Step: 00310000 	Time(s): 51255.451726
    -- MCMC Step: 00320000 	Time(s): 52932.368994
    -- MCMC Step: 00330000 	Time(s): 54599.050407
    -- MCMC Step: 00340000 	Time(s): 56215.538696
    -- MCMC Step: 00350000 	Time(s): 57852.854146
    -- MCMC Step: 00360000 	Time(s): 59449.083218
    -- MCMC Step: 00370000 	Time(s): 61081.263571
    -- MCMC Step: 00380000 	Time(s): 62725.940291
    -- MCMC Step: 00390000 	Time(s): 64333.807060
    -- MCMC Step: 00400000 	Time(s): 65948.713022
    -- MCMC Step: 00410000 	Time(s): 67539.339778
    -- MCMC Step: 00420000 	Time(s): 69202.330659
    -- MCMC Step: 00430000 	Time(s): 70828.878999
    -- MCMC Step: 00440000 	Time(s): 72520.332661
    -- MCMC Step: 00450000 	Time(s): 74101.462387
    -- MCMC Step: 00460000 	Time(s): 75698.566158
    -- MCMC Step: 00470000 	Time(s): 77357.773189
    -- MCMC Step: 00480000 	Time(s): 79085.978744
    -- MCMC Step: 00490000 	Time(s): 80761.815305
    -- MCMC Step: 00500000 	Time(s): 82402.694907
    -- MCMC Step: 00510000 	Time(s): 84097.398326
    -- MCMC Step: 00520000 	Time(s): 85814.851665
    -- MCMC Step: 00530000 	Time(s): 87537.541209
    -- MCMC Step: 00540000 	Time(s): 89191.261336
    -- MCMC Step: 00550000 	Time(s): 90925.643791
    -- MCMC Step: 00560000 	Time(s): 92709.592294
    -- MCMC Step: 00570000 	Time(s): 94829.392904
    -- MCMC Step: 00580000 	Time(s): 96921.373178
    -- MCMC Step: 00590000 	Time(s): 99015.529525
    -- MCMC Step: 00600000 	Time(s): 101533.515244
    -- MCMC Step: 00610000 	Time(s): 104052.839487
    -- MCMC Step: 00620000 	Time(s): 106582.305038
    -- MCMC Step: 00630000 	Time(s): 109087.338812
    -- MCMC Step: 00640000 	Time(s): 111631.566126
    -- MCMC Step: 00650000 	Time(s): 114279.892461
    -- MCMC Step: 00660000 	Time(s): 117024.747850
    -- MCMC Step: 00670000 	Time(s): 119745.842516
    -- MCMC Step: 00680000 	Time(s): 122456.528783
    -- MCMC Step: 00690000 	Time(s): 125184.131423
    -- MCMC Step: 00700000 	Time(s): 127950.107433
    -- MCMC Step: 00710000 	Time(s): 130685.129048
    -- MCMC Step: 00720000 	Time(s): 133403.723335
    -- MCMC Step: 00730000 	Time(s): 136134.557783
    -- MCMC Step: 00740000 	Time(s): 138841.805483
    -- MCMC Step: 00750000 	Time(s): 141544.545731
    -- MCMC Step: 00760000 	Time(s): 144244.119938
    -- MCMC Step: 00770000 	Time(s): 146939.328258
    -- MCMC Step: 00780000 	Time(s): 149688.489492
    -- MCMC Step: 00790000 	Time(s): 152340.192827
    -- MCMC Step: 00800000 	Time(s): 154963.268437
    -- MCMC Step: 00810000 	Time(s): 157502.955079
    -- MCMC Step: 00820000 	Time(s): 160025.740138
    -- MCMC Step: 00830000 	Time(s): 162616.582426
    -- MCMC Step: 00840000 	Time(s): 165224.066947
    -- MCMC Step: 00850000 	Time(s): 167817.379764
    -- MCMC Step: 00860000 	Time(s): 170423.433754
    -- MCMC Step: 00870000 	Time(s): 172987.485830
    -- MCMC Step: 00880000 	Time(s): 175359.376797
    -- MCMC Step: 00890000 	Time(s): 177728.061699
    -- MCMC Step: 00900000 	Time(s): 179847.890292
    -- MCMC Step: 00910000 	Time(s): 181833.141255
    -- MCMC Step: 00920000 	Time(s): 184134.891740
    -- MCMC Step: 00930000 	Time(s): 186018.660487
    -- MCMC Step: 00940000 	Time(s): 188071.386580
    -- MCMC Step: 00950000 	Time(s): 190240.537473
    -- MCMC Step: 00960000 	Time(s): 192547.826838
    -- MCMC Step: 00970000 	Time(s): 194803.345768
    -- MCMC Step: 00980000 	Time(s): 197004.280947
    -- MCMC Step: 00990000 	Time(s): 199106.173004
    -- MCMC Step: 01000000 	Time(s): 201411.676539
    -- MCMC Step: 01010000 	Time(s): 203734.645290
    -- MCMC Step: 01020000 	Time(s): 206096.368058
    -- MCMC Step: 01030000 	Time(s): 208489.660388
    -- MCMC Step: 01040000 	Time(s): 210883.827091
    -- MCMC Step: 01050000 	Time(s): 213291.565807
    -- MCMC Step: 01060000 	Time(s): 215644.165663
    -- MCMC Step: 01070000 	Time(s): 218015.854166
    -- MCMC Step: 01080000 	Time(s): 220406.890695
    -- MCMC Step: 01090000 	Time(s): 222811.185349
    -- MCMC Step: 01100000 	Time(s): 225204.548213
    -- MCMC Step: 01110000 	Time(s): 227603.284394
    -- MCMC Step: 01120000 	Time(s): 229994.134103
    -- MCMC Step: 01130000 	Time(s): 232346.172111
    -- MCMC Step: 01140000 	Time(s): 234714.453379
    -- MCMC Step: 01150000 	Time(s): 237106.059394
    -- MCMC Step: 01160000 	Time(s): 239423.922721
    -- MCMC Step: 01170000 	Time(s): 241672.065051
    -- MCMC Step: 01180000 	Time(s): 243935.844745
    -- MCMC Step: 01190000 	Time(s): 246164.271781
    -- MCMC Step: 01200000 	Time(s): 248440.994568
    -- MCMC Step: 01210000 	Time(s): 250711.299706
    -- MCMC Step: 01220000 	Time(s): 253017.214370
    -- MCMC Step: 01230000 	Time(s): 255331.068508
    -- MCMC Step: 01240000 	Time(s): 257446.442856
    -- MCMC Step: 01250000 	Time(s): 259549.823414
    -- MCMC Step: 01260000 	Time(s): 262004.368141
    -- MCMC Step: 01270000 	Time(s): 264258.807633
    -- MCMC Step: 01280000 	Time(s): 266513.844692
    -- MCMC Step: 01290000 	Time(s): 268717.323384
    -- MCMC Step: 01300000 	Time(s): 271078.155256
    -- MCMC Step: 01310000 	Time(s): 273396.897829
    -- MCMC Step: 01320000 	Time(s): 275707.804617
    -- MCMC Step: 01330000 	Time(s): 278061.644493
    -- MCMC Step: 01340000 	Time(s): 280424.112909
    -- MCMC Step: 01350000 	Time(s): 282816.162173
    -- MCMC Step: 01360000 	Time(s): 285284.306952
    -- MCMC Step: 01370000 	Time(s): 287834.229539
    -- MCMC Step: 01380000 	Time(s): 290176.862526
    -- MCMC Step: 01390000 	Time(s): 292558.212391
    -- MCMC Step: 01400000 	Time(s): 294940.269560
    -- MCMC Step: 01410000 	Time(s): 297301.751040
    -- MCMC Step: 01420000 	Time(s): 299667.405688
    -- MCMC Step: 01430000 	Time(s): 302031.746422
    -- MCMC Step: 01440000 	Time(s): 304382.094595
    -- MCMC Step: 01450000 	Time(s): 306733.830578
    -- MCMC Step: 01460000 	Time(s): 309112.813058
    -- MCMC Step: 01470000 	Time(s): 311500.385863
    -- MCMC Step: 01480000 	Time(s): 313908.193785
    -- MCMC Step: 01490000 	Time(s): 316301.867928
    -- MCMC Step: 01500000 	Time(s): 318679.046697
    -- MCMC Step: 01510000 	Time(s): 321045.805017
    -- MCMC Step: 01520000 	Time(s): 323413.531124
    -- MCMC Step: 01530000 	Time(s): 325778.785146
    -- MCMC Step: 01540000 	Time(s): 328159.134660
    -- MCMC Step: 01550000 	Time(s): 330549.212578
    -- MCMC Step: 01560000 	Time(s): 332955.662515
    -- MCMC Step: 01570000 	Time(s): 335417.165192
    -- MCMC Step: 01580000 	Time(s): 337870.297932
    -- MCMC Step: 01590000 	Time(s): 340297.338623
    -- MCMC Step: 01600000 	Time(s): 342724.795162
    -- MCMC Step: 01610000 	Time(s): 345135.891638
    -- MCMC Step: 01620000 	Time(s): 347347.228026
    -- MCMC Step: 01630000 	Time(s): 349215.614788
    -- MCMC Step: 01640000 	Time(s): 351504.540364
    -- MCMC Step: 01650000 	Time(s): 353807.717234
    -- MCMC Step: 01660000 	Time(s): 356375.183034
    -- MCMC Step: 01670000 	Time(s): 359099.750815
    -- MCMC Step: 01680000 	Time(s): 361795.606721
    -- MCMC Step: 01690000 	Time(s): 364413.349482
    -- MCMC Step: 01700000 	Time(s): 366933.863786
    -- MCMC Step: 01710000 	Time(s): 369525.698103
    -- MCMC Step: 01720000 	Time(s): 372159.559032
    -- MCMC Step: 01730000 	Time(s): 374824.885714
    -- MCMC Step: 01740000 	Time(s): 377514.803544
    -- MCMC Step: 01750000 	Time(s): 380190.263984
    -- MCMC Step: 01760000 	Time(s): 382857.273472
    -- MCMC Step: 01770000 	Time(s): 385538.861631
    -- MCMC Step: 01780000 	Time(s): 388222.093771
    -- MCMC Step: 01790000 	Time(s): 390973.979694
    -- MCMC Step: 01800000 	Time(s): 393736.788354
    -- MCMC Step: 01810000 	Time(s): 396461.006713
    -- MCMC Step: 01820000 	Time(s): 399146.146219
    -- MCMC Step: 01830000 	Time(s): 401794.423347
    -- MCMC Step: 01840000 	Time(s): 404471.843327
    -- MCMC Step: 01850000 	Time(s): 407148.606229
    -- MCMC Step: 01860000 	Time(s): 409829.315309
    -- MCMC Step: 01870000 	Time(s): 412486.826874
    -- MCMC Step: 01880000 	Time(s): 415119.918707
    -- MCMC Step: 01890000 	Time(s): 417744.047970
    -- MCMC Step: 01900000 	Time(s): 420346.941429
    -- MCMC Step: 01910000 	Time(s): 422848.358618
    -- MCMC Step: 01920000 	Time(s): 425361.837220
    -- MCMC Step: 01930000 	Time(s): 427900.967213
    -- MCMC Step: 01940000 	Time(s): 430464.740754
    -- MCMC Step: 01950000 	Time(s): 433041.346731
    -- MCMC Step: 01960000 	Time(s): 435649.197315
    -- MCMC Step: 01970000 	Time(s): 438288.195558
    -- MCMC Step: 01980000 	Time(s): 440895.523683
    -- MCMC Step: 01990000 	Time(s): 443427.142121
    -- MCMC Step: 02000000 	Time(s): 445916.306831
    -- MCMC Step: 02010000 	Time(s): 448411.997992
    -- MCMC Step: 02020000 	Time(s): 450887.629874
    -- MCMC Step: 02030000 	Time(s): 453377.209466
    -- MCMC Step: 02040000 	Time(s): 455861.203985
    -- MCMC Step: 02050000 	Time(s): 458353.181904
    -- MCMC Step: 02060000 	Time(s): 460843.936535
    -- MCMC Step: 02070000 	Time(s): 463321.301513
    -- MCMC Step: 02080000 	Time(s): 465808.347372
    -- MCMC Step: 02090000 	Time(s): 468265.180107
    -- MCMC Step: 02100000 	Time(s): 470734.274982
    -- MCMC Step: 02110000 	Time(s): 473190.353702
    -- MCMC Step: 02120000 	Time(s): 475625.215080
    -- MCMC Step: 02130000 	Time(s): 478042.188717
    -- MCMC Step: 02140000 	Time(s): 480450.216857
    -- MCMC Step: 02150000 	Time(s): 482883.541372
    -- MCMC Step: 02160000 	Time(s): 485322.807007
    -- MCMC Step: 02170000 	Time(s): 487727.474721
    -- MCMC Step: 02180000 	Time(s): 490021.174038
    -- MCMC Step: 02190000 	Time(s): 492351.859221
    -- MCMC Step: 02200000 	Time(s): 494678.045238
    -- MCMC Step: 02210000 	Time(s): 496951.142813
    -- MCMC Step: 02220000 	Time(s): 499147.502085
    -- MCMC Step: 02230000 	Time(s): 501322.685224
    -- MCMC Step: 02240000 	Time(s): 503504.841986
    -- MCMC Step: 02250000 	Time(s): 505686.870433
    -- MCMC Step: 02260000 	Time(s): 507850.809738
    -- MCMC Step: 02270000 	Time(s): 510013.972494
    -- MCMC Step: 02280000 	Time(s): 512204.184582
    -- MCMC Step: 02290000 	Time(s): 514400.078796
    -- MCMC Step: 02300000 	Time(s): 516505.126802
    -- MCMC Step: 02310000 	Time(s): 518449.611465
    -- MCMC Step: 02320000 	Time(s): 520410.028286
    -- MCMC Step: 02330000 	Time(s): 522357.895134
    -- MCMC Step: 02340000 	Time(s): 524333.564960
    -- MCMC Step: 02350000 	Time(s): 526288.045169
    -- MCMC Step: 02360000 	Time(s): 528240.675013
    -- MCMC Step: 02370000 	Time(s): 530229.492335
    -- MCMC Step: 02380000 	Time(s): 532231.778701
    -- MCMC Step: 02390000 	Time(s): 534210.536314
    -- MCMC Step: 02400000 	Time(s): 536185.163783
    -- MCMC Step: 02410000 	Time(s): 538141.952560
    -- MCMC Step: 02420000 	Time(s): 540107.717129
    -- MCMC Step: 02430000 	Time(s): 541848.992560
    -- MCMC Step: 02440000 	Time(s): 543446.239009
    -- MCMC Step: 02450000 	Time(s): 545028.839770
    -- MCMC Step: 02460000 	Time(s): 546601.489390
    -- MCMC Step: 02470000 	Time(s): 548181.654379
    -- MCMC Step: 02480000 	Time(s): 549764.703476
    -- MCMC Step: 02490000 	Time(s): 551375.715663
    -- MCMC Step: 02500000 	Time(s): 552968.739215
    -- MCMC Step: 02510000 	Time(s): 554546.081896
    -- MCMC Step: 02520000 	Time(s): 556102.365351
    -- MCMC Step: 02530000 	Time(s): 557651.366854
    -- MCMC Step: 02540000 	Time(s): 559202.871804
    -- MCMC Step: 02550000 	Time(s): 560817.455258
    -- MCMC Step: 02560000 	Time(s): 562381.891019
    -- MCMC Step: 02570000 	Time(s): 563948.919635
    -- MCMC Step: 02580000 	Time(s): 565516.644601
    -- MCMC Step: 02590000 	Time(s): 567083.425357
    -- MCMC Step: 02600000 	Time(s): 568640.157622
    -- MCMC Step: 02610000 	Time(s): 570179.213281
    -- MCMC Step: 02620000 	Time(s): 571727.602525
    -- MCMC Step: 02630000 	Time(s): 573262.998662
    -- MCMC Step: 02640000 	Time(s): 574800.455975
    -- MCMC Step: 02650000 	Time(s): 576334.703172
    -- MCMC Step: 02660000 	Time(s): 577888.509171
    -- MCMC Step: 02670000 	Time(s): 579449.321252
    -- MCMC Step: 02680000 	Time(s): 581043.472196
    -- MCMC Step: 02690000 	Time(s): 582605.037220
    -- MCMC Step: 02700000 	Time(s): 584145.627048
    -- MCMC Step: 02710000 	Time(s): 585694.005029
    -- MCMC Step: 02720000 	Time(s): 587224.468925
    -- MCMC Step: 02730000 	Time(s): 588775.930180
    -- MCMC Step: 02740000 	Time(s): 590341.456388
    -- MCMC Step: 02750000 	Time(s): 591946.501640
    -- MCMC Step: 02760000 	Time(s): 593570.324974
    -- MCMC Step: 02770000 	Time(s): 595225.976012
    -- MCMC Step: 02780000 	Time(s): 596877.126731
    -- MCMC Step: 02790000 	Time(s): 598561.261270
    -- MCMC Step: 02800000 	Time(s): 600192.282976
    -- MCMC Step: 02810000 	Time(s): 601962.643620
    -- MCMC Step: 02820000 	Time(s): 603709.160280
    -- MCMC Step: 02830000 	Time(s): 605416.094818
    -- MCMC Step: 02840000 	Time(s): 607118.958162
    -- MCMC Step: 02850000 	Time(s): 608813.905801
    -- MCMC Step: 02860000 	Time(s): 610514.129425
    -- MCMC Step: 02870000 	Time(s): 612217.278668
    -- MCMC Step: 02880000 	Time(s): 613874.947842
    -- MCMC Step: 02890000 	Time(s): 615563.553430
    -- MCMC Step: 02900000 	Time(s): 617222.845594
    -- MCMC Step: 02910000 	Time(s): 618880.450920
    -- MCMC Step: 02920000 	Time(s): 620552.376686
    -- MCMC Step: 02930000 	Time(s): 622243.596513
    -- MCMC Step: 02940000 	Time(s): 623880.605146
    -- MCMC Step: 02950000 	Time(s): 625539.504650
    -- MCMC Step: 02960000 	Time(s): 627201.677199
    -- MCMC Step: 02970000 	Time(s): 628814.846836
    -- MCMC Step: 02980000 	Time(s): 630477.698848
    -- MCMC Step: 02990000 	Time(s): 632155.972864
    -- MCMC Step: 03000000 	Time(s): 633799.160647
    -- MCMC Step: 03010000 	Time(s): 635424.019971
    -- MCMC Step: 03020000 	Time(s): 637050.117844
    -- MCMC Step: 03030000 	Time(s): 638649.507025
    -- MCMC Step: 03040000 	Time(s): 640285.348099
    -- MCMC Step: 03050000 	Time(s): 641908.031318
    -- MCMC Step: 03060000 	Time(s): 643521.019683
    -- MCMC Step: 03070000 	Time(s): 645130.160426
    -- MCMC Step: 03080000 	Time(s): 646748.253049
    -- MCMC Step: 03090000 	Time(s): 648374.252679
    -- MCMC Step: 03100000 	Time(s): 650014.269675
    -- MCMC Step: 03110000 	Time(s): 651578.307878
    -- MCMC Step: 03120000 	Time(s): 653169.145249
    -- MCMC Step: 03130000 	Time(s): 654780.324491
    -- MCMC Step: 03140000 	Time(s): 656372.305070
    -- MCMC Step: 03150000 	Time(s): 657952.089660
    -- MCMC Step: 03160000 	Time(s): 659537.072083
    -- MCMC Step: 03170000 	Time(s): 661090.781097
    -- MCMC Step: 03180000 	Time(s): 662663.224941
    -- MCMC Step: 03190000 	Time(s): 664222.376657
    -- MCMC Step: 03200000 	Time(s): 665812.961598
    -- MCMC Step: 03210000 	Time(s): 667389.799322
    -- MCMC Step: 03220000 	Time(s): 668941.343046
    -- MCMC Step: 03230000 	Time(s): 670495.635726
    -- MCMC Step: 03240000 	Time(s): 672045.273747
    -- MCMC Step: 03250000 	Time(s): 673595.983490
    -- MCMC Step: 03260000 	Time(s): 675155.963995
    -- MCMC Step: 03270000 	Time(s): 676743.159030
    -- MCMC Step: 03280000 	Time(s): 678356.623792
    -- MCMC Step: 03290000 	Time(s): 679934.455021
    -- MCMC Step: 03300000 	Time(s): 681498.793729
    -- MCMC Step: 03310000 	Time(s): 683106.990709
    -- MCMC Step: 03320000 	Time(s): 684727.167358
    -- MCMC Step: 03330000 	Time(s): 686512.448849
    -- MCMC Step: 03340000 	Time(s): 688585.019531
    -- MCMC Step: 03350000 	Time(s): 690795.895888
    -- MCMC Step: 03360000 	Time(s): 692935.150141
    -- MCMC Step: 03370000 	Time(s): 695097.539996
    -- MCMC Step: 03380000 	Time(s): 697819.091786
    -- MCMC Step: 03390000 	Time(s): 701200.324667
    -- MCMC Step: 03400000 	Time(s): 704540.997106
    -- MCMC Step: 03410000 	Time(s): 708194.028401
    -- MCMC Step: 03420000 	Time(s): 711796.020714
    -- MCMC Step: 03430000 	Time(s): 715199.695466
    -- MCMC Step: 03440000 	Time(s): 718520.806648
    -- MCMC Step: 03450000 	Time(s): 721876.142950
    -- MCMC Step: 03460000 	Time(s): 725260.683856
    -- MCMC Step: 03470000 	Time(s): 728599.979053
    -- MCMC Step: 03480000 	Time(s): 731924.415082
    -- MCMC Step: 03490000 	Time(s): 735288.708805
    -- MCMC Step: 03500000 	Time(s): 738662.977732
    -- MCMC Step: 03510000 	Time(s): 742100.184483
    -- MCMC Step: 03520000 	Time(s): 745532.805438
    -- MCMC Step: 03530000 	Time(s): 748953.141196
    -- MCMC Step: 03540000 	Time(s): 752416.128019
    -- MCMC Step: 03550000 	Time(s): 755893.843073
    -- MCMC Step: 03560000 	Time(s): 759352.613989
    -- MCMC Step: 03570000 	Time(s): 762731.120735
    -- MCMC Step: 03580000 	Time(s): 766091.079984
    -- MCMC Step: 03590000 	Time(s): 769594.370265
    -- MCMC Step: 03600000 	Time(s): 773604.606905
    -- MCMC Step: 03610000 	Time(s): 777516.408479
    -- MCMC Step: 03620000 	Time(s): 781488.926388
    -- MCMC Step: 03630000 	Time(s): 785597.934688
    -- MCMC Step: 03640000 	Time(s): 789721.066894
    -- MCMC Step: 03650000 	Time(s): 793878.288365
    -- MCMC Step: 03660000 	Time(s): 798360.394762
    -- MCMC Step: 03670000 	Time(s): 802882.806175
    -- MCMC Step: 03680000 	Time(s): 807525.989723
    -- MCMC Step: 03690000 	Time(s): 812278.007399
    -- MCMC Step: 03700000 	Time(s): 817058.746162
    -- MCMC Step: 03710000 	Time(s): 821810.797706
    -- MCMC Step: 03720000 	Time(s): 826482.077702
    -- MCMC Step: 03730000 	Time(s): 831172.964894
    -- MCMC Step: 03740000 	Time(s): 835902.011785
    -- MCMC Step: 03750000 	Time(s): 840655.393197
    -- MCMC Step: 03760000 	Time(s): 845318.290942
    -- MCMC Step: 03770000 	Time(s): 849973.226976
    -- MCMC Step: 03780000 	Time(s): 854679.707061
    -- MCMC Step: 03790000 	Time(s): 859299.394895
    -- MCMC Step: 03800000 	Time(s): 863833.000537
    -- MCMC Step: 03810000 	Time(s): 868408.422313
    -- MCMC Step: 03820000 	Time(s): 872697.165776
    -- MCMC Step: 03830000 	Time(s): 877377.884808
    -- MCMC Step: 03840000 	Time(s): 881822.985313
    -- MCMC Step: 03850000 	Time(s): 886321.422022
    -- MCMC Step: 03860000 	Time(s): 890920.133019
    -- MCMC Step: 03870000 	Time(s): 895556.722667
    -- MCMC Step: 03880000 	Time(s): 900104.952848
    -- MCMC Step: 03890000 	Time(s): 904632.550519
    -- MCMC Step: 03900000 	Time(s): 909178.892872
    -- MCMC Step: 03910000 	Time(s): 913796.108940
    -- MCMC Step: 03920000 	Time(s): 918421.474314
    -- MCMC Step: 03930000 	Time(s): 923010.113591
    -- MCMC Step: 03940000 	Time(s): 927709.405454
    -- MCMC Step: 03950000 	Time(s): 932311.367662
    -- MCMC Step: 03960000 	Time(s): 936988.048942
    -- MCMC Step: 03970000 	Time(s): 941784.838660
    -- MCMC Step: 03980000 	Time(s): 946444.210780
    -- MCMC Step: 03990000 	Time(s): 950726.693217
    -- MCMC Step: 04000000 	Time(s): 955197.350971
    -- MCMC Step: 04010000 	Time(s): 959578.308501
    -- MCMC Step: 04020000 	Time(s): 964089.006956
    -- MCMC Step: 04030000 	Time(s): 968633.271283
    -- MCMC Step: 04040000 	Time(s): 973247.830687
    -- MCMC Step: 04050000 	Time(s): 977946.003839
    -- MCMC Step: 04060000 	Time(s): 982564.702013
    -- MCMC Step: 04070000 	Time(s): 987305.635185
    -- MCMC Step: 04080000 	Time(s): 991898.674808
    -- MCMC Step: 04090000 	Time(s): 996455.911724
    -- MCMC Step: 04100000 	Time(s): 1001022.859092
    -- MCMC Step: 04110000 	Time(s): 1005537.752696
    -- MCMC Step: 04120000 	Time(s): 1010104.513788
    -- MCMC Step: 04130000 	Time(s): 1014735.188030
    -- MCMC Step: 04140000 	Time(s): 1019303.378645
    -- MCMC Step: 04150000 	Time(s): 1023824.335614
    -- MCMC Step: 04160000 	Time(s): 1028339.875969
    -- MCMC Step: 04170000 	Time(s): 1032636.171845
    -- MCMC Step: 04180000 	Time(s): 1036851.742771
    -- MCMC Step: 04190000 	Time(s): 1040964.672997
    -- MCMC Step: 04200000 	Time(s): 1045050.055465
    -- MCMC Step: 04210000 	Time(s): 1049139.772109
    -- MCMC Step: 04220000 	Time(s): 1053238.495343
    -- MCMC Step: 04230000 	Time(s): 1057376.253656
    -- MCMC Step: 04240000 	Time(s): 1061498.316417
    -- MCMC Step: 04250000 	Time(s): 1065680.525607
    -- MCMC Step: 04260000 	Time(s): 1069824.059897
    -- MCMC Step: 04270000 	Time(s): 1073942.615118
    -- MCMC Step: 04280000 	Time(s): 1078044.108789
    -- MCMC Step: 04290000 	Time(s): 1082130.634863
    -- MCMC Step: 04300000 	Time(s): 1086290.382095
    -- MCMC Step: 04310000 	Time(s): 1090456.464764
    -- MCMC Step: 04320000 	Time(s): 1094473.197172
    -- MCMC Step: 04330000 	Time(s): 1098463.868426
    -- MCMC Step: 04340000 	Time(s): 1101123.652660
    -- MCMC Step: 04350000 	Time(s): 1104951.183565
    -- MCMC Step: 04360000 	Time(s): 1108851.414133
    -- MCMC Step: 04370000 	Time(s): 1112752.063083
    -- MCMC Step: 04380000 	Time(s): 1116656.978962
    -- MCMC Step: 04390000 	Time(s): 1120646.552964
    -- MCMC Step: 04400000 	Time(s): 1124872.068017
    -- MCMC Step: 04410000 	Time(s): 1129162.775515
    -- MCMC Step: 04420000 	Time(s): 1133424.819648
    -- MCMC Step: 04430000 	Time(s): 1137680.772018
    -- MCMC Step: 04440000 	Time(s): 1141898.650333
    -- MCMC Step: 04450000 	Time(s): 1146215.248394
    -- MCMC Step: 04460000 	Time(s): 1150482.946955
    -- MCMC Step: 04470000 	Time(s): 1154794.351471
    -- MCMC Step: 04480000 	Time(s): 1159118.650986
    -- MCMC Step: 04490000 	Time(s): 1163421.909703
    -- MCMC Step: 04500000 	Time(s): 1167690.433330
    -- MCMC Step: 04510000 	Time(s): 1172033.317792
    -- MCMC Step: 04520000 	Time(s): 1176325.816080
    -- MCMC Step: 04530000 	Time(s): 1180547.480675
    -- MCMC Step: 04540000 	Time(s): 1184857.656485
    -- MCMC Step: 04550000 	Time(s): 1189078.099795
    -- MCMC Step: 04560000 	Time(s): 1193313.896923
    -- MCMC Step: 04570000 	Time(s): 1197416.344994
    -- MCMC Step: 04580000 	Time(s): 1201444.745332
    -- MCMC Step: 04590000 	Time(s): 1205576.686408
    -- MCMC Step: 04600000 	Time(s): 1209810.853574
    -- MCMC Step: 04610000 	Time(s): 1213913.834157
    -- MCMC Step: 04620000 	Time(s): 1218084.984396
    -- MCMC Step: 04630000 	Time(s): 1222270.833728
    -- MCMC Step: 04640000 	Time(s): 1226368.043613
    -- MCMC Step: 04650000 	Time(s): 1230694.688919
    -- MCMC Step: 04660000 	Time(s): 1235490.422552
    -- MCMC Step: 04670000 	Time(s): 1240403.899050
    -- MCMC Step: 04680000 	Time(s): 1245318.954508
    -- MCMC Step: 04690000 	Time(s): 1250136.436992
    -- MCMC Step: 04700000 	Time(s): 1254987.412912
    -- MCMC Step: 04710000 	Time(s): 1259781.656147
    -- MCMC Step: 04720000 	Time(s): 1264488.152943
    -- MCMC Step: 04730000 	Time(s): 1269213.571780
    -- MCMC Step: 04740000 	Time(s): 1274176.199736
    -- MCMC Step: 04750000 	Time(s): 1279170.618498
    -- MCMC Step: 04760000 	Time(s): 1284127.929770
    -- MCMC Step: 04770000 	Time(s): 1288670.514456
    -- MCMC Step: 04780000 	Time(s): 1293201.632445
    -- MCMC Step: 04790000 	Time(s): 1297310.555853
    -- MCMC Step: 04800000 	Time(s): 1301713.905506
    -- MCMC Step: 04810000 	Time(s): 1306150.367438
    -- MCMC Step: 04820000 	Time(s): 1310223.238177
    -- MCMC Step: 04830000 	Time(s): 1314877.743198
    -- MCMC Step: 04840000 	Time(s): 1319505.691100
    -- MCMC Step: 04850000 	Time(s): 1324146.411239
    -- MCMC Step: 04860000 	Time(s): 1328859.144504
    -- MCMC Step: 04870000 	Time(s): 1333576.861298
    -- MCMC Step: 04880000 	Time(s): 1338266.497368
    -- MCMC Step: 04890000 	Time(s): 1342970.338736
    -- MCMC Step: 04900000 	Time(s): 1347545.438803
    -- MCMC Step: 04910000 	Time(s): 1351832.285253
    -- MCMC Step: 04920000 	Time(s): 1356133.329658
    -- MCMC Step: 04930000 	Time(s): 1360329.247634
    -- MCMC Step: 04940000 	Time(s): 1364411.045947
    -- MCMC Step: 04950000 	Time(s): 1368342.230420
    -- MCMC Step: 04960000 	Time(s): 1372363.702412
    -- MCMC Step: 04970000 	Time(s): 1376603.939350
    -- MCMC Step: 04980000 	Time(s): 1380570.002240
    -- MCMC Step: 04990000 	Time(s): 1384839.290316
    -- MCMC Step: 05000000 	Time(s): 1389123.799047
    -- MCMC Step: 05010000 	Time(s): 1393268.335004
    -- MCMC Step: 05020000 	Time(s): 1397395.355537
    -- MCMC Step: 05030000 	Time(s): 1401660.492674
    -- MCMC Step: 05040000 	Time(s): 1405848.447505
    -- MCMC Step: 05050000 	Time(s): 1410192.450214
    -- MCMC Step: 05060000 	Time(s): 1414934.324893
    -- MCMC Step: 05070000 	Time(s): 1419720.416960
    -- MCMC Step: 05080000 	Time(s): 1424488.358613
    -- MCMC Step: 05090000 	Time(s): 1429051.061220
    -- MCMC Step: 05100000 	Time(s): 1433530.358413
    -- MCMC Step: 05110000 	Time(s): 1437818.820053
    -- MCMC Step: 05120000 	Time(s): 1441921.687022
    -- MCMC Step: 05130000 	Time(s): 1446033.952352
    -- MCMC Step: 05140000 	Time(s): 1450125.249784
    -- MCMC Step: 05150000 	Time(s): 1454219.454474
    -- MCMC Step: 05160000 	Time(s): 1458233.289899
    -- MCMC Step: 05170000 	Time(s): 1462159.851597
    -- MCMC Step: 05180000 	Time(s): 1465713.419966
    -- MCMC Step: 05190000 	Time(s): 1469251.137015
    -- MCMC Step: 05200000 	Time(s): 1472807.955089
    -- MCMC Step: 05210000 	Time(s): 1476398.275491
    -- MCMC Step: 05220000 	Time(s): 1480176.081044
    -- MCMC Step: 05230000 	Time(s): 1484093.461698
    -- MCMC Step: 05240000 	Time(s): 1487874.261873
    -- MCMC Step: 05250000 	Time(s): 1491881.786742
    -- MCMC Step: 05260000 	Time(s): 1495761.298836
    -- MCMC Step: 05270000 	Time(s): 1499846.384152
    -- MCMC Step: 05280000 	Time(s): 1503794.287663
    -- MCMC Step: 05290000 	Time(s): 1507659.217219
    -- MCMC Step: 05300000 	Time(s): 1511499.100724
    -- MCMC Step: 05310000 	Time(s): 1515351.924809
    -- MCMC Step: 05320000 	Time(s): 1519242.051239
    -- MCMC Step: 05330000 	Time(s): 1523066.798543
    -- MCMC Step: 05340000 	Time(s): 1526905.603799
    -- MCMC Step: 05350000 	Time(s): 1530750.199636
    -- MCMC Step: 05360000 	Time(s): 1534582.310776
    -- MCMC Step: 05370000 	Time(s): 1538393.069762
    -- MCMC Step: 05380000 	Time(s): 1542093.243400
    -- MCMC Step: 05390000 	Time(s): 1545891.648858
    -- MCMC Step: 05400000 	Time(s): 1549845.120786
    -- MCMC Step: 05410000 	Time(s): 1553178.663221
    -- MCMC Step: 05420000 	Time(s): 1556311.231889
    -- MCMC Step: 05430000 	Time(s): 1559803.155142
    -- MCMC Step: 05440000 	Time(s): 1563150.757520
    -- MCMC Step: 05450000 	Time(s): 1566317.041461
    -- MCMC Step: 05460000 	Time(s): 1569480.864622
    -- MCMC Step: 05470000 	Time(s): 1572804.353989
    -- MCMC Step: 05480000 	Time(s): 1576046.953239
    -- MCMC Step: 05490000 	Time(s): 1579305.638954
    -- MCMC Step: 05500000 	Time(s): 1582758.597693
    -- MCMC Step: 05510000 	Time(s): 1586550.466954
    -- MCMC Step: 05520000 	Time(s): 1590331.862182
    -- MCMC Step: 05530000 	Time(s): 1594192.180577
    -- MCMC Step: 05540000 	Time(s): 1598121.510156
    -- MCMC Step: 05550000 	Time(s): 1601997.820036
    -- MCMC Step: 05560000 	Time(s): 1605857.066394
    -- MCMC Step: 05570000 	Time(s): 1609780.872501
    -- MCMC Step: 05580000 	Time(s): 1613720.954922
    -- MCMC Step: 05590000 	Time(s): 1617644.367477
    -- MCMC Step: 05600000 	Time(s): 1621614.210530
    -- MCMC Step: 05610000 	Time(s): 1625571.153063
    -- MCMC Step: 05620000 	Time(s): 1629511.065332
    -- MCMC Step: 05630000 	Time(s): 1633443.079250
    -- MCMC Step: 05640000 	Time(s): 1637352.682021
    -- MCMC Step: 05650000 	Time(s): 1641296.935856
    -- MCMC Step: 05660000 	Time(s): 1645213.071620
    -- MCMC Step: 05670000 	Time(s): 1649107.885142
    -- MCMC Step: 05680000 	Time(s): 1653032.096851
    -- MCMC Step: 05690000 	Time(s): 1656961.608385
    -- MCMC Step: 05700000 	Time(s): 1660929.480850
    -- MCMC Step: 05710000 	Time(s): 1664888.640785
    -- MCMC Step: 05720000 	Time(s): 1668839.707608
    -- MCMC Step: 05730000 	Time(s): 1672711.398657
    -- MCMC Step: 05740000 	Time(s): 1676598.725510
    -- MCMC Step: 05750000 	Time(s): 1680433.910074
    -- MCMC Step: 05760000 	Time(s): 1684297.054725
    -- MCMC Step: 05770000 	Time(s): 1688153.184387
    -- MCMC Step: 05780000 	Time(s): 1691963.454360
    -- MCMC Step: 05790000 	Time(s): 1695772.264524
    -- MCMC Step: 05800000 	Time(s): 1699598.615694
    -- MCMC Step: 05810000 	Time(s): 1703323.599764
    -- MCMC Step: 05820000 	Time(s): 1706888.167194
    -- MCMC Step: 05830000 	Time(s): 1710387.511754
    -- MCMC Step: 05840000 	Time(s): 1713912.457942
    -- MCMC Step: 05850000 	Time(s): 1717442.313445
    -- MCMC Step: 05860000 	Time(s): 1720978.563599
    -- MCMC Step: 05870000 	Time(s): 1724379.133626
    -- MCMC Step: 05880000 	Time(s): 1727786.804930
    -- MCMC Step: 05890000 	Time(s): 1731212.093330
    -- MCMC Step: 05900000 	Time(s): 1734620.994898
    -- MCMC Step: 05910000 	Time(s): 1738156.751699
    -- MCMC Step: 05920000 	Time(s): 1741691.404197
    -- MCMC Step: 05930000 	Time(s): 1745215.255719
    -- MCMC Step: 05940000 	Time(s): 1748720.525644
    -- MCMC Step: 05950000 	Time(s): 1752215.907837
    -- MCMC Step: 05960000 	Time(s): 1755718.426137
    -- MCMC Step: 05970000 	Time(s): 1759243.207885
    -- MCMC Step: 05980000 	Time(s): 1762793.890836
    -- MCMC Step: 05990000 	Time(s): 1766344.948492
    -- MCMC Step: 06000000 	Time(s): 1769710.628632
    -- MCMC Step: 06010000 	Time(s): 1772933.928883
    -- MCMC Step: 06020000 	Time(s): 1776141.888616
    -- MCMC Step: 06030000 	Time(s): 1779282.123156
    -- MCMC Step: 06040000 	Time(s): 1782438.635647
    -- MCMC Step: 06050000 	Time(s): 1785500.603788
    -- MCMC Step: 06060000 	Time(s): 1788578.243796
    -- MCMC Step: 06070000 	Time(s): 1791642.775230
    -- MCMC Step: 06080000 	Time(s): 1794580.001637
    -- MCMC Step: 06090000 	Time(s): 1797528.175234
    CAUTION: New stable configuration found! E = -1058.412750
    -- MCMC Step: 06100000 	Time(s): 1800630.946512
    -- MCMC Step: 06110000 	Time(s): 1803798.667999
    -- MCMC Step: 06120000 	Time(s): 1806862.263759
    -- MCMC Step: 06130000 	Time(s): 1809902.906164
    -- MCMC Step: 06140000 	Time(s): 1812943.063613
    -- MCMC Step: 06150000 	Time(s): 1815966.050787
    -- MCMC Step: 06160000 	Time(s): 1819020.107825
    -- MCMC Step: 06170000 	Time(s): 1822079.791463
    -- MCMC Step: 06180000 	Time(s): 1825143.260773
    -- MCMC Step: 06190000 	Time(s): 1828148.229161
    -- MCMC Step: 06200000 	Time(s): 1831153.380101
    -- MCMC Step: 06210000 	Time(s): 1834171.558260
    -- MCMC Step: 06220000 	Time(s): 1837174.591164
    -- MCMC Step: 06230000 	Time(s): 1840167.590504
    -- MCMC Step: 06240000 	Time(s): 1843216.675889
    -- MCMC Step: 06250000 	Time(s): 1846251.864522
    -- MCMC Step: 06260000 	Time(s): 1849284.313355
    -- MCMC Step: 06270000 	Time(s): 1852323.935939
    -- MCMC Step: 06280000 	Time(s): 1855358.720826
    -- MCMC Step: 06290000 	Time(s): 1858197.857914
    -- MCMC Step: 06300000 	Time(s): 1860946.258102
    -- MCMC Step: 06310000 	Time(s): 1863589.832041
    -- MCMC Step: 06320000 	Time(s): 1866195.649497
    -- MCMC Step: 06330000 	Time(s): 1868804.236872
    -- MCMC Step: 06340000 	Time(s): 1871399.539505
    -- MCMC Step: 06350000 	Time(s): 1873998.733793
    -- MCMC Step: 06360000 	Time(s): 1876606.262805
    -- MCMC Step: 06370000 	Time(s): 1879220.005965
    -- MCMC Step: 06380000 	Time(s): 1881843.191311
    -- MCMC Step: 06390000 	Time(s): 1884667.074176
    -- MCMC Step: 06400000 	Time(s): 1887395.775602
    -- MCMC Step: 06410000 	Time(s): 1889980.080360
    -- MCMC Step: 06420000 	Time(s): 1892510.907709
    -- MCMC Step: 06430000 	Time(s): 1895094.069518
    -- MCMC Step: 06440000 	Time(s): 1897898.022831
    -- MCMC Step: 06450000 	Time(s): 1900832.074973
    -- MCMC Step: 06460000 	Time(s): 1903782.015172
    -- MCMC Step: 06470000 	Time(s): 1906842.338637
    -- MCMC Step: 06480000 	Time(s): 1909906.812298
    -- MCMC Step: 06490000 	Time(s): 1913095.367836
    -- MCMC Step: 06500000 	Time(s): 1916453.182032
    -- MCMC Step: 06510000 	Time(s): 1919687.953108
    -- MCMC Step: 06520000 	Time(s): 1922973.924747
    -- MCMC Step: 06530000 	Time(s): 1926386.230731
    -- MCMC Step: 06540000 	Time(s): 1929691.672746
    -- MCMC Step: 06550000 	Time(s): 1932955.002428
    -- MCMC Step: 06560000 	Time(s): 1936169.397500
    -- MCMC Step: 06570000 	Time(s): 1939445.596485
    -- MCMC Step: 06580000 	Time(s): 1942833.017994
    -- MCMC Step: 06590000 	Time(s): 1946188.033532
    -- MCMC Step: 06600000 	Time(s): 1949478.400297
    -- MCMC Step: 06610000 	Time(s): 1952749.420588
    -- MCMC Step: 06620000 	Time(s): 1956033.327790
    -- MCMC Step: 06630000 	Time(s): 1959299.492190
    -- MCMC Step: 06640000 	Time(s): 1962601.640052
    -- MCMC Step: 06650000 	Time(s): 1965953.585635
    -- MCMC Step: 06660000 	Time(s): 1969301.598529
    -- MCMC Step: 06670000 	Time(s): 1972682.754213
    -- MCMC Step: 06680000 	Time(s): 1976081.277340
    -- MCMC Step: 06690000 	Time(s): 1979406.587886
    -- MCMC Step: 06700000 	Time(s): 1982617.473314
    -- MCMC Step: 06710000 	Time(s): 1985717.548020
    -- MCMC Step: 06720000 	Time(s): 1988725.162087
    -- MCMC Step: 06730000 	Time(s): 1991987.368553
    -- MCMC Step: 06740000 	Time(s): 1995347.195466
    -- MCMC Step: 06750000 	Time(s): 1999118.370251
    -- MCMC Step: 06760000 	Time(s): 2002923.539674
    -- MCMC Step: 06770000 	Time(s): 2006901.264833
    -- MCMC Step: 06780000 	Time(s): 2010804.716400
    -- MCMC Step: 06790000 	Time(s): 2014718.007581
    -- MCMC Step: 06800000 	Time(s): 2018630.862265
    -- MCMC Step: 06810000 	Time(s): 2022657.859813
    -- MCMC Step: 06820000 	Time(s): 2026388.596888
    -- MCMC Step: 06830000 	Time(s): 2030234.765655
    -- MCMC Step: 06840000 	Time(s): 2034171.284311
    -- MCMC Step: 06850000 	Time(s): 2038205.882224
    -- MCMC Step: 06860000 	Time(s): 2042201.816905
    -- MCMC Step: 06870000 	Time(s): 2046117.050335
    -- MCMC Step: 06880000 	Time(s): 2049886.408006
    -- MCMC Step: 06890000 	Time(s): 2053645.328013
    -- MCMC Step: 06900000 	Time(s): 2057386.423739
    -- MCMC Step: 06910000 	Time(s): 2060919.154766
    -- MCMC Step: 06920000 	Time(s): 2064274.682195
    -- MCMC Step: 06930000 	Time(s): 2067833.823928
    -- MCMC Step: 06940000 	Time(s): 2071329.662416
    -- MCMC Step: 06950000 	Time(s): 2074813.076341
    -- MCMC Step: 06960000 	Time(s): 2078347.492978
    -- MCMC Step: 06970000 	Time(s): 2081932.347372
    -- MCMC Step: 06980000 	Time(s): 2085460.921024
    -- MCMC Step: 06990000 	Time(s): 2088875.169988
    -- MCMC Step: 07000000 	Time(s): 2092459.603245
    -- MCMC Step: 07010000 	Time(s): 2096280.642164
    -- MCMC Step: 07020000 	Time(s): 2100082.848515
    -- MCMC Step: 07030000 	Time(s): 2103931.293920
    -- MCMC Step: 07040000 	Time(s): 2107845.668381
    -- MCMC Step: 07050000 	Time(s): 2111747.331212
    -- MCMC Step: 07060000 	Time(s): 2115619.737236
    -- MCMC Step: 07070000 	Time(s): 2119400.777504
    -- MCMC Step: 07080000 	Time(s): 2123007.745438
    -- MCMC Step: 07090000 	Time(s): 2126437.025856
    -- MCMC Step: 07100000 	Time(s): 2129768.892195
    -- MCMC Step: 07110000 	Time(s): 2133146.510638
    -- MCMC Step: 07120000 	Time(s): 2136529.026546
    -- MCMC Step: 07130000 	Time(s): 2139807.423554
    -- MCMC Step: 07140000 	Time(s): 2143101.567804
    -- MCMC Step: 07150000 	Time(s): 2146409.921455
    -- MCMC Step: 07160000 	Time(s): 2149777.640962
    -- MCMC Step: 07170000 	Time(s): 2152942.685161
    -- MCMC Step: 07180000 	Time(s): 2156532.238896
    -- MCMC Step: 07190000 	Time(s): 2160907.693808
    -- MCMC Step: 07200000 	Time(s): 2165454.199134
    -- MCMC Step: 07210000 	Time(s): 2170013.502357
    -- MCMC Step: 07220000 	Time(s): 2174616.986623
    -- MCMC Step: 07230000 	Time(s): 2179015.218128
    -- MCMC Step: 07240000 	Time(s): 2183381.274472
    -- MCMC Step: 07250000 	Time(s): 2187670.111901
    -- MCMC Step: 07260000 	Time(s): 2192084.881330
    -- MCMC Step: 07270000 	Time(s): 2196641.266646
    -- MCMC Step: 07280000 	Time(s): 2201250.032118
    -- MCMC Step: 07290000 	Time(s): 2205855.408118
    -- MCMC Step: 07300000 	Time(s): 2210405.974589
    -- MCMC Step: 07310000 	Time(s): 2214972.456145
    -- MCMC Step: 07320000 	Time(s): 2219212.108649
    -- MCMC Step: 07330000 	Time(s): 2223411.879830
    -- MCMC Step: 07340000 	Time(s): 2227531.191146
    -- MCMC Step: 07350000 	Time(s): 2231663.344712
    -- MCMC Step: 07360000 	Time(s): 2235559.798867
    -- MCMC Step: 07370000 	Time(s): 2239719.166055
    -- MCMC Step: 07380000 	Time(s): 2243895.552960
    -- MCMC Step: 07390000 	Time(s): 2248111.340978
    -- MCMC Step: 07400000 	Time(s): 2252369.745057
    -- MCMC Step: 07410000 	Time(s): 2256654.491042
    -- MCMC Step: 07420000 	Time(s): 2260944.536547
    -- MCMC Step: 07430000 	Time(s): 2265211.205960
    -- MCMC Step: 07440000 	Time(s): 2269431.273742
    -- MCMC Step: 07450000 	Time(s): 2273710.324169
    -- MCMC Step: 07460000 	Time(s): 2278045.332888
    -- MCMC Step: 07470000 	Time(s): 2282308.071832
    -- MCMC Step: 07480000 	Time(s): 2286507.266519
    -- MCMC Step: 07490000 	Time(s): 2290711.833655
    -- MCMC Step: 07500000 	Time(s): 2294867.480476
    -- MCMC Step: 07510000 	Time(s): 2298868.484765
    -- MCMC Step: 07520000 	Time(s): 2302706.203812
    -- MCMC Step: 07530000 	Time(s): 2306589.321440
    -- MCMC Step: 07540000 	Time(s): 2310495.104157
    -- MCMC Step: 07550000 	Time(s): 2314355.428279
    -- MCMC Step: 07560000 	Time(s): 2318226.305536
    -- MCMC Step: 07570000 	Time(s): 2322119.256797
    -- MCMC Step: 07580000 	Time(s): 2325912.327141
    -- MCMC Step: 07590000 	Time(s): 2329792.480186
    -- MCMC Step: 07600000 	Time(s): 2333731.506350
    -- MCMC Step: 07610000 	Time(s): 2337584.001104
    -- MCMC Step: 07620000 	Time(s): 2341531.661920
    -- MCMC Step: 07630000 	Time(s): 2345473.660996
    -- MCMC Step: 07640000 	Time(s): 2349426.959328
    -- MCMC Step: 07650000 	Time(s): 2353390.716417
    -- MCMC Step: 07660000 	Time(s): 2357253.547909
    -- MCMC Step: 07670000 	Time(s): 2361109.496565
    -- MCMC Step: 07680000 	Time(s): 2364941.929657
    -- MCMC Step: 07690000 	Time(s): 2368804.504967
    -- MCMC Step: 07700000 	Time(s): 2372527.819281
    -- MCMC Step: 07710000 	Time(s): 2376174.966854
    -- MCMC Step: 07720000 	Time(s): 2379776.584002
    -- MCMC Step: 07730000 	Time(s): 2383284.953923
    -- MCMC Step: 07740000 	Time(s): 2386843.371521
    -- MCMC Step: 07750000 	Time(s): 2390169.932922
    -- MCMC Step: 07760000 	Time(s): 2393563.082181
    -- MCMC Step: 07770000 	Time(s): 2396622.603065
    -- MCMC Step: 07780000 	Time(s): 2399949.519479
    -- MCMC Step: 07790000 	Time(s): 2403307.236403
    -- MCMC Step: 07800000 	Time(s): 2406597.867471
    -- MCMC Step: 07810000 	Time(s): 2409741.587446
    -- MCMC Step: 07820000 	Time(s): 2412808.574915
    -- MCMC Step: 07830000 	Time(s): 2415470.647609
    -- MCMC Step: 07840000 	Time(s): 2418680.338772
    -- MCMC Step: 07850000 	Time(s): 2421978.340482
    -- MCMC Step: 07860000 	Time(s): 2425112.068721
    -- MCMC Step: 07870000 	Time(s): 2428259.311165
    -- MCMC Step: 07880000 	Time(s): 2431434.917563
    -- MCMC Step: 07890000 	Time(s): 2434726.204389
    -- MCMC Step: 07900000 	Time(s): 2438378.992434
    -- MCMC Step: 07910000 	Time(s): 2442246.260967
    -- MCMC Step: 07920000 	Time(s): 2446138.665195
    -- MCMC Step: 07930000 	Time(s): 2450165.039168
    -- MCMC Step: 07940000 	Time(s): 2454144.423077
    -- MCMC Step: 07950000 	Time(s): 2458067.788553
    -- MCMC Step: 07960000 	Time(s): 2462089.819436
    -- MCMC Step: 07970000 	Time(s): 2466204.657983
    -- MCMC Step: 07980000 	Time(s): 2470248.982601
    -- MCMC Step: 07990000 	Time(s): 2474273.812021
    -- MCMC Step: 08000000 	Time(s): 2478325.932348
    -- MCMC Step: 08010000 	Time(s): 2481728.163332
    -- MCMC Step: 08020000 	Time(s): 2484961.979956
    -- MCMC Step: 08030000 	Time(s): 2488156.317741
    -- MCMC Step: 08040000 	Time(s): 2491353.610751
    -- MCMC Step: 08050000 	Time(s): 2494881.477729
    -- MCMC Step: 08060000 	Time(s): 2498814.857846
    -- MCMC Step: 08070000 	Time(s): 2502728.690294
    -- MCMC Step: 08080000 	Time(s): 2507224.720000
    -- MCMC Step: 08090000 	Time(s): 2511419.891992
    -- MCMC Step: 08100000 	Time(s): 2515810.772899
    -- MCMC Step: 08110000 	Time(s): 2521053.724398
    -- MCMC Step: 08120000 	Time(s): 2526254.546268
    -- MCMC Step: 08130000 	Time(s): 2532378.246886
    -- MCMC Step: 08140000 	Time(s): 2537445.271798
    -- MCMC Step: 08150000 	Time(s): 2542430.492747
    -- MCMC Step: 08160000 	Time(s): 2547567.910386
    -- MCMC Step: 08170000 	Time(s): 2552498.422152
    -- MCMC Step: 08180000 	Time(s): 2557114.029463
    -- MCMC Step: 08190000 	Time(s): 2561546.322580
    -- MCMC Step: 08200000 	Time(s): 2565856.384558
    -- MCMC Step: 08210000 	Time(s): 2570010.385794
    -- MCMC Step: 08220000 	Time(s): 2574107.410193
    -- MCMC Step: 08230000 	Time(s): 2578274.634686
    -- MCMC Step: 08240000 	Time(s): 2582580.501071
    -- MCMC Step: 08250000 	Time(s): 2586951.771484
    -- MCMC Step: 08260000 	Time(s): 2591493.011081
    -- MCMC Step: 08270000 	Time(s): 2599327.693405
    -- MCMC Step: 08280000 	Time(s): 2607021.566356
    -- MCMC Step: 08290000 	Time(s): 2614148.396660
    -- MCMC Step: 08300000 	Time(s): 2621008.711532
    -- MCMC Step: 08310000 	Time(s): 2627837.877696
    -- MCMC Step: 08320000 	Time(s): 2634557.114472
    -- MCMC Step: 08330000 	Time(s): 2640933.175814
    -- MCMC Step: 08340000 	Time(s): 2647424.777433
    -- MCMC Step: 08350000 	Time(s): 2653841.698188
    -- MCMC Step: 08360000 	Time(s): 2659690.304620
    -- MCMC Step: 08370000 	Time(s): 2665091.329522
    -- MCMC Step: 08380000 	Time(s): 2672475.466924
    -- MCMC Step: 08390000 	Time(s): 2679268.912909
    -- MCMC Step: 08400000 	Time(s): 2685631.119306
    -- MCMC Step: 08410000 	Time(s): 2691193.839555
    -- MCMC Step: 08420000 	Time(s): 2696112.739161
    -- MCMC Step: 08430000 	Time(s): 2701158.456295
    -- MCMC Step: 08440000 	Time(s): 2706103.750677
    -- MCMC Step: 08450000 	Time(s): 2711015.992383
    -- MCMC Step: 08460000 	Time(s): 2715591.163163
    -- MCMC Step: 08470000 	Time(s): 2720233.625801
    -- MCMC Step: 08480000 	Time(s): 2724565.007206
    -- MCMC Step: 08490000 	Time(s): 2728776.762539
    -- MCMC Step: 08500000 	Time(s): 2732614.268925
    -- MCMC Step: 08510000 	Time(s): 2736496.678424
    -- MCMC Step: 08520000 	Time(s): 2740174.262385
    -- MCMC Step: 08530000 	Time(s): 2743673.335334
    -- MCMC Step: 08540000 	Time(s): 2747155.835814
    -- MCMC Step: 08550000 	Time(s): 2750999.565746
    -- MCMC Step: 08560000 	Time(s): 2755665.578921
    -- MCMC Step: 08570000 	Time(s): 2760652.510037
    -- MCMC Step: 08580000 	Time(s): 2765204.268685
    -- MCMC Step: 08590000 	Time(s): 2770013.538164
    -- MCMC Step: 08600000 	Time(s): 2775183.936187
    -- MCMC Step: 08610000 	Time(s): 2780369.011060
    -- MCMC Step: 08620000 	Time(s): 2785391.687703
    -- MCMC Step: 08630000 	Time(s): 2790534.246821
    -- MCMC Step: 08640000 	Time(s): 2795586.500729
    -- MCMC Step: 08650000 	Time(s): 2800674.035038
    -- MCMC Step: 08660000 	Time(s): 2805520.045826
    -- MCMC Step: 08670000 	Time(s): 2810101.513300
    -- MCMC Step: 08680000 	Time(s): 2814616.689506
    -- MCMC Step: 08690000 	Time(s): 2818903.663586
    -- MCMC Step: 08700000 	Time(s): 2823176.975183
    -- MCMC Step: 08710000 	Time(s): 2827300.613755
    -- MCMC Step: 08720000 	Time(s): 2831423.618161
    -- MCMC Step: 08730000 	Time(s): 2835472.239371
    -- MCMC Step: 08740000 	Time(s): 2839555.545897
    -- MCMC Step: 08750000 	Time(s): 2843642.048400
    -- MCMC Step: 08760000 	Time(s): 2847719.084836
    -- MCMC Step: 08770000 	Time(s): 2851838.610802
    -- MCMC Step: 08780000 	Time(s): 2855954.442401
    -- MCMC Step: 08790000 	Time(s): 2860331.363124
    -- MCMC Step: 08800000 	Time(s): 2864770.943396
    -- MCMC Step: 08810000 	Time(s): 2869015.988995
    -- MCMC Step: 08820000 	Time(s): 2873316.707377
    -- MCMC Step: 08830000 	Time(s): 2877694.105299
    -- MCMC Step: 08840000 	Time(s): 2881995.497896
    -- MCMC Step: 08850000 	Time(s): 2886323.905205
    -- MCMC Step: 08860000 	Time(s): 2890692.439612
    -- MCMC Step: 08870000 	Time(s): 2895012.870118
    -- MCMC Step: 08880000 	Time(s): 2899190.365697
    -- MCMC Step: 08890000 	Time(s): 2903345.930191
    -- MCMC Step: 08900000 	Time(s): 2907413.816197
    -- MCMC Step: 08910000 	Time(s): 2911468.230324
    -- MCMC Step: 08920000 	Time(s): 2915608.436594
    -- MCMC Step: 08930000 	Time(s): 2919721.846534
    -- MCMC Step: 08940000 	Time(s): 2923858.391429
    -- MCMC Step: 08950000 	Time(s): 2928021.435096
    -- MCMC Step: 08960000 	Time(s): 2932186.045129
    -- MCMC Step: 08970000 	Time(s): 2936403.277515
    -- MCMC Step: 08980000 	Time(s): 2940660.370525
    -- MCMC Step: 08990000 	Time(s): 2944859.232436
    -- MCMC Step: 09000000 	Time(s): 2948934.660986
    -- MCMC Step: 09010000 	Time(s): 2953042.308650
    -- MCMC Step: 09020000 	Time(s): 2957187.602190
    -- MCMC Step: 09030000 	Time(s): 2961256.518762
    -- MCMC Step: 09040000 	Time(s): 2965310.070226
    -- MCMC Step: 09050000 	Time(s): 2969488.512596
    -- MCMC Step: 09060000 	Time(s): 2973645.414387
    -- MCMC Step: 09070000 	Time(s): 2977868.180038
    -- MCMC Step: 09080000 	Time(s): 2982106.655988
    -- MCMC Step: 09090000 	Time(s): 2986243.858041
    -- MCMC Step: 09100000 	Time(s): 2990452.089758
    -- MCMC Step: 09110000 	Time(s): 2994670.676529
    -- MCMC Step: 09120000 	Time(s): 2998921.380543
    -- MCMC Step: 09130000 	Time(s): 3003095.120685
    -- MCMC Step: 09140000 	Time(s): 3007278.981884
    -- MCMC Step: 09150000 	Time(s): 3011499.255853
    -- MCMC Step: 09160000 	Time(s): 3015735.677045
    -- MCMC Step: 09170000 	Time(s): 3019940.933320
    -- MCMC Step: 09180000 	Time(s): 3024286.047657
    -- MCMC Step: 09190000 	Time(s): 3028578.726859
    -- MCMC Step: 09200000 	Time(s): 3032965.019887
    -- MCMC Step: 09210000 	Time(s): 3037296.152699
    -- MCMC Step: 09220000 	Time(s): 3041708.539673
    -- MCMC Step: 09230000 	Time(s): 3046023.639410
    -- MCMC Step: 09240000 	Time(s): 3050330.213348
    -- MCMC Step: 09250000 	Time(s): 3054561.030617
    -- MCMC Step: 09260000 	Time(s): 3058529.298239
    -- MCMC Step: 09270000 	Time(s): 3062047.009055
    -- MCMC Step: 09280000 	Time(s): 3065550.924076
    -- MCMC Step: 09290000 	Time(s): 3069049.187630
    -- MCMC Step: 09300000 	Time(s): 3072540.610804
    -- MCMC Step: 09310000 	Time(s): 3076020.417860
    -- MCMC Step: 09320000 	Time(s): 3079485.898836
    -- MCMC Step: 09330000 	Time(s): 3082938.645582
    -- MCMC Step: 09340000 	Time(s): 3086429.468230
    -- MCMC Step: 09350000 	Time(s): 3089909.056915
    -- MCMC Step: 09360000 	Time(s): 3093389.813111
    -- MCMC Step: 09370000 	Time(s): 3096858.072940
    -- MCMC Step: 09380000 	Time(s): 3100350.073374
    -- MCMC Step: 09390000 	Time(s): 3103873.795187
    -- MCMC Step: 09400000 	Time(s): 3108297.490633
    -- MCMC Step: 09410000 	Time(s): 3112098.385094
    -- MCMC Step: 09420000 	Time(s): 3115714.222846
    -- MCMC Step: 09430000 	Time(s): 3119035.070388
    -- MCMC Step: 09440000 	Time(s): 3122403.585893
    -- MCMC Step: 09450000 	Time(s): 3125675.539422
    -- MCMC Step: 09460000 	Time(s): 3129102.906146
    -- MCMC Step: 09470000 	Time(s): 3132524.028313
    -- MCMC Step: 09480000 	Time(s): 3135921.020424
    -- MCMC Step: 09490000 	Time(s): 3139240.901223
    -- MCMC Step: 09500000 	Time(s): 3142548.735281
    -- MCMC Step: 09510000 	Time(s): 3145884.064837
    -- MCMC Step: 09520000 	Time(s): 3149190.104468
    -- MCMC Step: 09530000 	Time(s): 3152409.045266
    -- MCMC Step: 09540000 	Time(s): 3155575.526194
    -- MCMC Step: 09550000 	Time(s): 3158613.773277
    -- MCMC Step: 09560000 	Time(s): 3161654.707235
    -- MCMC Step: 09570000 	Time(s): 3164695.605596
    -- MCMC Step: 09580000 	Time(s): 3167741.778896
    -- MCMC Step: 09590000 	Time(s): 3170894.923417
    -- MCMC Step: 09600000 	Time(s): 3174055.381286
    -- MCMC Step: 09610000 	Time(s): 3177190.837897
    -- MCMC Step: 09620000 	Time(s): 3180278.914136
    -- MCMC Step: 09630000 	Time(s): 3183344.073027
    -- MCMC Step: 09640000 	Time(s): 3186283.405180
    -- MCMC Step: 09650000 	Time(s): 3189402.847928
    -- MCMC Step: 09660000 	Time(s): 3193390.990985
    -- MCMC Step: 09670000 	Time(s): 3197507.269219
    -- MCMC Step: 09680000 	Time(s): 3201770.460401
    -- MCMC Step: 09690000 	Time(s): 3206037.072642
    -- MCMC Step: 09700000 	Time(s): 3210388.997020
    -- MCMC Step: 09710000 	Time(s): 3214862.123953
    -- MCMC Step: 09720000 	Time(s): 3219519.186940
    -- MCMC Step: 09730000 	Time(s): 3224091.447904
    -- MCMC Step: 09740000 	Time(s): 3228839.754711
    -- MCMC Step: 09750000 	Time(s): 3233497.416834
    -- MCMC Step: 09760000 	Time(s): 3237972.147604
    -- MCMC Step: 09770000 	Time(s): 3242425.843670
    -- MCMC Step: 09780000 	Time(s): 3246825.297446
    -- MCMC Step: 09790000 	Time(s): 3251370.169418
    -- MCMC Step: 09800000 	Time(s): 3255912.633998
    -- MCMC Step: 09810000 	Time(s): 3260437.888887
    -- MCMC Step: 09820000 	Time(s): 3265094.546873
    -- MCMC Step: 09830000 	Time(s): 3269760.642524
    -- MCMC Step: 09840000 	Time(s): 3274480.101106
    -- MCMC Step: 09850000 	Time(s): 3279202.857564
    -- MCMC Step: 09860000 	Time(s): 3283904.250435
    -- MCMC Step: 09870000 	Time(s): 3288584.939243
    -- MCMC Step: 09880000 	Time(s): 3293483.851611
    -- MCMC Step: 09890000 	Time(s): 3298789.394442
    -- MCMC Step: 09900000 	Time(s): 3303967.259117
    -- MCMC Step: 09910000 	Time(s): 3308977.403831
    -- MCMC Step: 09920000 	Time(s): 3314041.830518
    -- MCMC Step: 09930000 	Time(s): 3319081.751244
    -- MCMC Step: 09940000 	Time(s): 3324115.031883
    -- MCMC Step: 09950000 	Time(s): 3329036.808679
    -- MCMC Step: 09960000 	Time(s): 3334081.285268
    -- MCMC Step: 09970000 	Time(s): 3339119.976184
    -- MCMC Step: 09980000 	Time(s): 3343852.739835
    -- MCMC Step: 09990000 	Time(s): 3348449.003178
    -- MCMC Step: 10000000 	Time(s): 3352998.626627
  Saving final MCMC simulation data ...
****************************************
Done successfully!
Cumulative number of energy calculations: 10000002
Elapsed time: 3353003.1715021133 seconds
Finished on: 2023-10-26 22:04:13.522163
