Executed on: 2023-09-18 02:40:43.125852
PFP client version: 1.11.0
Model version: v3.0.0
Calculation mode: CRYSTAL_PLUS_D3
Method type: PFVM
****************************************
Examining NCM811 ...
  Importing initial (known) stable/unstable structures ...
    Supercell size: 5 × 4 × 1
    Number of atoms (perfect): 240
    Cell parameters (a, b, c): 2.874400, 2.878125, 14.114900
    Structural parameter range (min, max): 0.000000, 0.500000
    Number of discrete structural parameters: 60
    Structural parameter spacing: 0.008475
  Importing energies and 1-D DOS from previous WL simlation ...
    Energy range (min, max): -1058.411566, -1054.392101
    Number of energy states: 60
    Energy spacing (eV): 0.068127
  Performing multicanonical Monte Carlo (MCMC) sampling ...
    Number of NNP-neighbors: 11400
    Maximum number of Monte Carlo steps: 10000000
    Trial move style: swap
    -- MCMC Step: 00000000 	Time(s): 0.638062
    -- MCMC Step: 00010000 	Time(s): 1596.031927
    -- MCMC Step: 00020000 	Time(s): 3246.406757
    -- MCMC Step: 00030000 	Time(s): 4886.842504
    -- MCMC Step: 00040000 	Time(s): 6498.993363
    -- MCMC Step: 00050000 	Time(s): 8178.391341
    -- MCMC Step: 00060000 	Time(s): 9781.441427
    -- MCMC Step: 00070000 	Time(s): 11407.161777
    -- MCMC Step: 00080000 	Time(s): 13150.592496
    -- MCMC Step: 00090000 	Time(s): 14755.157736
    -- MCMC Step: 00100000 	Time(s): 16415.885903
    -- MCMC Step: 00110000 	Time(s): 18049.567813
    -- MCMC Step: 00120000 	Time(s): 19681.412030
    -- MCMC Step: 00130000 	Time(s): 21402.871831
    -- MCMC Step: 00140000 	Time(s): 23094.996105
    -- MCMC Step: 00150000 	Time(s): 24776.469229
    -- MCMC Step: 00160000 	Time(s): 26434.999277
    -- MCMC Step: 00170000 	Time(s): 28095.503671
    -- MCMC Step: 00180000 	Time(s): 29733.003487
    -- MCMC Step: 00190000 	Time(s): 31418.203367
    -- MCMC Step: 00200000 	Time(s): 33120.154986
    -- MCMC Step: 00210000 	Time(s): 34808.932932
    -- MCMC Step: 00220000 	Time(s): 36515.542178
    -- MCMC Step: 00230000 	Time(s): 38213.585551
    -- MCMC Step: 00240000 	Time(s): 39891.494038
    -- MCMC Step: 00250000 	Time(s): 41531.840636
    -- MCMC Step: 00260000 	Time(s): 43195.474580
    -- MCMC Step: 00270000 	Time(s): 44762.488953
    -- MCMC Step: 00280000 	Time(s): 46363.698410
    -- MCMC Step: 00290000 	Time(s): 47991.077919
    -- MCMC Step: 00300000 	Time(s): 49625.755110
    -- MCMC Step: 00310000 	Time(s): 51248.277305
    -- MCMC Step: 00320000 	Time(s): 52932.966921
    -- MCMC Step: 00330000 	Time(s): 54607.693142
    -- MCMC Step: 00340000 	Time(s): 56215.939919
    -- MCMC Step: 00350000 	Time(s): 57851.454573
    -- MCMC Step: 00360000 	Time(s): 59448.648546
    -- MCMC Step: 00370000 	Time(s): 61079.654912
    -- MCMC Step: 00380000 	Time(s): 62734.990496
    -- MCMC Step: 00390000 	Time(s): 64335.845726
    -- MCMC Step: 00400000 	Time(s): 65957.078839
    -- MCMC Step: 00410000 	Time(s): 67558.916440
    -- MCMC Step: 00420000 	Time(s): 69215.754485
    -- MCMC Step: 00430000 	Time(s): 70837.903307
    -- MCMC Step: 00440000 	Time(s): 72529.717739
    -- MCMC Step: 00450000 	Time(s): 74113.398591
    -- MCMC Step: 00460000 	Time(s): 75715.921428
    -- MCMC Step: 00470000 	Time(s): 77369.994778
    -- MCMC Step: 00480000 	Time(s): 79096.123201
    -- MCMC Step: 00490000 	Time(s): 80776.745504
    -- MCMC Step: 00500000 	Time(s): 82417.626662
    -- MCMC Step: 00510000 	Time(s): 84118.201333
    -- MCMC Step: 00520000 	Time(s): 85838.997968
    -- MCMC Step: 00530000 	Time(s): 87563.808289
    -- MCMC Step: 00540000 	Time(s): 89218.549541
    -- MCMC Step: 00550000 	Time(s): 90961.811101
    -- MCMC Step: 00560000 	Time(s): 92756.654189
    -- MCMC Step: 00570000 	Time(s): 94867.211193
    -- MCMC Step: 00580000 	Time(s): 96961.059602
    -- MCMC Step: 00590000 	Time(s): 99059.932081
    -- MCMC Step: 00600000 	Time(s): 101574.026813
    -- MCMC Step: 00610000 	Time(s): 104091.631208
    -- MCMC Step: 00620000 	Time(s): 106633.729599
    -- MCMC Step: 00630000 	Time(s): 109153.068656
    -- MCMC Step: 00640000 	Time(s): 111700.198405
    -- MCMC Step: 00650000 	Time(s): 114354.147792
    -- MCMC Step: 00660000 	Time(s): 117085.953368
    -- MCMC Step: 00670000 	Time(s): 119816.919888
    -- MCMC Step: 00680000 	Time(s): 122516.634023
    -- MCMC Step: 00690000 	Time(s): 125243.243949
    -- MCMC Step: 00700000 	Time(s): 127994.266020
    -- MCMC Step: 00710000 	Time(s): 130740.116904
    -- MCMC Step: 00720000 	Time(s): 133463.402282
    -- MCMC Step: 00730000 	Time(s): 136200.040801
    -- MCMC Step: 00740000 	Time(s): 138918.905319
    -- MCMC Step: 00750000 	Time(s): 141606.069232
    -- MCMC Step: 00760000 	Time(s): 144308.791527
    -- MCMC Step: 00770000 	Time(s): 147008.031489
    -- MCMC Step: 00780000 	Time(s): 149763.020197
    -- MCMC Step: 00790000 	Time(s): 152404.698469
    -- MCMC Step: 00800000 	Time(s): 155023.762768
    -- MCMC Step: 00810000 	Time(s): 157561.917917
    -- MCMC Step: 00820000 	Time(s): 160075.478201
    -- MCMC Step: 00830000 	Time(s): 162665.549485
    -- MCMC Step: 00840000 	Time(s): 165274.482338
    -- MCMC Step: 00850000 	Time(s): 167868.818371
    -- MCMC Step: 00860000 	Time(s): 170482.853725
    -- MCMC Step: 00870000 	Time(s): 173042.891491
    -- MCMC Step: 00880000 	Time(s): 175409.686024
    -- MCMC Step: 00890000 	Time(s): 177784.523636
    -- MCMC Step: 00900000 	Time(s): 179909.679244
    -- MCMC Step: 00910000 	Time(s): 181898.339327
    -- MCMC Step: 00920000 	Time(s): 184189.056499
    -- MCMC Step: 00930000 	Time(s): 186068.376150
    -- MCMC Step: 00940000 	Time(s): 188130.477345
    -- MCMC Step: 00950000 	Time(s): 190306.676780
    -- MCMC Step: 00960000 	Time(s): 192618.668993
    -- MCMC Step: 00970000 	Time(s): 194874.759360
    -- MCMC Step: 00980000 	Time(s): 197073.800862
    -- MCMC Step: 00990000 	Time(s): 199173.436467
    -- MCMC Step: 01000000 	Time(s): 201480.759790
    -- MCMC Step: 01010000 	Time(s): 203803.732111
    -- MCMC Step: 01020000 	Time(s): 206168.455893
    -- MCMC Step: 01030000 	Time(s): 208568.109841
    -- MCMC Step: 01040000 	Time(s): 210976.783789
    -- MCMC Step: 01050000 	Time(s): 213379.602379
    -- MCMC Step: 01060000 	Time(s): 215737.281147
    -- MCMC Step: 01070000 	Time(s): 218101.148875
    -- MCMC Step: 01080000 	Time(s): 220494.217822
    -- MCMC Step: 01090000 	Time(s): 222891.258672
    -- MCMC Step: 01100000 	Time(s): 225273.559264
    -- MCMC Step: 01110000 	Time(s): 227673.335610
    -- MCMC Step: 01120000 	Time(s): 230068.556981
    -- MCMC Step: 01130000 	Time(s): 232410.427509
    -- MCMC Step: 01140000 	Time(s): 234776.564383
    -- MCMC Step: 01150000 	Time(s): 237160.606863
    -- MCMC Step: 01160000 	Time(s): 239481.864853
    -- MCMC Step: 01170000 	Time(s): 241746.531843
    -- MCMC Step: 01180000 	Time(s): 244007.868217
    -- MCMC Step: 01190000 	Time(s): 246243.688789
    -- MCMC Step: 01200000 	Time(s): 248511.181928
    -- MCMC Step: 01210000 	Time(s): 250796.603816
    -- MCMC Step: 01220000 	Time(s): 253094.711780
    -- MCMC Step: 01230000 	Time(s): 255410.965106
    -- MCMC Step: 01240000 	Time(s): 257516.262466
    -- MCMC Step: 01250000 	Time(s): 259641.254889
    -- MCMC Step: 01260000 	Time(s): 262093.821624
    -- MCMC Step: 01270000 	Time(s): 264348.709935
    -- MCMC Step: 01280000 	Time(s): 266606.899433
    -- MCMC Step: 01290000 	Time(s): 268808.962909
    -- MCMC Step: 01300000 	Time(s): 271163.774742
    -- MCMC Step: 01310000 	Time(s): 273476.581218
    -- MCMC Step: 01320000 	Time(s): 275800.208864
    -- MCMC Step: 01330000 	Time(s): 278144.131344
    -- MCMC Step: 01340000 	Time(s): 280508.433918
    -- MCMC Step: 01350000 	Time(s): 282896.905676
    -- MCMC Step: 01360000 	Time(s): 285370.124579
    -- MCMC Step: 01370000 	Time(s): 287919.285601
    -- MCMC Step: 01380000 	Time(s): 290261.554345
    -- MCMC Step: 01390000 	Time(s): 292638.748510
    -- MCMC Step: 01400000 	Time(s): 295023.425652
    -- MCMC Step: 01410000 	Time(s): 297386.212082
    -- MCMC Step: 01420000 	Time(s): 299743.787110
    -- MCMC Step: 01430000 	Time(s): 302102.536070
    -- MCMC Step: 01440000 	Time(s): 304449.597785
    -- MCMC Step: 01450000 	Time(s): 306794.974753
    -- MCMC Step: 01460000 	Time(s): 309175.164061
    -- MCMC Step: 01470000 	Time(s): 311572.938096
    -- MCMC Step: 01480000 	Time(s): 313971.225703
    -- MCMC Step: 01490000 	Time(s): 316371.821120
    -- MCMC Step: 01500000 	Time(s): 318750.308698
    -- MCMC Step: 01510000 	Time(s): 321125.142740
    -- MCMC Step: 01520000 	Time(s): 323484.291640
    -- MCMC Step: 01530000 	Time(s): 325866.538293
    -- MCMC Step: 01540000 	Time(s): 328240.712820
    -- MCMC Step: 01550000 	Time(s): 330624.525369
    -- MCMC Step: 01560000 	Time(s): 333050.453397
    -- MCMC Step: 01570000 	Time(s): 335504.375992
    -- MCMC Step: 01580000 	Time(s): 337952.110662
    -- MCMC Step: 01590000 	Time(s): 340389.305370
    -- MCMC Step: 01600000 	Time(s): 342822.501056
    -- MCMC Step: 01610000 	Time(s): 345248.896348
    -- MCMC Step: 01620000 	Time(s): 347452.597462
    -- MCMC Step: 01630000 	Time(s): 349345.425658
    -- MCMC Step: 01640000 	Time(s): 351633.389146
    -- MCMC Step: 01650000 	Time(s): 353968.251968
    -- MCMC Step: 01660000 	Time(s): 356550.855035
    -- MCMC Step: 01670000 	Time(s): 359296.139009
    -- MCMC Step: 01680000 	Time(s): 361982.392919
    -- MCMC Step: 01690000 	Time(s): 364597.455822
    -- MCMC Step: 01700000 	Time(s): 367115.703410
    -- MCMC Step: 01710000 	Time(s): 369728.080384
    -- MCMC Step: 01720000 	Time(s): 372374.718122
    -- MCMC Step: 01730000 	Time(s): 375041.449256
    -- MCMC Step: 01740000 	Time(s): 377715.492492
    -- MCMC Step: 01750000 	Time(s): 380400.217764
    -- MCMC Step: 01760000 	Time(s): 383065.322931
    -- MCMC Step: 01770000 	Time(s): 385755.384078
    -- MCMC Step: 01780000 	Time(s): 388448.322361
    -- MCMC Step: 01790000 	Time(s): 391214.142912
    -- MCMC Step: 01800000 	Time(s): 393964.010680
    -- MCMC Step: 01810000 	Time(s): 396688.168195
    -- MCMC Step: 01820000 	Time(s): 399360.281443
    -- MCMC Step: 01830000 	Time(s): 402017.575883
    -- MCMC Step: 01840000 	Time(s): 404701.874869
    -- MCMC Step: 01850000 	Time(s): 407380.917145
    -- MCMC Step: 01860000 	Time(s): 410085.805056
    -- MCMC Step: 01870000 	Time(s): 412730.263881
    -- MCMC Step: 01880000 	Time(s): 415364.793184
    -- MCMC Step: 01890000 	Time(s): 417994.331930
    -- MCMC Step: 01900000 	Time(s): 420593.671582
    -- MCMC Step: 01910000 	Time(s): 423085.169715
    -- MCMC Step: 01920000 	Time(s): 425602.396166
    -- MCMC Step: 01930000 	Time(s): 428155.767550
    -- MCMC Step: 01940000 	Time(s): 430708.822941
    -- MCMC Step: 01950000 	Time(s): 433304.186253
    -- MCMC Step: 01960000 	Time(s): 435907.759905
    -- MCMC Step: 01970000 	Time(s): 438548.210609
    -- MCMC Step: 01980000 	Time(s): 441147.387953
    -- MCMC Step: 01990000 	Time(s): 443671.165253
    -- MCMC Step: 02000000 	Time(s): 446165.927227
    -- MCMC Step: 02010000 	Time(s): 448655.542553
    -- MCMC Step: 02020000 	Time(s): 451133.841632
    -- MCMC Step: 02030000 	Time(s): 453629.460213
    -- MCMC Step: 02040000 	Time(s): 456095.597960
    -- MCMC Step: 02050000 	Time(s): 458582.781552
    -- MCMC Step: 02060000 	Time(s): 461071.471859
    -- MCMC Step: 02070000 	Time(s): 463556.891921
    -- MCMC Step: 02080000 	Time(s): 466026.856704
    -- MCMC Step: 02090000 	Time(s): 468492.150424
    -- MCMC Step: 02100000 	Time(s): 470973.097641
    -- MCMC Step: 02110000 	Time(s): 473444.697157
    -- MCMC Step: 02120000 	Time(s): 475868.943321
    -- MCMC Step: 02130000 	Time(s): 478300.689685
    -- MCMC Step: 02140000 	Time(s): 480721.778678
    -- MCMC Step: 02150000 	Time(s): 483159.074003
    -- MCMC Step: 02160000 	Time(s): 485594.699392
    -- MCMC Step: 02170000 	Time(s): 487989.249133
    -- MCMC Step: 02180000 	Time(s): 490282.723529
    -- MCMC Step: 02190000 	Time(s): 492623.213225
    -- MCMC Step: 02200000 	Time(s): 494954.821645
    -- MCMC Step: 02210000 	Time(s): 497196.422433
    -- MCMC Step: 02220000 	Time(s): 499400.281611
    -- MCMC Step: 02230000 	Time(s): 501568.755966
    -- MCMC Step: 02240000 	Time(s): 503748.689080
    -- MCMC Step: 02250000 	Time(s): 505940.507820
    -- MCMC Step: 02260000 	Time(s): 508112.517619
    -- MCMC Step: 02270000 	Time(s): 510278.319314
    -- MCMC Step: 02280000 	Time(s): 512464.797387
    -- MCMC Step: 02290000 	Time(s): 514649.048112
    -- MCMC Step: 02300000 	Time(s): 516723.831004
    -- MCMC Step: 02310000 	Time(s): 518674.408174
    -- MCMC Step: 02320000 	Time(s): 520633.043255
    -- MCMC Step: 02330000 	Time(s): 522587.619149
    -- MCMC Step: 02340000 	Time(s): 524565.380101
    -- MCMC Step: 02350000 	Time(s): 526514.375323
    -- MCMC Step: 02360000 	Time(s): 528470.937782
    -- MCMC Step: 02370000 	Time(s): 530470.815113
    -- MCMC Step: 02380000 	Time(s): 532475.250227
    -- MCMC Step: 02390000 	Time(s): 534460.719662
    -- MCMC Step: 02400000 	Time(s): 536434.175937
    -- MCMC Step: 02410000 	Time(s): 538390.646686
    -- MCMC Step: 02420000 	Time(s): 540334.226364
    -- MCMC Step: 02430000 	Time(s): 542051.832186
    -- MCMC Step: 02440000 	Time(s): 543649.334291
    -- MCMC Step: 02450000 	Time(s): 545236.511583
    -- MCMC Step: 02460000 	Time(s): 546797.225081
    -- MCMC Step: 02470000 	Time(s): 548378.531811
    -- MCMC Step: 02480000 	Time(s): 549969.538717
    -- MCMC Step: 02490000 	Time(s): 551572.785024
    -- MCMC Step: 02500000 	Time(s): 553168.957626
    -- MCMC Step: 02510000 	Time(s): 554744.729585
    -- MCMC Step: 02520000 	Time(s): 556298.295019
    -- MCMC Step: 02530000 	Time(s): 557837.213949
    -- MCMC Step: 02540000 	Time(s): 559398.219537
    -- MCMC Step: 02550000 	Time(s): 561007.979830
    -- MCMC Step: 02560000 	Time(s): 562567.417996
    -- MCMC Step: 02570000 	Time(s): 564131.728076
    -- MCMC Step: 02580000 	Time(s): 565703.870963
    -- MCMC Step: 02590000 	Time(s): 567270.046588
    -- MCMC Step: 02600000 	Time(s): 568824.632889
    -- MCMC Step: 02610000 	Time(s): 570361.682522
    -- MCMC Step: 02620000 	Time(s): 571911.719284
    -- MCMC Step: 02630000 	Time(s): 573444.930694
    -- MCMC Step: 02640000 	Time(s): 574983.424396
    -- MCMC Step: 02650000 	Time(s): 576525.303691
    -- MCMC Step: 02660000 	Time(s): 578081.080718
    -- MCMC Step: 02670000 	Time(s): 579640.090932
    -- MCMC Step: 02680000 	Time(s): 581235.000226
    -- MCMC Step: 02690000 	Time(s): 582787.099046
    -- MCMC Step: 02700000 	Time(s): 584338.009241
    -- MCMC Step: 02710000 	Time(s): 585883.075561
    -- MCMC Step: 02720000 	Time(s): 587414.279885
    -- MCMC Step: 02730000 	Time(s): 588975.760021
    -- MCMC Step: 02740000 	Time(s): 590549.425473
    -- MCMC Step: 02750000 	Time(s): 592163.390313
    -- MCMC Step: 02760000 	Time(s): 593794.428708
    -- MCMC Step: 02770000 	Time(s): 595443.916003
    -- MCMC Step: 02780000 	Time(s): 597091.437066
    -- MCMC Step: 02790000 	Time(s): 598761.304877
    -- MCMC Step: 02800000 	Time(s): 600409.322547
    -- MCMC Step: 02810000 	Time(s): 602170.050556
    -- MCMC Step: 02820000 	Time(s): 603923.265572
    -- MCMC Step: 02830000 	Time(s): 605624.997585
    -- MCMC Step: 02840000 	Time(s): 607326.709424
    -- MCMC Step: 02850000 	Time(s): 609020.455362
    -- MCMC Step: 02860000 	Time(s): 610741.066953
    -- MCMC Step: 02870000 	Time(s): 612429.438302
    -- MCMC Step: 02880000 	Time(s): 614092.104832
    -- MCMC Step: 02890000 	Time(s): 615789.063773
    -- MCMC Step: 02900000 	Time(s): 617452.694920
    -- MCMC Step: 02910000 	Time(s): 619113.613194
    -- MCMC Step: 02920000 	Time(s): 620799.639064
    -- MCMC Step: 02930000 	Time(s): 622487.103527
    -- MCMC Step: 02940000 	Time(s): 624114.647948
    -- MCMC Step: 02950000 	Time(s): 625788.089972
    -- MCMC Step: 02960000 	Time(s): 627435.924991
    -- MCMC Step: 02970000 	Time(s): 629064.911463
    -- MCMC Step: 02980000 	Time(s): 630739.084463
    -- MCMC Step: 02990000 	Time(s): 632412.701453
    -- MCMC Step: 03000000 	Time(s): 634057.038764
    -- MCMC Step: 03010000 	Time(s): 635678.238100
    -- MCMC Step: 03020000 	Time(s): 637302.833145
    -- MCMC Step: 03030000 	Time(s): 638899.425456
    -- MCMC Step: 03040000 	Time(s): 640543.252617
    -- MCMC Step: 03050000 	Time(s): 642161.961630
    -- MCMC Step: 03060000 	Time(s): 643768.634878
    -- MCMC Step: 03070000 	Time(s): 645381.560113
    -- MCMC Step: 03080000 	Time(s): 647004.137133
    -- MCMC Step: 03090000 	Time(s): 648634.932183
    -- MCMC Step: 03100000 	Time(s): 650269.737299
    -- MCMC Step: 03110000 	Time(s): 651834.571875
    -- MCMC Step: 03120000 	Time(s): 653431.812082
    -- MCMC Step: 03130000 	Time(s): 655043.051903
    -- MCMC Step: 03140000 	Time(s): 656625.554197
    -- MCMC Step: 03150000 	Time(s): 658204.723558
    -- MCMC Step: 03160000 	Time(s): 659788.707364
    -- MCMC Step: 03170000 	Time(s): 661341.651623
    -- MCMC Step: 03180000 	Time(s): 662913.369798
    -- MCMC Step: 03190000 	Time(s): 664480.187307
    -- MCMC Step: 03200000 	Time(s): 666071.548378
    -- MCMC Step: 03210000 	Time(s): 667632.548075
    -- MCMC Step: 03220000 	Time(s): 669193.281004
    -- MCMC Step: 03230000 	Time(s): 670737.328963
    -- MCMC Step: 03240000 	Time(s): 672288.187673
    -- MCMC Step: 03250000 	Time(s): 673836.317988
    -- MCMC Step: 03260000 	Time(s): 675409.001938
    -- MCMC Step: 03270000 	Time(s): 677001.687696
    -- MCMC Step: 03280000 	Time(s): 678596.653740
    -- MCMC Step: 03290000 	Time(s): 680173.965309
    -- MCMC Step: 03300000 	Time(s): 681746.055107
    -- MCMC Step: 03310000 	Time(s): 683348.224978
    -- MCMC Step: 03320000 	Time(s): 684982.190455
    -- MCMC Step: 03330000 	Time(s): 686824.027051
    -- MCMC Step: 03340000 	Time(s): 688901.604449
    -- MCMC Step: 03350000 	Time(s): 691099.282278
    -- MCMC Step: 03360000 	Time(s): 693240.976782
    -- MCMC Step: 03370000 	Time(s): 695332.642655
    -- MCMC Step: 03380000 	Time(s): 698205.163655
    -- MCMC Step: 03390000 	Time(s): 701580.302933
    -- MCMC Step: 03400000 	Time(s): 704935.938890
    -- MCMC Step: 03410000 	Time(s): 708594.432546
    -- MCMC Step: 03420000 	Time(s): 712167.079656
    -- MCMC Step: 03430000 	Time(s): 715576.336581
    -- MCMC Step: 03440000 	Time(s): 718874.081311
    -- MCMC Step: 03450000 	Time(s): 722238.801934
    -- MCMC Step: 03460000 	Time(s): 725619.238038
    -- MCMC Step: 03470000 	Time(s): 728959.161054
    -- MCMC Step: 03480000 	Time(s): 732298.417566
    -- MCMC Step: 03490000 	Time(s): 735663.825628
    -- MCMC Step: 03500000 	Time(s): 739044.991671
    -- MCMC Step: 03510000 	Time(s): 742481.244772
    -- MCMC Step: 03520000 	Time(s): 745932.733948
    -- MCMC Step: 03530000 	Time(s): 749369.243690
    -- MCMC Step: 03540000 	Time(s): 752847.777193
    -- MCMC Step: 03550000 	Time(s): 756340.291631
    -- MCMC Step: 03560000 	Time(s): 759786.847558
    -- MCMC Step: 03570000 	Time(s): 763132.170567
    -- MCMC Step: 03580000 	Time(s): 766525.123978
    -- MCMC Step: 03590000 	Time(s): 770100.954331
    -- MCMC Step: 03600000 	Time(s): 774149.847595
    -- MCMC Step: 03610000 	Time(s): 778014.739675
    -- MCMC Step: 03620000 	Time(s): 782017.257157
    -- MCMC Step: 03630000 	Time(s): 786136.914832
    -- MCMC Step: 03640000 	Time(s): 790235.154500
    -- MCMC Step: 03650000 	Time(s): 794433.450446
    -- MCMC Step: 03660000 	Time(s): 798855.352281
    -- MCMC Step: 03670000 	Time(s): 803386.311810
    -- MCMC Step: 03680000 	Time(s): 808047.486295
    -- MCMC Step: 03690000 	Time(s): 812747.677258
    -- MCMC Step: 03700000 	Time(s): 817501.870013
    -- MCMC Step: 03710000 	Time(s): 822232.959444
    -- MCMC Step: 03720000 	Time(s): 826940.801308
    -- MCMC Step: 03730000 	Time(s): 831659.450335
    -- MCMC Step: 03740000 	Time(s): 836403.643314
    -- MCMC Step: 03750000 	Time(s): 841149.429683
    -- MCMC Step: 03760000 	Time(s): 845825.739021
    -- MCMC Step: 03770000 	Time(s): 850518.331952
    -- MCMC Step: 03780000 	Time(s): 855221.408292
    -- MCMC Step: 03790000 	Time(s): 859874.651263
    -- MCMC Step: 03800000 	Time(s): 864423.528213
    -- MCMC Step: 03810000 	Time(s): 868950.601697
    -- MCMC Step: 03820000 	Time(s): 873194.836628
    -- MCMC Step: 03830000 	Time(s): 877899.524587
    -- MCMC Step: 03840000 	Time(s): 882351.146303
    -- MCMC Step: 03850000 	Time(s): 886858.261562
    -- MCMC Step: 03860000 	Time(s): 891496.347443
    -- MCMC Step: 03870000 	Time(s): 896119.353219
    -- MCMC Step: 03880000 	Time(s): 900629.731598
    -- MCMC Step: 03890000 	Time(s): 905159.777774
    -- MCMC Step: 03900000 	Time(s): 909699.226736
    -- MCMC Step: 03910000 	Time(s): 914318.956476
    -- MCMC Step: 03920000 	Time(s): 918926.891631
    -- MCMC Step: 03930000 	Time(s): 923539.682151
    -- MCMC Step: 03940000 	Time(s): 928236.473337
    -- MCMC Step: 03950000 	Time(s): 932855.228919
    -- MCMC Step: 03960000 	Time(s): 937559.601963
    -- MCMC Step: 03970000 	Time(s): 942321.745826
    -- MCMC Step: 03980000 	Time(s): 946908.025138
    -- MCMC Step: 03990000 	Time(s): 951174.948185
    -- MCMC Step: 04000000 	Time(s): 955683.140523
    -- MCMC Step: 04010000 	Time(s): 960085.797788
    -- MCMC Step: 04020000 	Time(s): 964563.494853
    -- MCMC Step: 04030000 	Time(s): 969154.090620
    -- MCMC Step: 04040000 	Time(s): 973783.691077
    -- MCMC Step: 04050000 	Time(s): 978450.818742
    -- MCMC Step: 04060000 	Time(s): 983074.073096
    -- MCMC Step: 04070000 	Time(s): 987793.391140
    -- MCMC Step: 04080000 	Time(s): 992413.635525
    -- MCMC Step: 04090000 	Time(s): 996954.972210
    -- MCMC Step: 04100000 	Time(s): 1001505.166801
    -- MCMC Step: 04110000 	Time(s): 1006027.199483
    -- MCMC Step: 04120000 	Time(s): 1010577.858041
    -- MCMC Step: 04130000 	Time(s): 1015199.479336
    -- MCMC Step: 04140000 	Time(s): 1019770.793764
    -- MCMC Step: 04150000 	Time(s): 1024311.921264
    -- MCMC Step: 04160000 	Time(s): 1028814.056524
    -- MCMC Step: 04170000 	Time(s): 1033123.156689
    -- MCMC Step: 04180000 	Time(s): 1037353.634372
    -- MCMC Step: 04190000 	Time(s): 1041462.196613
    -- MCMC Step: 04200000 	Time(s): 1045580.817722
    -- MCMC Step: 04210000 	Time(s): 1049656.315275
    -- MCMC Step: 04220000 	Time(s): 1053743.146239
    -- MCMC Step: 04230000 	Time(s): 1057855.781414
    -- MCMC Step: 04240000 	Time(s): 1061976.702956
    -- MCMC Step: 04250000 	Time(s): 1066164.947676
    -- MCMC Step: 04260000 	Time(s): 1070286.499946
    -- MCMC Step: 04270000 	Time(s): 1074426.276079
    -- MCMC Step: 04280000 	Time(s): 1078552.117636
    -- MCMC Step: 04290000 	Time(s): 1082638.253082
    -- MCMC Step: 04300000 	Time(s): 1086819.500156
    -- MCMC Step: 04310000 	Time(s): 1090989.815376
    -- MCMC Step: 04320000 	Time(s): 1095043.028327
    -- MCMC Step: 04330000 	Time(s): 1099030.574179
    -- MCMC Step: 04340000 	Time(s): 1101654.148201
    -- MCMC Step: 04350000 	Time(s): 1105498.887791
    -- MCMC Step: 04360000 	Time(s): 1109414.223813
    -- MCMC Step: 04370000 	Time(s): 1113333.065467
    -- MCMC Step: 04380000 	Time(s): 1117256.326494
    -- MCMC Step: 04390000 	Time(s): 1121323.423590
    -- MCMC Step: 04400000 	Time(s): 1125579.712218
    -- MCMC Step: 04410000 	Time(s): 1129827.411377
    -- MCMC Step: 04420000 	Time(s): 1134100.688996
    -- MCMC Step: 04430000 	Time(s): 1138367.937320
    -- MCMC Step: 04440000 	Time(s): 1142641.605368
    -- MCMC Step: 04450000 	Time(s): 1146952.695684
    -- MCMC Step: 04460000 	Time(s): 1151260.121839
    -- MCMC Step: 04470000 	Time(s): 1155566.971667
    -- MCMC Step: 04480000 	Time(s): 1159891.208001
    -- MCMC Step: 04490000 	Time(s): 1164174.851430
    -- MCMC Step: 04500000 	Time(s): 1168446.056856
    -- MCMC Step: 04510000 	Time(s): 1172769.867656
    -- MCMC Step: 04520000 	Time(s): 1177066.647400
    -- MCMC Step: 04530000 	Time(s): 1181296.142099
    -- MCMC Step: 04540000 	Time(s): 1185618.169075
    -- MCMC Step: 04550000 	Time(s): 1189826.875442
    -- MCMC Step: 04560000 	Time(s): 1194038.616534
    -- MCMC Step: 04570000 	Time(s): 1198136.954719
    -- MCMC Step: 04580000 	Time(s): 1202242.832184
    -- MCMC Step: 04590000 	Time(s): 1206382.261222
    -- MCMC Step: 04600000 	Time(s): 1210611.493567
    -- MCMC Step: 04610000 	Time(s): 1214725.025448
    -- MCMC Step: 04620000 	Time(s): 1218940.544787
    -- MCMC Step: 04630000 	Time(s): 1223129.481225
    -- MCMC Step: 04640000 	Time(s): 1227242.940453
    -- MCMC Step: 04650000 	Time(s): 1231696.719112
    -- MCMC Step: 04660000 	Time(s): 1236553.560461
    -- MCMC Step: 04670000 	Time(s): 1241475.354559
    -- MCMC Step: 04680000 	Time(s): 1246402.737653
    -- MCMC Step: 04690000 	Time(s): 1251230.616622
    -- MCMC Step: 04700000 	Time(s): 1256049.052822
    -- MCMC Step: 04710000 	Time(s): 1260809.816969
    -- MCMC Step: 04720000 	Time(s): 1265509.827648
    -- MCMC Step: 04730000 	Time(s): 1270263.208090
    -- MCMC Step: 04740000 	Time(s): 1275297.596642
    -- MCMC Step: 04750000 	Time(s): 1280279.962038
    -- MCMC Step: 04760000 	Time(s): 1285105.826394
    -- MCMC Step: 04770000 	Time(s): 1289675.583014
    -- MCMC Step: 04780000 	Time(s): 1294145.862804
    -- MCMC Step: 04790000 	Time(s): 1298254.813786
    -- MCMC Step: 04800000 	Time(s): 1302678.867334
    -- MCMC Step: 04810000 	Time(s): 1307078.985132
    -- MCMC Step: 04820000 	Time(s): 1311227.078489
    -- MCMC Step: 04830000 	Time(s): 1315958.593870
    -- MCMC Step: 04840000 	Time(s): 1320594.880618
    -- MCMC Step: 04850000 	Time(s): 1325227.883638
    -- MCMC Step: 04860000 	Time(s): 1329913.443762
    -- MCMC Step: 04870000 	Time(s): 1334601.512501
    -- MCMC Step: 04880000 	Time(s): 1339314.638053
    -- MCMC Step: 04890000 	Time(s): 1344011.299832
    -- MCMC Step: 04900000 	Time(s): 1348489.816251
    -- MCMC Step: 04910000 	Time(s): 1352848.569128
    -- MCMC Step: 04920000 	Time(s): 1357115.171701
    -- MCMC Step: 04930000 	Time(s): 1361343.479680
    -- MCMC Step: 04940000 	Time(s): 1365399.505935
    -- MCMC Step: 04950000 	Time(s): 1369318.431943
    -- MCMC Step: 04960000 	Time(s): 1373442.299704
    -- MCMC Step: 04970000 	Time(s): 1377724.147419
    -- MCMC Step: 04980000 	Time(s): 1381581.031970
    -- MCMC Step: 04990000 	Time(s): 1385901.596487
    -- MCMC Step: 05000000 	Time(s): 1390239.062011
    -- MCMC Step: 05010000 	Time(s): 1394344.260812
    -- MCMC Step: 05020000 	Time(s): 1398504.276672
    -- MCMC Step: 05030000 	Time(s): 1402817.007448
    -- MCMC Step: 05040000 	Time(s): 1406948.825916
    -- MCMC Step: 05050000 	Time(s): 1411373.087239
    -- MCMC Step: 05060000 	Time(s): 1416233.345336
    -- MCMC Step: 05070000 	Time(s): 1421015.434481
    -- MCMC Step: 05080000 	Time(s): 1425747.016424
    -- MCMC Step: 05090000 	Time(s): 1430279.181077
    -- MCMC Step: 05100000 	Time(s): 1434777.936035
    -- MCMC Step: 05110000 	Time(s): 1438979.896435
    -- MCMC Step: 05120000 	Time(s): 1443082.686076
    -- MCMC Step: 05130000 	Time(s): 1447177.142600
    -- MCMC Step: 05140000 	Time(s): 1451280.001886
    -- MCMC Step: 05150000 	Time(s): 1455294.150373
    -- MCMC Step: 05160000 	Time(s): 1459382.129728
    -- MCMC Step: 05170000 	Time(s): 1463186.707219
    -- MCMC Step: 05180000 	Time(s): 1466602.791009
    -- MCMC Step: 05190000 	Time(s): 1470250.219813
    -- MCMC Step: 05200000 	Time(s): 1473789.951988
    -- MCMC Step: 05210000 	Time(s): 1477402.483443
    -- MCMC Step: 05220000 	Time(s): 1481223.160325
    -- MCMC Step: 05230000 	Time(s): 1485151.957879
    -- MCMC Step: 05240000 	Time(s): 1488976.201969
    -- MCMC Step: 05250000 	Time(s): 1493000.358084
    -- MCMC Step: 05260000 	Time(s): 1496948.809494
    -- MCMC Step: 05270000 	Time(s): 1500964.520510
    -- MCMC Step: 05280000 	Time(s): 1504888.917977
    -- MCMC Step: 05290000 	Time(s): 1508756.135314
    -- MCMC Step: 05300000 	Time(s): 1512595.507793
    -- MCMC Step: 05310000 	Time(s): 1516428.444075
    -- MCMC Step: 05320000 	Time(s): 1520315.313039
    -- MCMC Step: 05330000 	Time(s): 1524148.659895
    -- MCMC Step: 05340000 	Time(s): 1527988.115813
    -- MCMC Step: 05350000 	Time(s): 1531836.846943
    -- MCMC Step: 05360000 	Time(s): 1535686.674232
    -- MCMC Step: 05370000 	Time(s): 1539472.372966
    -- MCMC Step: 05380000 	Time(s): 1543172.534451
    -- MCMC Step: 05390000 	Time(s): 1547039.194586
    -- MCMC Step: 05400000 	Time(s): 1550907.985845
    -- MCMC Step: 05410000 	Time(s): 1554064.239712
    -- MCMC Step: 05420000 	Time(s): 1557384.130135
    -- MCMC Step: 05430000 	Time(s): 1560844.555200
    -- MCMC Step: 05440000 	Time(s): 1564115.967359
    -- MCMC Step: 05450000 	Time(s): 1567191.713282
    -- MCMC Step: 05460000 	Time(s): 1570444.820699
    -- MCMC Step: 05470000 	Time(s): 1573724.228532
    -- MCMC Step: 05480000 	Time(s): 1576984.316870
    -- MCMC Step: 05490000 	Time(s): 1580277.402277
    -- MCMC Step: 05500000 	Time(s): 1583869.586456
    -- MCMC Step: 05510000 	Time(s): 1587678.483635
    -- MCMC Step: 05520000 	Time(s): 1591475.215850
    -- MCMC Step: 05530000 	Time(s): 1595341.822428
    -- MCMC Step: 05540000 	Time(s): 1599245.226686
    -- MCMC Step: 05550000 	Time(s): 1603121.691795
    -- MCMC Step: 05560000 	Time(s): 1606974.082310
    -- MCMC Step: 05570000 	Time(s): 1610927.215566
    -- MCMC Step: 05580000 	Time(s): 1614850.956533
    -- MCMC Step: 05590000 	Time(s): 1618809.242631
    -- MCMC Step: 05600000 	Time(s): 1622789.190501
    -- MCMC Step: 05610000 	Time(s): 1626717.530282
    -- MCMC Step: 05620000 	Time(s): 1630642.629495
    -- MCMC Step: 05630000 	Time(s): 1634567.057227
    -- MCMC Step: 05640000 	Time(s): 1638494.817433
    -- MCMC Step: 05650000 	Time(s): 1642455.275953
    -- MCMC Step: 05660000 	Time(s): 1646382.239281
    -- MCMC Step: 05670000 	Time(s): 1650351.889723
    -- MCMC Step: 05680000 	Time(s): 1654287.965683
    -- MCMC Step: 05690000 	Time(s): 1658267.241054
    -- MCMC Step: 05700000 	Time(s): 1662215.882928
    -- MCMC Step: 05710000 	Time(s): 1666190.681684
    -- MCMC Step: 05720000 	Time(s): 1670122.961170
    -- MCMC Step: 05730000 	Time(s): 1673996.103397
    -- MCMC Step: 05740000 	Time(s): 1677854.494298
    -- MCMC Step: 05750000 	Time(s): 1681703.807508
    -- MCMC Step: 05760000 	Time(s): 1685577.863863
    -- MCMC Step: 05770000 	Time(s): 1689436.736059
    -- MCMC Step: 05780000 	Time(s): 1693262.379495
    -- MCMC Step: 05790000 	Time(s): 1697089.455890
    -- MCMC Step: 05800000 	Time(s): 1700946.276371
    -- MCMC Step: 05810000 	Time(s): 1704572.218561
    -- MCMC Step: 05820000 	Time(s): 1708098.079137
    -- MCMC Step: 05830000 	Time(s): 1711620.969267
    -- MCMC Step: 05840000 	Time(s): 1715172.846049
    -- MCMC Step: 05850000 	Time(s): 1718713.698681
    -- MCMC Step: 05860000 	Time(s): 1722247.190988
    -- MCMC Step: 05870000 	Time(s): 1725658.646053
    -- MCMC Step: 05880000 	Time(s): 1729071.198451
    -- MCMC Step: 05890000 	Time(s): 1732484.190851
    -- MCMC Step: 05900000 	Time(s): 1735961.024027
    -- MCMC Step: 05910000 	Time(s): 1739503.539631
    -- MCMC Step: 05920000 	Time(s): 1743046.955166
    -- MCMC Step: 05930000 	Time(s): 1746568.727524
    -- MCMC Step: 05940000 	Time(s): 1750059.976316
    -- MCMC Step: 05950000 	Time(s): 1753561.115994
    -- MCMC Step: 05960000 	Time(s): 1757105.733627
    -- MCMC Step: 05970000 	Time(s): 1760618.996679
    -- MCMC Step: 05980000 	Time(s): 1764169.065167
    -- MCMC Step: 05990000 	Time(s): 1767688.646611
    -- MCMC Step: 06000000 	Time(s): 1770986.186387
    -- MCMC Step: 06010000 	Time(s): 1774197.686505
    -- MCMC Step: 06020000 	Time(s): 1777375.221693
    -- MCMC Step: 06030000 	Time(s): 1780520.848809
    -- MCMC Step: 06040000 	Time(s): 1783635.822042
    -- MCMC Step: 06050000 	Time(s): 1786703.939659
    -- MCMC Step: 06060000 	Time(s): 1789787.595054
    -- MCMC Step: 06070000 	Time(s): 1792798.330456
    -- MCMC Step: 06080000 	Time(s): 1795732.990981
    -- MCMC Step: 06090000 	Time(s): 1798698.220860
    -- MCMC Step: 06100000 	Time(s): 1801872.530744
    -- MCMC Step: 06110000 	Time(s): 1805001.004419
    -- MCMC Step: 06120000 	Time(s): 1808035.541835
    -- MCMC Step: 06130000 	Time(s): 1811062.573948
    -- MCMC Step: 06140000 	Time(s): 1814101.600204
    -- MCMC Step: 06150000 	Time(s): 1817127.214148
    -- MCMC Step: 06160000 	Time(s): 1820177.219394
    -- MCMC Step: 06170000 	Time(s): 1823237.208626
    -- MCMC Step: 06180000 	Time(s): 1826267.610995
    -- MCMC Step: 06190000 	Time(s): 1829272.549629
    -- MCMC Step: 06200000 	Time(s): 1832283.743583
    -- MCMC Step: 06210000 	Time(s): 1835289.817085
    -- MCMC Step: 06220000 	Time(s): 1838306.939371
    -- MCMC Step: 06230000 	Time(s): 1841337.278155
    -- MCMC Step: 06240000 	Time(s): 1844367.768693
    -- MCMC Step: 06250000 	Time(s): 1847415.050533
    -- MCMC Step: 06260000 	Time(s): 1850428.097010
    -- MCMC Step: 06270000 	Time(s): 1853490.599259
    -- MCMC Step: 06280000 	Time(s): 1856462.468990
    -- MCMC Step: 06290000 	Time(s): 1859282.690235
    -- MCMC Step: 06300000 	Time(s): 1861984.940701
    -- MCMC Step: 06310000 	Time(s): 1864565.553569
    -- MCMC Step: 06320000 	Time(s): 1867176.365271
    -- MCMC Step: 06330000 	Time(s): 1869786.368581
    -- MCMC Step: 06340000 	Time(s): 1872370.680884
    -- MCMC Step: 06350000 	Time(s): 1874997.929137
    -- MCMC Step: 06360000 	Time(s): 1877616.851509
    -- MCMC Step: 06370000 	Time(s): 1880221.173825
    -- MCMC Step: 06380000 	Time(s): 1882913.797659
    -- MCMC Step: 06390000 	Time(s): 1885719.294167
    -- MCMC Step: 06400000 	Time(s): 1888419.755458
    -- MCMC Step: 06410000 	Time(s): 1890925.395721
    -- MCMC Step: 06420000 	Time(s): 1893505.301258
    -- MCMC Step: 06430000 	Time(s): 1896168.938323
    -- MCMC Step: 06440000 	Time(s): 1899010.417845
    -- MCMC Step: 06450000 	Time(s): 1901953.128398
    -- MCMC Step: 06460000 	Time(s): 1904922.179658
    -- MCMC Step: 06470000 	Time(s): 1907999.477417
    -- MCMC Step: 06480000 	Time(s): 1911113.037116
    -- MCMC Step: 06490000 	Time(s): 1914373.841474
    -- MCMC Step: 06500000 	Time(s): 1917680.694483
    -- MCMC Step: 06510000 	Time(s): 1920935.454593
    -- MCMC Step: 06520000 	Time(s): 1924282.761328
    -- MCMC Step: 06530000 	Time(s): 1927709.205666
    -- MCMC Step: 06540000 	Time(s): 1930952.761739
    -- MCMC Step: 06550000 	Time(s): 1934128.499048
    -- MCMC Step: 06560000 	Time(s): 1937449.605074
    -- MCMC Step: 06570000 	Time(s): 1940767.704187
    -- MCMC Step: 06580000 	Time(s): 1944157.828422
    -- MCMC Step: 06590000 	Time(s): 1947480.815536
    -- MCMC Step: 06600000 	Time(s): 1950790.921476
    -- MCMC Step: 06610000 	Time(s): 1954078.371151
    -- MCMC Step: 06620000 	Time(s): 1957354.577376
    -- MCMC Step: 06630000 	Time(s): 1960652.578046
    -- MCMC Step: 06640000 	Time(s): 1963989.142582
    -- MCMC Step: 06650000 	Time(s): 1967329.333109
    -- MCMC Step: 06660000 	Time(s): 1970676.437931
    -- MCMC Step: 06670000 	Time(s): 1974079.371773
    -- MCMC Step: 06680000 	Time(s): 1977455.741190
    -- MCMC Step: 06690000 	Time(s): 1980779.878853
    -- MCMC Step: 06700000 	Time(s): 1983930.469573
    -- MCMC Step: 06710000 	Time(s): 1986971.786234
    -- MCMC Step: 06720000 	Time(s): 1990071.128972
    -- MCMC Step: 06730000 	Time(s): 1993338.655915
    -- MCMC Step: 06740000 	Time(s): 1996894.554141
    -- MCMC Step: 06750000 	Time(s): 2000691.692982
    -- MCMC Step: 06760000 	Time(s): 2004537.201689
    -- MCMC Step: 06770000 	Time(s): 2008460.017377
    -- MCMC Step: 06780000 	Time(s): 2012346.643630
    -- MCMC Step: 06790000 	Time(s): 2016245.687990
    -- MCMC Step: 06800000 	Time(s): 2020186.314517
    -- MCMC Step: 06810000 	Time(s): 2024095.906678
    -- MCMC Step: 06820000 	Time(s): 2027797.078027
    -- MCMC Step: 06830000 	Time(s): 2031748.908900
    -- MCMC Step: 06840000 	Time(s): 2035714.700774
    -- MCMC Step: 06850000 	Time(s): 2039729.239149
    -- MCMC Step: 06860000 	Time(s): 2043719.434979
    -- MCMC Step: 06870000 	Time(s): 2047530.436097
    -- MCMC Step: 06880000 	Time(s): 2051283.208368
    -- MCMC Step: 06890000 	Time(s): 2055012.739473
    -- MCMC Step: 06900000 	Time(s): 2058691.213397
    -- MCMC Step: 06910000 	Time(s): 2062242.222151
    -- MCMC Step: 06920000 	Time(s): 2065575.668810
    -- MCMC Step: 06930000 	Time(s): 2069156.260162
    -- MCMC Step: 06940000 	Time(s): 2072610.449800
    -- MCMC Step: 06950000 	Time(s): 2076113.124209
    -- MCMC Step: 06960000 	Time(s): 2079717.024014
    -- MCMC Step: 06970000 	Time(s): 2083267.963545
    -- MCMC Step: 06980000 	Time(s): 2086753.638062
    -- MCMC Step: 06990000 	Time(s): 2090160.009935
    -- MCMC Step: 07000000 	Time(s): 2093836.861533
    -- MCMC Step: 07010000 	Time(s): 2097683.515330
    -- MCMC Step: 07020000 	Time(s): 2101489.125543
    -- MCMC Step: 07030000 	Time(s): 2105397.768111
    -- MCMC Step: 07040000 	Time(s): 2109226.747534
    -- MCMC Step: 07050000 	Time(s): 2113128.959324
    -- MCMC Step: 07060000 	Time(s): 2117016.331922
    -- MCMC Step: 07070000 	Time(s): 2120639.225091
    -- MCMC Step: 07080000 	Time(s): 2124198.733351
    -- MCMC Step: 07090000 	Time(s): 2127554.513860
    -- MCMC Step: 07100000 	Time(s): 2130887.692494
    -- MCMC Step: 07110000 	Time(s): 2134278.147604
    -- MCMC Step: 07120000 	Time(s): 2137619.045132
    -- MCMC Step: 07130000 	Time(s): 2140878.167596
    -- MCMC Step: 07140000 	Time(s): 2144162.557662
    -- MCMC Step: 07150000 	Time(s): 2147454.957074
    -- MCMC Step: 07160000 	Time(s): 2150729.871612
    -- MCMC Step: 07170000 	Time(s): 2153986.271778
    -- MCMC Step: 07180000 	Time(s): 2157849.427176
    -- MCMC Step: 07190000 	Time(s): 2162254.328198
    -- MCMC Step: 07200000 	Time(s): 2166852.586397
    -- MCMC Step: 07210000 	Time(s): 2171421.674831
    -- MCMC Step: 07220000 	Time(s): 2175991.433484
    -- MCMC Step: 07230000 	Time(s): 2180298.058555
    -- MCMC Step: 07240000 	Time(s): 2184662.595254
    -- MCMC Step: 07250000 	Time(s): 2188950.200430
    -- MCMC Step: 07260000 	Time(s): 2193440.041008
    -- MCMC Step: 07270000 	Time(s): 2198040.529126
    -- MCMC Step: 07280000 	Time(s): 2202648.712953
    -- MCMC Step: 07290000 	Time(s): 2207188.230181
    -- MCMC Step: 07300000 	Time(s): 2211753.880412
    -- MCMC Step: 07310000 	Time(s): 2216218.845098
    -- MCMC Step: 07320000 	Time(s): 2220465.460624
    -- MCMC Step: 07330000 	Time(s): 2224595.743442
    -- MCMC Step: 07340000 	Time(s): 2228730.157641
    -- MCMC Step: 07350000 	Time(s): 2232905.739839
    -- MCMC Step: 07360000 	Time(s): 2236786.738197
    -- MCMC Step: 07370000 	Time(s): 2240991.275582
    -- MCMC Step: 07380000 	Time(s): 2245151.045399
    -- MCMC Step: 07390000 	Time(s): 2249385.998089
    -- MCMC Step: 07400000 	Time(s): 2253615.778290
    -- MCMC Step: 07410000 	Time(s): 2257893.799874
    -- MCMC Step: 07420000 	Time(s): 2262132.931386
    -- MCMC Step: 07430000 	Time(s): 2266404.453488
    -- MCMC Step: 07440000 	Time(s): 2270657.300120
    -- MCMC Step: 07450000 	Time(s): 2274957.341965
    -- MCMC Step: 07460000 	Time(s): 2279258.940046
    -- MCMC Step: 07470000 	Time(s): 2283500.368649
    -- MCMC Step: 07480000 	Time(s): 2287667.113801
    -- MCMC Step: 07490000 	Time(s): 2291842.460638
    -- MCMC Step: 07500000 	Time(s): 2296011.448093
    -- MCMC Step: 07510000 	Time(s): 2299952.737048
    -- MCMC Step: 07520000 	Time(s): 2303793.612423
    -- MCMC Step: 07530000 	Time(s): 2307622.907190
    -- MCMC Step: 07540000 	Time(s): 2311496.187843
    -- MCMC Step: 07550000 	Time(s): 2315381.277311
    -- MCMC Step: 07560000 	Time(s): 2319251.779014
    -- MCMC Step: 07570000 	Time(s): 2323147.104017
    -- MCMC Step: 07580000 	Time(s): 2327001.239590
    -- MCMC Step: 07590000 	Time(s): 2330897.502471
    -- MCMC Step: 07600000 	Time(s): 2334816.748512
    -- MCMC Step: 07610000 	Time(s): 2338654.913045
    -- MCMC Step: 07620000 	Time(s): 2342645.016502
    -- MCMC Step: 07630000 	Time(s): 2346610.450193
    -- MCMC Step: 07640000 	Time(s): 2350587.433153
    -- MCMC Step: 07650000 	Time(s): 2354456.996082
    -- MCMC Step: 07660000 	Time(s): 2358311.095040
    -- MCMC Step: 07670000 	Time(s): 2362103.750049
    -- MCMC Step: 07680000 	Time(s): 2365964.719457
    -- MCMC Step: 07690000 	Time(s): 2369799.349165
    -- MCMC Step: 07700000 	Time(s): 2373507.523678
    -- MCMC Step: 07710000 	Time(s): 2377145.458599
    -- MCMC Step: 07720000 	Time(s): 2380763.520702
    -- MCMC Step: 07730000 	Time(s): 2384303.997999
    -- MCMC Step: 07740000 	Time(s): 2387801.012014
    -- MCMC Step: 07750000 	Time(s): 2391138.967070
    -- MCMC Step: 07760000 	Time(s): 2394496.147826
    -- MCMC Step: 07770000 	Time(s): 2397557.519010
    -- MCMC Step: 07780000 	Time(s): 2400896.057359
    -- MCMC Step: 07790000 	Time(s): 2404220.051968
    -- MCMC Step: 07800000 	Time(s): 2407471.647337
    -- MCMC Step: 07810000 	Time(s): 2410452.648921
    -- MCMC Step: 07820000 	Time(s): 2413534.646640
    -- MCMC Step: 07830000 	Time(s): 2416278.041411
    -- MCMC Step: 07840000 	Time(s): 2419541.422604
    -- MCMC Step: 07850000 	Time(s): 2422857.017007
    -- MCMC Step: 07860000 	Time(s): 2425934.119301
    -- MCMC Step: 07870000 	Time(s): 2429117.275645
    -- MCMC Step: 07880000 	Time(s): 2432318.487611
    -- MCMC Step: 07890000 	Time(s): 2435680.098544
    -- MCMC Step: 07900000 	Time(s): 2439366.407728
    -- MCMC Step: 07910000 	Time(s): 2443289.521281
    -- MCMC Step: 07920000 	Time(s): 2447298.592741
    -- MCMC Step: 07930000 	Time(s): 2451319.880531
    -- MCMC Step: 07940000 	Time(s): 2455271.706647
    -- MCMC Step: 07950000 	Time(s): 2459177.278855
    -- MCMC Step: 07960000 	Time(s): 2463268.838565
    -- MCMC Step: 07970000 	Time(s): 2467357.946755
    -- MCMC Step: 07980000 	Time(s): 2471374.802909
    -- MCMC Step: 07990000 	Time(s): 2475412.833882
    -- MCMC Step: 08000000 	Time(s): 2479284.835377
    -- MCMC Step: 08010000 	Time(s): 2482588.069353
    -- MCMC Step: 08020000 	Time(s): 2485826.509871
    -- MCMC Step: 08030000 	Time(s): 2489040.311736
    -- MCMC Step: 08040000 	Time(s): 2492228.458987
    -- MCMC Step: 08050000 	Time(s): 2495948.981170
    -- MCMC Step: 08060000 	Time(s): 2500122.716932
    -- MCMC Step: 08070000 	Time(s): 2504228.856854
    -- MCMC Step: 08080000 	Time(s): 2508518.167220
    -- MCMC Step: 08090000 	Time(s): 2512751.512647
    -- MCMC Step: 08100000 	Time(s): 2517490.534403
    -- MCMC Step: 08110000 	Time(s): 2522816.526942
    -- MCMC Step: 08120000 	Time(s): 2528394.707244
    -- MCMC Step: 08130000 	Time(s): 2534315.478388
    -- MCMC Step: 08140000 	Time(s): 2539230.785466
    -- MCMC Step: 08150000 	Time(s): 2544536.996667
    -- MCMC Step: 08160000 	Time(s): 2549632.800889
    -- MCMC Step: 08170000 	Time(s): 2554534.996637
    -- MCMC Step: 08180000 	Time(s): 2559157.567700
    -- MCMC Step: 08190000 	Time(s): 2563579.462154
    -- MCMC Step: 08200000 	Time(s): 2567797.345248
    -- MCMC Step: 08210000 	Time(s): 2571945.141981
    -- MCMC Step: 08220000 	Time(s): 2576156.722924
    -- MCMC Step: 08230000 	Time(s): 2580333.655602
    -- MCMC Step: 08240000 	Time(s): 2584907.988707
    -- MCMC Step: 08250000 	Time(s): 2589144.685876
    -- MCMC Step: 08260000 	Time(s): 2595662.153870
    -- MCMC Step: 08270000 	Time(s): 2603632.765009
    -- MCMC Step: 08280000 	Time(s): 2611020.437598
    -- MCMC Step: 08290000 	Time(s): 2618091.905527
    -- MCMC Step: 08300000 	Time(s): 2624963.860381
    -- MCMC Step: 08310000 	Time(s): 2631926.257416
    -- MCMC Step: 08320000 	Time(s): 2638329.366933
    -- MCMC Step: 08330000 	Time(s): 2644795.035231
    -- MCMC Step: 08340000 	Time(s): 2651203.637877
    -- MCMC Step: 08350000 	Time(s): 2657337.866588
    -- MCMC Step: 08360000 	Time(s): 2662760.306831
    -- MCMC Step: 08370000 	Time(s): 2669138.024044
    -- MCMC Step: 08380000 	Time(s): 2676469.507977
    -- MCMC Step: 08390000 	Time(s): 2682852.570492
    -- MCMC Step: 08400000 	Time(s): 2688986.251218
    -- MCMC Step: 08410000 	Time(s): 2693962.018988
    -- MCMC Step: 08420000 	Time(s): 2698923.370415
    -- MCMC Step: 08430000 	Time(s): 2703988.907641
    -- MCMC Step: 08440000 	Time(s): 2708977.171728
    -- MCMC Step: 08450000 	Time(s): 2713722.063675
    -- MCMC Step: 08460000 	Time(s): 2718353.303154
    -- MCMC Step: 08470000 	Time(s): 2722803.569528
    -- MCMC Step: 08480000 	Time(s): 2727043.733836
    -- MCMC Step: 08490000 	Time(s): 2731035.229248
    -- MCMC Step: 08500000 	Time(s): 2734958.791066
    -- MCMC Step: 08510000 	Time(s): 2738834.559355
    -- MCMC Step: 08520000 	Time(s): 2742348.960549
    -- MCMC Step: 08530000 	Time(s): 2745832.115040
    -- MCMC Step: 08540000 	Time(s): 2749332.927994
    -- MCMC Step: 08550000 	Time(s): 2753902.956174
    -- MCMC Step: 08560000 	Time(s): 2758899.896641
    -- MCMC Step: 08570000 	Time(s): 2763626.923993
    -- MCMC Step: 08580000 	Time(s): 2768218.253780
    -- MCMC Step: 08590000 	Time(s): 2773382.353029
    -- MCMC Step: 08600000 	Time(s): 2778530.119324
    -- MCMC Step: 08610000 	Time(s): 2783657.749466
    -- MCMC Step: 08620000 	Time(s): 2788766.360571
    -- MCMC Step: 08630000 	Time(s): 2793909.946733
    -- MCMC Step: 08640000 	Time(s): 2798985.072678
    -- MCMC Step: 08650000 	Time(s): 2804012.314956
    -- MCMC Step: 08660000 	Time(s): 2808639.463202
    -- MCMC Step: 08670000 	Time(s): 2813170.991237
    -- MCMC Step: 08680000 	Time(s): 2817565.388786
    -- MCMC Step: 08690000 	Time(s): 2821845.561800
    -- MCMC Step: 08700000 	Time(s): 2826015.987800
    -- MCMC Step: 08710000 	Time(s): 2830173.088754
    -- MCMC Step: 08720000 	Time(s): 2834244.942607
    -- MCMC Step: 08730000 	Time(s): 2838329.377483
    -- MCMC Step: 08740000 	Time(s): 2842404.702758
    -- MCMC Step: 08750000 	Time(s): 2846522.959729
    -- MCMC Step: 08760000 	Time(s): 2850652.147484
    -- MCMC Step: 08770000 	Time(s): 2854755.205282
    -- MCMC Step: 08780000 	Time(s): 2859005.805508
    -- MCMC Step: 08790000 	Time(s): 2863478.042946
    -- MCMC Step: 08800000 	Time(s): 2867759.941050
    -- MCMC Step: 08810000 	Time(s): 2871996.451725
    -- MCMC Step: 08820000 	Time(s): 2876369.901758
    -- MCMC Step: 08830000 	Time(s): 2880701.815930
    -- MCMC Step: 08840000 	Time(s): 2884951.886759
    -- MCMC Step: 08850000 	Time(s): 2889345.849852
    -- MCMC Step: 08860000 	Time(s): 2893714.263918
    -- MCMC Step: 08870000 	Time(s): 2897970.942445
    -- MCMC Step: 08880000 	Time(s): 2902081.987933
    -- MCMC Step: 08890000 	Time(s): 2906211.433279
    -- MCMC Step: 08900000 	Time(s): 2910294.711887
    -- MCMC Step: 08910000 	Time(s): 2914481.312564
    -- MCMC Step: 08920000 	Time(s): 2918643.296449
    -- MCMC Step: 08930000 	Time(s): 2922827.226983
    -- MCMC Step: 08940000 	Time(s): 2927006.202445
    -- MCMC Step: 08950000 	Time(s): 2931195.100885
    -- MCMC Step: 08960000 	Time(s): 2935410.209018
    -- MCMC Step: 08970000 	Time(s): 2939654.524185
    -- MCMC Step: 08980000 	Time(s): 2943902.381989
    -- MCMC Step: 08990000 	Time(s): 2948045.351865
    -- MCMC Step: 09000000 	Time(s): 2952175.113904
    -- MCMC Step: 09010000 	Time(s): 2956329.445570
    -- MCMC Step: 09020000 	Time(s): 2960440.887988
    -- MCMC Step: 09030000 	Time(s): 2964537.767969
    -- MCMC Step: 09040000 	Time(s): 2968727.712039
    -- MCMC Step: 09050000 	Time(s): 2972908.559980
    -- MCMC Step: 09060000 	Time(s): 2977128.042001
    -- MCMC Step: 09070000 	Time(s): 2981324.473683
    -- MCMC Step: 09080000 	Time(s): 2985488.927450
    -- MCMC Step: 09090000 	Time(s): 2989717.857855
    -- MCMC Step: 09100000 	Time(s): 2993926.699867
    -- MCMC Step: 09110000 	Time(s): 2998155.030363
    -- MCMC Step: 09120000 	Time(s): 3002360.082054
    -- MCMC Step: 09130000 	Time(s): 3006521.727304
    -- MCMC Step: 09140000 	Time(s): 3010774.115638
    -- MCMC Step: 09150000 	Time(s): 3015017.143938
    -- MCMC Step: 09160000 	Time(s): 3019236.459487
    -- MCMC Step: 09170000 	Time(s): 3023650.953851
    -- MCMC Step: 09180000 	Time(s): 3027936.239463
    -- MCMC Step: 09190000 	Time(s): 3032227.382607
    -- MCMC Step: 09200000 	Time(s): 3036623.642285
    -- MCMC Step: 09210000 	Time(s): 3041028.651036
    -- MCMC Step: 09220000 	Time(s): 3045384.625177
    -- MCMC Step: 09230000 	Time(s): 3049709.653870
    -- MCMC Step: 09240000 	Time(s): 3053944.964788
    -- MCMC Step: 09250000 	Time(s): 3057985.686808
    -- MCMC Step: 09260000 	Time(s): 3061495.039742
    -- MCMC Step: 09270000 	Time(s): 3064980.670973
    -- MCMC Step: 09280000 	Time(s): 3068464.024369
    -- MCMC Step: 09290000 	Time(s): 3071929.761791
    -- MCMC Step: 09300000 	Time(s): 3075405.271125
    -- MCMC Step: 09310000 	Time(s): 3078853.358351
    -- MCMC Step: 09320000 	Time(s): 3082325.581050
    -- MCMC Step: 09330000 	Time(s): 3085817.224360
    -- MCMC Step: 09340000 	Time(s): 3089274.227098
    -- MCMC Step: 09350000 	Time(s): 3092781.580983
    -- MCMC Step: 09360000 	Time(s): 3096265.015915
    -- MCMC Step: 09370000 	Time(s): 3099736.769953
    -- MCMC Step: 09380000 	Time(s): 3103268.048736
    -- MCMC Step: 09390000 	Time(s): 3107339.981138
    -- MCMC Step: 09400000 	Time(s): 3111553.292376
    -- MCMC Step: 09410000 	Time(s): 3115189.922291
    -- MCMC Step: 09420000 	Time(s): 3118562.974402
    -- MCMC Step: 09430000 	Time(s): 3121921.261841
    -- MCMC Step: 09440000 	Time(s): 3125176.752883
    -- MCMC Step: 09450000 	Time(s): 3128598.746279
    -- MCMC Step: 09460000 	Time(s): 3131994.987722
    -- MCMC Step: 09470000 	Time(s): 3135429.721453
    -- MCMC Step: 09480000 	Time(s): 3138769.171665
    -- MCMC Step: 09490000 	Time(s): 3142096.733422
    -- MCMC Step: 09500000 	Time(s): 3145443.904913
    -- MCMC Step: 09510000 	Time(s): 3148767.121268
    -- MCMC Step: 09520000 	Time(s): 3152018.233896
    -- MCMC Step: 09530000 	Time(s): 3155183.745236
    -- MCMC Step: 09540000 	Time(s): 3158228.538401
    -- MCMC Step: 09550000 	Time(s): 3161258.470903
    -- MCMC Step: 09560000 	Time(s): 3164306.432365
    -- MCMC Step: 09570000 	Time(s): 3167327.982448
    -- MCMC Step: 09580000 	Time(s): 3170471.724048
    -- MCMC Step: 09590000 	Time(s): 3173644.125396
    -- MCMC Step: 09600000 	Time(s): 3176806.731789
    -- MCMC Step: 09610000 	Time(s): 3179882.025470
    -- MCMC Step: 09620000 	Time(s): 3182964.790484
    -- MCMC Step: 09630000 	Time(s): 3185886.279544
    -- MCMC Step: 09640000 	Time(s): 3188990.068427
    -- MCMC Step: 09650000 	Time(s): 3192845.854020
    -- MCMC Step: 09660000 	Time(s): 3196972.488070
    -- MCMC Step: 09670000 	Time(s): 3201207.639133
    -- MCMC Step: 09680000 	Time(s): 3205448.454789
    -- MCMC Step: 09690000 	Time(s): 3209777.603472
    -- MCMC Step: 09700000 	Time(s): 3214310.585070
    -- MCMC Step: 09710000 	Time(s): 3218939.531190
    -- MCMC Step: 09720000 	Time(s): 3223537.337725
    -- MCMC Step: 09730000 	Time(s): 3228306.989702
    -- MCMC Step: 09740000 	Time(s): 3232987.202154
    -- MCMC Step: 09750000 	Time(s): 3237506.394974
    -- MCMC Step: 09760000 	Time(s): 3242017.195112
    -- MCMC Step: 09770000 	Time(s): 3246422.369979
    -- MCMC Step: 09780000 	Time(s): 3250981.425606
    -- MCMC Step: 09790000 	Time(s): 3255559.605055
    -- MCMC Step: 09800000 	Time(s): 3260131.521118
    -- MCMC Step: 09810000 	Time(s): 3264804.832101
    -- MCMC Step: 09820000 	Time(s): 3269510.185956
    -- MCMC Step: 09830000 	Time(s): 3274254.066660
    -- MCMC Step: 09840000 	Time(s): 3279062.125701
    -- MCMC Step: 09850000 	Time(s): 3283781.389231
    -- MCMC Step: 09860000 	Time(s): 3288528.496320
    -- MCMC Step: 09870000 	Time(s): 3293389.811447
    -- MCMC Step: 09880000 	Time(s): 3298725.040053
    -- MCMC Step: 09890000 	Time(s): 3303882.759503
    -- MCMC Step: 09900000 	Time(s): 3308888.291007
    -- MCMC Step: 09910000 	Time(s): 3313957.978698
    -- MCMC Step: 09920000 	Time(s): 3319052.642243
    -- MCMC Step: 09930000 	Time(s): 3324033.852344
    -- MCMC Step: 09940000 	Time(s): 3328970.812107
    -- MCMC Step: 09950000 	Time(s): 3334067.253344
    -- MCMC Step: 09960000 	Time(s): 3339088.487637
    -- MCMC Step: 09970000 	Time(s): 3343844.084357
    -- MCMC Step: 09980000 	Time(s): 3348416.808442
    -- MCMC Step: 09990000 	Time(s): 3353003.016570
    -- MCMC Step: 10000000 	Time(s): 3357319.757848
  Saving final MCMC simulation data ...
****************************************
Done successfully!
Cumulative number of energy calculations: 10000002
Elapsed time: 3357325.0903179646 seconds
Finished on: 2023-10-26 23:16:08.184926
