PFP client version: 1.6.1
Model version: v3.0.0
Calculation mode: CRYSTAL_PLUS_D3
****************************************
Examining NCM811 ...
  Importing initial (known) stable/unstable structures ...
  Supercell size: 5 × 4 × 1
  Number of atoms (perfect): 240
  Cell parameters (a, b, c): 2.874400, 2.878125, 14.114900
  Structures will NOT be stored in database
Estimating energy range ...
  NOTE: Energy range is estimated from imported structures!
  Energy range (min, max): -1058.411566, -1054.392101
Performing Wang-Landau MCMC sampling ...
  Number of energy states: 60
  Energy spacing (eV): 0.068127
  Histogram flatness threshold: 0.8
  Initial modification factor: 2.718282
  Modification factor threshold: 1.00e-06
  Number of F-iterations: 0 + 19
  F-Iteration: 0 	F = 2.718282
  F-Iteration: 0 	MC-Sweep: 0 	Time(s): 0.734067
  F-Iteration: 0 	MC-Sweep: 10000 	Time(s): 1503.078342
  F-Iteration: 0 	MC-Sweep: 20000 	Time(s): 3055.196678
  F-Iteration: 0 	MC-Sweep: 30000 	Time(s): 4535.758660
  F-Iteration: 0 	MC-Sweep: 40000 	Time(s): 6084.228077
  F-Iteration: 0 	MC-Sweep: 50000 	Time(s): 7641.025879
  F-Iteration: 0 	MC-Sweep: 60000 	Time(s): 9301.498804
  F-Iteration: 0 	MC-Sweep: 70000 	Time(s): 10829.005691
  F-Iteration: 0 	MC-Sweep: 80000 	Time(s): 12602.102819
  F-Iteration: 0 	MC-Sweep: 90000 	Time(s): 14287.385057
  F-Iteration: 0 	MC-Sweep: 100000 	Time(s): 15867.332077
  F-Iteration: 0 	MC-Sweep: 110000 	Time(s): 17364.712591
  F-Iteration: 0 	MC-Sweep: 120000 	Time(s): 18943.540859
  F-Iteration: 0 	MC-Sweep: 130000 	Time(s): 20595.659538
  F-Iteration: 0 	MC-Sweep: 140000 	Time(s): 22218.834025
  F-Iteration: 0 	MC-Sweep: 150000 	Time(s): 23776.958804
  F-Iteration: 0 	MC-Sweep: 160000 	Time(s): 25466.255992
  F-Iteration: 0 	MC-Sweep: 170000 	Time(s): 27201.829710
  F-Iteration: 0 	MC-Sweep: 180000 	Time(s): 28768.792015
  F-Iteration: 0 	MC-Sweep: 190000 	Time(s): 30482.026860
  F-Iteration: 0 	MC-Sweep: 200000 	Time(s): 32224.434698
  F-Iteration: 0 	MC-Sweep: 210000 	Time(s): 33979.466428
  F-Iteration: 0 	MC-Sweep: 220000 	Time(s): 35644.588652
  F-Iteration: 0 	MC-Sweep: 223800 	Time(s): 36253.198763
  Cumulative number of energy calculations: 223804
  F-Iteration: 1 	F = 1.648721
  F-Iteration: 1 	MC-Sweep: 0 	Time(s): 36254.145397
  F-Iteration: 1 	MC-Sweep: 10000 	Time(s): 37867.328731
  F-Iteration: 1 	MC-Sweep: 20000 	Time(s): 39498.770566
  F-Iteration: 1 	MC-Sweep: 25400 	Time(s): 40364.497567
  Cumulative number of energy calculations: 249205
  F-Iteration: 2 	F = 1.284025
  F-Iteration: 2 	MC-Sweep: 0 	Time(s): 40365.309387
  F-Iteration: 2 	MC-Sweep: 10000 	Time(s): 42033.857035
  F-Iteration: 2 	MC-Sweep: 20000 	Time(s): 43664.827161
  F-Iteration: 2 	MC-Sweep: 30000 	Time(s): 45293.792452
  F-Iteration: 2 	MC-Sweep: 40000 	Time(s): 46940.605008
  F-Iteration: 2 	MC-Sweep: 50000 	Time(s): 48598.639678
  F-Iteration: 2 	MC-Sweep: 60000 	Time(s): 50253.661987
  F-Iteration: 2 	MC-Sweep: 70000 	Time(s): 51934.810730
  F-Iteration: 2 	MC-Sweep: 80000 	Time(s): 53620.758370
  F-Iteration: 2 	MC-Sweep: 90000 	Time(s): 55252.508118
  F-Iteration: 2 	MC-Sweep: 100000 	Time(s): 56889.465851
  F-Iteration: 2 	MC-Sweep: 110000 	Time(s): 58493.010063
  F-Iteration: 2 	MC-Sweep: 120000 	Time(s): 60115.306560
  F-Iteration: 2 	MC-Sweep: 130000 	Time(s): 61783.309979
  F-Iteration: 2 	MC-Sweep: 140000 	Time(s): 63421.754401
  F-Iteration: 2 	MC-Sweep: 150000 	Time(s): 65051.588008
  F-Iteration: 2 	MC-Sweep: 160000 	Time(s): 66719.448409
  F-Iteration: 2 	MC-Sweep: 170000 	Time(s): 68379.207234
  F-Iteration: 2 	MC-Sweep: 180000 	Time(s): 70026.028755
  F-Iteration: 2 	MC-Sweep: 190000 	Time(s): 71637.886217
  F-Iteration: 2 	MC-Sweep: 200000 	Time(s): 73232.502275
  F-Iteration: 2 	MC-Sweep: 210000 	Time(s): 74792.413076
  F-Iteration: 2 	MC-Sweep: 220000 	Time(s): 76346.180880
  F-Iteration: 2 	MC-Sweep: 230000 	Time(s): 77926.745398
  F-Iteration: 2 	MC-Sweep: 240000 	Time(s): 79503.794296
  F-Iteration: 2 	MC-Sweep: 250000 	Time(s): 81068.294977
  F-Iteration: 2 	MC-Sweep: 260000 	Time(s): 82607.659644
  F-Iteration: 2 	MC-Sweep: 267900 	Time(s): 83825.177261
  Cumulative number of energy calculations: 517106
  F-Iteration: 3 	F = 1.133148
  F-Iteration: 3 	MC-Sweep: 0 	Time(s): 83825.856226
  F-Iteration: 3 	MC-Sweep: 10000 	Time(s): 85374.343180
  F-Iteration: 3 	MC-Sweep: 20000 	Time(s): 86966.916872
  F-Iteration: 3 	MC-Sweep: 30000 	Time(s): 88653.017296
  F-Iteration: 3 	MC-Sweep: 40000 	Time(s): 90245.021092
  F-Iteration: 3 	MC-Sweep: 48900 	Time(s): 91611.868942
  Cumulative number of energy calculations: 566007
  F-Iteration: 4 	F = 1.064494
  F-Iteration: 4 	MC-Sweep: 0 	Time(s): 91612.625199
  F-Iteration: 4 	MC-Sweep: 10000 	Time(s): 93172.726316
  F-Iteration: 4 	MC-Sweep: 20000 	Time(s): 94750.653237
  F-Iteration: 4 	MC-Sweep: 30000 	Time(s): 96287.196710
  F-Iteration: 4 	MC-Sweep: 40000 	Time(s): 97837.890992
  F-Iteration: 4 	MC-Sweep: 50000 	Time(s): 99396.399031
  F-Iteration: 4 	MC-Sweep: 60000 	Time(s): 101004.007535
  F-Iteration: 4 	MC-Sweep: 70000 	Time(s): 102643.009267
  F-Iteration: 4 	MC-Sweep: 80000 	Time(s): 104201.564766
  F-Iteration: 4 	MC-Sweep: 81300 	Time(s): 104408.578840
  Cumulative number of energy calculations: 647308
  F-Iteration: 5 	F = 1.031743
  F-Iteration: 5 	MC-Sweep: 0 	Time(s): 104409.214941
  F-Iteration: 5 	MC-Sweep: 10000 	Time(s): 105997.009042
  F-Iteration: 5 	MC-Sweep: 20000 	Time(s): 107571.667668
  F-Iteration: 5 	MC-Sweep: 30000 	Time(s): 109150.314828
  F-Iteration: 5 	MC-Sweep: 39800 	Time(s): 110699.324576
  Cumulative number of energy calculations: 687109
  F-Iteration: 6 	F = 1.015748
  F-Iteration: 6 	MC-Sweep: 0 	Time(s): 110699.938825
  F-Iteration: 6 	MC-Sweep: 10000 	Time(s): 112334.100964
  F-Iteration: 6 	MC-Sweep: 20000 	Time(s): 113958.852084
  F-Iteration: 6 	MC-Sweep: 30000 	Time(s): 115589.399601
  F-Iteration: 6 	MC-Sweep: 40000 	Time(s): 117373.736520
  F-Iteration: 6 	MC-Sweep: 50000 	Time(s): 119074.712932
  F-Iteration: 6 	MC-Sweep: 60000 	Time(s): 120710.862562
  F-Iteration: 6 	MC-Sweep: 70000 	Time(s): 122372.267544
  F-Iteration: 6 	MC-Sweep: 80000 	Time(s): 123984.485378
  F-Iteration: 6 	MC-Sweep: 90000 	Time(s): 125599.937044
  F-Iteration: 6 	MC-Sweep: 100000 	Time(s): 127342.214329
  F-Iteration: 6 	MC-Sweep: 110000 	Time(s): 129001.118812
  F-Iteration: 6 	MC-Sweep: 120000 	Time(s): 130660.898082
  F-Iteration: 6 	MC-Sweep: 130000 	Time(s): 132407.012811
  F-Iteration: 6 	MC-Sweep: 140000 	Time(s): 134040.109811
  F-Iteration: 6 	MC-Sweep: 150000 	Time(s): 135634.573415
  F-Iteration: 6 	MC-Sweep: 160000 	Time(s): 137188.473915
  F-Iteration: 6 	MC-Sweep: 170000 	Time(s): 138748.718209
  F-Iteration: 6 	MC-Sweep: 180000 	Time(s): 140337.641412
  F-Iteration: 6 	MC-Sweep: 190000 	Time(s): 141921.966645
  F-Iteration: 6 	MC-Sweep: 200000 	Time(s): 143508.410413
  F-Iteration: 6 	MC-Sweep: 210000 	Time(s): 145126.442258
  F-Iteration: 6 	MC-Sweep: 220000 	Time(s): 146727.351052
  F-Iteration: 6 	MC-Sweep: 230000 	Time(s): 148296.771778
  F-Iteration: 6 	MC-Sweep: 240000 	Time(s): 149835.798774
  F-Iteration: 6 	MC-Sweep: 250000 	Time(s): 151381.583954
  F-Iteration: 6 	MC-Sweep: 260000 	Time(s): 152915.374027
  F-Iteration: 6 	MC-Sweep: 270000 	Time(s): 154518.756423
  F-Iteration: 6 	MC-Sweep: 280000 	Time(s): 156067.435959
  F-Iteration: 6 	MC-Sweep: 290000 	Time(s): 157630.994944
  F-Iteration: 6 	MC-Sweep: 300000 	Time(s): 159192.461085
  F-Iteration: 6 	MC-Sweep: 310000 	Time(s): 160825.023447
  F-Iteration: 6 	MC-Sweep: 320000 	Time(s): 162392.651662
  F-Iteration: 6 	MC-Sweep: 330000 	Time(s): 163922.485524
  F-Iteration: 6 	MC-Sweep: 340000 	Time(s): 165489.751346
  F-Iteration: 6 	MC-Sweep: 350000 	Time(s): 167038.421373
  F-Iteration: 6 	MC-Sweep: 360000 	Time(s): 168582.535852
  F-Iteration: 6 	MC-Sweep: 370000 	Time(s): 170124.525455
  F-Iteration: 6 	MC-Sweep: 380000 	Time(s): 171645.620020
  F-Iteration: 6 	MC-Sweep: 390000 	Time(s): 173225.135061
  F-Iteration: 6 	MC-Sweep: 400000 	Time(s): 174776.035709
  F-Iteration: 6 	MC-Sweep: 410000 	Time(s): 176314.452468
  F-Iteration: 6 	MC-Sweep: 420000 	Time(s): 177866.295260
  F-Iteration: 6 	MC-Sweep: 430000 	Time(s): 179412.887883
  F-Iteration: 6 	MC-Sweep: 440000 	Time(s): 180961.003583
  F-Iteration: 6 	MC-Sweep: 450000 	Time(s): 182527.151525
  F-Iteration: 6 	MC-Sweep: 460000 	Time(s): 184094.994656
  F-Iteration: 6 	MC-Sweep: 470000 	Time(s): 185656.984634
  F-Iteration: 6 	MC-Sweep: 480000 	Time(s): 187201.467328
  F-Iteration: 6 	MC-Sweep: 490000 	Time(s): 188789.909573
  F-Iteration: 6 	MC-Sweep: 500000 	Time(s): 190364.834569
  F-Iteration: 6 	MC-Sweep: 510000 	Time(s): 191897.240356
  F-Iteration: 6 	MC-Sweep: 520000 	Time(s): 193462.185716
  F-Iteration: 6 	MC-Sweep: 530000 	Time(s): 194998.508076
  F-Iteration: 6 	MC-Sweep: 540000 	Time(s): 196557.306321
  F-Iteration: 6 	MC-Sweep: 550000 	Time(s): 198113.729323
  F-Iteration: 6 	MC-Sweep: 560000 	Time(s): 199694.101516
  F-Iteration: 6 	MC-Sweep: 570000 	Time(s): 201263.237428
  F-Iteration: 6 	MC-Sweep: 580000 	Time(s): 202814.317022
  F-Iteration: 6 	MC-Sweep: 590000 	Time(s): 204400.889516
  F-Iteration: 6 	MC-Sweep: 600000 	Time(s): 206004.194817
  F-Iteration: 6 	MC-Sweep: 610000 	Time(s): 207601.497090
  F-Iteration: 6 	MC-Sweep: 620000 	Time(s): 209157.126138
  F-Iteration: 6 	MC-Sweep: 630000 	Time(s): 210715.378126
  F-Iteration: 6 	MC-Sweep: 640000 	Time(s): 212275.403419
  F-Iteration: 6 	MC-Sweep: 650000 	Time(s): 213852.331149
  F-Iteration: 6 	MC-Sweep: 660000 	Time(s): 215439.629519
  F-Iteration: 6 	MC-Sweep: 670000 	Time(s): 217035.533634
  F-Iteration: 6 	MC-Sweep: 680000 	Time(s): 218608.495416
  F-Iteration: 6 	MC-Sweep: 690000 	Time(s): 220164.837797
  F-Iteration: 6 	MC-Sweep: 699000 	Time(s): 221608.258363
  Cumulative number of energy calculations: 1386110
  F-Iteration: 7 	F = 1.007843
  F-Iteration: 7 	MC-Sweep: 0 	Time(s): 221609.061383
  F-Iteration: 7 	MC-Sweep: 10000 	Time(s): 223194.836459
  F-Iteration: 7 	MC-Sweep: 20000 	Time(s): 224766.811714
  F-Iteration: 7 	MC-Sweep: 30000 	Time(s): 226332.644933
  F-Iteration: 7 	MC-Sweep: 40000 	Time(s): 227903.297045
  F-Iteration: 7 	MC-Sweep: 50000 	Time(s): 229549.468630
  F-Iteration: 7 	MC-Sweep: 60000 	Time(s): 231141.033338
  F-Iteration: 7 	MC-Sweep: 70000 	Time(s): 232715.431689
  F-Iteration: 7 	MC-Sweep: 71400 	Time(s): 232935.785535
  Cumulative number of energy calculations: 1457511
  F-Iteration: 8 	F = 1.003914
  F-Iteration: 8 	MC-Sweep: 0 	Time(s): 232936.493715
  F-Iteration: 8 	MC-Sweep: 10000 	Time(s): 234485.829030
  F-Iteration: 8 	MC-Sweep: 20000 	Time(s): 236047.725700
  F-Iteration: 8 	MC-Sweep: 30000 	Time(s): 237652.866707
  F-Iteration: 8 	MC-Sweep: 40000 	Time(s): 239192.216324
  F-Iteration: 8 	MC-Sweep: 50000 	Time(s): 240802.670053
  F-Iteration: 8 	MC-Sweep: 60000 	Time(s): 242398.473970
  F-Iteration: 8 	MC-Sweep: 70000 	Time(s): 243964.095044
  F-Iteration: 8 	MC-Sweep: 80000 	Time(s): 245566.738461
  F-Iteration: 8 	MC-Sweep: 90000 	Time(s): 247158.007623
  F-Iteration: 8 	MC-Sweep: 100000 	Time(s): 248715.818935
  F-Iteration: 8 	MC-Sweep: 110000 	Time(s): 250295.637552
  F-Iteration: 8 	MC-Sweep: 120000 	Time(s): 251860.820578
  F-Iteration: 8 	MC-Sweep: 130000 	Time(s): 253495.301225
  F-Iteration: 8 	MC-Sweep: 140000 	Time(s): 255048.133096
  F-Iteration: 8 	MC-Sweep: 150000 	Time(s): 256585.076534
  F-Iteration: 8 	MC-Sweep: 152200 	Time(s): 256934.753887
  Cumulative number of energy calculations: 1609712
  F-Iteration: 9 	F = 1.001955
  F-Iteration: 9 	MC-Sweep: 0 	Time(s): 256935.451226
  F-Iteration: 9 	MC-Sweep: 10000 	Time(s): 258512.500427
  F-Iteration: 9 	MC-Sweep: 20000 	Time(s): 260090.842186
  F-Iteration: 9 	MC-Sweep: 30000 	Time(s): 261670.946174
  F-Iteration: 9 	MC-Sweep: 40000 	Time(s): 263239.860813
  F-Iteration: 9 	MC-Sweep: 50000 	Time(s): 264801.209531
  F-Iteration: 9 	MC-Sweep: 60000 	Time(s): 266390.288037
  F-Iteration: 9 	MC-Sweep: 70000 	Time(s): 268006.897465
  F-Iteration: 9 	MC-Sweep: 71200 	Time(s): 268208.625964
  Cumulative number of energy calculations: 1680913
  F-Iteration: 10 	F = 1.000977
  F-Iteration: 10 	MC-Sweep: 0 	Time(s): 268209.314569
  F-Iteration: 10 	MC-Sweep: 10000 	Time(s): 269808.003106
  F-Iteration: 10 	MC-Sweep: 20000 	Time(s): 271346.998603
  F-Iteration: 10 	MC-Sweep: 30000 	Time(s): 272867.653488
  F-Iteration: 10 	MC-Sweep: 40000 	Time(s): 274456.710698
  F-Iteration: 10 	MC-Sweep: 50000 	Time(s): 276158.694200
  F-Iteration: 10 	MC-Sweep: 60000 	Time(s): 277881.391874
  F-Iteration: 10 	MC-Sweep: 70000 	Time(s): 279602.205873
  F-Iteration: 10 	MC-Sweep: 80000 	Time(s): 281203.791088
  F-Iteration: 10 	MC-Sweep: 90000 	Time(s): 282755.254311
  F-Iteration: 10 	MC-Sweep: 100000 	Time(s): 284288.415992
  F-Iteration: 10 	MC-Sweep: 110000 	Time(s): 285864.047530
  F-Iteration: 10 	MC-Sweep: 120000 	Time(s): 287408.404968
  F-Iteration: 10 	MC-Sweep: 130000 	Time(s): 288990.610613
  F-Iteration: 10 	MC-Sweep: 140000 	Time(s): 290541.922790
  F-Iteration: 10 	MC-Sweep: 150000 	Time(s): 292112.077787
  F-Iteration: 10 	MC-Sweep: 160000 	Time(s): 293657.558382
  F-Iteration: 10 	MC-Sweep: 170000 	Time(s): 295222.948900
  F-Iteration: 10 	MC-Sweep: 180000 	Time(s): 296763.445583
  F-Iteration: 10 	MC-Sweep: 190000 	Time(s): 298332.048886
  F-Iteration: 10 	MC-Sweep: 200000 	Time(s): 299876.386624
  F-Iteration: 10 	MC-Sweep: 210000 	Time(s): 301424.383847
  F-Iteration: 10 	MC-Sweep: 220000 	Time(s): 302983.510741
  F-Iteration: 10 	MC-Sweep: 229900 	Time(s): 304518.015132
  Cumulative number of energy calculations: 1910814
  F-Iteration: 11 	F = 1.000488
  F-Iteration: 11 	MC-Sweep: 0 	Time(s): 304518.666016
  F-Iteration: 11 	MC-Sweep: 10000 	Time(s): 306071.200489
  F-Iteration: 11 	MC-Sweep: 20000 	Time(s): 307705.254600
  F-Iteration: 11 	MC-Sweep: 30000 	Time(s): 309311.919290
  F-Iteration: 11 	MC-Sweep: 40000 	Time(s): 310848.351365
  F-Iteration: 11 	MC-Sweep: 50000 	Time(s): 312406.702543
  F-Iteration: 11 	MC-Sweep: 60000 	Time(s): 313968.534182
  F-Iteration: 11 	MC-Sweep: 70000 	Time(s): 315537.279076
  F-Iteration: 11 	MC-Sweep: 80000 	Time(s): 317145.156996
  F-Iteration: 11 	MC-Sweep: 90000 	Time(s): 318727.804713
  F-Iteration: 11 	MC-Sweep: 100000 	Time(s): 320288.787494
  F-Iteration: 11 	MC-Sweep: 110000 	Time(s): 321855.485294
  F-Iteration: 11 	MC-Sweep: 120000 	Time(s): 323408.820609
  F-Iteration: 11 	MC-Sweep: 130000 	Time(s): 324937.820136
  F-Iteration: 11 	MC-Sweep: 140000 	Time(s): 326496.971015
  F-Iteration: 11 	MC-Sweep: 150000 	Time(s): 327998.902072
  F-Iteration: 11 	MC-Sweep: 160000 	Time(s): 329525.661882
  F-Iteration: 11 	MC-Sweep: 170000 	Time(s): 331091.539181
  F-Iteration: 11 	MC-Sweep: 180000 	Time(s): 332621.736307
  F-Iteration: 11 	MC-Sweep: 190000 	Time(s): 334170.327657
  F-Iteration: 11 	MC-Sweep: 200000 	Time(s): 335720.074426
  F-Iteration: 11 	MC-Sweep: 210000 	Time(s): 337263.183454
  F-Iteration: 11 	MC-Sweep: 220000 	Time(s): 338797.379955
  F-Iteration: 11 	MC-Sweep: 230000 	Time(s): 340349.710323
  F-Iteration: 11 	MC-Sweep: 240000 	Time(s): 341890.416767
  F-Iteration: 11 	MC-Sweep: 250000 	Time(s): 343468.261289
  F-Iteration: 11 	MC-Sweep: 260000 	Time(s): 345042.853996
  F-Iteration: 11 	MC-Sweep: 270000 	Time(s): 346584.866597
  F-Iteration: 11 	MC-Sweep: 280000 	Time(s): 348152.534667
  F-Iteration: 11 	MC-Sweep: 290000 	Time(s): 349773.681881
  F-Iteration: 11 	MC-Sweep: 300000 	Time(s): 351346.110918
  F-Iteration: 11 	MC-Sweep: 310000 	Time(s): 352912.614136
  F-Iteration: 11 	MC-Sweep: 320000 	Time(s): 354522.259482
  F-Iteration: 11 	MC-Sweep: 330000 	Time(s): 356082.074682
  F-Iteration: 11 	MC-Sweep: 340000 	Time(s): 357652.648703
  F-Iteration: 11 	MC-Sweep: 350000 	Time(s): 359337.671160
  F-Iteration: 11 	MC-Sweep: 360000 	Time(s): 360930.835436
  F-Iteration: 11 	MC-Sweep: 370000 	Time(s): 362474.730718
  F-Iteration: 11 	MC-Sweep: 380000 	Time(s): 364034.419600
  F-Iteration: 11 	MC-Sweep: 390000 	Time(s): 365580.005903
  F-Iteration: 11 	MC-Sweep: 400000 	Time(s): 367191.956460
  F-Iteration: 11 	MC-Sweep: 410000 	Time(s): 368752.785288
  F-Iteration: 11 	MC-Sweep: 420000 	Time(s): 370419.606188
  F-Iteration: 11 	MC-Sweep: 430000 	Time(s): 372073.459065
  F-Iteration: 11 	MC-Sweep: 440000 	Time(s): 373623.515789
  F-Iteration: 11 	MC-Sweep: 450000 	Time(s): 375170.819880
  F-Iteration: 11 	MC-Sweep: 460000 	Time(s): 376718.862263
  F-Iteration: 11 	MC-Sweep: 470000 	Time(s): 378291.354774
  F-Iteration: 11 	MC-Sweep: 480000 	Time(s): 379929.059185
  F-Iteration: 11 	MC-Sweep: 490000 	Time(s): 381466.789733
  F-Iteration: 11 	MC-Sweep: 500000 	Time(s): 383019.205062
  F-Iteration: 11 	MC-Sweep: 510000 	Time(s): 384569.389220
  F-Iteration: 11 	MC-Sweep: 520000 	Time(s): 386136.908380
  F-Iteration: 11 	MC-Sweep: 530000 	Time(s): 387726.376312
  F-Iteration: 11 	MC-Sweep: 540000 	Time(s): 389292.929966
  F-Iteration: 11 	MC-Sweep: 550000 	Time(s): 390820.101493
  F-Iteration: 11 	MC-Sweep: 560000 	Time(s): 392562.111216
  F-Iteration: 11 	MC-Sweep: 570000 	Time(s): 394166.903770
  F-Iteration: 11 	MC-Sweep: 580000 	Time(s): 395872.566486
  F-Iteration: 11 	MC-Sweep: 590000 	Time(s): 397519.022700
  F-Iteration: 11 	MC-Sweep: 600000 	Time(s): 399062.551927
  F-Iteration: 11 	MC-Sweep: 610000 	Time(s): 400617.753030
  F-Iteration: 11 	MC-Sweep: 614800 	Time(s): 401428.575973
  Cumulative number of energy calculations: 2525615
  F-Iteration: 12 	F = 1.000244
  F-Iteration: 12 	MC-Sweep: 0 	Time(s): 401429.332411
  F-Iteration: 12 	MC-Sweep: 10000 	Time(s): 402954.310515
  F-Iteration: 12 	MC-Sweep: 20000 	Time(s): 404477.647030
  F-Iteration: 12 	MC-Sweep: 30000 	Time(s): 405996.001292
  F-Iteration: 12 	MC-Sweep: 40000 	Time(s): 407519.942639
  F-Iteration: 12 	MC-Sweep: 50000 	Time(s): 409086.082139
  F-Iteration: 12 	MC-Sweep: 60000 	Time(s): 410622.247173
  F-Iteration: 12 	MC-Sweep: 70000 	Time(s): 412193.384362
  F-Iteration: 12 	MC-Sweep: 80000 	Time(s): 413715.194767
  F-Iteration: 12 	MC-Sweep: 90000 	Time(s): 415242.305760
  F-Iteration: 12 	MC-Sweep: 100000 	Time(s): 416780.409635
  F-Iteration: 12 	MC-Sweep: 110000 	Time(s): 418301.811777
  F-Iteration: 12 	MC-Sweep: 120000 	Time(s): 419831.471679
  F-Iteration: 12 	MC-Sweep: 130000 	Time(s): 421357.968115
  F-Iteration: 12 	MC-Sweep: 140000 	Time(s): 422883.630826
  F-Iteration: 12 	MC-Sweep: 150000 	Time(s): 424411.575094
  F-Iteration: 12 	MC-Sweep: 160000 	Time(s): 425944.298702
  F-Iteration: 12 	MC-Sweep: 170000 	Time(s): 427449.806744
  F-Iteration: 12 	MC-Sweep: 180000 	Time(s): 428972.983929
  F-Iteration: 12 	MC-Sweep: 190000 	Time(s): 430544.687334
  F-Iteration: 12 	MC-Sweep: 200000 	Time(s): 432046.887790
  F-Iteration: 12 	MC-Sweep: 210000 	Time(s): 433606.632794
  F-Iteration: 12 	MC-Sweep: 220000 	Time(s): 435145.679012
  F-Iteration: 12 	MC-Sweep: 230000 	Time(s): 436737.725562
  F-Iteration: 12 	MC-Sweep: 240000 	Time(s): 438413.770233
  F-Iteration: 12 	MC-Sweep: 250000 	Time(s): 440050.231130
  F-Iteration: 12 	MC-Sweep: 260000 	Time(s): 441747.238075
  F-Iteration: 12 	MC-Sweep: 270000 	Time(s): 443424.600830
  F-Iteration: 12 	MC-Sweep: 280000 	Time(s): 445042.437909
  F-Iteration: 12 	MC-Sweep: 290000 	Time(s): 446645.070357
  F-Iteration: 12 	MC-Sweep: 300000 	Time(s): 448185.506611
  F-Iteration: 12 	MC-Sweep: 310000 	Time(s): 449731.822257
  F-Iteration: 12 	MC-Sweep: 320000 	Time(s): 451361.158640
  F-Iteration: 12 	MC-Sweep: 330000 	Time(s): 452891.958877
  F-Iteration: 12 	MC-Sweep: 340000 	Time(s): 454456.166548
  F-Iteration: 12 	MC-Sweep: 350000 	Time(s): 456101.659267
  F-Iteration: 12 	MC-Sweep: 360000 	Time(s): 457767.980786
  F-Iteration: 12 	MC-Sweep: 370000 	Time(s): 459507.865813
  F-Iteration: 12 	MC-Sweep: 380000 	Time(s): 461148.991908
  F-Iteration: 12 	MC-Sweep: 390000 	Time(s): 462840.547379
  F-Iteration: 12 	MC-Sweep: 400000 	Time(s): 464463.246462
  F-Iteration: 12 	MC-Sweep: 410000 	Time(s): 466133.991333
  F-Iteration: 12 	MC-Sweep: 420000 	Time(s): 467765.530575
  F-Iteration: 12 	MC-Sweep: 430000 	Time(s): 469380.192947
  F-Iteration: 12 	MC-Sweep: 440000 	Time(s): 471070.134718
  F-Iteration: 12 	MC-Sweep: 450000 	Time(s): 472706.378626
  F-Iteration: 12 	MC-Sweep: 460000 	Time(s): 474284.772322
  F-Iteration: 12 	MC-Sweep: 470000 	Time(s): 475952.365552
  F-Iteration: 12 	MC-Sweep: 480000 	Time(s): 477585.085052
  F-Iteration: 12 	MC-Sweep: 490000 	Time(s): 479197.282840
  F-Iteration: 12 	MC-Sweep: 500000 	Time(s): 480777.171279
  F-Iteration: 12 	MC-Sweep: 510000 	Time(s): 482415.437798
  F-Iteration: 12 	MC-Sweep: 520000 	Time(s): 484031.260303
  F-Iteration: 12 	MC-Sweep: 530000 	Time(s): 485636.678278
  F-Iteration: 12 	MC-Sweep: 540000 	Time(s): 487291.363916
  F-Iteration: 12 	MC-Sweep: 550000 	Time(s): 488913.171292
  F-Iteration: 12 	MC-Sweep: 560000 	Time(s): 490568.614354
  F-Iteration: 12 	MC-Sweep: 570000 	Time(s): 492239.590900
  F-Iteration: 12 	MC-Sweep: 580000 	Time(s): 493863.693784
  F-Iteration: 12 	MC-Sweep: 590000 	Time(s): 495508.082205
  F-Iteration: 12 	MC-Sweep: 600000 	Time(s): 497063.863491
  F-Iteration: 12 	MC-Sweep: 610000 	Time(s): 498661.574440
  F-Iteration: 12 	MC-Sweep: 620000 	Time(s): 500223.833029
  F-Iteration: 12 	MC-Sweep: 630000 	Time(s): 501778.377730
  F-Iteration: 12 	MC-Sweep: 640000 	Time(s): 503299.430523
  F-Iteration: 12 	MC-Sweep: 650000 	Time(s): 504842.971747
  F-Iteration: 12 	MC-Sweep: 660000 	Time(s): 506433.603649
  F-Iteration: 12 	MC-Sweep: 670000 	Time(s): 507986.311124
  F-Iteration: 12 	MC-Sweep: 680000 	Time(s): 509591.999485
  F-Iteration: 12 	MC-Sweep: 690000 	Time(s): 511241.451992
  F-Iteration: 12 	MC-Sweep: 700000 	Time(s): 512905.294043
  F-Iteration: 12 	MC-Sweep: 710000 	Time(s): 514476.427661
  F-Iteration: 12 	MC-Sweep: 720000 	Time(s): 516071.386589
  F-Iteration: 12 	MC-Sweep: 730000 	Time(s): 517674.984931
  F-Iteration: 12 	MC-Sweep: 740000 	Time(s): 519224.323734
  F-Iteration: 12 	MC-Sweep: 750000 	Time(s): 520816.032610
  F-Iteration: 12 	MC-Sweep: 760000 	Time(s): 522346.234159
  F-Iteration: 12 	MC-Sweep: 770000 	Time(s): 523996.290472
  F-Iteration: 12 	MC-Sweep: 780000 	Time(s): 525602.001316
  F-Iteration: 12 	MC-Sweep: 790000 	Time(s): 527171.514661
  F-Iteration: 12 	MC-Sweep: 800000 	Time(s): 528719.350421
  F-Iteration: 12 	MC-Sweep: 810000 	Time(s): 530270.202286
  F-Iteration: 12 	MC-Sweep: 820000 	Time(s): 531903.591837
  F-Iteration: 12 	MC-Sweep: 830000 	Time(s): 533466.105601
  F-Iteration: 12 	MC-Sweep: 840000 	Time(s): 535029.621791
  F-Iteration: 12 	MC-Sweep: 850000 	Time(s): 536624.561957
  F-Iteration: 12 	MC-Sweep: 860000 	Time(s): 538159.217647
  F-Iteration: 12 	MC-Sweep: 870000 	Time(s): 539718.815475
  F-Iteration: 12 	MC-Sweep: 880000 	Time(s): 541270.188440
  F-Iteration: 12 	MC-Sweep: 890000 	Time(s): 543033.646266
  F-Iteration: 12 	MC-Sweep: 900000 	Time(s): 544804.146457
  F-Iteration: 12 	MC-Sweep: 910000 	Time(s): 546551.190500
  F-Iteration: 12 	MC-Sweep: 920000 	Time(s): 548320.539915
  F-Iteration: 12 	MC-Sweep: 930000 	Time(s): 550201.518488
  F-Iteration: 12 	MC-Sweep: 940000 	Time(s): 552110.591949
  F-Iteration: 12 	MC-Sweep: 950000 	Time(s): 553930.142467
  F-Iteration: 12 	MC-Sweep: 960000 	Time(s): 555788.505899
  F-Iteration: 12 	MC-Sweep: 970000 	Time(s): 557447.350570
  F-Iteration: 12 	MC-Sweep: 980000 	Time(s): 559138.093216
  F-Iteration: 12 	MC-Sweep: 990000 	Time(s): 560769.849299
  F-Iteration: 12 	MC-Sweep: 1000000 	Time(s): 562434.641847
  F-Iteration: 12 	MC-Sweep: 1010000 	Time(s): 564194.852102
  F-Iteration: 12 	MC-Sweep: 1020000 	Time(s): 566180.109473
  F-Iteration: 12 	MC-Sweep: 1030000 	Time(s): 568220.067147
  F-Iteration: 12 	MC-Sweep: 1040000 	Time(s): 570204.705781
  F-Iteration: 12 	MC-Sweep: 1050000 	Time(s): 572198.851026
  F-Iteration: 12 	MC-Sweep: 1060000 	Time(s): 574119.262613
  F-Iteration: 12 	MC-Sweep: 1070000 	Time(s): 576007.683466
  F-Iteration: 12 	MC-Sweep: 1080000 	Time(s): 577610.084600
  F-Iteration: 12 	MC-Sweep: 1090000 	Time(s): 579160.008484
  F-Iteration: 12 	MC-Sweep: 1100000 	Time(s): 580711.638378
  F-Iteration: 12 	MC-Sweep: 1110000 	Time(s): 582220.046498
  F-Iteration: 12 	MC-Sweep: 1120000 	Time(s): 583744.183866
  F-Iteration: 12 	MC-Sweep: 1130000 	Time(s): 585261.894004
  F-Iteration: 12 	MC-Sweep: 1140000 	Time(s): 586767.129819
  F-Iteration: 12 	MC-Sweep: 1150000 	Time(s): 588248.060883
  F-Iteration: 12 	MC-Sweep: 1160000 	Time(s): 589762.815219
  F-Iteration: 12 	MC-Sweep: 1170000 	Time(s): 591237.223975
  F-Iteration: 12 	MC-Sweep: 1180000 	Time(s): 592739.322426
  F-Iteration: 12 	MC-Sweep: 1190000 	Time(s): 594231.081812
  F-Iteration: 12 	MC-Sweep: 1200000 	Time(s): 595726.439811
  F-Iteration: 12 	MC-Sweep: 1210000 	Time(s): 597260.327467
  F-Iteration: 12 	MC-Sweep: 1220000 	Time(s): 598814.129160
  F-Iteration: 12 	MC-Sweep: 1230000 	Time(s): 600384.360618
  F-Iteration: 12 	MC-Sweep: 1240000 	Time(s): 601896.738385
  F-Iteration: 12 	MC-Sweep: 1250000 	Time(s): 603426.139888
  F-Iteration: 12 	MC-Sweep: 1260000 	Time(s): 605018.749452
  F-Iteration: 12 	MC-Sweep: 1270000 	Time(s): 606538.079708
  F-Iteration: 12 	MC-Sweep: 1280000 	Time(s): 608085.803257
  F-Iteration: 12 	MC-Sweep: 1290000 	Time(s): 609620.767426
  F-Iteration: 12 	MC-Sweep: 1300000 	Time(s): 611184.482349
  F-Iteration: 12 	MC-Sweep: 1310000 	Time(s): 612739.498718
  F-Iteration: 12 	MC-Sweep: 1320000 	Time(s): 614292.773831
  F-Iteration: 12 	MC-Sweep: 1330000 	Time(s): 615835.353148
  F-Iteration: 12 	MC-Sweep: 1340000 	Time(s): 617356.254701
  F-Iteration: 12 	MC-Sweep: 1350000 	Time(s): 618907.373835
  F-Iteration: 12 	MC-Sweep: 1360000 	Time(s): 620461.710512
  F-Iteration: 12 	MC-Sweep: 1370000 	Time(s): 622089.696692
  F-Iteration: 12 	MC-Sweep: 1380000 	Time(s): 623670.481196
  F-Iteration: 12 	MC-Sweep: 1390000 	Time(s): 625307.413917
  F-Iteration: 12 	MC-Sweep: 1400000 	Time(s): 627103.297717
  F-Iteration: 12 	MC-Sweep: 1401400 	Time(s): 627342.695609
  Cumulative number of energy calculations: 3927016
  F-Iteration: 13 	F = 1.000122
  F-Iteration: 13 	MC-Sweep: 0 	Time(s): 627344.020771
  F-Iteration: 13 	MC-Sweep: 10000 	Time(s): 629022.163046
  F-Iteration: 13 	MC-Sweep: 20000 	Time(s): 630584.936327
  F-Iteration: 13 	MC-Sweep: 30000 	Time(s): 632129.266760
  F-Iteration: 13 	MC-Sweep: 40000 	Time(s): 633683.479238
  F-Iteration: 13 	MC-Sweep: 50000 	Time(s): 635265.698798
  F-Iteration: 13 	MC-Sweep: 60000 	Time(s): 636923.236380
  F-Iteration: 13 	MC-Sweep: 70000 	Time(s): 638524.585638
  F-Iteration: 13 	MC-Sweep: 80000 	Time(s): 640138.329699
  F-Iteration: 13 	MC-Sweep: 90000 	Time(s): 641756.624500
  F-Iteration: 13 	MC-Sweep: 100000 	Time(s): 643479.659238
  F-Iteration: 13 	MC-Sweep: 110000 	Time(s): 645081.909600
  F-Iteration: 13 	MC-Sweep: 120000 	Time(s): 646634.870568
  F-Iteration: 13 	MC-Sweep: 130000 	Time(s): 648257.894101
  F-Iteration: 13 	MC-Sweep: 140000 	Time(s): 649827.001079
  F-Iteration: 13 	MC-Sweep: 150000 	Time(s): 651423.101599
  F-Iteration: 13 	MC-Sweep: 150600 	Time(s): 651516.776665
  Cumulative number of energy calculations: 4077617
  F-Iteration: 14 	F = 1.000061
  F-Iteration: 14 	MC-Sweep: 0 	Time(s): 651517.743771
  F-Iteration: 14 	MC-Sweep: 10000 	Time(s): 653067.326332
  F-Iteration: 14 	MC-Sweep: 20000 	Time(s): 654588.871962
  F-Iteration: 14 	MC-Sweep: 30000 	Time(s): 656124.866684
  F-Iteration: 14 	MC-Sweep: 40000 	Time(s): 657706.760280
  F-Iteration: 14 	MC-Sweep: 50000 	Time(s): 659222.871675
  F-Iteration: 14 	MC-Sweep: 60000 	Time(s): 660774.199130
  F-Iteration: 14 	MC-Sweep: 70000 	Time(s): 662321.949504
  F-Iteration: 14 	MC-Sweep: 80000 	Time(s): 663859.632663
  F-Iteration: 14 	MC-Sweep: 90000 	Time(s): 665399.476454
  F-Iteration: 14 	MC-Sweep: 100000 	Time(s): 666924.200949
  F-Iteration: 14 	MC-Sweep: 110000 	Time(s): 668440.664275
  F-Iteration: 14 	MC-Sweep: 120000 	Time(s): 670004.018327
  F-Iteration: 14 	MC-Sweep: 130000 	Time(s): 671562.602173
  F-Iteration: 14 	MC-Sweep: 140000 	Time(s): 673092.719449
  F-Iteration: 14 	MC-Sweep: 150000 	Time(s): 674613.076460
  F-Iteration: 14 	MC-Sweep: 160000 	Time(s): 676182.282662
  F-Iteration: 14 	MC-Sweep: 170000 	Time(s): 677683.520453
  F-Iteration: 14 	MC-Sweep: 180000 	Time(s): 679265.824570
  F-Iteration: 14 	MC-Sweep: 190000 	Time(s): 680844.986590
  F-Iteration: 14 	MC-Sweep: 200000 	Time(s): 682358.733280
  F-Iteration: 14 	MC-Sweep: 210000 	Time(s): 683891.979909
  F-Iteration: 14 	MC-Sweep: 220000 	Time(s): 685425.844981
  F-Iteration: 14 	MC-Sweep: 230000 	Time(s): 686975.013870
  F-Iteration: 14 	MC-Sweep: 240000 	Time(s): 688496.642548
  F-Iteration: 14 	MC-Sweep: 250000 	Time(s): 690032.172133
  F-Iteration: 14 	MC-Sweep: 260000 	Time(s): 691523.088747
  F-Iteration: 14 	MC-Sweep: 270000 	Time(s): 693043.906738
  F-Iteration: 14 	MC-Sweep: 280000 	Time(s): 694539.545613
  F-Iteration: 14 	MC-Sweep: 290000 	Time(s): 696069.318016
  F-Iteration: 14 	MC-Sweep: 300000 	Time(s): 697699.777907
  F-Iteration: 14 	MC-Sweep: 310000 	Time(s): 699261.127830
  F-Iteration: 14 	MC-Sweep: 320000 	Time(s): 700913.227062
  F-Iteration: 14 	MC-Sweep: 330000 	Time(s): 702518.712703
  F-Iteration: 14 	MC-Sweep: 340000 	Time(s): 704063.660985
  F-Iteration: 14 	MC-Sweep: 350000 	Time(s): 705701.835004
  F-Iteration: 14 	MC-Sweep: 360000 	Time(s): 707436.145648
  F-Iteration: 14 	MC-Sweep: 370000 	Time(s): 709096.358032
  F-Iteration: 14 	MC-Sweep: 380000 	Time(s): 710684.805992
  F-Iteration: 14 	MC-Sweep: 390000 	Time(s): 712225.450170
  F-Iteration: 14 	MC-Sweep: 400000 	Time(s): 713781.238860
  F-Iteration: 14 	MC-Sweep: 408600 	Time(s): 715146.014791
  Cumulative number of energy calculations: 4486218
  F-Iteration: 15 	F = 1.000031
  F-Iteration: 15 	MC-Sweep: 0 	Time(s): 715146.745227
  F-Iteration: 15 	MC-Sweep: 10000 	Time(s): 716681.256040
  F-Iteration: 15 	MC-Sweep: 20000 	Time(s): 718244.581425
  F-Iteration: 15 	MC-Sweep: 30000 	Time(s): 719790.640924
  F-Iteration: 15 	MC-Sweep: 40000 	Time(s): 721387.960890
  F-Iteration: 15 	MC-Sweep: 50000 	Time(s): 723108.942621
  F-Iteration: 15 	MC-Sweep: 60000 	Time(s): 724802.691051
  F-Iteration: 15 	MC-Sweep: 70000 	Time(s): 726534.485046
  F-Iteration: 15 	MC-Sweep: 80000 	Time(s): 728413.059154
  F-Iteration: 15 	MC-Sweep: 90000 	Time(s): 730249.590735
  F-Iteration: 15 	MC-Sweep: 100000 	Time(s): 731983.124456
  F-Iteration: 15 	MC-Sweep: 110000 	Time(s): 733638.850060
  F-Iteration: 15 	MC-Sweep: 120000 	Time(s): 735179.831092
  F-Iteration: 15 	MC-Sweep: 130000 	Time(s): 736785.617790
  F-Iteration: 15 	MC-Sweep: 140000 	Time(s): 738314.121365
  F-Iteration: 15 	MC-Sweep: 150000 	Time(s): 739881.326669
  F-Iteration: 15 	MC-Sweep: 160000 	Time(s): 741461.593578
  F-Iteration: 15 	MC-Sweep: 170000 	Time(s): 743054.045913
  F-Iteration: 15 	MC-Sweep: 180000 	Time(s): 744712.218208
  F-Iteration: 15 	MC-Sweep: 190000 	Time(s): 746288.919042
  F-Iteration: 15 	MC-Sweep: 200000 	Time(s): 747970.897401
  F-Iteration: 15 	MC-Sweep: 210000 	Time(s): 749562.701425
  F-Iteration: 15 	MC-Sweep: 220000 	Time(s): 751057.304582
  F-Iteration: 15 	MC-Sweep: 230000 	Time(s): 752615.604982
  F-Iteration: 15 	MC-Sweep: 235100 	Time(s): 753394.107631
  Cumulative number of energy calculations: 4721319
  F-Iteration: 16 	F = 1.000015
  F-Iteration: 16 	MC-Sweep: 0 	Time(s): 753394.860201
  F-Iteration: 16 	MC-Sweep: 10000 	Time(s): 754879.325434
  F-Iteration: 16 	MC-Sweep: 20000 	Time(s): 756357.341091
  F-Iteration: 16 	MC-Sweep: 30000 	Time(s): 757851.574607
  F-Iteration: 16 	MC-Sweep: 40000 	Time(s): 759333.567878
  F-Iteration: 16 	MC-Sweep: 50000 	Time(s): 760852.299365
  F-Iteration: 16 	MC-Sweep: 60000 	Time(s): 762335.623330
  F-Iteration: 16 	MC-Sweep: 70000 	Time(s): 763843.730934
  F-Iteration: 16 	MC-Sweep: 80000 	Time(s): 765340.726220
  F-Iteration: 16 	MC-Sweep: 90000 	Time(s): 766813.038280
  F-Iteration: 16 	MC-Sweep: 100000 	Time(s): 768325.406721
  F-Iteration: 16 	MC-Sweep: 110000 	Time(s): 769835.497956
  F-Iteration: 16 	MC-Sweep: 120000 	Time(s): 771341.701988
  F-Iteration: 16 	MC-Sweep: 130000 	Time(s): 772877.246192
  F-Iteration: 16 	MC-Sweep: 140000 	Time(s): 774458.730105
  F-Iteration: 16 	MC-Sweep: 150000 	Time(s): 775966.469945
  F-Iteration: 16 	MC-Sweep: 160000 	Time(s): 777496.434043
  F-Iteration: 16 	MC-Sweep: 170000 	Time(s): 779121.522314
  F-Iteration: 16 	MC-Sweep: 180000 	Time(s): 780627.200029
  F-Iteration: 16 	MC-Sweep: 190000 	Time(s): 782136.280422
  F-Iteration: 16 	MC-Sweep: 200000 	Time(s): 783658.724439
  F-Iteration: 16 	MC-Sweep: 210000 	Time(s): 785232.745521
  F-Iteration: 16 	MC-Sweep: 220000 	Time(s): 786859.256242
  F-Iteration: 16 	MC-Sweep: 230000 	Time(s): 788426.123142
  F-Iteration: 16 	MC-Sweep: 240000 	Time(s): 789999.626915
  F-Iteration: 16 	MC-Sweep: 250000 	Time(s): 791542.886404
  F-Iteration: 16 	MC-Sweep: 260000 	Time(s): 793067.430777
  F-Iteration: 16 	MC-Sweep: 270000 	Time(s): 794574.587255
  F-Iteration: 16 	MC-Sweep: 280000 	Time(s): 796127.291874
  F-Iteration: 16 	MC-Sweep: 290000 	Time(s): 797698.859732
  F-Iteration: 16 	MC-Sweep: 300000 	Time(s): 799244.406376
  F-Iteration: 16 	MC-Sweep: 310000 	Time(s): 800814.954796
  F-Iteration: 16 	MC-Sweep: 320000 	Time(s): 802377.391489
  F-Iteration: 16 	MC-Sweep: 330000 	Time(s): 804037.334355
  F-Iteration: 16 	MC-Sweep: 340000 	Time(s): 805740.398055
  F-Iteration: 16 	MC-Sweep: 350000 	Time(s): 807270.498697
  F-Iteration: 16 	MC-Sweep: 360000 	Time(s): 808842.947830
  F-Iteration: 16 	MC-Sweep: 370000 	Time(s): 810452.647207
  F-Iteration: 16 	MC-Sweep: 380000 	Time(s): 812089.506598
  F-Iteration: 16 	MC-Sweep: 390000 	Time(s): 813641.626251
  F-Iteration: 16 	MC-Sweep: 400000 	Time(s): 815208.273368
  F-Iteration: 16 	MC-Sweep: 410000 	Time(s): 816896.651359
  F-Iteration: 16 	MC-Sweep: 420000 	Time(s): 818552.344604
  F-Iteration: 16 	MC-Sweep: 430000 	Time(s): 820270.131859
  F-Iteration: 16 	MC-Sweep: 440000 	Time(s): 822110.143395
  F-Iteration: 16 	MC-Sweep: 450000 	Time(s): 823951.309382
  F-Iteration: 16 	MC-Sweep: 460000 	Time(s): 825928.639482
  F-Iteration: 16 	MC-Sweep: 470000 	Time(s): 827550.085745
  F-Iteration: 16 	MC-Sweep: 480000 	Time(s): 829188.820501
  F-Iteration: 16 	MC-Sweep: 490000 	Time(s): 830995.291846
  F-Iteration: 16 	MC-Sweep: 500000 	Time(s): 832714.927644
  F-Iteration: 16 	MC-Sweep: 510000 	Time(s): 834272.859757
  F-Iteration: 16 	MC-Sweep: 520000 	Time(s): 835864.354414
  F-Iteration: 16 	MC-Sweep: 530000 	Time(s): 837543.025154
  F-Iteration: 16 	MC-Sweep: 540000 	Time(s): 839135.819646
  F-Iteration: 16 	MC-Sweep: 550000 	Time(s): 840941.803956
  F-Iteration: 16 	MC-Sweep: 560000 	Time(s): 842608.944391
  F-Iteration: 16 	MC-Sweep: 570000 	Time(s): 844335.164410
  F-Iteration: 16 	MC-Sweep: 580000 	Time(s): 845998.832047
  F-Iteration: 16 	MC-Sweep: 590000 	Time(s): 847611.537296
  F-Iteration: 16 	MC-Sweep: 600000 	Time(s): 849138.151719
  F-Iteration: 16 	MC-Sweep: 610000 	Time(s): 850661.570735
  F-Iteration: 16 	MC-Sweep: 620000 	Time(s): 852176.311924
  F-Iteration: 16 	MC-Sweep: 630000 	Time(s): 853698.823226
  F-Iteration: 16 	MC-Sweep: 640000 	Time(s): 855220.414565
  F-Iteration: 16 	MC-Sweep: 650000 	Time(s): 856732.791602
  F-Iteration: 16 	MC-Sweep: 660000 	Time(s): 858299.064425
  F-Iteration: 16 	MC-Sweep: 670000 	Time(s): 859847.171163
  F-Iteration: 16 	MC-Sweep: 680000 	Time(s): 861399.041592
  F-Iteration: 16 	MC-Sweep: 690000 	Time(s): 862937.326839
  F-Iteration: 16 	MC-Sweep: 700000 	Time(s): 864547.207623
  F-Iteration: 16 	MC-Sweep: 710000 	Time(s): 866254.756074
  F-Iteration: 16 	MC-Sweep: 720000 	Time(s): 867855.259004
  F-Iteration: 16 	MC-Sweep: 721800 	Time(s): 868145.709957
  Cumulative number of energy calculations: 5443120
  F-Iteration: 17 	F = 1.000008
  F-Iteration: 17 	MC-Sweep: 0 	Time(s): 868146.432741
  F-Iteration: 17 	MC-Sweep: 10000 	Time(s): 869781.454114
  F-Iteration: 17 	MC-Sweep: 20000 	Time(s): 871482.179582
  F-Iteration: 17 	MC-Sweep: 30000 	Time(s): 873325.311487
  F-Iteration: 17 	MC-Sweep: 40000 	Time(s): 875117.706222
  F-Iteration: 17 	MC-Sweep: 50000 	Time(s): 876746.251438
  F-Iteration: 17 	MC-Sweep: 60000 	Time(s): 878391.341289
  F-Iteration: 17 	MC-Sweep: 70000 	Time(s): 880286.880027
  F-Iteration: 17 	MC-Sweep: 80000 	Time(s): 881982.539389
  F-Iteration: 17 	MC-Sweep: 90000 	Time(s): 883604.486578
  F-Iteration: 17 	MC-Sweep: 100000 	Time(s): 885266.643684
  F-Iteration: 17 	MC-Sweep: 110000 	Time(s): 886833.549553
  F-Iteration: 17 	MC-Sweep: 120000 	Time(s): 888560.476260
  F-Iteration: 17 	MC-Sweep: 130000 	Time(s): 890219.396202
  F-Iteration: 17 	MC-Sweep: 140000 	Time(s): 891949.846092
  F-Iteration: 17 	MC-Sweep: 150000 	Time(s): 893823.356210
  F-Iteration: 17 	MC-Sweep: 160000 	Time(s): 895450.724102
  F-Iteration: 17 	MC-Sweep: 170000 	Time(s): 897125.282950
  F-Iteration: 17 	MC-Sweep: 180000 	Time(s): 898787.360558
  F-Iteration: 17 	MC-Sweep: 190000 	Time(s): 900404.928326
  F-Iteration: 17 	MC-Sweep: 200000 	Time(s): 902194.635860
  F-Iteration: 17 	MC-Sweep: 210000 	Time(s): 903888.361107
  F-Iteration: 17 	MC-Sweep: 220000 	Time(s): 905445.778353
  F-Iteration: 17 	MC-Sweep: 230000 	Time(s): 907171.575958
  F-Iteration: 17 	MC-Sweep: 240000 	Time(s): 909078.272877
  F-Iteration: 17 	MC-Sweep: 250000 	Time(s): 910855.415823
  F-Iteration: 17 	MC-Sweep: 260000 	Time(s): 912659.304634
  F-Iteration: 17 	MC-Sweep: 270000 	Time(s): 914304.020182
  F-Iteration: 17 	MC-Sweep: 280000 	Time(s): 916059.726905
  F-Iteration: 17 	MC-Sweep: 290000 	Time(s): 917994.945485
  F-Iteration: 17 	MC-Sweep: 300000 	Time(s): 919842.596601
  F-Iteration: 17 	MC-Sweep: 310000 	Time(s): 921507.354664
  F-Iteration: 17 	MC-Sweep: 320000 	Time(s): 923245.731176
  F-Iteration: 17 	MC-Sweep: 330000 	Time(s): 925119.449914
  F-Iteration: 17 	MC-Sweep: 340000 	Time(s): 926860.680454
  F-Iteration: 17 	MC-Sweep: 350000 	Time(s): 928634.853991
  F-Iteration: 17 	MC-Sweep: 360000 	Time(s): 930282.992658
  F-Iteration: 17 	MC-Sweep: 370000 	Time(s): 931921.589339
  F-Iteration: 17 	MC-Sweep: 380000 	Time(s): 933852.197325
  F-Iteration: 17 	MC-Sweep: 390000 	Time(s): 935515.332963
  F-Iteration: 17 	MC-Sweep: 400000 	Time(s): 937202.079274
  F-Iteration: 17 	MC-Sweep: 410000 	Time(s): 938878.304902
  F-Iteration: 17 	MC-Sweep: 420000 	Time(s): 940548.673464
  F-Iteration: 17 	MC-Sweep: 430000 	Time(s): 942128.462775
  F-Iteration: 17 	MC-Sweep: 440000 	Time(s): 943652.420545
  F-Iteration: 17 	MC-Sweep: 450000 	Time(s): 945196.194233
  F-Iteration: 17 	MC-Sweep: 460000 	Time(s): 946851.496732
  F-Iteration: 17 	MC-Sweep: 470000 	Time(s): 948389.406873
  F-Iteration: 17 	MC-Sweep: 480000 	Time(s): 949957.690714
  F-Iteration: 17 	MC-Sweep: 490000 	Time(s): 951497.796719
  F-Iteration: 17 	MC-Sweep: 500000 	Time(s): 953140.766516
  F-Iteration: 17 	MC-Sweep: 510000 	Time(s): 954872.450031
  F-Iteration: 17 	MC-Sweep: 520000 	Time(s): 956696.958601
  F-Iteration: 17 	MC-Sweep: 530000 	Time(s): 958371.445665
  F-Iteration: 17 	MC-Sweep: 540000 	Time(s): 960408.880331
  F-Iteration: 17 	MC-Sweep: 550000 	Time(s): 962381.606851
  F-Iteration: 17 	MC-Sweep: 560000 	Time(s): 964033.669231
  F-Iteration: 17 	MC-Sweep: 567900 	Time(s): 965262.729750
  Cumulative number of energy calculations: 6011021
  F-Iteration: 18 	F = 1.000004
  F-Iteration: 18 	MC-Sweep: 0 	Time(s): 965263.429941
  F-Iteration: 18 	MC-Sweep: 10000 	Time(s): 967096.464668
  F-Iteration: 18 	MC-Sweep: 20000 	Time(s): 969071.468762
  F-Iteration: 18 	MC-Sweep: 30000 	Time(s): 972104.832120
  F-Iteration: 18 	MC-Sweep: 40000 	Time(s): 974443.861706
  F-Iteration: 18 	MC-Sweep: 50000 	Time(s): 977157.209184
  F-Iteration: 18 	MC-Sweep: 60000 	Time(s): 979953.258871
  F-Iteration: 18 	MC-Sweep: 70000 	Time(s): 983031.078401
  F-Iteration: 18 	MC-Sweep: 80000 	Time(s): 986044.852031
  F-Iteration: 18 	MC-Sweep: 90000 	Time(s): 988735.902234
  F-Iteration: 18 	MC-Sweep: 100000 	Time(s): 991327.741860
  F-Iteration: 18 	MC-Sweep: 110000 	Time(s): 993749.386467
  F-Iteration: 18 	MC-Sweep: 120000 	Time(s): 996017.254832
  F-Iteration: 18 	MC-Sweep: 130000 	Time(s): 998379.614509
  F-Iteration: 18 	MC-Sweep: 140000 	Time(s): 1001054.022109
  F-Iteration: 18 	MC-Sweep: 150000 	Time(s): 1003671.429360
  F-Iteration: 18 	MC-Sweep: 160000 	Time(s): 1006680.430968
  F-Iteration: 18 	MC-Sweep: 170000 	Time(s): 1008911.581414
  F-Iteration: 18 	MC-Sweep: 180000 	Time(s): 1011094.205996
  F-Iteration: 18 	MC-Sweep: 190000 	Time(s): 1013209.097425
  F-Iteration: 18 	MC-Sweep: 200000 	Time(s): 1015134.266390
  F-Iteration: 18 	MC-Sweep: 210000 	Time(s): 1017318.577510
  F-Iteration: 18 	MC-Sweep: 220000 	Time(s): 1019358.154970
  F-Iteration: 18 	MC-Sweep: 230000 	Time(s): 1021472.392133
  F-Iteration: 18 	MC-Sweep: 240000 	Time(s): 1023182.547475
  F-Iteration: 18 	MC-Sweep: 250000 	Time(s): 1024754.079525
  F-Iteration: 18 	MC-Sweep: 260000 	Time(s): 1026282.344098
  F-Iteration: 18 	MC-Sweep: 270000 	Time(s): 1028056.045105
  F-Iteration: 18 	MC-Sweep: 280000 	Time(s): 1029870.835175
  F-Iteration: 18 	MC-Sweep: 290000 	Time(s): 1031479.130470
  F-Iteration: 18 	MC-Sweep: 300000 	Time(s): 1033163.798600
  F-Iteration: 18 	MC-Sweep: 310000 	Time(s): 1034746.368285
  F-Iteration: 18 	MC-Sweep: 320000 	Time(s): 1036355.912128
  F-Iteration: 18 	MC-Sweep: 330000 	Time(s): 1038047.557070
  F-Iteration: 18 	MC-Sweep: 340000 	Time(s): 1039710.353667
  F-Iteration: 18 	MC-Sweep: 350000 	Time(s): 1041338.677885
  F-Iteration: 18 	MC-Sweep: 360000 	Time(s): 1043095.032272
  F-Iteration: 18 	MC-Sweep: 370000 	Time(s): 1045318.729942
  F-Iteration: 18 	MC-Sweep: 380000 	Time(s): 1047650.552511
  F-Iteration: 18 	MC-Sweep: 390000 	Time(s): 1049672.468480
  F-Iteration: 18 	MC-Sweep: 400000 	Time(s): 1051616.032490
  F-Iteration: 18 	MC-Sweep: 410000 	Time(s): 1053486.830985
  F-Iteration: 18 	MC-Sweep: 420000 	Time(s): 1055396.182194
  F-Iteration: 18 	MC-Sweep: 430000 	Time(s): 1057155.042748
  F-Iteration: 18 	MC-Sweep: 440000 	Time(s): 1059389.419569
  F-Iteration: 18 	MC-Sweep: 450000 	Time(s): 1061634.319194
  F-Iteration: 18 	MC-Sweep: 460000 	Time(s): 1063718.377629
  F-Iteration: 18 	MC-Sweep: 470000 	Time(s): 1065967.133543
  F-Iteration: 18 	MC-Sweep: 480000 	Time(s): 1068040.409324
  F-Iteration: 18 	MC-Sweep: 490000 	Time(s): 1070189.498898
  F-Iteration: 18 	MC-Sweep: 500000 	Time(s): 1072170.014541
  F-Iteration: 18 	MC-Sweep: 510000 	Time(s): 1074055.229832
  F-Iteration: 18 	MC-Sweep: 520000 	Time(s): 1075619.396326
  F-Iteration: 18 	MC-Sweep: 530000 	Time(s): 1077220.534595
  F-Iteration: 18 	MC-Sweep: 540000 	Time(s): 1078791.222726
  F-Iteration: 18 	MC-Sweep: 550000 	Time(s): 1080540.689609
  F-Iteration: 18 	MC-Sweep: 560000 	Time(s): 1082206.848466
  F-Iteration: 18 	MC-Sweep: 570000 	Time(s): 1083744.900476
  F-Iteration: 18 	MC-Sweep: 580000 	Time(s): 1085188.956306
  F-Iteration: 18 	MC-Sweep: 590000 	Time(s): 1086636.830060
  F-Iteration: 18 	MC-Sweep: 597900 	Time(s): 1087764.861918
  Cumulative number of energy calculations: 6608922
  F-Iteration: 19 	F = 1.000002
  F-Iteration: 19 	MC-Sweep: 0 	Time(s): 1087765.502592
  F-Iteration: 19 	MC-Sweep: 10000 	Time(s): 1089221.253625
  F-Iteration: 19 	MC-Sweep: 20000 	Time(s): 1090734.074963
  F-Iteration: 19 	MC-Sweep: 30000 	Time(s): 1092188.333598
  F-Iteration: 19 	MC-Sweep: 40000 	Time(s): 1093609.867572
  F-Iteration: 19 	MC-Sweep: 50000 	Time(s): 1095072.222654
  F-Iteration: 19 	MC-Sweep: 60000 	Time(s): 1096518.953730
  F-Iteration: 19 	MC-Sweep: 70000 	Time(s): 1097942.094284
  F-Iteration: 19 	MC-Sweep: 80000 	Time(s): 1099389.630890
  F-Iteration: 19 	MC-Sweep: 90000 	Time(s): 1100802.681621
  F-Iteration: 19 	MC-Sweep: 100000 	Time(s): 1102184.955295
  F-Iteration: 19 	MC-Sweep: 110000 	Time(s): 1103603.547500
  F-Iteration: 19 	MC-Sweep: 120000 	Time(s): 1104998.980629
  F-Iteration: 19 	MC-Sweep: 130000 	Time(s): 1106409.382603
  F-Iteration: 19 	MC-Sweep: 140000 	Time(s): 1107790.772995
  F-Iteration: 19 	MC-Sweep: 150000 	Time(s): 1109207.346704
  F-Iteration: 19 	MC-Sweep: 160000 	Time(s): 1110628.018483
  F-Iteration: 19 	MC-Sweep: 170000 	Time(s): 1112066.592582
  F-Iteration: 19 	MC-Sweep: 180000 	Time(s): 1113497.945202
  F-Iteration: 19 	MC-Sweep: 190000 	Time(s): 1114916.467459
  F-Iteration: 19 	MC-Sweep: 200000 	Time(s): 1116321.628829
  F-Iteration: 19 	MC-Sweep: 210000 	Time(s): 1117699.255508
  F-Iteration: 19 	MC-Sweep: 220000 	Time(s): 1119085.310724
  F-Iteration: 19 	MC-Sweep: 230000 	Time(s): 1120587.209292
  F-Iteration: 19 	MC-Sweep: 240000 	Time(s): 1121993.850845
  F-Iteration: 19 	MC-Sweep: 250000 	Time(s): 1123393.445982
  F-Iteration: 19 	MC-Sweep: 260000 	Time(s): 1124937.302746
  F-Iteration: 19 	MC-Sweep: 270000 	Time(s): 1126456.876982
  F-Iteration: 19 	MC-Sweep: 280000 	Time(s): 1128030.756391
  F-Iteration: 19 	MC-Sweep: 290000 	Time(s): 1129800.206752
  F-Iteration: 19 	MC-Sweep: 300000 	Time(s): 1131423.090808
  F-Iteration: 19 	MC-Sweep: 310000 	Time(s): 1132963.997969
  F-Iteration: 19 	MC-Sweep: 320000 	Time(s): 1134467.857054
  F-Iteration: 19 	MC-Sweep: 330000 	Time(s): 1136144.012813
  F-Iteration: 19 	MC-Sweep: 340000 	Time(s): 1137871.763190
  F-Iteration: 19 	MC-Sweep: 350000 	Time(s): 1139440.992217
  F-Iteration: 19 	MC-Sweep: 360000 	Time(s): 1140930.498697
  F-Iteration: 19 	MC-Sweep: 370000 	Time(s): 1142498.336772
  F-Iteration: 19 	MC-Sweep: 380000 	Time(s): 1144103.822126
  F-Iteration: 19 	MC-Sweep: 390000 	Time(s): 1145790.686003
  F-Iteration: 19 	MC-Sweep: 400000 	Time(s): 1147488.909654
  F-Iteration: 19 	MC-Sweep: 410000 	Time(s): 1149192.650821
  F-Iteration: 19 	MC-Sweep: 420000 	Time(s): 1150763.494634
  F-Iteration: 19 	MC-Sweep: 430000 	Time(s): 1152908.771395
  F-Iteration: 19 	MC-Sweep: 440000 	Time(s): 1154871.762145
  F-Iteration: 19 	MC-Sweep: 450000 	Time(s): 1157032.174526
  F-Iteration: 19 	MC-Sweep: 460000 	Time(s): 1158991.334704
  F-Iteration: 19 	MC-Sweep: 470000 	Time(s): 1161069.612837
  F-Iteration: 19 	MC-Sweep: 480000 	Time(s): 1163202.067716
  F-Iteration: 19 	MC-Sweep: 490000 	Time(s): 1165492.360396
  F-Iteration: 19 	MC-Sweep: 500000 	Time(s): 1167923.945594
  F-Iteration: 19 	MC-Sweep: 510000 	Time(s): 1170731.399148
  F-Iteration: 19 	MC-Sweep: 520000 	Time(s): 1173087.368288
  F-Iteration: 19 	MC-Sweep: 530000 	Time(s): 1175198.994255
  F-Iteration: 19 	MC-Sweep: 540000 	Time(s): 1176922.830656
  F-Iteration: 19 	MC-Sweep: 550000 	Time(s): 1178579.130278
  F-Iteration: 19 	MC-Sweep: 560000 	Time(s): 1180440.757816
  F-Iteration: 19 	MC-Sweep: 570000 	Time(s): 1182133.528055
  F-Iteration: 19 	MC-Sweep: 580000 	Time(s): 1183799.025265
  F-Iteration: 19 	MC-Sweep: 590000 	Time(s): 1185437.229782
  F-Iteration: 19 	MC-Sweep: 600000 	Time(s): 1187146.650679
  F-Iteration: 19 	MC-Sweep: 610000 	Time(s): 1188843.561030
  F-Iteration: 19 	MC-Sweep: 620000 	Time(s): 1190708.573383
  F-Iteration: 19 	MC-Sweep: 630000 	Time(s): 1192349.040853
  F-Iteration: 19 	MC-Sweep: 640000 	Time(s): 1193877.180947
  F-Iteration: 19 	MC-Sweep: 650000 	Time(s): 1195327.925925
  F-Iteration: 19 	MC-Sweep: 660000 	Time(s): 1196869.432252
  F-Iteration: 19 	MC-Sweep: 670000 	Time(s): 1198332.491311
  F-Iteration: 19 	MC-Sweep: 680000 	Time(s): 1199778.644379
  F-Iteration: 19 	MC-Sweep: 690000 	Time(s): 1201254.909081
  F-Iteration: 19 	MC-Sweep: 700000 	Time(s): 1202719.904775
  F-Iteration: 19 	MC-Sweep: 710000 	Time(s): 1204182.808458
  F-Iteration: 19 	MC-Sweep: 720000 	Time(s): 1205657.106519
  F-Iteration: 19 	MC-Sweep: 730000 	Time(s): 1207299.202947
  F-Iteration: 19 	MC-Sweep: 740000 	Time(s): 1208806.433799
  F-Iteration: 19 	MC-Sweep: 750000 	Time(s): 1210571.238932
  F-Iteration: 19 	MC-Sweep: 760000 	Time(s): 1212735.441697
  F-Iteration: 19 	MC-Sweep: 770000 	Time(s): 1215196.224741
  F-Iteration: 19 	MC-Sweep: 780000 	Time(s): 1217616.034767
  F-Iteration: 19 	MC-Sweep: 790000 	Time(s): 1219594.985689
  F-Iteration: 19 	MC-Sweep: 800000 	Time(s): 1221527.612119
  F-Iteration: 19 	MC-Sweep: 810000 	Time(s): 1223226.952621
  F-Iteration: 19 	MC-Sweep: 818900 	Time(s): 1224689.316820
  Cumulative number of energy calculations: 7427823
Saving final MCMC simulation data ...
****************************************
Done successfully!
Elapsed time: 1224690.4543533325 seconds
